 Image yoyo-media-local:0.1.0 Building 
#1 [internal] load local bake definitions
#1 reading from stdin 597B done
#1 DONE 0.0s

#2 [internal] load build definition from Dockerfile
#2 transferring dockerfile: 1.25kB done
#2 DONE 0.0s

#3 [internal] load metadata for docker.io/library/node:24.14.1-bookworm-slim@sha256:b506e7321f176aae77317f99d67a24b272c1f09f1d10f1761f2773447d8da26c
#3 DONE 0.0s

#4 [internal] load .dockerignore
#4 transferring context: 177B done
#4 DONE 0.0s

#5 [build 1/4] FROM docker.io/library/node:24.14.1-bookworm-slim@sha256:b506e7321f176aae77317f99d67a24b272c1f09f1d10f1761f2773447d8da26c
#5 resolve docker.io/library/node:24.14.1-bookworm-slim@sha256:b506e7321f176aae77317f99d67a24b272c1f09f1d10f1761f2773447d8da26c done
#5 DONE 0.0s

#6 [internal] load build context
#6 transferring context: 5.11kB done
#6 DONE 0.0s

#7 [stage-1 2/6] RUN --mount=type=cache,target=/var/cache/apt,sharing=locked rm -f /etc/apt/apt.conf.d/docker-clean && apt-get update && (apt-get -o Acquire::Retries=3 install -y --no-install-recommends python3 python3-pil poppler-utils fonts-dejavu-core ca-certificates || apt-get -o Acquire::Retries=3 install -y --no-install-recommends python3 python3-pil poppler-utils fonts-dejavu-core ca-certificates) && rm -rf /var/lib/apt/lists/* && mkdir /scratch && chown node:node /scratch
#7 CACHED

#8 [build 4/4] RUN gcc -O2 -Wall /sandbox.c -o /media-sandbox
#8 CACHED

#9 [build 2/4] RUN --mount=type=cache,target=/var/cache/apt,sharing=locked rm -f /etc/apt/apt.conf.d/docker-clean && apt-get update && apt-get -o Acquire::Retries=3 install -y --no-install-recommends gcc libc6-dev linux-libc-dev
#9 CACHED

#10 [build 3/4] COPY tools/media/sandbox.c /sandbox.c
#10 CACHED

#11 [stage-1 3/6] COPY --from=build /media-sandbox /usr/local/bin/media-sandbox
#11 CACHED

#12 [stage-1 4/6] COPY tools/media/server.mjs /app/server.mjs
#12 DONE 0.2s

#13 [stage-1 5/6] COPY tools/media/png-preview.py /usr/local/lib/yoyo/png-preview.py
#13 DONE 0.0s

#14 [stage-1 6/6] WORKDIR /app
#14 DONE 0.0s

#15 exporting to image
#15 exporting layers 0.0s done
#15 exporting manifest sha256:e137e850cb6bfbc4ef56bc7eb1d218d55a76a6593561a8ce1c9ffbaf12c2d43b done
#15 exporting config sha256:553fd01068d255806698f416740625ec2ce18b0e79892eb19980abfacd3c7586 done
#15 exporting attestation manifest sha256:d6df9eae80f68616e16f3b7a2e9c304b52744d636d813199415cd45a85ae3bca done
#15 exporting manifest list sha256:9206603c764feaf6da900b54826f21fb8d638bce9c3bbfad2f4f98f5cb96833f done
#15 naming to docker.io/library/yoyo-media-local:0.1.0 done
#15 unpacking to docker.io/library/yoyo-media-local:0.1.0 0.0s done
#15 DONE 0.1s

#16 resolving provenance for metadata file
#16 DONE 0.0s
 Image yoyo-media-local:0.1.0 Built 
