Instance credentials ready; no secrets printed.
 Image yoyo-media-local:0.1.0 Building 
#1 [internal] load local bake definitions
#1 reading from stdin 602B done
#1 DONE 0.0s

#2 [internal] load build definition from Dockerfile
#2 transferring dockerfile: 1.25kB done
#2 DONE 0.0s

#3 [internal] load metadata for docker.io/library/node:24.14.1-bookworm-slim@sha256:b506e7321f176aae77317f99d67a24b272c1f09f1d10f1761f2773447d8da26c
#3 DONE 0.0s

#4 [internal] load .dockerignore
#4 transferring context: 177B done
#4 DONE 0.0s

#5 [build 1/4] FROM docker.io/library/node:24.14.1-bookworm-slim@sha256:b506e7321f176aae77317f99d67a24b272c1f09f1d10f1761f2773447d8da26c
#5 resolve docker.io/library/node:24.14.1-bookworm-slim@sha256:b506e7321f176aae77317f99d67a24b272c1f09f1d10f1761f2773447d8da26c done
#5 DONE 0.0s

#6 [internal] load build context
#6 transferring context: 187B done
#6 DONE 0.0s

#7 [stage-1 2/6] RUN --mount=type=cache,target=/var/cache/apt,sharing=locked rm -f /etc/apt/apt.conf.d/docker-clean && apt-get update && (apt-get -o Acquire::Retries=3 install -y --no-install-recommends python3 python3-pil poppler-utils fonts-dejavu-core ca-certificates || apt-get -o Acquire::Retries=3 install -y --no-install-recommends python3 python3-pil poppler-utils fonts-dejavu-core ca-certificates) && rm -rf /var/lib/apt/lists/* && mkdir /scratch && chown node:node /scratch
#7 CACHED

#8 [stage-1 3/6] COPY --from=build /media-sandbox /usr/local/bin/media-sandbox
#8 CACHED

#9 [build 2/4] RUN --mount=type=cache,target=/var/cache/apt,sharing=locked rm -f /etc/apt/apt.conf.d/docker-clean && apt-get update && apt-get -o Acquire::Retries=3 install -y --no-install-recommends gcc libc6-dev linux-libc-dev
#9 CACHED

#10 [build 3/4] COPY tools/media/sandbox.c /sandbox.c
#10 CACHED

#11 [build 4/4] RUN gcc -O2 -Wall /sandbox.c -o /media-sandbox
#11 CACHED

#12 [stage-1 5/6] COPY tools/media/png-preview.py /usr/local/lib/yoyo/png-preview.py
#12 CACHED

#13 [stage-1 4/6] COPY tools/media/server.mjs /app/server.mjs
#13 CACHED

#14 [stage-1 6/6] WORKDIR /app
#14 CACHED

#15 exporting to image
#15 exporting layers done
#15 exporting manifest sha256:38a7151bd340c9a2015acfd233d8b2db19c5af3dfae9eb10d5bdb6b61cd9bc43 done
#15 exporting config sha256:48b0255f4afc2edb2692ba231e1be0edd2fbc008fd407251a69b748462321eb1 done
#15 exporting attestation manifest sha256:e58b9c958776d79be4620898c3e7b24b26a6fbce0ba63bdac7c06150c68980ea done
#15 exporting manifest list sha256:c758b084f2a1eeae608df6a4bdcbc543bb1cd0005c8a5da86186e3fa13c0f0f4 done
#15 naming to docker.io/library/yoyo-media-local:0.1.0 done
#15 unpacking to docker.io/library/yoyo-media-local:0.1.0 done
#15 DONE 0.0s

#16 resolving provenance for metadata file
#16 DONE 0.0s
 Image yoyo-media-local:0.1.0 Built 
 Container yoyo-s2-tests-storage-1 Running 
 Container yoyo-s2-tests-media-executor-1 Recreate 
 Container yoyo-s2-tests-media-executor-1 Recreated 
 Container yoyo-s2-tests-media-executor-1 Starting 
 Container yoyo-s2-tests-media-executor-1 Started 
 Container yoyo-s2-tests-storage-1 Waiting 
 Container yoyo-s2-tests-media-executor-1 Waiting 
 Container yoyo-s2-tests-media-executor-1 Healthy 
 Container yoyo-s2-tests-storage-1 Healthy 
Private storage ready.
{"event":"http.request","request_id":"cf3112d0-ca2c-4a03-af29-271864db2cb2","method":"GET","path":"/api/v1/auth/csrf","status":200,"duration_ms":9}
{"event":"http.request","request_id":"26d1e368-47f2-4533-9ee4-dcd8c669d9c2","method":"POST","path":"/api/v1/setup","status":201,"duration_ms":31}
{"event":"http.request","request_id":"aea8dc64-6563-498b-8120-a66398bd43dd","method":"GET","path":"/api/v1/auth/csrf","status":200,"duration_ms":1}
{"event":"http.request","request_id":"54632c5d-f333-4124-a0d2-accf66454920","method":"POST","path":"/api/v1/auth/login","status":200,"duration_ms":23}
{"event":"http.request","request_id":"ba210bb0-495c-423d-89fa-3a14ef9335ad","method":"GET","path":"/api/v1/me","status":200,"duration_ms":69}
{"event":"http.request","request_id":"aa1a31d6-e61f-4af7-9356-699fc1cc4443","method":"POST","path":"/api/v1/uploads","status":201,"duration_ms":14}
{"event":"http.request","request_id":"b98fdf86-b5d0-4176-8f82-5ee3d589d4a6","method":"POST","path":"/api/v1/uploads/e58de748-bb89-4210-9506-2378f041bf9f/parts","status":200,"duration_ms":7}
{"event":"http.request","request_id":"92860708-0aa5-4d69-b9c0-2698f2fdbf52","method":"PUT","path":"/api/v1/uploads/e58de748-bb89-4210-9506-2378f041bf9f/parts/1","status":200,"duration_ms":109}
{"event":"http.request","request_id":"525f023c-9bb7-4a62-84f6-066ae0f18e96","method":"GET","path":"/api/v1/uploads/e58de748-bb89-4210-9506-2378f041bf9f","status":200,"duration_ms":4}
{"event":"http.request","request_id":"61ef697b-d72d-43cb-8558-e39c20732f70","method":"POST","path":"/api/v1/uploads/e58de748-bb89-4210-9506-2378f041bf9f/parts","status":200,"duration_ms":6}
{"event":"http.request","request_id":"5a7d142b-2ca8-4111-98cd-c4311ce04a77","method":"PUT","path":"/api/v1/uploads/e58de748-bb89-4210-9506-2378f041bf9f/parts/2","status":200,"duration_ms":8}
{"event":"http.request","request_id":"29ac4e59-3790-4b97-abf9-34581d68d5b7","method":"POST","path":"/api/v1/uploads/e58de748-bb89-4210-9506-2378f041bf9f/complete","status":200,"duration_ms":72}
{"event":"http.request","request_id":"1ff39fae-bdeb-4228-92a2-0754ffd0a98a","method":"GET","path":"/api/v1/files/386e4433-ea49-447b-9c2b-0b67b53fe7bc/download","status":200,"duration_ms":12}
✔ S2专用环境：API/存储重启续传、重建后原件/凭据持久化及签名过期 (10132.376833ms)
ℹ tests 1
ℹ suites 0
ℹ pass 1
ℹ fail 0
ℹ cancelled 0
ℹ skipped 0
ℹ todo 0
ℹ duration_ms 10601.058292
