Loaded Prisma config from prisma.config.ts.

Prisma schema loaded from packages/db/prisma/schema.prisma.
Datasource "db": PostgreSQL database "yoyo", schema "public" at "127.0.0.1:54329"

- Introspecting based on datasource defined in packages/db/prisma/schema.prisma
✔ Introspected 29 models and wrote them into packages/db/prisma/schema.prisma in 68ms
      
*** WARNING ***

These models were enriched with `@@map` information taken from the previous Prisma schema:
  - "Workspace"

These constraints are not supported by Prisma Client, because Prisma currently does not fully support check constraints. Read more: https://pris.ly/d/check-constraints
  - Model: "accounts", constraint: "accounts_version_check"
  - Model: "asset_relations", constraint: "asset_relations_check"
  - Model: "asset_relations", constraint: "asset_relations_relation_type_check"
  - Model: "asset_usages", constraint: "asset_usages_check"
  - Model: "asset_versions", constraint: "asset_versions_version_no_check"
  - Model: "assets", constraint: "assets_business_status_check"
  - Model: "assets", constraint: "assets_category_check"
  - Model: "brand_rules", constraint: "brand_rules_source_page_check"
  - Model: "content_revisions", constraint: "content_revisions_revision_no_check"
  - Model: "contents", constraint: "contents_business_status_check"
  - Model: "file_objects", constraint: "file_objects_file_status_check"
  - Model: "file_objects", constraint: "file_objects_preview_status_check"
  - Model: "file_objects", constraint: "file_objects_sha256_check"
  - Model: "file_objects", constraint: "file_objects_size_bytes_check"
  - Model: "folders", constraint: "folders_check"
  - Model: "instance_state", constraint: "instance_state_id_check"
  - Model: "jobs", constraint: "jobs_max_attempts_check"
  - Model: "jobs", constraint: "jobs_pool_check"
  - Model: "jobs", constraint: "jobs_state_check"
  - Model: "jobs", constraint: "jobs_timeout_seconds_check"
  - Model: "memberships", constraint: "memberships_roles_check"
  - Model: "memberships", constraint: "memberships_version_check"
  - Model: "notifications", constraint: "notifications_channel_check"
  - Model: "operational_proposals", constraint: "operational_proposals_status_check"
  - Model: "rule_sets", constraint: "rule_sets_status_check"
  - Model: "sessions", constraint: "sessions_check"
  - Model: "upload_sessions", constraint: "upload_sessions_sha256_check"
  - Model: "upload_sessions", constraint: "upload_sessions_size_bytes_check"
  - Model: "upload_sessions", constraint: "upload_sessions_status_check"
  - Model: "users", constraint: "users_email_check"
  - Model: "Workspace", constraint: "workspaces_version_check"

Run prisma generate to generate Prisma Client.

