 Container yoyo-s2-smoke-media-executor-1 Stopping 
 Container yoyo-s2-smoke-worker-1 Stopping 
 Container yoyo-s2-smoke-scheduler-1 Stopping 
 Container yoyo-s2-smoke-api-1 Stopping 
 Container yoyo-s2-smoke-media-1 Stopping 
 Container yoyo-s2-smoke-reminder-1 Stopping 
 Container yoyo-s2-smoke-api-1 Stopped 
 Container yoyo-s2-smoke-reminder-1 Stopped 
 Container yoyo-s2-smoke-scheduler-1 Stopped 
 Container yoyo-s2-smoke-worker-1 Stopped 
 Container yoyo-s2-smoke-media-1 Stopped 
 Container yoyo-s2-smoke-migrate-1 Stopping 
 Container yoyo-s2-smoke-migrate-1 Stopped 
 Container yoyo-s2-smoke-db-1 Stopping 
 Container yoyo-s2-smoke-storage-1 Stopping 
 Container yoyo-s2-smoke-db-1 Stopped 
 Container yoyo-s2-smoke-storage-1 Stopped 
 Container yoyo-s2-smoke-media-executor-1 Stopped 
 Container yoyo-s2-smoke-init-1 Stopping 
 Container yoyo-s2-smoke-init-1 Stopped 
