{"database":"yoyo","migrations":8}
{"database":"yoyo_test","migrations":26}
{"event":"http.request","request_id":"58a64e9c-d096-41fd-8312-18433cdc6188","method":"GET","path":"/api/v1/auth/csrf","status":200,"duration_ms":4}
{"event":"http.request","request_id":"392bb642-3171-4f64-ac2c-d7c4ab192f6b","method":"POST","path":"/api/v1/setup","status":201,"duration_ms":31}
{"event":"http.request","request_id":"2b862eb4-c758-482c-9d4f-6960d25139c8","method":"GET","path":"/api/v1/auth/csrf","status":200,"duration_ms":1}
{"event":"http.request","request_id":"f9dc78c2-ece4-4cf7-9eae-eee6a337f686","method":"POST","path":"/api/v1/auth/login","status":200,"duration_ms":20}
{"event":"http.request","request_id":"8c5100d2-b516-4712-93b4-4d3a137d62a8","method":"GET","path":"/api/v1/me","status":200,"duration_ms":86}
{"id":"E01","state":"succeeded","hard_errors":[]}
{"id":"E02","state":"succeeded","hard_errors":[]}
{"id":"E03","state":"succeeded","hard_errors":[]}
{"id":"E04","state":"succeeded","hard_errors":[]}
{"id":"E05","state":"succeeded","hard_errors":[]}
{"id":"E06","state":"succeeded","hard_errors":[]}
{"id":"E07","state":"succeeded","hard_errors":[]}
{"id":"E08","state":"succeeded","hard_errors":[]}
{"id":"E09","state":"succeeded","hard_errors":[]}
{"id":"E10","state":"succeeded","hard_errors":[]}
{"id":"E11","state":"succeeded","hard_errors":[]}
{"id":"E12","state":"succeeded","hard_errors":[]}
{"id":"E13","state":"succeeded","hard_errors":[]}
{"id":"E14","state":"succeeded","hard_errors":[]}
{"id":"E15","state":"succeeded","hard_errors":[]}
{"id":"E16","state":"succeeded","hard_errors":[]}
{"id":"E17","state":"succeeded","hard_errors":[]}
{"id":"E18","state":"succeeded","hard_errors":[]}
{"id":"E19","state":"succeeded","hard_errors":[]}
{"id":"E20","state":"succeeded","hard_errors":[]}
