{"database":"yoyo","migrations":8}
{"database":"yoyo_test","migrations":26}
Instance credentials ready; no secrets printed.
 Image yoyo-import-parser-local:1.3.0 Building
#1 [internal] load local bake definitions
#1 reading from stdin 610B done
#1 DONE 0.0s

#2 [internal] load build definition from Dockerfile
#2 transferring dockerfile: 1.19kB done
#2 DONE 0.0s

#3 [internal] load metadata for docker.io/library/node:24.14.1-bookworm-slim@sha256:b506e7321f176aae77317f99d67a24b272c1f09f1d10f1761f2773447d8da26c
#3 DONE 0.0s

#4 [internal] load .dockerignore
#4 transferring context: 177B done
#4 DONE 0.0s

#5 [build 1/4] FROM docker.io/library/node:24.14.1-bookworm-slim@sha256:b506e7321f176aae77317f99d67a24b272c1f09f1d10f1761f2773447d8da26c
#5 resolve docker.io/library/node:24.14.1-bookworm-slim@sha256:b506e7321f176aae77317f99d67a24b272c1f09f1d10f1761f2773447d8da26c done
#5 DONE 0.0s

#6 [internal] load build context
#6 transferring context: 191B done
#6 DONE 0.0s

#7 [stage-1 5/6] COPY tools/media/import-validate.py /usr/local/lib/yoyo/import-validate.py
#7 CACHED

#8 [build 2/4] RUN --mount=type=cache,target=/var/cache/apt,sharing=locked rm -f /etc/apt/apt.conf.d/docker-clean && apt-get update && apt-get -o Acquire::Retries=3 install -y --no-install-recommends gcc libc6-dev linux-libc-dev
#8 CACHED

#9 [build 4/4] RUN gcc -O2 -Wall /sandbox.c -o /media-sandbox
#9 CACHED

#10 [stage-1 3/6] COPY --from=build /media-sandbox /usr/local/bin/media-sandbox
#10 CACHED

#11 [stage-1 2/6] RUN --mount=type=cache,target=/var/cache/apt,sharing=locked rm -f /etc/apt/apt.conf.d/docker-clean && apt-get update && (apt-get -o Acquire::Retries=3 install -y --no-install-recommends python3 python3-pil ca-certificates || apt-get -o Acquire::Retries=3 install -y --no-install-recommends python3 python3-pil ca-certificates) && rm -rf /var/lib/apt/lists/* && mkdir /scratch && chown node:node /scratch
#11 CACHED

#12 [stage-1 4/6] COPY tools/media/server.mjs /app/server.mjs
#12 CACHED

#13 [build 3/4] COPY tools/media/sandbox.c /sandbox.c
#13 CACHED

#14 [stage-1 6/6] WORKDIR /app
#14 CACHED

#15 exporting to image
#15 exporting layers done
#15 exporting manifest sha256:f782c75b45070e7848fe84830910bc8fc7f536ca4d1e1ec966b777e1334801be done
#15 exporting config sha256:0f7452627cf5463ec833d5d63842cddd9e5d2a7928abae9701c3b348b6b5d0d3 done
#15 exporting attestation manifest sha256:14eea654cce2dfed0f315faf8fcb9d62d182e057572ac7da9b61dc32b9703ee2 done
#15 exporting manifest list sha256:8bed293085ae18a54a11762712375709fdb7d98280eeaaea1eba91e57170253e done
#15 naming to docker.io/library/yoyo-import-parser-local:1.3.0 done
#15 unpacking to docker.io/library/yoyo-import-parser-local:1.3.0 done
#15 DONE 0.0s

#16 resolving provenance for metadata file
#16 DONE 0.0s
 Image yoyo-import-parser-local:1.3.0 Built
 Network yoyo-s8-tests_default Creating
 Network yoyo-s8-tests_default Created
 Volume yoyo-s8-tests_scratch Creating
 Volume yoyo-s8-tests_scratch Created
 Volume yoyo-s8-tests_objects Creating
 Volume yoyo-s8-tests_objects Created
 Container yoyo-s8-tests-storage-1 Creating
 Container yoyo-s8-tests-media-executor-1 Creating
 Container yoyo-s8-tests-media-executor-1 Created
 Container yoyo-s8-tests-storage-1 Created
 Container yoyo-s8-tests-storage-1 Starting
 Container yoyo-s8-tests-media-executor-1 Starting
 Container yoyo-s8-tests-media-executor-1 Started
 Container yoyo-s8-tests-storage-1 Started
 Container yoyo-s8-tests-media-executor-1 Waiting
 Container yoyo-s8-tests-storage-1 Waiting
 Container yoyo-s8-tests-media-executor-1 Healthy
 Container yoyo-s8-tests-storage-1 Healthy
Private storage ready.
{"paths": 68, "operations": 82, "schemas": 110, "version": "1.2.0"}
Traceback (most recent call last):
  File "/Users/junlong/projects/social-mdeida-ops-platform/tools/s0/validate-contracts.py", line 4, in <module>
    from jsonschema import Draft202012Validator,FormatChecker
ModuleNotFoundError: No module named 'jsonschema'
file:///Users/junlong/projects/social-mdeida-ops-platform/tools/s8/check.mjs:6
async function run(cmd,args){await new Promise((resolve,reject)=>{const p=spawn(cmd,args,{stdio:'inherit',env});p.on('error',reject);p.on('exit',c=>c===0?resolve():reject(new Error(`${cmd} failed (${c})`)));});}
                                                                                                                                                                           ^

Error: python3 failed (1)
    at ChildProcess.<anonymous> (file:///Users/junlong/projects/social-mdeida-ops-platform/tools/s8/check.mjs:6:172)
    at ChildProcess.emit (node:events:508:28)
    at ChildProcess._handle.onexit (node:internal/child_process:294:12)

Node.js v24.14.1
