{"database":"yoyo","migrations":8}
{"database":"yoyo_test","migrations":26}
{"event":"http.request","request_id":"901e9165-a71d-4412-89e2-99a5cebf8d60","method":"GET","path":"/api/v1/auth/csrf","status":200,"duration_ms":5}
{"event":"http.request","request_id":"5c7af050-d87d-4724-850c-55178f633ee9","method":"POST","path":"/api/v1/setup","status":201,"duration_ms":35}
{"event":"http.request","request_id":"4362a6b7-d901-4385-9f7a-1e306ff6fac6","method":"GET","path":"/api/v1/auth/csrf","status":200,"duration_ms":1}
{"event":"http.request","request_id":"9e36fcc7-d3be-471e-a442-9ef532187109","method":"POST","path":"/api/v1/auth/login","status":200,"duration_ms":24}
{"event":"http.request","request_id":"41a00d26-583e-410f-a65a-099842d9e9fc","method":"GET","path":"/api/v1/me","status":200,"duration_ms":81}
{"event":"http.request","request_id":"71c7ee87-b00d-4bbe-9260-b4a44a1d84aa","method":"POST","path":"/api/v1/accounts","status":201,"duration_ms":10}
{"event":"http.request","request_id":"2597d52e-9d02-42c8-b0d2-c63660385ed6","method":"POST","path":"/api/v1/source-connections","status":201,"duration_ms":7}
{"event":"http.request","request_id":"89a478ee-5eb8-43b3-a7d6-2146fd8a5e03","method":"POST","path":"/api/v1/source-organizations","status":202,"duration_ms":10}
{"event":"http.request","request_id":"4b44e7fb-1fa3-4288-8ea3-f7d4cb2b5f2e","method":"GET","path":"/api/v1/source-organizations/acdb3ef2-b4fa-4548-8d88-c037d54626c2","status":200,"duration_ms":6}
{"event":"http.request","request_id":"be42b458-05c7-4ee2-aef4-d751826e5a9e","method":"GET","path":"/api/v1/jobs/03618708-3846-4d9c-af43-8b84808d83b1","status":200,"duration_ms":7}
{"event":"http.request","request_id":"9a8ebc77-4b6e-4cd7-a0b3-c2a83550e504","method":"POST","path":"/api/v1/source-organizations","status":202,"duration_ms":12}
{"event":"http.request","request_id":"c574f1a3-314d-42d7-9594-38bf0a0b8b3d","method":"GET","path":"/api/v1/source-organizations/4cb54458-8e81-4a14-87d1-a0985afef448","status":200,"duration_ms":2}
{"event":"http.request","request_id":"d1ddf6a1-d45f-4ffc-beec-7f3b85d2e895","method":"GET","path":"/api/v1/jobs/0f72c479-56d3-464c-8e6d-0c419f2a27c6","status":200,"duration_ms":2}
{"event":"http.request","request_id":"312422f5-ec72-455c-b371-435a823150ed","method":"POST","path":"/api/v1/source-organizations/4cb54458-8e81-4a14-87d1-a0985afef448/accept","status":200,"duration_ms":6}
{"event":"http.request","request_id":"ef6e2ea2-0031-4a2a-897c-aa02321122b2","method":"POST","path":"/api/v1/source-organizations","status":202,"duration_ms":8}
{"event":"http.request","request_id":"8eb9892c-8d89-4ab4-8703-15562383005f","method":"GET","path":"/api/v1/source-organizations/347de79d-de60-4a79-a28c-34226a1cfa51","status":200,"duration_ms":4}
{"event":"http.request","request_id":"da7662e7-b4ba-47e8-a085-c193d211965a","method":"GET","path":"/api/v1/jobs/0992e6e7-31be-468d-b99d-da2be3ae0d99","status":200,"duration_ms":3}
{"event":"http.request","request_id":"44b07d6e-e721-46ad-a8c9-e8cff22d36cb","method":"POST","path":"/api/v1/source-organizations/347de79d-de60-4a79-a28c-34226a1cfa51/accept","status":200,"duration_ms":10}
{"result":"passed","cases":3}
