{"database":"yoyo","migrations":8}
{"database":"yoyo_test","migrations":26}
{"event":"http.request","request_id":"7b4da638-b007-40fa-b4c3-66bba4678dd1","method":"GET","path":"/api/v1/auth/csrf","status":200,"duration_ms":4}
{"event":"http.request","request_id":"728d100a-f70f-46f8-81e3-73fa5affc522","method":"POST","path":"/api/v1/setup","status":201,"duration_ms":29}
{"event":"http.request","request_id":"f5a3a8c9-fb9b-4e40-96d9-69c8c08597e2","method":"GET","path":"/api/v1/auth/csrf","status":200,"duration_ms":1}
{"event":"http.request","request_id":"228faca7-be62-4e32-8110-c02e984895a6","method":"POST","path":"/api/v1/auth/login","status":200,"duration_ms":19}
{"event":"http.request","request_id":"86211a34-f2f2-4257-8f8a-f8d21f235d52","method":"GET","path":"/api/v1/me","status":200,"duration_ms":84}
{"event":"http.request","request_id":"76c242ff-59b8-4631-a8b6-abed0ca86ed6","method":"POST","path":"/api/v1/accounts","status":201,"duration_ms":11}
{"event":"http.request","request_id":"254039e7-a30d-4fc8-98e7-da65c2c5a6be","method":"POST","path":"/api/v1/source-connections","status":201,"duration_ms":8}
{"event":"http.request","request_id":"37f07db8-7ce0-4e70-ad4f-22f6d27822c8","method":"POST","path":"/api/v1/source-organizations","status":202,"duration_ms":20}
{"event":"http.request","request_id":"4ff8f782-5605-4a78-b149-c731e5ed4e66","method":"GET","path":"/api/v1/source-organizations/a8ab56d3-afb2-475e-b2ad-2a32fd8f1df2","status":200,"duration_ms":4}
{"event":"http.request","request_id":"bbfec8ba-431f-43e8-b0ee-9a0c93ae07fb","method":"GET","path":"/api/v1/jobs/122c9f49-f86a-4d3d-a1df-a4228fea7a52","status":200,"duration_ms":4}
{"event":"http.request","request_id":"48f60566-8462-4632-bf50-1d1768f2d380","method":"POST","path":"/api/v1/source-organizations","status":202,"duration_ms":8}
{"event":"http.request","request_id":"f492d19a-f90d-451e-97bf-143db2e81e8b","method":"GET","path":"/api/v1/source-organizations/eed0c715-aeaf-4ef9-a4d8-c0a1b90b1537","status":200,"duration_ms":6}
{"event":"http.request","request_id":"90c24990-bd23-447d-8056-3931af30dcd7","method":"GET","path":"/api/v1/jobs/f002275b-02e2-462e-8c91-45fe73dc6cbf","status":200,"duration_ms":7}
{"event":"http.request","request_id":"4333e891-1d20-4bbd-b74a-72273864dd61","method":"POST","path":"/api/v1/source-organizations/eed0c715-aeaf-4ef9-a4d8-c0a1b90b1537/accept","status":200,"duration_ms":19}
{"event":"http.request","request_id":"49c735dc-20f4-42d8-ae97-ae9e6767ed19","method":"POST","path":"/api/v1/source-organizations","status":202,"duration_ms":12}
{"event":"http.request","request_id":"091b75d1-29b8-48fe-9643-6382f6a0bf2d","method":"GET","path":"/api/v1/source-organizations/3dcbf7b9-521e-431d-bd5f-ab88f962c232","status":200,"duration_ms":6}
{"event":"http.request","request_id":"46d41702-24ac-44d4-aedf-842e9d5bcf75","method":"GET","path":"/api/v1/jobs/441d8b78-85b6-45a0-a700-3c300336b6ed","status":200,"duration_ms":5}
{"event":"http.request","request_id":"cb3b8d63-d2eb-4f18-aeda-022b0b6971f2","method":"POST","path":"/api/v1/source-organizations/3dcbf7b9-521e-431d-bd5f-ab88f962c232/accept","status":200,"duration_ms":16}
{"result":"passed","cases":3}
