{"database":"yoyo","migrations":8}
{"database":"yoyo_test","migrations":26}
{"event":"http.request","request_id":"ac0377d0-2883-4853-bb6d-72e27c235e16","method":"GET","path":"/api/v1/auth/csrf","status":200,"duration_ms":6}
{"event":"http.request","request_id":"a91dda60-1fc0-42e2-af8d-615ada69b833","method":"POST","path":"/api/v1/setup","status":201,"duration_ms":38}
{"event":"http.request","request_id":"167ca48d-8168-410f-ab2d-c15e4ef3f883","method":"GET","path":"/api/v1/auth/csrf","status":200,"duration_ms":1}
{"event":"http.request","request_id":"5ce4c228-dc6f-4bf6-b2e8-1a9cad06cce8","method":"POST","path":"/api/v1/auth/login","status":200,"duration_ms":24}
{"event":"http.request","request_id":"73e6f957-76dc-489d-9afb-7d152f108825","method":"GET","path":"/api/v1/me","status":200,"duration_ms":82}
{"event":"http.request","request_id":"8fa1bbcc-ceac-414f-a429-a9b1534f27f0","method":"POST","path":"/api/v1/accounts","status":201,"duration_ms":10}
{"event":"http.request","request_id":"4e3291e2-c545-45e7-9918-b48a86402508","method":"POST","path":"/api/v1/reports","status":202,"duration_ms":15}
{"event":"http.request","request_id":"16f5f996-511a-4c17-97e5-e58b6cd655ec","method":"GET","path":"/api/v1/reports/c31c6fa7-fe2c-4544-9651-17bfef6296d1","status":200,"duration_ms":3}
{"event":"http.request","request_id":"9a5a195c-9f91-4150-9e92-b6583db81ee2","method":"GET","path":"/api/v1/reports/c31c6fa7-fe2c-4544-9651-17bfef6296d1","status":200,"duration_ms":5}
{"event":"http.request","request_id":"4a0d25e2-f9c8-4dfb-83f3-da8ba71e1957","method":"POST","path":"/api/v1/imports","status":202,"duration_ms":19}
{"event":"http.request","request_id":"65262ae7-7659-466d-9e8a-bc72b72d0c9b","method":"GET","path":"/api/v1/imports/0b64de9a-9aea-4cdf-ba76-94fb265161e8/rows","status":200,"duration_ms":7}
{"event":"http.request","request_id":"6d32c951-aa18-47c9-b285-77fcbd2fbdbd","method":"POST","path":"/api/v1/imports/0b64de9a-9aea-4cdf-ba76-94fb265161e8/confirm","status":200,"duration_ms":18}
{"event":"http.request","request_id":"ff8bf2c8-4c46-4ec8-94f5-4b88f70b3545","method":"POST","path":"/api/v1/imports","status":202,"duration_ms":10}
{"event":"http.request","request_id":"7e4fe0f9-a337-4ac5-86bb-d9f8e5fd011a","method":"GET","path":"/api/v1/imports/05144a52-9357-4c66-a236-d93f5a514ddb/rows","status":200,"duration_ms":3}
{"event":"http.request","request_id":"58b0d413-b2da-4bdb-b3c3-bbb0ee8b0fdb","method":"POST","path":"/api/v1/imports/05144a52-9357-4c66-a236-d93f5a514ddb/confirm","status":200,"duration_ms":11}
{"event":"http.request","request_id":"a59bf0a5-523d-46f9-88be-fbc51a158ce1","method":"POST","path":"/api/v1/reports","status":202,"duration_ms":15}
{"event":"http.request","request_id":"7c440e6d-faa2-4f20-839e-66ca1f6821cf","method":"GET","path":"/api/v1/reports/a1823285-4c9f-473a-9779-50ae2863d0c8","status":200,"duration_ms":3}
{"event":"http.request","request_id":"cf9a1cab-a49b-4cc8-805d-0ee41f2fcad6","method":"GET","path":"/api/v1/reports/a1823285-4c9f-473a-9779-50ae2863d0c8","status":200,"duration_ms":7}
{"event":"http.request","request_id":"7fa4022f-fefc-48fb-9a7d-9b94139b5c53","method":"GET","path":"/api/v1/reports/c31c6fa7-fe2c-4544-9651-17bfef6296d1","status":200,"duration_ms":6}
{"result":"passed","cases":2}
