{"database":"yoyo","migrations":8}
{"database":"yoyo_test","migrations":26}
{"event":"http.request","request_id":"b2d5ed13-585a-4fc3-879c-7a3f87081632","method":"GET","path":"/api/v1/auth/csrf","status":200,"duration_ms":6}
{"event":"http.request","request_id":"815943d4-6b39-4ff6-b106-0708c415d139","method":"POST","path":"/api/v1/setup","status":201,"duration_ms":37}
{"event":"http.request","request_id":"04a14534-14d1-4f0d-8925-0086dfa1bdda","method":"GET","path":"/api/v1/auth/csrf","status":200,"duration_ms":1}
{"event":"http.request","request_id":"b9ced930-02e6-436f-ab13-28c5b903d25f","method":"POST","path":"/api/v1/auth/login","status":200,"duration_ms":25}
{"event":"http.request","request_id":"b2311246-6903-4b9b-afcb-8d8a740ff04e","method":"GET","path":"/api/v1/me","status":200,"duration_ms":102}
{"event":"http.request","request_id":"4a226979-383f-442a-90f2-b2db66573bd8","method":"POST","path":"/api/v1/accounts","status":201,"duration_ms":19}
{"event":"http.request","request_id":"4cb45847-ce6c-4b04-bcd4-6d779558cc94","method":"POST","path":"/api/v1/publications","status":201,"duration_ms":8}
{"event":"http.request","request_id":"3ddc6943-5837-46b0-9844-ca9fab392073","method":"POST","path":"/api/v1/feedback","status":201,"duration_ms":9}
{"event":"http.request","request_id":"585dcafb-714b-4454-b86c-738a2e7e776c","method":"POST","path":"/api/v1/feedback","status":201,"duration_ms":5}
{"event":"http.request","request_id":"7e6fe9ae-8815-48a8-89b6-41e3e8c0d0d7","method":"POST","path":"/api/v1/feedback","status":422,"duration_ms":5}
{"event":"http.request","request_id":"ee12aced-e374-4515-9979-0ac40c25d4a7","method":"POST","path":"/api/v1/feedback","status":422,"duration_ms":6}
{"event":"http.request","request_id":"4cfd7223-f97a-4fc4-a067-542c83a1dad5","method":"POST","path":"/api/v1/feedback","status":422,"duration_ms":4}
{"event":"http.request","request_id":"1259c846-5c39-48d4-a69f-1bfaba45377a","method":"POST","path":"/api/v1/accounts","status":201,"duration_ms":6}
{"event":"http.request","request_id":"660db2a2-5634-4ba1-b2ec-b1e637a8ae40","method":"POST","path":"/api/v1/feedback","status":422,"duration_ms":4}
{"event":"http.request","request_id":"dd1d829f-3fd5-405f-a8e3-677beb83ea0e","method":"POST","path":"/api/v1/feedback","status":201,"duration_ms":7}
{"event":"http.request","request_id":"b5814847-8b64-4f60-8427-9fa8ebe69301","method":"PATCH","path":"/api/v1/feedback/858a130c-e8d0-4518-97ea-8a150668afd4","status":200,"duration_ms":8}
{"event":"http.request","request_id":"ecd3e2a9-fce9-449c-9fef-09847ab2e88a","method":"PATCH","path":"/api/v1/feedback/858a130c-e8d0-4518-97ea-8a150668afd4","status":409,"duration_ms":7}
{"event":"http.request","request_id":"0d5a76bb-9a0a-47dc-8a47-8e299988a028","method":"GET","path":"/api/v1/feedback/2a87e6ca-f182-4e75-9194-5d98eb76d552","status":404,"duration_ms":2}
{"event":"http.request","request_id":"46efb831-006f-4132-b391-f23070fe115b","method":"POST","path":"/api/v1/feedback","status":403,"duration_ms":3}
✔ 人工反馈幂等/版本/笔记账号/安全链接与权限，未知许可不能保存公开故事 (540.417958ms)
{"event":"http.request","request_id":"58f33015-2d10-455e-888a-23a000f96069","method":"POST","path":"/api/v1/feedback","status":201,"duration_ms":7}
{"event":"http.request","request_id":"58283989-fd78-4212-8f99-8e57b627db27","method":"POST","path":"/api/v1/feedback/9a3642e0-9406-40a0-bc1a-776a94fc1fb5/organize","status":202,"duration_ms":9}
{"event":"http.request","request_id":"bc045dc8-7a29-4b51-8cf8-2fd218d3271a","method":"GET","path":"/api/v1/feedback/9a3642e0-9406-40a0-bc1a-776a94fc1fb5","status":200,"duration_ms":3}
{"event":"http.request","request_id":"3d5856d3-f364-4bf0-a996-7e58b46dbc10","method":"POST","path":"/api/v1/feedback","status":201,"duration_ms":6}
{"event":"http.request","request_id":"1ffea08e-7b7c-43b3-ae6e-f8c34a1d399a","method":"POST","path":"/api/v1/feedback/94f6a3d1-3abd-4ef3-beeb-462bfee45f95/organize","status":202,"duration_ms":7}
{"event":"http.request","request_id":"82534b17-40ca-4c2c-b62b-fcf5bf83ddfb","method":"GET","path":"/api/v1/feedback/94f6a3d1-3abd-4ef3-beeb-462bfee45f95","status":200,"duration_ms":1}
{"event":"http.request","request_id":"3c243b04-5de1-454d-b512-608816674139","method":"POST","path":"/api/v1/feedback","status":201,"duration_ms":4}
{"event":"http.request","request_id":"78910ce5-76dd-4649-811d-fbad523bee33","method":"POST","path":"/api/v1/feedback/aa5394e6-97fe-4a75-8b2e-4f22e2c6501a/organize","status":202,"duration_ms":6}
{"event":"http.request","request_id":"ac16ba69-6ec8-431d-bd83-9cb6674491fa","method":"GET","path":"/api/v1/feedback/aa5394e6-97fe-4a75-8b2e-4f22e2c6501a","status":200,"duration_ms":2}
{"event":"http.request","request_id":"6471ab87-9282-43f7-92ea-ebeff4ea7558","method":"PATCH","path":"/api/v1/feedback/aa5394e6-97fe-4a75-8b2e-4f22e2c6501a","status":200,"duration_ms":9}
{"event":"http.request","request_id":"8edbad38-0699-4239-bbbc-88753f962600","method":"POST","path":"/api/v1/feedback/aa5394e6-97fe-4a75-8b2e-4f22e2c6501a/organize","status":202,"duration_ms":7}
{"event":"http.request","request_id":"3698a173-81cf-4be7-9cac-a954a9132298","method":"GET","path":"/api/v1/feedback/aa5394e6-97fe-4a75-8b2e-4f22e2c6501a","status":200,"duration_ms":2}
{"event":"http.request","request_id":"f2b4c238-ae2a-48c1-b518-13f1ea1294f9","method":"PATCH","path":"/api/v1/feedback/aa5394e6-97fe-4a75-8b2e-4f22e2c6501a","status":200,"duration_ms":6}
{"event":"http.request","request_id":"de4390d5-6814-4174-90b6-9e42fa46e5f2","method":"POST","path":"/api/v1/feedback/aa5394e6-97fe-4a75-8b2e-4f22e2c6501a/organize","status":409,"duration_ms":4}
{"event":"http.request","request_id":"4245328a-8e72-4c7c-bbdd-6000d0c0d2b1","method":"POST","path":"/api/v1/feedback/aa5394e6-97fe-4a75-8b2e-4f22e2c6501a/send","status":404,"duration_ms":1}
✔ 未知与仅内部只分类，公开草案/选题用途分别授权；撤回清空且不能新整理，无发送端点 (154.244333ms)
{"event":"http.request","request_id":"785568f3-7dbd-4a50-a5d6-dcf30e8f005c","method":"POST","path":"/api/v1/feedback","status":201,"duration_ms":7}
{"event":"http.request","request_id":"8e726825-3813-464a-8415-77ade8ea65a0","method":"POST","path":"/api/v1/feedback/8d3a7424-f842-4ac2-8fcd-b55d2ee1f54f/organize","status":202,"duration_ms":6}
{"event":"http.request","request_id":"5940fbcf-e0f8-4d21-8df6-dab2f147b0a8","method":"GET","path":"/api/v1/jobs/40a46875-65c2-4734-bc69-6f9af80f324a","status":200,"duration_ms":2}
{"event":"http.request","request_id":"1cdbc8be-3dee-4ad6-9a61-8f5d39521daf","method":"GET","path":"/api/v1/feedback/8d3a7424-f842-4ac2-8fcd-b55d2ee1f54f","status":200,"duration_ms":3}
{"event":"http.request","request_id":"e4c26693-b2e4-4eb1-acd4-f5990f8a5cb5","method":"GET","path":"/api/v1/feedback/8d3a7424-f842-4ac2-8fcd-b55d2ee1f54f","status":200,"duration_ms":2}
✔ 未知许可注入/伪造引文拒绝并记录修复用量；数据库再次保护撤回引用 (42.008625ms)
{"event":"http.request","request_id":"c1278d16-6de8-4c04-8554-b1bf65a16831","method":"POST","path":"/api/v1/feedback","status":201,"duration_ms":8}
{"event":"http.request","request_id":"5199450c-784d-4b06-9b4f-7b0c5ce3e73a","method":"POST","path":"/api/v1/feedback/2383c606-66e4-4879-9184-4532714ce302/organize","status":202,"duration_ms":7}
{"event":"http.request","request_id":"edca5529-c77b-4dbe-9108-1346440cf5d8","method":"PATCH","path":"/api/v1/feedback/2383c606-66e4-4879-9184-4532714ce302","status":200,"duration_ms":5}
{"event":"http.request","request_id":"c4d21462-53ec-46fc-85d5-72c0534efc9b","method":"GET","path":"/api/v1/feedback/2383c606-66e4-4879-9184-4532714ce302","status":200,"duration_ms":1}
{"event":"http.request","request_id":"3a7f69d5-75d9-4459-bfe6-1026533e47a8","method":"POST","path":"/api/v1/feedback","status":201,"duration_ms":5}
{"event":"http.request","request_id":"e7aa9201-76a9-4335-af3e-46460c8584ae","method":"POST","path":"/api/v1/feedback/8728d46c-8a2e-4172-9823-2a3e47b40962/organize","status":202,"duration_ms":5}
{"event":"http.request","request_id":"4d433a47-fc02-463b-bc0a-aecaf53ffaff","method":"GET","path":"/api/v1/feedback/8728d46c-8a2e-4172-9823-2a3e47b40962","status":200,"duration_ms":1}
{"event":"http.request","request_id":"4544f667-21f4-4203-89ad-d0248c5078c2","method":"POST","path":"/api/v1/feedback","status":201,"duration_ms":4}
{"event":"http.request","request_id":"635e46c5-d17a-4acd-af80-dd39b8a45b5a","method":"POST","path":"/api/v1/feedback/5236ea65-aaf8-4a6f-953f-1a7dae56bbb5/organize","status":202,"duration_ms":5}
{"event":"http.request","request_id":"22460eda-ea71-40d2-8840-f92f88006c20","method":"GET","path":"/api/v1/feedback/5236ea65-aaf8-4a6f-953f-1a7dae56bbb5","status":200,"duration_ms":1}
{"event":"http.request","request_id":"9ead4875-74cf-4798-9844-003c69070394","method":"POST","path":"/api/v1/feedback","status":201,"duration_ms":4}
{"event":"http.request","request_id":"126dbe57-b119-46ed-bf66-35122f9b7cb5","method":"POST","path":"/api/v1/feedback/4d9aefb5-0797-46f6-8aca-dcf3dbbc5cee/organize","status":202,"duration_ms":7}
{"event":"http.request","request_id":"69ef5548-f074-4738-aed2-2a529b57f356","method":"POST","path":"/api/v1/jobs/85b163cc-0943-4919-b7aa-b11c9106de2c/cancel","status":200,"duration_ms":5}
{"event":"http.request","request_id":"b861f0f8-a9f0-4a38-877e-03b49d98c465","method":"GET","path":"/api/v1/jobs/85b163cc-0943-4919-b7aa-b11c9106de2c","status":200,"duration_ms":3}
{"event":"http.request","request_id":"bd782bdc-58a0-4386-a68c-957746ec3dc6","method":"GET","path":"/api/v1/feedback/4d9aefb5-0797-46f6-8aca-dcf3dbbc5cee","status":200,"duration_ms":4}
✔ 许可撤回、账号版本和成员角色在生成后提交前变化均拒绝，取消不应用草案 (112.563584ms)
✔ 许可输出守卫拒绝超用途引用，许可内引用必须逐字来自原文 (0.232ms)
{"event":"http.request","request_id":"5f822a86-4841-454b-8491-7d9c21d5bd31","method":"POST","path":"/api/v1/feedback","status":201,"duration_ms":7}
{"event":"http.request","request_id":"989b0f67-684d-475b-8f6c-ec4658d25430","method":"PATCH","path":"/api/v1/feedback/a2236c70-978e-43fe-95a6-59096588984c","status":200,"duration_ms":7}
{"event":"http.request","request_id":"248e145c-0ba8-40f6-a997-f9cbf9b512b8","method":"POST","path":"/api/v1/feedback","status":201,"duration_ms":4}
✔ 许可撤回后旧成功幂等响应不能重新显示批准草案/引文 (20.619959ms)
{"event":"http.request","request_id":"c0361872-7f30-4196-b70f-746218fd7dd0","method":"GET","path":"/api/v1/auth/csrf","status":200,"duration_ms":6}
{"event":"http.request","request_id":"f32dea3e-7321-4d4c-b905-b462e8b5ba68","method":"POST","path":"/api/v1/setup","status":201,"duration_ms":36}
{"event":"http.request","request_id":"5d2b5119-fb23-4a03-b23f-5e089a2828d5","method":"GET","path":"/api/v1/auth/csrf","status":200,"duration_ms":2}
{"event":"http.request","request_id":"a1139725-f8dd-44e9-8b44-74c742fb9d79","method":"POST","path":"/api/v1/auth/login","status":200,"duration_ms":27}
{"event":"http.request","request_id":"5d06854d-a170-43bf-ab81-40e69ba29211","method":"GET","path":"/api/v1/me","status":200,"duration_ms":88}
{"event":"http.request","request_id":"0ee26f59-fbdb-4178-8d75-d4f72554c9b4","method":"POST","path":"/api/v1/accounts","status":201,"duration_ms":14}
{"event":"http.request","request_id":"84c6b1b1-163e-45a9-9f89-df51cfe0e908","method":"POST","path":"/api/v1/members","status":201,"duration_ms":33}
{"event":"http.request","request_id":"a349f02f-e400-4088-a729-52db5a887d39","method":"POST","path":"/api/v1/members","status":201,"duration_ms":30}
{"event":"http.request","request_id":"4464dcc1-0e87-4a40-bb91-4d31ee21bdae","method":"POST","path":"/api/v1/members","status":201,"duration_ms":28}
{"event":"http.request","request_id":"7b7c8556-9672-44e3-8cc4-e0eea4056047","method":"POST","path":"/api/v1/source-connections","status":201,"duration_ms":7}
{"event":"http.request","request_id":"91cf9b6b-5993-4d93-a1df-b7b58e1843fd","method":"PATCH","path":"/api/v1/members/10722670-2300-48e6-9408-6273e90bf8d8","status":422,"duration_ms":11}
{"event":"http.request","request_id":"1128859a-22b2-4736-beca-5d70a61f2395","method":"PATCH","path":"/api/v1/members/10722670-2300-48e6-9408-6273e90bf8d8","status":422,"duration_ms":7}
{"event":"http.request","request_id":"2cf54c90-6d15-46cf-b236-964017c31e8b","method":"PATCH","path":"/api/v1/members/10722670-2300-48e6-9408-6273e90bf8d8","status":200,"duration_ms":9}
{"event":"http.request","request_id":"2fe1edf5-ca33-4efb-8a7b-5cc26dfccd0d","method":"GET","path":"/api/v1/accounts/9dd8d305-44b7-442c-8108-5bf8212ae6a2","status":200,"duration_ms":2}
{"event":"http.request","request_id":"eaa9146c-dc70-4e0d-8111-1ec611a531ac","method":"GET","path":"/api/v1/source-connections/5208bee2-2e40-4248-963e-9d49774e59f1","status":200,"duration_ms":3}
{"event":"http.request","request_id":"ea99710d-d08d-43e3-a754-fa0a7b442045","method":"GET","path":"/api/v1/notifications","status":200,"duration_ms":2}
{"event":"http.request","request_id":"7598e6c0-06e9-44e0-9a38-ed9ddeb3a16a","method":"GET","path":"/api/v1/accounts/9dd8d305-44b7-442c-8108-5bf8212ae6a2","status":200,"duration_ms":2}
{"event":"http.request","request_id":"c1f20ef5-17b6-4b75-9e03-860a78cc9437","method":"PATCH","path":"/api/v1/accounts/9dd8d305-44b7-442c-8108-5bf8212ae6a2","status":422,"duration_ms":5}
{"event":"http.request","request_id":"78955c39-b83c-4e1b-b5ea-1b51902de94a","method":"PATCH","path":"/api/v1/members/e586a133-b5f9-43ce-a8a4-b97a09c437ce","status":200,"duration_ms":9}
{"event":"http.request","request_id":"164a1b05-2698-466d-8bab-21b3f313d048","method":"PATCH","path":"/api/v1/members/335e7937-0b51-4d2e-92ee-7805406dfa23","status":422,"duration_ms":4}
✔ 运营角色降级/停用须移交账号/选题/来源，接替人须有能力，审计和通知同事务 (683.8415ms)
{"event":"http.request","request_id":"d8d85789-9cc0-4463-8a4a-d400e045f115","method":"GET","path":"/api/v1/settings","status":200,"duration_ms":3}
{"event":"http.request","request_id":"fe50e8ca-bb22-4038-b1c6-095300bdcd25","method":"PATCH","path":"/api/v1/settings","status":422,"duration_ms":6}
{"event":"http.request","request_id":"47496785-8dec-4fb5-b820-63850861f855","method":"GET","path":"/api/v1/settings","status":200,"duration_ms":2}
{"event":"http.request","request_id":"ceadb3d9-461b-4598-9649-47bdc7e674da","method":"PATCH","path":"/api/v1/settings","status":200,"duration_ms":6}
{"event":"http.request","request_id":"7b332263-16b5-4bf7-9e1b-dc83403d08f7","method":"POST","path":"/api/v1/reports","status":202,"duration_ms":11}
{"event":"http.request","request_id":"e218d3c3-6699-4174-9531-5b55a4c01616","method":"GET","path":"/api/v1/reports/ca915fa6-d72c-4a16-aded-503ba20251c7","status":200,"duration_ms":3}
{"event":"http.request","request_id":"930d2f42-2891-46dd-b770-68e581158f48","method":"GET","path":"/api/v1/monitor","status":200,"duration_ms":6}
{"event":"http.request","request_id":"750c616e-7863-4245-bfd9-68636cf94754","method":"GET","path":"/api/v1/settings","status":200,"duration_ms":3}
{"event":"http.request","request_id":"27010dba-71e0-4adc-a6b9-b1e104cdb6b6","method":"PATCH","path":"/api/v1/settings","status":200,"duration_ms":7}
{"event":"http.request","request_id":"03d708b1-0fe7-4e6b-b8a1-41a9b1b1b3ba","method":"POST","path":"/api/v1/reports","status":202,"duration_ms":9}
{"event":"http.request","request_id":"4dc586f6-7dcb-4e6c-950d-70ce21adbd7d","method":"GET","path":"/api/v1/reports/a487444e-c473-4d7b-8734-b7283d6be87f","status":200,"duration_ms":2}
{"event":"http.request","request_id":"bea0826d-7a79-446a-97c8-bec6fcaeb730","method":"GET","path":"/api/v1/monitor","status":200,"duration_ms":5}
✔ 有限预算必须有单价币种，工作区配置在AI运行前真实拒绝超额且不触发提供方 (119.523459ms)
{"event":"http.request","request_id":"42317257-2f26-469a-867a-a025e794dff8","method":"POST","path":"/api/v1/diagnostics","status":202,"duration_ms":6}
{"event":"http.request","request_id":"5f657eeb-3d20-4e01-a6b7-4868967ee326","method":"GET","path":"/api/v1/auth/csrf","status":200,"duration_ms":2}
{"event":"http.request","request_id":"52bfa630-000e-460b-b0bf-18ce2a336915","method":"POST","path":"/api/v1/auth/accept-invite","status":200,"duration_ms":22}
{"event":"http.request","request_id":"a6870595-70e1-4d25-8dd9-dd796d411d76","method":"GET","path":"/api/v1/auth/csrf","status":200,"duration_ms":1}
{"event":"http.request","request_id":"c34eb70a-84e9-4b8f-8886-b9aaf6429d2c","method":"POST","path":"/api/v1/auth/login","status":200,"duration_ms":21}
{"event":"http.request","request_id":"471e69ff-9e3c-4cbd-b1ad-ee83e10a7aae","method":"GET","path":"/api/v1/monitor","status":403,"duration_ms":1}
{"event":"http.request","request_id":"68c03257-0c76-4868-9f66-3b3687c85f47","method":"POST","path":"/api/v1/jobs/085b860a-24fc-4f27-9a52-1cb4cc49d064/retry","status":403,"duration_ms":3}
{"event":"http.request","request_id":"4dae18ee-92bf-43f0-8260-048aecf1a34f","method":"POST","path":"/api/v1/jobs/085b860a-24fc-4f27-9a52-1cb4cc49d064/retry","status":202,"duration_ms":9}
{"event":"http.request","request_id":"ca1f655c-c6a6-417c-a256-19cc0ca7e418","method":"GET","path":"/api/v1/jobs/085b860a-24fc-4f27-9a52-1cb4cc49d064","status":200,"duration_ms":1}
{"event":"http.request","request_id":"b1928809-af67-4c22-8bde-ddce8ba02f82","method":"GET","path":"/api/v1/notifications","status":200,"duration_ms":1}
{"event":"http.request","request_id":"aeb67654-3685-4fc6-9db4-714c839642d3","method":"POST","path":"/api/v1/notifications/2c098ace-551a-4cd6-b822-a71422f2e9e1/read","status":200,"duration_ms":4}
{"event":"http.request","request_id":"69275761-7475-4912-b73c-4036f9090719","method":"GET","path":"/api/v1/jobs/085b860a-24fc-4f27-9a52-1cb4cc49d064","status":200,"duration_ms":1}
{"event":"http.request","request_id":"765da48d-c7d5-479a-8873-3c4710f82592","method":"GET","path":"/api/v1/audit-logs","status":200,"duration_ms":1}
✔ 失败任务管理员重试可运行，通知已读独立、运行入口与审计分页可用；只读不能操作 (109.716334ms)
{"event":"http.request","request_id":"5842cc87-6e44-4f00-9cda-6d716189e7f9","method":"GET","path":"/api/v1/auth/csrf","status":200,"duration_ms":5}
{"event":"http.request","request_id":"bc67554f-f914-4c3e-9313-090124429c6d","method":"POST","path":"/api/v1/setup","status":201,"duration_ms":34}
{"event":"http.request","request_id":"76000cc8-3d30-4d00-b019-77a70a41145a","method":"GET","path":"/api/v1/auth/csrf","status":200,"duration_ms":1}
{"event":"http.request","request_id":"8a5d1cc8-5e89-44c7-a14b-7926e5eb340e","method":"POST","path":"/api/v1/auth/login","status":200,"duration_ms":25}
{"event":"http.request","request_id":"9a8a7f0c-8428-4985-a121-e15ff356a010","method":"GET","path":"/api/v1/me","status":200,"duration_ms":85}
{"event":"http.request","request_id":"f6642070-e2a5-4d97-ad40-3a37cb6d171c","method":"POST","path":"/api/v1/accounts","status":201,"duration_ms":11}
{"event":"http.request","request_id":"c2e393da-bc1d-4e6e-8758-58edf60baa6e","method":"POST","path":"/api/v1/reports","status":202,"duration_ms":17}
{"event":"http.request","request_id":"1809d7d7-f1ec-4d73-90e2-847a502bcd6d","method":"POST","path":"/api/v1/reports","status":202,"duration_ms":7}
{"event":"http.request","request_id":"9e82cc2b-991d-4360-84ec-509aa26dc576","method":"GET","path":"/api/v1/reports/bf973af7-d71e-493d-89be-65b8962b1d6a","status":200,"duration_ms":3}
{"event":"http.request","request_id":"2529a008-20a8-4a30-9bbe-ab6fd17e421f","method":"GET","path":"/api/v1/reports/bf973af7-d71e-493d-89be-65b8962b1d6a","status":200,"duration_ms":3}
{"event":"http.request","request_id":"64d213ae-22ad-4f53-b6c7-25190c23e98d","method":"POST","path":"/api/v1/imports","status":202,"duration_ms":10}
{"event":"http.request","request_id":"29ed848c-d5a8-4e97-ace8-f73e5e9bbf9d","method":"GET","path":"/api/v1/imports/c8020812-32c1-4bb7-8fd0-d441b98a2048/rows","status":200,"duration_ms":4}
{"event":"http.request","request_id":"5d8c184a-3e0e-494c-b154-f46748e41571","method":"POST","path":"/api/v1/imports/c8020812-32c1-4bb7-8fd0-d441b98a2048/confirm","status":200,"duration_ms":10}
{"event":"http.request","request_id":"449aae55-5e18-479a-943e-8e76c16378f2","method":"GET","path":"/api/v1/imports/c8020812-32c1-4bb7-8fd0-d441b98a2048","status":200,"duration_ms":3}
{"event":"http.request","request_id":"0f1a33f2-e9d5-4a26-9483-e2363bc641a0","method":"GET","path":"/api/v1/reports/bf973af7-d71e-493d-89be-65b8962b1d6a","status":200,"duration_ms":3}
✔ 报告异步幂等，真空态partial，无数字补造与自动策略；新增输入使无依赖报告stale (530.166167ms)
{"event":"http.request","request_id":"8a9085df-87c8-4c11-952c-b1733fcfac80","method":"POST","path":"/api/v1/imports","status":202,"duration_ms":6}
{"event":"http.request","request_id":"c20f503c-42cc-454f-8622-ff514925864f","method":"GET","path":"/api/v1/imports/db97981a-ce31-4854-9d92-469ebfe7d906/rows","status":200,"duration_ms":3}
{"event":"http.request","request_id":"954b64f3-ed98-4ccf-9291-00744ea7ad6f","method":"POST","path":"/api/v1/imports/db97981a-ce31-4854-9d92-469ebfe7d906/confirm","status":200,"duration_ms":8}
{"event":"http.request","request_id":"183ef6d7-c2d0-4422-a842-7d77e8a92655","method":"GET","path":"/api/v1/imports/db97981a-ce31-4854-9d92-469ebfe7d906","status":200,"duration_ms":2}
{"event":"http.request","request_id":"04ad5603-b25b-49d8-9832-43c44c0ff2f5","method":"POST","path":"/api/v1/reports","status":202,"duration_ms":14}
{"event":"http.request","request_id":"cf62dd9c-c490-41dd-ad95-9866a04821b3","method":"GET","path":"/api/v1/reports/cf27ad8c-5112-4767-94c4-d47fb93184a6","status":200,"duration_ms":2}
{"event":"http.request","request_id":"309ce792-fc91-461c-9ffe-2c9f5872288b","method":"GET","path":"/api/v1/calculations/4b1bf7d3-7766-47eb-988c-97bbc5ff10fa","status":200,"duration_ms":5}
{"event":"http.request","request_id":"1942a1ad-f319-4323-b541-726a56e61c1b","method":"POST","path":"/api/v1/reports/cf27ad8c-5112-4767-94c4-d47fb93184a6/accept-actions","status":200,"duration_ms":8}
{"event":"http.request","request_id":"a9d2f000-b1c0-4296-935f-b5cd4ff4d8f3","method":"POST","path":"/api/v1/strategy-memories/3e638559-ac19-4aa3-a4c4-304e2a66d6ee/activate","status":403,"duration_ms":3}
{"event":"http.request","request_id":"51ec6664-883f-46f4-a9e4-bde2164e2bf9","method":"POST","path":"/api/v1/strategy-memories/3e638559-ac19-4aa3-a4c4-304e2a66d6ee/activate","status":200,"duration_ms":7}
{"event":"http.request","request_id":"d2cd612c-4b1f-4dc7-9f99-e43ea3cea04f","method":"POST","path":"/api/v1/topic-generations","status":202,"duration_ms":8}
{"event":"http.request","request_id":"2482f497-75d7-4d37-9ac9-2a516fd5127a","method":"POST","path":"/api/v1/imports/db97981a-ce31-4854-9d92-469ebfe7d906/revert","status":200,"duration_ms":10}
{"event":"http.request","request_id":"ee316ccf-cbf9-4750-b90d-86e936fa826f","method":"GET","path":"/api/v1/reports/cf27ad8c-5112-4767-94c4-d47fb93184a6","status":200,"duration_ms":3}
{"event":"http.request","request_id":"c5eb5ad1-0dce-42b1-a1d7-993f449485a8","method":"POST","path":"/api/v1/reports/cf27ad8c-5112-4767-94c4-d47fb93184a6/accept-actions","status":409,"duration_ms":5}
✔ 程序计算事实绑定观察，final/partial准确；采纳仅proposed，人工激活后成为选题输入；撤销失效并退策略 (131.983458ms)
{"event":"http.request","request_id":"2ede8753-c6e6-47d8-bac3-923127674c5f","method":"POST","path":"/api/v1/reports","status":202,"duration_ms":9}
{"event":"http.request","request_id":"06de69fa-f695-4fbf-8c08-756d66e71c6f","method":"GET","path":"/api/v1/reports/b4970994-85ce-4633-b820-b1da106ee481","status":200,"duration_ms":3}
{"event":"http.request","request_id":"2125251f-d8c2-430f-833e-7e7031b87d0b","method":"POST","path":"/api/v1/reports","status":202,"duration_ms":9}
{"event":"http.request","request_id":"5e53f1a8-7845-421d-b2e3-50d74660b465","method":"GET","path":"/api/v1/reports/48239c70-650a-42f2-ba0e-63fd0c92ca41","status":200,"duration_ms":2}
✔ 事实ID/数字硬守卫与注入不能落库，错误记录用量；缺数据重新生成仍partial (53.215875ms)
{"event":"http.request","request_id":"9dd6d13d-8832-4428-b861-1a0c984232e5","method":"POST","path":"/api/v1/reports","status":202,"duration_ms":10}
{"event":"http.request","request_id":"71c97f25-8c53-4704-a932-8bbd28475da1","method":"GET","path":"/api/v1/reports/8088676d-774b-45ed-9d40-91750f28b6d4","status":200,"duration_ms":2}
{"event":"http.request","request_id":"628540fb-c973-4d7a-b215-70462ff5a96f","method":"GET","path":"/api/v1/reports/8088676d-774b-45ed-9d40-91750f28b6d4","status":200,"duration_ms":2}
{"event":"http.request","request_id":"4dda27ae-6990-4265-973c-751c7247d14d","method":"POST","path":"/api/v1/reports","status":202,"duration_ms":7}
{"event":"http.request","request_id":"65903efb-532e-4af8-9443-c18750d2314c","method":"POST","path":"/api/v1/jobs/150e5f71-c330-4db5-8989-667f4adfbfc1/cancel","status":200,"duration_ms":7}
{"event":"http.request","request_id":"c36efb92-1450-4c5f-9207-4877c8156a17","method":"GET","path":"/api/v1/reports/94c79faf-98bc-4a7e-a461-d35af91a6848","status":200,"duration_ms":3}
{"event":"http.request","request_id":"c165d748-2653-4206-8284-6c0a353845e4","method":"GET","path":"/api/v1/reports/092a06cc-86fc-4862-bf52-c528e8d78d0a","status":404,"duration_ms":6}
{"event":"http.request","request_id":"c637b621-24d5-4168-88fd-b221920120f6","method":"GET","path":"/api/v1/reports","status":404,"duration_ms":3}
{"event":"http.request","request_id":"84aa1815-184c-4590-9ed3-87356187e20e","method":"POST","path":"/api/v1/reports","status":422,"duration_ms":5}
✔ 处理器完成到提交的权限/输入变化拒绝，取消不落报告事实；历史快照不可静默改写 (68.353667ms)
✔ 输出校验分离事实/假设/缺口，伪造数字、确定性因果与过期复查不可进入策略 (0.198167ms)
ℹ tests 14
ℹ suites 0
ℹ pass 14
ℹ fail 0
ℹ cancelled 0
ℹ skipped 0
ℹ todo 0
ℹ duration_ms 4074.867542
