{"database":"yoyo","migrations":8}
{"database":"yoyo_test","migrations":26}
{"event":"http.request","request_id":"fb830ee1-a26f-40b2-a68e-f3c54965e9d5","method":"GET","path":"/api/v1/auth/csrf","status":200,"duration_ms":7}
{"event":"http.request","request_id":"dd8b9bed-0a73-40fd-97bd-796f1488c6bd","method":"POST","path":"/api/v1/setup","status":201,"duration_ms":34}
{"event":"http.request","request_id":"396e780a-d635-4c94-ad37-5f168cda1b7c","method":"GET","path":"/api/v1/auth/csrf","status":200,"duration_ms":1}
{"event":"http.request","request_id":"d832bb55-b752-4696-9062-5bed34e314fc","method":"POST","path":"/api/v1/auth/login","status":200,"duration_ms":22}
{"event":"http.request","request_id":"b9fb2cf4-692a-4bfa-b246-87117012e790","method":"GET","path":"/api/v1/me","status":200,"duration_ms":81}
{"event":"http.request","request_id":"70d25dc6-ed1c-4d09-81f5-1eb25789475b","method":"POST","path":"/api/v1/accounts","status":201,"duration_ms":10}
{"event":"http.request","request_id":"ad769c6d-f8a2-464e-8200-49acf1b708c7","method":"POST","path":"/api/v1/reports","status":202,"duration_ms":17}
{"event":"http.request","request_id":"a4f08def-9947-451b-a870-27f558d0ea6d","method":"POST","path":"/api/v1/reports","status":202,"duration_ms":5}
{"event":"http.request","request_id":"9378d3f6-5f29-4bc7-921f-6d31b95124f3","method":"GET","path":"/api/v1/reports/89731b1b-491a-4125-97ec-5093924d0c6e","status":200,"duration_ms":3}
{"event":"http.request","request_id":"c7709726-f4fe-4116-8740-75ee76387bb8","method":"GET","path":"/api/v1/reports/89731b1b-491a-4125-97ec-5093924d0c6e","status":200,"duration_ms":2}
{"event":"http.request","request_id":"53265d59-d20f-48af-8603-150b9798e18d","method":"POST","path":"/api/v1/imports","status":202,"duration_ms":6}
{"event":"http.request","request_id":"af3984f5-4fec-4b9a-99ae-6a66c678656c","method":"GET","path":"/api/v1/imports/c211febc-0c53-4de4-ab2f-62cf0a1625f1/rows","status":200,"duration_ms":3}
{"event":"http.request","request_id":"f60d3473-9d6c-4fd6-ad7b-16466a35e0ae","method":"POST","path":"/api/v1/imports/c211febc-0c53-4de4-ab2f-62cf0a1625f1/confirm","status":200,"duration_ms":8}
{"event":"http.request","request_id":"74bd88e4-5a30-4d3d-af75-e46dab2e872a","method":"GET","path":"/api/v1/imports/c211febc-0c53-4de4-ab2f-62cf0a1625f1","status":200,"duration_ms":2}
{"event":"http.request","request_id":"b01922af-1d7d-4bba-82e7-381b3b96a057","method":"GET","path":"/api/v1/reports/89731b1b-491a-4125-97ec-5093924d0c6e","status":200,"duration_ms":2}
✔ 报告异步幂等，真空态partial，无数字补造与自动策略；新增输入使无依赖报告stale (467.008166ms)
{"event":"http.request","request_id":"22fcf8ad-9d99-403d-ba5b-b6fc09a263e4","method":"POST","path":"/api/v1/imports","status":202,"duration_ms":5}
{"event":"http.request","request_id":"1bb531de-4ea5-4504-9eb1-0758214d79d6","method":"GET","path":"/api/v1/imports/ce17d4dc-6b49-4a46-83ef-499143aa0282/rows","status":200,"duration_ms":2}
{"event":"http.request","request_id":"b9b2be87-4d7c-481f-a2b7-5c5201a1ea21","method":"POST","path":"/api/v1/imports/ce17d4dc-6b49-4a46-83ef-499143aa0282/confirm","status":200,"duration_ms":6}
{"event":"http.request","request_id":"928b0d10-e2ef-4f9f-ae35-c25ea5e9c491","method":"GET","path":"/api/v1/imports/ce17d4dc-6b49-4a46-83ef-499143aa0282","status":200,"duration_ms":2}
{"event":"http.request","request_id":"0b4e5980-5a3f-4b37-9803-76722d37fec8","method":"POST","path":"/api/v1/reports","status":202,"duration_ms":9}
{"event":"http.request","request_id":"d2f41b80-5210-47be-9366-7499a259a7c9","method":"GET","path":"/api/v1/reports/b4ad497f-37d2-434c-b8a4-9aabbc9bf0e1","status":200,"duration_ms":5}
{"event":"http.request","request_id":"ce6c3a5d-23cc-4163-a8e6-ac46742089fa","method":"GET","path":"/api/v1/calculations/a5027981-9e93-4ffa-8c58-869230404d7b","status":200,"duration_ms":8}
{"event":"http.request","request_id":"d9252e61-a7f3-4498-8946-8c320ee25a21","method":"POST","path":"/api/v1/reports/b4ad497f-37d2-434c-b8a4-9aabbc9bf0e1/accept-actions","status":200,"duration_ms":9}
{"event":"http.request","request_id":"6d9064de-863d-4db1-b1be-2619fcaff1f3","method":"POST","path":"/api/v1/strategy-memories/67df8852-5932-4d48-8145-724642678ea8/activate","status":403,"duration_ms":7}
{"event":"http.request","request_id":"0a4eb008-e9ac-485c-a706-0ffbe612f8da","method":"POST","path":"/api/v1/strategy-memories/67df8852-5932-4d48-8145-724642678ea8/activate","status":200,"duration_ms":14}
{"event":"http.request","request_id":"9b724aed-ed5c-474a-ae3e-df2c5fcefe9e","method":"POST","path":"/api/v1/topic-generations","status":202,"duration_ms":17}
{"event":"http.request","request_id":"17b2b309-9ee2-4177-a2e1-ca5e26fcef69","method":"POST","path":"/api/v1/imports/ce17d4dc-6b49-4a46-83ef-499143aa0282/revert","status":200,"duration_ms":28}
{"event":"http.request","request_id":"20066027-fa03-4ff6-8cf0-8154b2bde189","method":"GET","path":"/api/v1/ai-requests/14685656-c2ce-4f66-b6ec-2c6795f243cb","status":200,"duration_ms":3}
{"event":"http.request","request_id":"d807533d-1484-4d2a-8813-3965abfed28e","method":"GET","path":"/api/v1/reports/b4ad497f-37d2-434c-b8a4-9aabbc9bf0e1","status":200,"duration_ms":2}
{"event":"http.request","request_id":"0743b74c-ff9e-4a1f-9b45-9b54914ebf51","method":"POST","path":"/api/v1/reports/b4ad497f-37d2-434c-b8a4-9aabbc9bf0e1/accept-actions","status":409,"duration_ms":4}
✔ 程序计算事实绑定观察，final/partial准确；采纳仅proposed，人工激活后成为选题输入；撤销失效并退策略 (222.4945ms)
{"event":"http.request","request_id":"9ba9e9aa-a6b0-4a36-83ff-349ed0670a0e","method":"POST","path":"/api/v1/reports","status":202,"duration_ms":8}
{"event":"http.request","request_id":"0b8ce98f-0bb5-449b-bd89-f029c0327bde","method":"GET","path":"/api/v1/reports/06db8c1f-9b08-4ac6-baa2-845dd19c40a0","status":200,"duration_ms":1}
{"event":"http.request","request_id":"fc94d048-636f-4ad4-8506-3c33224e490f","method":"POST","path":"/api/v1/reports","status":202,"duration_ms":7}
{"event":"http.request","request_id":"bef34a01-0e07-4961-ad25-b7fc191bfda3","method":"GET","path":"/api/v1/reports/78265ded-3b6b-4d28-9026-108a5bdbf8c1","status":200,"duration_ms":2}
✔ 事实ID/数字硬守卫与注入不能落库，错误记录用量；缺数据重新生成仍partial (40.186042ms)
{"event":"http.request","request_id":"7512f03a-4614-4f46-8903-0071483cb49c","method":"POST","path":"/api/v1/reports","status":202,"duration_ms":7}
{"event":"http.request","request_id":"484b3796-818a-4d96-a1ef-066c08efe40d","method":"GET","path":"/api/v1/reports/a731f959-0d35-4238-8dd3-e28d7f6260d8","status":200,"duration_ms":2}
{"event":"http.request","request_id":"3113e174-9dc1-496c-bd92-ef0f76d0cce7","method":"GET","path":"/api/v1/reports/a731f959-0d35-4238-8dd3-e28d7f6260d8","status":200,"duration_ms":2}
{"event":"http.request","request_id":"65451b92-b33f-45ae-84c8-bc75ca75220b","method":"POST","path":"/api/v1/reports","status":202,"duration_ms":7}
{"event":"http.request","request_id":"2cdb5fc6-094f-44e6-9c19-6f30c2978ad3","method":"POST","path":"/api/v1/jobs/fdeb107d-e011-4783-a34a-a0395dea52fd/cancel","status":200,"duration_ms":4}
{"event":"http.request","request_id":"7695290b-10d1-40b3-8da7-1bdecc3211fb","method":"GET","path":"/api/v1/reports/e0c6d693-6542-4cf9-b05b-41c64b5b129e","status":200,"duration_ms":1}
{"event":"http.request","request_id":"26f33e1f-d571-4d1c-8cc6-3f22ff53e2e9","method":"GET","path":"/api/v1/reports/110ab60e-0407-491d-907e-b56dedf7a305","status":404,"duration_ms":5}
{"event":"http.request","request_id":"2f0cf91a-a481-4f8c-9da9-cd271bf62bf4","method":"GET","path":"/api/v1/reports","status":404,"duration_ms":1}
{"event":"http.request","request_id":"d1f586c1-3cc0-40b4-91b3-e8f9a1c498d1","method":"POST","path":"/api/v1/reports","status":422,"duration_ms":3}
✔ 处理器完成到提交的权限/输入变化拒绝，取消不落报告事实；历史快照不可静默改写 (50.923208ms)
✔ 输出校验分离事实/假设/缺口，伪造数字、确定性因果与过期复查不可进入策略 (0.178542ms)
{"event":"http.request","request_id":"3d461a30-4dfa-49be-b50f-8947c6b3c04a","method":"POST","path":"/api/v1/accounts","status":201,"duration_ms":7}
{"event":"http.request","request_id":"aa860a42-fdaa-4cf3-88e2-b0538a384e45","method":"POST","path":"/api/v1/reports","status":202,"duration_ms":8}
{"event":"http.request","request_id":"5079df0a-10b2-4f6f-be50-008a15f96f15","method":"GET","path":"/api/v1/reports/c6f4f0d2-b76d-4abb-9fc8-8d5b8949343c","status":200,"duration_ms":2}
{"event":"http.request","request_id":"7f8010e9-b856-4682-99de-4e6dbfd755b8","method":"POST","path":"/api/v1/reports","status":202,"duration_ms":6}
{"event":"http.request","request_id":"c398b026-a979-497d-bcb1-a0ec01166783","method":"GET","path":"/api/v1/reports/6bfa6219-45f6-471d-947b-55d576afc3a7","status":200,"duration_ms":2}
{"event":"http.request","request_id":"eacba515-33e6-462b-bfaa-daf5892d7c83","method":"POST","path":"/api/v1/reports/6bfa6219-45f6-471d-947b-55d576afc3a7/accept-actions","status":200,"duration_ms":5}
{"event":"http.request","request_id":"b3d6e3ad-c0e7-4249-9b3c-f7f3d3e9455a","method":"POST","path":"/api/v1/strategy-memories/9bffe460-a449-445c-ba25-a14d83ab948a/activate","status":422,"duration_ms":4}
{"event":"http.request","request_id":"afae9445-4945-4399-9371-b3e310c46e46","method":"POST","path":"/api/v1/strategy-memories/9bffe460-a449-445c-ba25-a14d83ab948a/activate","status":409,"duration_ms":8}
✔ 无依据行动可留作提案但不能激活，复查期限到期同样拒绝激活 (67.2885ms)
ℹ tests 6
ℹ suites 0
ℹ pass 6
ℹ fail 0
ℹ cancelled 0
ℹ skipped 0
ℹ todo 0
ℹ duration_ms 1345.769042
