{"database":"yoyo","migrations":8}
{"database":"yoyo_test","migrations":26}
Applied 035-feedback.sql
{"event":"http.request","request_id":"0c1af783-242f-4b09-889c-43c8736b2dd7","method":"GET","path":"/api/v1/auth/csrf","status":200,"duration_ms":5}
{"event":"http.request","request_id":"8d1db3e0-a6a9-4049-a82a-b13899190f6c","method":"POST","path":"/api/v1/setup","status":201,"duration_ms":38}
{"event":"http.request","request_id":"9501d395-a186-4266-b240-fb158471e019","method":"GET","path":"/api/v1/auth/csrf","status":200,"duration_ms":2}
{"event":"http.request","request_id":"bd237461-a067-42bd-b75a-db286ef31dd2","method":"POST","path":"/api/v1/auth/login","status":200,"duration_ms":23}
{"event":"http.request","request_id":"162d9044-6e4f-4d3b-8d28-a70701257699","method":"GET","path":"/api/v1/me","status":200,"duration_ms":96}
{"event":"http.request","request_id":"b8df8ade-2f5d-477b-ad6f-63ac44f3bc42","method":"POST","path":"/api/v1/accounts","status":201,"duration_ms":11}
{"event":"http.request","request_id":"b2903816-1778-48ff-b8cf-d05ffa104f1a","method":"POST","path":"/api/v1/publications","status":201,"duration_ms":8}
{"event":"http.request","request_id":"ae8a6389-3040-4fef-86ef-664cd09c90a0","method":"POST","path":"/api/v1/feedback","status":201,"duration_ms":8}
{"event":"http.request","request_id":"0707008d-1382-4e08-9928-d1ea38368792","method":"POST","path":"/api/v1/feedback","status":201,"duration_ms":5}
{"event":"http.request","request_id":"cb8cdf5c-0001-48e0-8e72-ea9ff6142ab2","method":"POST","path":"/api/v1/feedback","status":422,"duration_ms":5}
{"event":"http.request","request_id":"b179ed1b-4a5b-476e-ae98-f16e51861a86","method":"POST","path":"/api/v1/feedback","status":422,"duration_ms":4}
{"event":"http.request","request_id":"4d9c21e2-5041-40c1-87ba-4f8f6594e418","method":"POST","path":"/api/v1/feedback","status":422,"duration_ms":4}
{"event":"http.request","request_id":"19b546b5-63ab-4881-9e6f-55563cf87d1c","method":"POST","path":"/api/v1/accounts","status":201,"duration_ms":4}
{"event":"http.request","request_id":"4cdf8a92-5f60-4d97-8425-d8f2e5166d7a","method":"POST","path":"/api/v1/feedback","status":422,"duration_ms":3}
{"event":"http.request","request_id":"228d7089-3646-4cfd-be99-d8ad9e809df4","method":"POST","path":"/api/v1/feedback","status":201,"duration_ms":4}
{"event":"http.request","request_id":"2b4980a1-2378-4f27-9858-ee9d493472ad","method":"PATCH","path":"/api/v1/feedback/d0fc3b71-28a2-406b-9dbe-25d70dfd41f2","status":200,"duration_ms":5}
{"event":"http.request","request_id":"24b67e67-5c48-4921-aa73-beadb715febb","method":"PATCH","path":"/api/v1/feedback/d0fc3b71-28a2-406b-9dbe-25d70dfd41f2","status":409,"duration_ms":4}
{"event":"http.request","request_id":"377ed1dd-bc25-48ba-bd01-aaf4d1e37f98","method":"GET","path":"/api/v1/feedback/c1f0b293-c844-49d5-97a9-74a83398d79b","status":404,"duration_ms":1}
{"event":"http.request","request_id":"a4da8be5-de18-4797-be9a-a3a1b9ba3eb2","method":"POST","path":"/api/v1/feedback","status":403,"duration_ms":2}
✔ 人工反馈幂等/版本/笔记账号/安全链接与权限，未知许可不能保存公开故事 (479.721042ms)
{"event":"http.request","request_id":"ebcbdd70-5c7d-4222-a899-c2b6f6f8a5e6","method":"POST","path":"/api/v1/feedback","status":201,"duration_ms":4}
{"event":"http.request","request_id":"7c131fab-178c-4877-81be-48f1427a210b","method":"POST","path":"/api/v1/feedback/20b2d79b-096e-41fb-923b-197947a5d943/organize","status":503,"duration_ms":4}
✖ 未知与仅内部只分类，公开草案/选题用途分别授权；撤回清空且不能新整理，无发送端点 (9.933458ms)
{"event":"http.request","request_id":"78238f51-3b71-4f15-a6ae-4b15661f6b84","method":"POST","path":"/api/v1/feedback","status":201,"duration_ms":4}
{"event":"http.request","request_id":"475916bc-51ac-457d-9ad2-acc18e1de73b","method":"POST","path":"/api/v1/feedback/e96339a9-b782-4684-90e5-bdc118ec3bef/organize","status":503,"duration_ms":4}
✖ 未知许可注入/伪造引文拒绝并记录修复用量；数据库再次保护撤回引用 (9.284166ms)
{"event":"http.request","request_id":"7279443c-b1e0-4c5d-a139-64a01386f561","method":"POST","path":"/api/v1/feedback","status":201,"duration_ms":4}
{"event":"http.request","request_id":"16337103-6a31-4a4f-80a2-fc6b0abf828f","method":"POST","path":"/api/v1/feedback/f65d63f3-3f1f-4e99-a878-5bb98b95fde2/organize","status":503,"duration_ms":3}
✖ 许可撤回、账号版本和成员角色在生成后提交前变化均拒绝，取消不应用草案 (9.045458ms)
✔ 许可输出守卫拒绝超用途引用，许可内引用必须逐字来自原文 (0.476875ms)
{"event":"http.request","request_id":"a31e3cc2-b51a-4c93-a6c4-e89e1155face","method":"GET","path":"/api/v1/auth/csrf","status":200,"duration_ms":6}
{"event":"http.request","request_id":"bee435e6-5dab-4063-afa7-c00f50b56269","method":"POST","path":"/api/v1/setup","status":201,"duration_ms":36}
{"event":"http.request","request_id":"c36a1a3c-8df4-47b1-a22d-4a86b02c2a54","method":"GET","path":"/api/v1/auth/csrf","status":200,"duration_ms":1}
{"event":"http.request","request_id":"75970894-d72d-4dff-9ca3-f2464b25b1ee","method":"POST","path":"/api/v1/auth/login","status":200,"duration_ms":23}
{"event":"http.request","request_id":"2c8d570f-8826-4dc5-a203-f5475b86d62d","method":"GET","path":"/api/v1/me","status":200,"duration_ms":84}
{"event":"http.request","request_id":"571a2d3a-9f8a-44fb-b325-d2c61f4080ee","method":"POST","path":"/api/v1/accounts","status":201,"duration_ms":11}
{"event":"http.request","request_id":"62e01d87-b494-4f88-b9f2-4839d68ab62c","method":"POST","path":"/api/v1/reports","status":202,"duration_ms":16}
{"event":"http.request","request_id":"4d6a0ef7-dd9a-44a0-ae4d-90f8d5fab019","method":"POST","path":"/api/v1/reports","status":202,"duration_ms":4}
{"event":"http.request","request_id":"eb6ca7f8-111f-4c66-bbf3-5c4f134c01de","method":"GET","path":"/api/v1/reports/74fd1c30-5a44-4ab8-891a-3be54c692abb","status":200,"duration_ms":2}
{"event":"http.request","request_id":"dfe2fa24-2945-4f09-9886-27b287bb8462","method":"GET","path":"/api/v1/reports/74fd1c30-5a44-4ab8-891a-3be54c692abb","status":200,"duration_ms":2}
{"event":"http.request","request_id":"b18c45de-d231-4149-a05b-95263d8b6313","method":"POST","path":"/api/v1/imports","status":202,"duration_ms":5}
{"event":"http.request","request_id":"938d2c62-fb75-4217-8477-c926686dad58","method":"GET","path":"/api/v1/imports/43bcb46a-5110-4e55-93ec-9d7ae8919559/rows","status":200,"duration_ms":2}
{"event":"http.request","request_id":"e4905611-6510-470f-819b-df78cb6daab8","method":"POST","path":"/api/v1/imports/43bcb46a-5110-4e55-93ec-9d7ae8919559/confirm","status":200,"duration_ms":8}
{"event":"http.request","request_id":"e7dac1f1-a4d1-49d9-a0ba-bedb6967233d","method":"GET","path":"/api/v1/imports/43bcb46a-5110-4e55-93ec-9d7ae8919559","status":200,"duration_ms":2}
{"event":"http.request","request_id":"a9555609-066d-4bb4-aef5-38f30037035a","method":"GET","path":"/api/v1/reports/74fd1c30-5a44-4ab8-891a-3be54c692abb","status":200,"duration_ms":1}
✔ 报告异步幂等，真空态partial，无数字补造与自动策略；新增输入使无依赖报告stale (452.840458ms)
{"event":"http.request","request_id":"8526585f-2910-4114-bdfd-b247746d032e","method":"POST","path":"/api/v1/imports","status":202,"duration_ms":5}
{"event":"http.request","request_id":"62a4d2a5-a785-4db9-afd9-47ca1b1df787","method":"GET","path":"/api/v1/imports/2ee27aed-0173-47c5-9e03-45c566d23ee8/rows","status":200,"duration_ms":2}
{"event":"http.request","request_id":"c8bcca69-b098-4daf-b348-85c8e2f8a10e","method":"POST","path":"/api/v1/imports/2ee27aed-0173-47c5-9e03-45c566d23ee8/confirm","status":200,"duration_ms":6}
{"event":"http.request","request_id":"81a8df3b-102b-489f-8e1c-b7cabc4dfa2f","method":"GET","path":"/api/v1/imports/2ee27aed-0173-47c5-9e03-45c566d23ee8","status":200,"duration_ms":1}
{"event":"http.request","request_id":"ef747bda-cb68-463a-ac69-4e1db72139ba","method":"POST","path":"/api/v1/reports","status":202,"duration_ms":10}
{"event":"http.request","request_id":"6625ee96-512d-436c-b49f-ab0ebbb88933","method":"GET","path":"/api/v1/reports/38f35959-2e52-498e-8dd8-ec49751bb318","status":200,"duration_ms":2}
{"event":"http.request","request_id":"963316f4-da24-48ad-8236-98d74e27c0bd","method":"GET","path":"/api/v1/calculations/6c95cce0-be28-4824-a068-5cf7c707078d","status":200,"duration_ms":3}
{"event":"http.request","request_id":"03ec5470-6447-4b8a-a955-53040f3b213a","method":"POST","path":"/api/v1/reports/38f35959-2e52-498e-8dd8-ec49751bb318/accept-actions","status":200,"duration_ms":6}
{"event":"http.request","request_id":"e92f874a-209c-40ba-8dfe-c202691c80f2","method":"POST","path":"/api/v1/strategy-memories/7dfb09b1-b963-4c3e-aa33-bb4ed53d4164/activate","status":403,"duration_ms":3}
{"event":"http.request","request_id":"6d147f60-e306-40e9-aae7-4625ed70bcfe","method":"POST","path":"/api/v1/strategy-memories/7dfb09b1-b963-4c3e-aa33-bb4ed53d4164/activate","status":200,"duration_ms":5}
{"event":"http.request","request_id":"811260cd-70c4-40a4-85b1-2410e33aacc9","method":"POST","path":"/api/v1/topic-generations","status":202,"duration_ms":7}
{"event":"http.request","request_id":"d41e16e7-4fff-49b4-80b4-33fd1622d624","method":"POST","path":"/api/v1/imports/2ee27aed-0173-47c5-9e03-45c566d23ee8/revert","status":200,"duration_ms":8}
{"event":"http.request","request_id":"969cae58-7efb-464b-8ecf-2ab9a9bb7bee","method":"GET","path":"/api/v1/reports/38f35959-2e52-498e-8dd8-ec49751bb318","status":200,"duration_ms":2}
{"event":"http.request","request_id":"ba2edbe6-71f3-4e89-9ec5-e0a669a39ae9","method":"POST","path":"/api/v1/reports/38f35959-2e52-498e-8dd8-ec49751bb318/accept-actions","status":409,"duration_ms":4}
✔ 程序计算事实绑定观察，final/partial准确；采纳仅proposed，人工激活后成为选题输入；撤销失效并退策略 (101.091625ms)
{"event":"http.request","request_id":"ff93e61c-245c-470e-8ab0-27a22ed43e12","method":"POST","path":"/api/v1/reports","status":202,"duration_ms":8}
{"event":"http.request","request_id":"01823868-9542-4a32-830a-6c9763771bac","method":"GET","path":"/api/v1/reports/644ca8e5-cd11-4c3a-be4b-8fc4ccc21c43","status":200,"duration_ms":2}
{"event":"http.request","request_id":"721e6f05-4ee4-41bf-8ab2-11e69dd422b5","method":"POST","path":"/api/v1/reports","status":202,"duration_ms":6}
{"event":"http.request","request_id":"02ee55a6-7007-44dd-bf98-61dac31783e5","method":"GET","path":"/api/v1/reports/29cee500-27ad-4565-bc56-8774ac191ab0","status":200,"duration_ms":2}
✔ 事实ID/数字硬守卫与注入不能落库，错误记录用量；缺数据重新生成仍partial (41.842334ms)
{"event":"http.request","request_id":"0443af41-93eb-418a-894b-10de1fb74372","method":"POST","path":"/api/v1/reports","status":202,"duration_ms":7}
{"event":"http.request","request_id":"ee2fcc22-6cb2-4615-8c7e-6dbfb709f349","method":"GET","path":"/api/v1/reports/2b0d40c7-4186-4f55-b912-18ecfa6afcbf","status":200,"duration_ms":1}
{"event":"http.request","request_id":"69c95b8d-6021-4eac-b66e-f540eadf50d7","method":"GET","path":"/api/v1/reports/2b0d40c7-4186-4f55-b912-18ecfa6afcbf","status":200,"duration_ms":1}
{"event":"http.request","request_id":"b37a5648-214e-462d-aba3-0c98111a19e1","method":"POST","path":"/api/v1/reports","status":202,"duration_ms":6}
{"event":"http.request","request_id":"ca3b7802-c4fc-4499-a3f8-40aca3f1d181","method":"POST","path":"/api/v1/jobs/ac47ffdf-09f6-4ceb-be97-9892f084f8b4/cancel","status":200,"duration_ms":4}
{"event":"http.request","request_id":"d1757f0e-d80d-46c4-a387-65c927568573","method":"GET","path":"/api/v1/reports/8c5e3655-76bb-49f0-89b6-562b7c5d6352","status":200,"duration_ms":2}
{"event":"http.request","request_id":"e36ccd72-8e65-42c2-b610-132b744dcf65","method":"GET","path":"/api/v1/reports/f16f0be8-e2c3-4283-bb8d-9085962b951c","status":404,"duration_ms":5}
{"event":"http.request","request_id":"7678f5eb-6b5f-4961-b7e1-6fea4c4b2aaf","method":"GET","path":"/api/v1/reports","status":404,"duration_ms":2}
{"event":"http.request","request_id":"2b59feee-d947-4288-9df5-d44e9d0828b6","method":"POST","path":"/api/v1/reports","status":422,"duration_ms":3}
✔ 处理器完成到提交的权限/输入变化拒绝，取消不落报告事实；历史快照不可静默改写 (50.771708ms)
✔ 输出校验分离事实/假设/缺口，伪造数字、确定性因果与过期复查不可进入策略 (0.182791ms)
ℹ tests 10
ℹ suites 0
ℹ pass 7
ℹ fail 3
ℹ cancelled 0
ℹ skipped 0
ℹ todo 0
ℹ duration_ms 2164.70125

✖ failing tests:

test at tests/feedback.test.ts:2:5681
✖ 未知与仅内部只分类，公开草案/选题用途分别授权；撤回清空且不能新整理，无发送端点 (9.933458ms)
  AssertionError [ERR_ASSERTION]: {"code":"AI_DISABLED","message":"AI不可用，仍可人工维护反馈","field_errors":{},"retryable":false,"request_id":"7c131fab-178c-4877-81be-48f1427a210b"}
  
  503 !== 202
  
      at queue (/Users/junlong/projects/social-mdeida-ops-platform/tests/feedback.test.ts:18:124)
      at process.processTicksAndRejections (node:internal/process/task_queues:104:5)
      at async TestContext.<anonymous> (/Users/junlong/projects/social-mdeida-ops-platform/tests/feedback.test.ts:21:155)
      at async Test.run (node:internal/test_runner/test:1125:7)
      at async Test.processPendingSubtests (node:internal/test_runner/test:787:7) {
    generatedMessage: false,
    code: 'ERR_ASSERTION',
    actual: 503,
    expected: 202,
    operator: 'strictEqual',
    diff: 'simple'
  }

test at tests/feedback.test.ts:2:7511
✖ 未知许可注入/伪造引文拒绝并记录修复用量；数据库再次保护撤回引用 (9.284166ms)
  AssertionError [ERR_ASSERTION]: {"code":"AI_DISABLED","message":"AI不可用，仍可人工维护反馈","field_errors":{},"retryable":false,"request_id":"475916bc-51ac-457d-9ad2-acc18e1de73b"}
  
  503 !== 202
  
      at queue (/Users/junlong/projects/social-mdeida-ops-platform/tests/feedback.test.ts:18:124)
      at process.processTicksAndRejections (node:internal/process/task_queues:104:5)
      at async TestContext.<anonymous> (/Users/junlong/projects/social-mdeida-ops-platform/tests/feedback.test.ts:22:120)
      at async Test.run (node:internal/test_runner/test:1125:7)
      at async Test.processPendingSubtests (node:internal/test_runner/test:787:7) {
    generatedMessage: false,
    code: 'ERR_ASSERTION',
    actual: 503,
    expected: 202,
    operator: 'strictEqual',
    diff: 'simple'
  }

test at tests/feedback.test.ts:2:8623
✖ 许可撤回、账号版本和成员角色在生成后提交前变化均拒绝，取消不应用草案 (9.045458ms)
  AssertionError [ERR_ASSERTION]: {"code":"AI_DISABLED","message":"AI不可用，仍可人工维护反馈","field_errors":{},"retryable":false,"request_id":"16337103-6a31-4a4f-80a2-fc6b0abf828f"}
  
  503 !== 202
  
      at queue (/Users/junlong/projects/social-mdeida-ops-platform/tests/feedback.test.ts:18:124)
      at process.processTicksAndRejections (node:internal/process/task_queues:104:5)
      at async TestContext.<anonymous> (/Users/junlong/projects/social-mdeida-ops-platform/tests/feedback.test.ts:23:208)
      at async Test.run (node:internal/test_runner/test:1125:7)
      at async Test.processPendingSubtests (node:internal/test_runner/test:787:7) {
    generatedMessage: false,
    code: 'ERR_ASSERTION',
    actual: 503,
    expected: 202,
    operator: 'strictEqual',
    diff: 'simple'
  }
