{"database":"yoyo","migrations":8}
{"database":"yoyo_test","migrations":26}
{"event":"http.request","request_id":"a14c6b80-56b2-4849-af4a-fda2d31b7ff8","method":"GET","path":"/api/v1/auth/csrf","status":200,"duration_ms":3}
{"event":"http.request","request_id":"32b83105-9047-43cf-af63-c9b6002597b5","method":"POST","path":"/api/v1/setup","status":201,"duration_ms":25}
{"event":"http.request","request_id":"28397060-157a-4cb7-912b-12219188258e","method":"GET","path":"/api/v1/auth/csrf","status":200,"duration_ms":1}
{"event":"http.request","request_id":"d1674cb2-2663-45a8-becf-ce2a015a81cc","method":"POST","path":"/api/v1/auth/login","status":200,"duration_ms":20}
{"event":"http.request","request_id":"0fd7aa4d-70e0-4a1f-8c0a-12c03f0a871c","method":"GET","path":"/api/v1/me","status":200,"duration_ms":68}
{"event":"http.request","request_id":"b521f538-3e39-4aa3-abb8-8df34e8e2f15","method":"POST","path":"/api/v1/accounts","status":201,"duration_ms":8}
{"event":"http.request","request_id":"3882da47-bb59-4b94-a96f-28e629ed9de9","method":"POST","path":"/api/v1/reports","status":202,"duration_ms":10}
{"event":"http.request","request_id":"428cf3a1-3ce8-411b-98a0-203a78a03b80","method":"GET","path":"/api/v1/reports/535287b1-d959-4939-a22e-a32dcd1537b6","status":200,"duration_ms":2}
{"event":"http.request","request_id":"c723e80a-6fcb-4833-9055-ac7d85b4735c","method":"GET","path":"/api/v1/reports/535287b1-d959-4939-a22e-a32dcd1537b6","status":200,"duration_ms":2}
{"event":"http.request","request_id":"3e325584-c725-4d3e-b316-3226248509de","method":"POST","path":"/api/v1/imports","status":202,"duration_ms":8}
{"event":"http.request","request_id":"3f84eba0-e302-42cf-a46f-7c5ec83cbfbc","method":"GET","path":"/api/v1/imports/932a6d4a-79d2-4dc8-80cd-3861bd7dbec1/rows","status":200,"duration_ms":3}
{"event":"http.request","request_id":"8eeca244-f59e-4570-8d1b-1b2cc943edeb","method":"POST","path":"/api/v1/imports/932a6d4a-79d2-4dc8-80cd-3861bd7dbec1/confirm","status":200,"duration_ms":9}
{"event":"http.request","request_id":"3d3b1497-6dd9-4044-91c7-44615d5febc5","method":"POST","path":"/api/v1/imports","status":202,"duration_ms":6}
{"event":"http.request","request_id":"a428d83a-044a-4221-9f05-63d70b939b83","method":"GET","path":"/api/v1/imports/dc1f0643-687a-4e7f-a11c-734bd6ac7a0f/rows","status":200,"duration_ms":1}
{"event":"http.request","request_id":"dd34d296-cadf-425a-a9f0-07afbc1d24e7","method":"POST","path":"/api/v1/imports/dc1f0643-687a-4e7f-a11c-734bd6ac7a0f/confirm","status":200,"duration_ms":7}
{"event":"http.request","request_id":"6ae290fd-b19c-492e-b1f1-4b8aa14bb6cf","method":"POST","path":"/api/v1/reports","status":202,"duration_ms":10}
{"event":"http.request","request_id":"37227f38-c588-4e3b-b860-d230a860230b","method":"GET","path":"/api/v1/reports/b3046a58-4135-4d48-b48d-fc31d5bb55df","status":200,"duration_ms":2}
{"event":"http.request","request_id":"2e879436-e15e-4fca-bc2d-1090e78442e2","method":"GET","path":"/api/v1/reports/b3046a58-4135-4d48-b48d-fc31d5bb55df","status":200,"duration_ms":4}
{"event":"http.request","request_id":"1882de88-e92b-45aa-a525-31ca73e74902","method":"GET","path":"/api/v1/reports/535287b1-d959-4939-a22e-a32dcd1537b6","status":200,"duration_ms":3}
{"result":"passed","cases":2}
