{"database":"yoyo","migrations":8}
{"database":"yoyo_test","migrations":26}
{"event":"http.request","request_id":"8cbf67ce-b053-4926-a045-481f80b52775","method":"GET","path":"/api/v1/auth/csrf","status":200,"duration_ms":6}
{"event":"http.request","request_id":"539a829d-4686-4ad0-8320-c8b46c2c7e71","method":"POST","path":"/api/v1/setup","status":201,"duration_ms":36}
{"event":"http.request","request_id":"e72a7453-4772-45ff-bef0-3d56ea5f9042","method":"GET","path":"/api/v1/auth/csrf","status":200,"duration_ms":2}
{"event":"http.request","request_id":"de638c22-8ea9-4db5-af04-61a4e9630bcd","method":"POST","path":"/api/v1/auth/login","status":200,"duration_ms":24}
{"event":"http.request","request_id":"42b095a6-ffd1-4fca-a2fb-d7530837654a","method":"GET","path":"/api/v1/me","status":200,"duration_ms":69}
{"event":"http.request","request_id":"f69c9d18-5b14-4902-b700-b6f305a4edc6","method":"POST","path":"/api/v1/accounts","status":201,"duration_ms":11}
{"event":"http.request","request_id":"c2329675-b407-4b65-91da-8df5bcb502cd","method":"POST","path":"/api/v1/publications","status":201,"duration_ms":7}
{"event":"http.request","request_id":"fbe0566b-6511-4973-9421-f6bff8cdf73f","method":"POST","path":"/api/v1/publications","status":201,"duration_ms":6}
{"event":"http.request","request_id":"205293d5-e591-42d4-8488-cf3291d9de41","method":"GET","path":"/api/v1/metrics/analysis","status":200,"duration_ms":4}
{"event":"http.request","request_id":"33d1435e-cfbd-4691-9a0f-ef09766bc9e1","method":"GET","path":"/api/v1/metrics/analysis","status":404,"duration_ms":2}
{"event":"http.request","request_id":"1c432962-8445-478f-863c-e6240f8e947b","method":"GET","path":"/api/v1/metrics/analysis","status":404,"duration_ms":3}
{"event":"http.request","request_id":"60912383-1f20-4a86-9bb7-8d38a4198dd8","method":"GET","path":"/api/v1/metrics/analysis","status":422,"duration_ms":1}
{"event":"http.request","request_id":"758ddd06-e830-4cbd-a585-2e1c56461a9d","method":"GET","path":"/api/v1/metrics/analysis","status":422,"duration_ms":1}
{"event":"http.request","request_id":"3a3bac78-9cd1-4ce5-83e1-de89da114a6a","method":"GET","path":"/api/v1/metrics/analysis","status":422,"duration_ms":1}
{"event":"http.request","request_id":"1e7034eb-bdc7-416f-9eaa-4b57f6380454","method":"GET","path":"/api/v1/metrics/analysis","status":422,"duration_ms":1}
{"event":"http.request","request_id":"1fd393b9-ad6e-4911-9f03-1e65c5dfa0a0","method":"GET","path":"/api/v1/metrics/analysis","status":404,"duration_ms":1}
✔ 看板真空态、未知账号/笔记/跨账号/越权与非法筛选拒绝 (419.592ms)
{"event":"http.request","request_id":"265574e7-e227-455b-b3b0-b3fa0eccb192","method":"POST","path":"/api/v1/imports","status":202,"duration_ms":6}
{"event":"http.request","request_id":"fd7166df-f046-429d-ab8c-8c9cd9459569","method":"GET","path":"/api/v1/imports/ccc0fae0-752b-4c71-bef6-a9d85960280a/rows","status":200,"duration_ms":2}
{"event":"http.request","request_id":"3028b84b-8cc3-4c68-9f60-4ca1068b3e8d","method":"POST","path":"/api/v1/imports/ccc0fae0-752b-4c71-bef6-a9d85960280a/confirm","status":200,"duration_ms":8}
{"event":"http.request","request_id":"4265939c-d324-40d3-8b8e-2e76250ab6b9","method":"POST","path":"/api/v1/imports","status":202,"duration_ms":5}
{"event":"http.request","request_id":"37784454-1d27-4436-a671-f39f37fa6208","method":"GET","path":"/api/v1/imports/67f6c60f-d619-4a9c-ba06-1d36dee7d5c1/rows","status":200,"duration_ms":2}
{"event":"http.request","request_id":"2997373d-6e86-4d73-b01a-8fa5a02c072a","method":"POST","path":"/api/v1/imports/67f6c60f-d619-4a9c-ba06-1d36dee7d5c1/confirm","status":200,"duration_ms":6}
{"event":"http.request","request_id":"09bf78a2-e003-4406-b9d0-489aba13e924","method":"POST","path":"/api/v1/imports","status":202,"duration_ms":4}
{"event":"http.request","request_id":"1a1df55c-0329-4de9-8b9d-82091681606a","method":"GET","path":"/api/v1/imports/0befab6c-5b82-47c6-906a-fe6346ce754c/rows","status":200,"duration_ms":1}
{"event":"http.request","request_id":"6e90f553-6e5d-42be-a71b-1c8ff6ab6db9","method":"POST","path":"/api/v1/imports/0befab6c-5b82-47c6-906a-fe6346ce754c/confirm","status":200,"duration_ms":7}
{"event":"http.request","request_id":"59f80634-8e3e-45c6-af8c-a1b9509ea8f4","method":"POST","path":"/api/v1/imports","status":202,"duration_ms":5}
{"event":"http.request","request_id":"25d236c9-3d61-49d2-b798-00fb655295ce","method":"GET","path":"/api/v1/imports/99738e48-536c-416f-9593-de1ce5fec56a/rows","status":200,"duration_ms":2}
{"event":"http.request","request_id":"f0413a62-5a3a-4ab2-a7c2-7aa7195c662a","method":"POST","path":"/api/v1/imports/99738e48-536c-416f-9593-de1ce5fec56a/confirm","status":200,"duration_ms":6}
{"event":"http.request","request_id":"3c4ac898-5855-4119-8a5a-340e67db5913","method":"POST","path":"/api/v1/imports","status":202,"duration_ms":4}
{"event":"http.request","request_id":"00ca5949-a446-4217-8260-b85e9e1de507","method":"GET","path":"/api/v1/imports/27154301-9b05-45a7-b033-04c096983205/rows","status":200,"duration_ms":2}
{"event":"http.request","request_id":"07ede1b4-a53e-4448-b535-0b1bca821079","method":"POST","path":"/api/v1/imports/27154301-9b05-45a7-b033-04c096983205/confirm","status":200,"duration_ms":6}
{"event":"http.request","request_id":"24c9cd2a-5a40-4ee0-88c7-5abdb85c28c3","method":"POST","path":"/api/v1/imports","status":202,"duration_ms":4}
{"event":"http.request","request_id":"a3939bb8-efe9-436d-9597-d2cf27b6ab6c","method":"GET","path":"/api/v1/imports/5a4ae5d5-19aa-4219-a0b8-f14845bf3af0/rows","status":200,"duration_ms":2}
{"event":"http.request","request_id":"ccba3d01-5fab-48e6-8b7d-6e08edfae70a","method":"POST","path":"/api/v1/imports/5a4ae5d5-19aa-4219-a0b8-f14845bf3af0/confirm","status":200,"duration_ms":6}
{"event":"http.request","request_id":"a16439d5-11ee-457e-a52f-65b0b15ed04b","method":"POST","path":"/api/v1/imports","status":202,"duration_ms":4}
{"event":"http.request","request_id":"4dbbf7ed-b98b-40a9-9d48-097aa9bbfa68","method":"GET","path":"/api/v1/imports/9f01a0eb-4870-4df9-9e61-5f4bfb9359e2/rows","status":200,"duration_ms":3}
{"event":"http.request","request_id":"3df8ad31-ed16-4c93-98aa-df2ba71192d6","method":"POST","path":"/api/v1/imports/9f01a0eb-4870-4df9-9e61-5f4bfb9359e2/confirm","status":200,"duration_ms":7}
{"event":"http.request","request_id":"f8901e09-6ac7-434b-8c32-23bd4c3b306a","method":"GET","path":"/api/v1/metrics","status":200,"duration_ms":6}
{"event":"http.request","request_id":"57c516aa-3a0b-437d-961c-c4575643d9db","method":"GET","path":"/api/v1/metrics/calculations","status":200,"duration_ms":12}
{"event":"http.request","request_id":"9fdd8981-3418-472f-a872-c8c152c981fa","method":"GET","path":"/api/v1/metrics/analysis","status":200,"duration_ms":2}
{"event":"http.request","request_id":"0a4f519d-f695-4dbe-aa50-6aa4defd3b05","method":"GET","path":"/api/v1/metrics/analysis","status":200,"duration_ms":3}
{"event":"http.request","request_id":"3cc3998a-393f-4a92-bc92-7c78f299eccd","method":"POST","path":"/api/v1/imports","status":202,"duration_ms":5}
{"event":"http.request","request_id":"fb23fae4-5c62-416b-9e95-5259daaaea88","method":"GET","path":"/api/v1/metrics/analysis","status":200,"duration_ms":2}
✔ 分析完整口径分组，形式/流量/窗口正确，期末快照不进列表却参与计算 (154.026958ms)
✔ 缺失/约数/单快照/混合流量与统计类型保持分离，不填趋势 (0.264333ms)
{"event":"http.request","request_id":"ed0158ce-1459-46dd-bb69-6901a2c6facc","method":"GET","path":"/api/v1/metrics/calculations","status":200,"duration_ms":6}
{"event":"http.request","request_id":"d0640b26-8626-4b13-a798-065a336695da","method":"PATCH","path":"/api/v1/publications/24cf2e6f-2344-4910-9ada-329565ff4e31","status":200,"duration_ms":6}
{"event":"http.request","request_id":"cd3d30f1-ed04-4fe0-81c3-035fa4496f4d","method":"PATCH","path":"/api/v1/publications/24cf2e6f-2344-4910-9ada-329565ff4e31","status":200,"duration_ms":6}
{"event":"http.request","request_id":"9d04742c-8627-43cd-9979-b95ecc3b27c1","method":"GET","path":"/api/v1/metrics/calculations","status":200,"duration_ms":6}
{"event":"http.request","request_id":"a4d4f303-9946-4c12-937b-2f03f6bd0f35","method":"GET","path":"/api/v1/calculations/5dbbc8b3-a1ce-4f51-a982-00a40c2cfc3b","status":200,"duration_ms":3}
{"event":"http.request","request_id":"d0b98d7c-dce8-4928-86bb-4d98292c0821","method":"GET","path":"/api/v1/metrics/calculations","status":200,"duration_ms":4}
✔ 发布时间复核恢复同数据重算必须新ID且旧计算仍stale (38.722834ms)
ℹ tests 4
ℹ suites 0
ℹ pass 4
ℹ fail 0
ℹ cancelled 0
ℹ skipped 0
ℹ todo 0
ℹ duration_ms 1074.4125
