{"database":"yoyo","migrations":8}
{"database":"yoyo_test","migrations":26}
✖ 报告异步幂等，真空态partial，无数字补造与自动策略；新增输入使无依赖报告stale (0.18375ms)
✖ 程序计算事实绑定观察，final/partial准确；采纳仅proposed，人工激活后成为选题输入；撤销失效并退策略 (0.022084ms)
✖ 事实ID/数字硬守卫与注入不能落库，错误记录用量；缺数据重新生成仍partial (0.018416ms)
✖ 处理器完成到提交的权限/输入变化拒绝，取消不落报告事实；历史快照不可静默改写 (0.021666ms)
✖ 输出校验分离事实/假设/缺口，伪造数字、确定性因果与过期复查不可进入策略 (0.027041ms)
✖ /Users/junlong/projects/social-mdeida-ops-platform/tests/reports.test.ts (0.051334ms)
ℹ tests 6
ℹ suites 0
ℹ pass 0
ℹ fail 6
ℹ cancelled 0
ℹ skipped 0
ℹ todo 0
ℹ duration_ms 648.860208

✖ failing tests:

test at tests/reports.test.ts:2:5325
✖ 报告异步幂等，真空态partial，无数字补造与自动策略；新增输入使无依赖报告stale (0.18375ms)
  TypeError: Cannot read properties of undefined (reading 'AI_CONFIG_FILE')
      at TestContext.<anonymous> (/Users/junlong/projects/social-mdeida-ops-platform/tests/reports.test.ts:12:146)
      at TestHook.runInAsyncScope (node:async_hooks:228:14)
      at TestHook.run (node:internal/test_runner/test:1118:25)
      at TestHook.run (node:internal/test_runner/test:1442:18)
      at TestHook.run (node:internal/util:602:20)
      at Test.createHook (node:internal/test_runner/test:929:33)
      at node:internal/test_runner/harness:397:12
      at assert (/Users/junlong/projects/social-mdeida-ops-platform/tests/reports.test.ts:12:1)
      at Object.<anonymous> (/Users/junlong/projects/social-mdeida-ops-platform/tests/reports.test.ts:25:752)
      at Module._compile (node:internal/modules/cjs/loader:1812:14)

test at tests/reports.test.ts:2:6335
✖ 程序计算事实绑定观察，final/partial准确；采纳仅proposed，人工激活后成为选题输入；撤销失效并退策略 (0.022084ms)
  TypeError: Cannot read properties of undefined (reading 'AI_CONFIG_FILE')
      at TestContext.<anonymous> (/Users/junlong/projects/social-mdeida-ops-platform/tests/reports.test.ts:12:146)
      at TestHook.runInAsyncScope (node:async_hooks:228:14)
      at TestHook.run (node:internal/test_runner/test:1118:25)
      at TestHook.run (node:internal/test_runner/test:1442:18)
      at TestHook.run (node:internal/util:602:20)
      at Test.createHook (node:internal/test_runner/test:929:33)
      at node:internal/test_runner/harness:397:12
      at assert (/Users/junlong/projects/social-mdeida-ops-platform/tests/reports.test.ts:12:1)
      at Object.<anonymous> (/Users/junlong/projects/social-mdeida-ops-platform/tests/reports.test.ts:25:752)
      at Module._compile (node:internal/modules/cjs/loader:1812:14)

test at tests/reports.test.ts:2:9402
✖ 事实ID/数字硬守卫与注入不能落库，错误记录用量；缺数据重新生成仍partial (0.018416ms)
  TypeError: Cannot read properties of undefined (reading 'AI_CONFIG_FILE')
      at TestContext.<anonymous> (/Users/junlong/projects/social-mdeida-ops-platform/tests/reports.test.ts:12:146)
      at TestHook.runInAsyncScope (node:async_hooks:228:14)
      at TestHook.run (node:internal/test_runner/test:1118:25)
      at TestHook.run (node:internal/test_runner/test:1442:18)
      at TestHook.run (node:internal/util:602:20)
      at Test.createHook (node:internal/test_runner/test:929:33)
      at node:internal/test_runner/harness:397:12
      at assert (/Users/junlong/projects/social-mdeida-ops-platform/tests/reports.test.ts:12:1)
      at Object.<anonymous> (/Users/junlong/projects/social-mdeida-ops-platform/tests/reports.test.ts:25:752)
      at Module._compile (node:internal/modules/cjs/loader:1812:14)

test at tests/reports.test.ts:2:10299
✖ 处理器完成到提交的权限/输入变化拒绝，取消不落报告事实；历史快照不可静默改写 (0.021666ms)
  TypeError: Cannot read properties of undefined (reading 'AI_CONFIG_FILE')
      at TestContext.<anonymous> (/Users/junlong/projects/social-mdeida-ops-platform/tests/reports.test.ts:12:146)
      at TestHook.runInAsyncScope (node:async_hooks:228:14)
      at TestHook.run (node:internal/test_runner/test:1118:25)
      at TestHook.run (node:internal/test_runner/test:1442:18)
      at TestHook.run (node:internal/util:602:20)
      at Test.createHook (node:internal/test_runner/test:929:33)
      at node:internal/test_runner/harness:397:12
      at assert (/Users/junlong/projects/social-mdeida-ops-platform/tests/reports.test.ts:12:1)
      at Object.<anonymous> (/Users/junlong/projects/social-mdeida-ops-platform/tests/reports.test.ts:25:752)
      at Module._compile (node:internal/modules/cjs/loader:1812:14)

test at tests/reports.test.ts:2:11755
✖ 输出校验分离事实/假设/缺口，伪造数字、确定性因果与过期复查不可进入策略 (0.027041ms)
  TypeError: Cannot read properties of undefined (reading 'AI_CONFIG_FILE')
      at TestContext.<anonymous> (/Users/junlong/projects/social-mdeida-ops-platform/tests/reports.test.ts:12:146)
      at TestHook.runInAsyncScope (node:async_hooks:228:14)
      at TestHook.run (node:internal/test_runner/test:1118:25)
      at TestHook.run (node:internal/test_runner/test:1442:18)
      at TestHook.run (node:internal/util:602:20)
      at Test.createHook (node:internal/test_runner/test:929:33)
      at node:internal/test_runner/harness:397:12
      at assert (/Users/junlong/projects/social-mdeida-ops-platform/tests/reports.test.ts:12:1)
      at Object.<anonymous> (/Users/junlong/projects/social-mdeida-ops-platform/tests/reports.test.ts:25:752)
      at Module._compile (node:internal/modules/cjs/loader:1812:14)

test at tests/reports.test.ts:2:2248
✖ /Users/junlong/projects/social-mdeida-ops-platform/tests/reports.test.ts (0.051334ms)
  TypeError: Cannot read properties of undefined (reading 'close')
      at TestContext.<anonymous> (/Users/junlong/projects/social-mdeida-ops-platform/tests/reports.test.ts:13:27)
      at TestHook.runInAsyncScope (node:async_hooks:228:14)
      at TestHook.run (node:internal/test_runner/test:1118:25)
      at TestHook.run (node:internal/test_runner/test:1442:18)
      at TestHook.run (node:internal/util:602:20)
      at Test.runHook (node:internal/test_runner/test:1036:20)
      at after (node:internal/test_runner/test:1076:20)
      at Test.run (node:internal/test_runner/test:1144:13)
