{"database":"yoyo","migrations":8}
{"database":"yoyo_test","migrations":26}
{"event":"http.request","request_id":"b17e0bd1-d4e2-4d89-8837-9fbe32a314e5","method":"GET","path":"/api/v1/auth/csrf","status":200,"duration_ms":6}
{"event":"http.request","request_id":"266fe956-2f08-43a7-ba11-b09fec055012","method":"POST","path":"/api/v1/setup","status":201,"duration_ms":36}
{"event":"http.request","request_id":"285511ec-4d0f-4c8a-aea9-b4c668b1134f","method":"GET","path":"/api/v1/auth/csrf","status":200,"duration_ms":1}
{"event":"http.request","request_id":"b6f3320e-6f5f-4f70-86ee-b0fb9b373e11","method":"POST","path":"/api/v1/auth/login","status":200,"duration_ms":23}
{"event":"http.request","request_id":"be448f4b-32fc-4b1f-9e89-d45e2020d4b9","method":"GET","path":"/api/v1/me","status":200,"duration_ms":91}
{"event":"http.request","request_id":"cdfb8ab0-3e94-4f44-876c-392adc39f2e3","method":"POST","path":"/api/v1/accounts","status":201,"duration_ms":11}
{"event":"http.request","request_id":"963e3fc5-424b-4de1-8894-aacd59baf8df","method":"POST","path":"/api/v1/reports","status":202,"duration_ms":15}
{"event":"http.request","request_id":"096deb56-a3d4-4fc4-b90c-b902ab6c00a7","method":"POST","path":"/api/v1/reports","status":202,"duration_ms":4}
{"event":"http.request","request_id":"e8a91848-2c4a-4f26-a013-811d628cdbaa","method":"GET","path":"/api/v1/reports/58f16171-4a54-40e6-a17b-62037479f9a8","status":200,"duration_ms":3}
{"event":"http.request","request_id":"7007f49e-def5-4a68-bde7-96f80e9b0960","method":"GET","path":"/api/v1/reports/58f16171-4a54-40e6-a17b-62037479f9a8","status":200,"duration_ms":2}
{"event":"http.request","request_id":"76ddd24a-d7c6-4861-8ed4-a455c0570d81","method":"POST","path":"/api/v1/imports","status":202,"duration_ms":6}
{"event":"http.request","request_id":"10ca0f9b-522b-4dcb-ab29-9b3d3e542ca1","method":"GET","path":"/api/v1/imports/b3e9cbb2-fc56-4cec-b96e-90db9b27da5d/rows","status":200,"duration_ms":2}
{"event":"http.request","request_id":"fa17b1fd-6fe4-407a-a202-dc0b175694b0","method":"POST","path":"/api/v1/imports/b3e9cbb2-fc56-4cec-b96e-90db9b27da5d/confirm","status":200,"duration_ms":8}
{"event":"http.request","request_id":"4899a473-b44f-4dd8-b55f-7e3e25fbcde0","method":"GET","path":"/api/v1/imports/b3e9cbb2-fc56-4cec-b96e-90db9b27da5d","status":200,"duration_ms":1}
{"event":"http.request","request_id":"21edae50-f83a-4a31-8844-f369b4e2102d","method":"GET","path":"/api/v1/reports/58f16171-4a54-40e6-a17b-62037479f9a8","status":200,"duration_ms":3}
✔ 报告异步幂等，真空态partial，无数字补造与自动策略；新增输入使无依赖报告stale (484.855916ms)
{"event":"http.request","request_id":"dcc268c0-4317-49ac-b05f-38a41e444662","method":"POST","path":"/api/v1/imports","status":202,"duration_ms":5}
{"event":"http.request","request_id":"5d78b313-cb3f-484f-8353-a344842973fb","method":"GET","path":"/api/v1/imports/24d9d461-3b2d-4f0f-b12c-8df2fa670fd2/rows","status":200,"duration_ms":2}
{"event":"http.request","request_id":"1c4c8bd7-a184-4931-a600-3bd02fc8927a","method":"POST","path":"/api/v1/imports/24d9d461-3b2d-4f0f-b12c-8df2fa670fd2/confirm","status":200,"duration_ms":9}
{"event":"http.request","request_id":"8934405f-5f28-4bd8-bd63-70cab510c099","method":"GET","path":"/api/v1/imports/24d9d461-3b2d-4f0f-b12c-8df2fa670fd2","status":200,"duration_ms":1}
{"event":"http.request","request_id":"e22dbbd9-4d08-4a62-9ef1-ae9820668971","method":"POST","path":"/api/v1/reports","status":202,"duration_ms":8}
{"event":"http.request","request_id":"5c35169e-5442-4c64-b7f5-6a442cdf38a3","method":"GET","path":"/api/v1/reports/989b28d5-e870-4012-978b-bd32eb6ad4fa","status":200,"duration_ms":1}
{"event":"http.request","request_id":"6cba07d5-9f95-4abd-8c88-2e958ba03d7b","method":"GET","path":"/api/v1/calculations/44786bcb-ded4-49da-b9f9-f0ec6a07efaf","status":200,"duration_ms":4}
{"event":"http.request","request_id":"31cdba3a-ee06-47b8-ae09-a7162554a711","method":"POST","path":"/api/v1/reports/989b28d5-e870-4012-978b-bd32eb6ad4fa/accept-actions","status":200,"duration_ms":6}
{"event":"http.request","request_id":"fe9c2616-c98a-4ceb-b81c-a5fb9da86a1b","method":"POST","path":"/api/v1/strategy-memories/83d32211-6ba4-4a0f-9c3d-332321a3cc97/activate","status":403,"duration_ms":2}
{"event":"http.request","request_id":"0b327a3b-ecda-4008-8669-a6a667921f31","method":"POST","path":"/api/v1/strategy-memories/83d32211-6ba4-4a0f-9c3d-332321a3cc97/activate","status":200,"duration_ms":6}
{"event":"http.request","request_id":"bdc9385d-6f31-4077-80da-ab59f6f15519","method":"POST","path":"/api/v1/topic-generations","status":202,"duration_ms":6}
{"event":"http.request","request_id":"c1000604-18df-49c0-832f-4d377494c89d","method":"POST","path":"/api/v1/imports/24d9d461-3b2d-4f0f-b12c-8df2fa670fd2/revert","status":200,"duration_ms":8}
{"event":"http.request","request_id":"8ae12932-f41c-42c8-b1e8-2cb682adfa00","method":"GET","path":"/api/v1/ai-requests/23c4f488-3063-4966-b96b-ac42699de092","status":200,"duration_ms":2}
{"event":"http.request","request_id":"08b2c2cd-c14a-4486-81c3-c6c9924bd280","method":"GET","path":"/api/v1/reports/989b28d5-e870-4012-978b-bd32eb6ad4fa","status":200,"duration_ms":2}
{"event":"http.request","request_id":"091a287b-bbf9-4508-8d50-7c81bf45dbf4","method":"POST","path":"/api/v1/reports/989b28d5-e870-4012-978b-bd32eb6ad4fa/accept-actions","status":409,"duration_ms":4}
✔ 程序计算事实绑定观察，final/partial准确；采纳仅proposed，人工激活后成为选题输入；撤销失效并退策略 (122.351542ms)
{"event":"http.request","request_id":"e41c6f37-b21e-474c-abb9-17bf707f2dec","method":"POST","path":"/api/v1/reports","status":202,"duration_ms":8}
{"event":"http.request","request_id":"9d6af77b-f3b2-448a-a162-cfebdbfe560e","method":"GET","path":"/api/v1/reports/42afd72d-b651-4c20-a818-2232725791b7","status":200,"duration_ms":1}
{"event":"http.request","request_id":"5b03c911-b680-4105-be22-80e47711051b","method":"POST","path":"/api/v1/reports","status":202,"duration_ms":7}
{"event":"http.request","request_id":"bb6a876f-984d-4449-86cc-8647a552f5ac","method":"GET","path":"/api/v1/reports/418031ce-6b0f-4b65-8856-3dcb7de69707","status":200,"duration_ms":1}
✔ 事实ID/数字硬守卫与注入不能落库，错误记录用量；缺数据重新生成仍partial (40.689459ms)
{"event":"http.request","request_id":"740d6c6e-029b-42ec-a45c-edd06fa0d8d0","method":"POST","path":"/api/v1/reports","status":202,"duration_ms":7}
{"event":"http.request","request_id":"a573efae-7b1a-4740-a662-3cb1fa75b8ce","method":"GET","path":"/api/v1/reports/cdfaacb1-eb65-4c81-bbd2-276075ca8562","status":200,"duration_ms":1}
{"event":"http.request","request_id":"579557e1-5007-468e-91a2-37546739e120","method":"GET","path":"/api/v1/reports/cdfaacb1-eb65-4c81-bbd2-276075ca8562","status":200,"duration_ms":1}
{"event":"http.request","request_id":"56a3b053-9144-4802-ac54-487b4a9dcd47","method":"POST","path":"/api/v1/reports","status":202,"duration_ms":6}
{"event":"http.request","request_id":"02dd5c11-78c4-4afb-9fad-519141d82026","method":"POST","path":"/api/v1/jobs/5dab029f-885c-4c50-9166-41357352c45a/cancel","status":200,"duration_ms":5}
{"event":"http.request","request_id":"208b884e-c65d-4647-a0f4-3b7f1dc71246","method":"GET","path":"/api/v1/reports/d627d51f-4d57-4d27-baad-ce94acdd2aba","status":200,"duration_ms":2}
{"event":"http.request","request_id":"bf9cd460-cc5b-4068-abf8-4e1aaf312057","method":"GET","path":"/api/v1/reports/f2e1c595-7869-4bed-9c7e-f18410522489","status":404,"duration_ms":4}
{"event":"http.request","request_id":"b8b9449a-df10-4215-8609-9d4d1a6cc214","method":"GET","path":"/api/v1/reports","status":404,"duration_ms":2}
{"event":"http.request","request_id":"12badc93-6cd5-42e8-9727-f85f07bf3283","method":"POST","path":"/api/v1/reports","status":422,"duration_ms":4}
✔ 处理器完成到提交的权限/输入变化拒绝，取消不落报告事实；历史快照不可静默改写 (52.189291ms)
✔ 输出校验分离事实/假设/缺口，伪造数字、确定性因果与过期复查不可进入策略 (0.181583ms)
{"event":"http.request","request_id":"6b060493-e56c-4c3c-88b6-a4d609791a75","method":"GET","path":"/api/v1/auth/csrf","status":200,"duration_ms":4}
{"event":"http.request","request_id":"f7dc7773-c3c5-4ab7-b274-99083b5b33b6","method":"POST","path":"/api/v1/setup","status":201,"duration_ms":26}
{"event":"http.request","request_id":"384401ad-ed36-45b3-8df9-9bfdc7bbac83","method":"GET","path":"/api/v1/auth/csrf","status":200,"duration_ms":1}
{"event":"http.request","request_id":"7cd08d45-473a-4b9c-b818-b5fd6f778682","method":"POST","path":"/api/v1/auth/login","status":200,"duration_ms":19}
{"event":"http.request","request_id":"10833df9-d004-4b04-b5af-ff35fc198ab2","method":"GET","path":"/api/v1/me","status":200,"duration_ms":72}
{"event":"http.request","request_id":"aa8eff12-26a7-4c0f-a2c5-cc6438414675","method":"POST","path":"/api/v1/accounts","status":201,"duration_ms":10}
{"event":"http.request","request_id":"40ac3ad7-97de-40e5-b6a3-803cd2ef73b9","method":"POST","path":"/api/v1/source-connections","status":201,"duration_ms":7}
{"event":"http.request","request_id":"342907ef-a5ea-42f8-ac60-ebc01d5c7672","method":"GET","path":"/api/v1/source-items","status":200,"duration_ms":3}
{"event":"http.request","request_id":"6a5fd80e-3ee9-4472-a4c9-93c189303975","method":"POST","path":"/api/v1/source-organizations","status":202,"duration_ms":9}
{"event":"http.request","request_id":"714c4aa6-78fc-4f24-96cc-247d0d663a16","method":"GET","path":"/api/v1/source-organizations/ed1001cc-c43f-48ef-8129-ea6b902ade96","status":200,"duration_ms":2}
{"event":"http.request","request_id":"093cacbf-daa0-4c8c-b4b0-87e1d068ff46","method":"POST","path":"/api/v1/source-organizations","status":202,"duration_ms":5}
{"event":"http.request","request_id":"2ffb9fd9-ba59-40b2-9733-c2b64ccdc39e","method":"GET","path":"/api/v1/source-organizations/257af409-385f-404b-85e2-9cba3bf5fff1","status":200,"duration_ms":1}
{"event":"http.request","request_id":"8f9deaa3-79d5-42a6-b5a4-9f9ec3671396","method":"POST","path":"/api/v1/source-organizations/257af409-385f-404b-85e2-9cba3bf5fff1/accept","status":200,"duration_ms":5}
{"event":"http.request","request_id":"91d0d9ce-bec7-4a40-938b-f225a84e5d54","method":"POST","path":"/api/v1/source-organizations/257af409-385f-404b-85e2-9cba3bf5fff1/accept","status":200,"duration_ms":3}
✔ 来源为空不造原文，完整引用保留来源与观察，无自动去重/选题；人工采纳观点幂等 (445.942959ms)
{"event":"http.request","request_id":"8e26d85a-c7bf-442a-a000-1d9a3ef3c695","method":"POST","path":"/api/v1/source-organizations","status":202,"duration_ms":8}
{"event":"http.request","request_id":"0a36c138-5ab8-44b2-baae-4e09ba8094ba","method":"GET","path":"/api/v1/source-organizations/45474795-c531-4933-abc1-7f6cc0cb1c3d","status":200,"duration_ms":2}
{"event":"http.request","request_id":"e881e62d-a1fb-45da-aa06-7a2c19c3a52b","method":"POST","path":"/api/v1/source-organizations","status":202,"duration_ms":5}
{"event":"http.request","request_id":"b8289506-074b-46c1-8d30-04a127890367","method":"GET","path":"/api/v1/source-organizations/4f5ec88f-24ff-4a94-9741-9d911bb4c660","status":200,"duration_ms":2}
{"event":"http.request","request_id":"77fe5bff-8eec-48d3-a85b-32838b8cc567","method":"POST","path":"/api/v1/source-organizations","status":202,"duration_ms":5}
{"event":"http.request","request_id":"f177284d-0a7a-44fc-b347-46772a2b62d6","method":"GET","path":"/api/v1/source-organizations/6d5be5f5-3051-47fa-963a-7415afdea5bd","status":200,"duration_ms":1}
{"event":"http.request","request_id":"8820e913-c6d9-456a-842c-83b0e4178960","method":"POST","path":"/api/v1/source-organizations","status":202,"duration_ms":5}
{"event":"http.request","request_id":"37e5f77f-475d-4068-b23f-5d536e7f9298","method":"GET","path":"/api/v1/source-organizations/a24731c4-e103-4e6c-8ce0-03c079001522","status":200,"duration_ms":2}
✔ 伪造引用/改写原文/注入数字不能落库，允许一次修复并记录用量 (82.327125ms)
{"event":"http.request","request_id":"efaee693-daaa-46b2-9eb5-1ee06e6dd1fc","method":"POST","path":"/api/v1/source-organizations","status":202,"duration_ms":5}
{"event":"http.request","request_id":"ffd548a5-e35f-4ade-a5fb-031718490ad3","method":"GET","path":"/api/v1/source-organizations/30da4b57-245b-442e-994d-0f66b57313b2","status":200,"duration_ms":1}
{"event":"http.request","request_id":"4811337b-71ed-4bf5-8198-be8de6f7e1e1","method":"POST","path":"/api/v1/source-organizations","status":202,"duration_ms":5}
{"event":"http.request","request_id":"7e840f33-56fe-4199-abe2-883ee2f87128","method":"GET","path":"/api/v1/source-organizations/b2506240-0c61-48ae-985b-99221378c1ba","status":200,"duration_ms":2}
{"event":"http.request","request_id":"62f4a7b0-668a-4d4f-a237-d5348f617556","method":"POST","path":"/api/v1/source-organizations","status":202,"duration_ms":5}
{"event":"http.request","request_id":"ef85251e-a5c3-4e3b-827c-38299f3c145d","method":"GET","path":"/api/v1/source-organizations/242a178b-e166-4d25-a782-4fe36fdc6dca","status":200,"duration_ms":1}
{"event":"http.request","request_id":"e5f563fc-1af8-46df-9aee-0347d36a2f5e","method":"POST","path":"/api/v1/source-organizations","status":202,"duration_ms":4}
{"event":"http.request","request_id":"92d96df0-a294-4846-be40-f9a4d72c9fe2","method":"GET","path":"/api/v1/source-organizations/735cb1b6-6031-4df7-80c3-f86319f1d622","status":200,"duration_ms":1}
{"event":"http.request","request_id":"b3164cde-ac61-4153-8695-6c7d01d67804","method":"GET","path":"/api/v1/source-organizations/735cb1b6-6031-4df7-80c3-f86319f1d622","status":200,"duration_ms":2}
{"event":"http.request","request_id":"2f632d57-bf33-45b4-8c28-9830793f6d8a","method":"POST","path":"/api/v1/source-organizations/735cb1b6-6031-4df7-80c3-f86319f1d622/accept","status":409,"duration_ms":4}
{"event":"http.request","request_id":"9b3c8d79-a38f-4c4e-92ce-3738b1ce66aa","method":"POST","path":"/api/v1/source-organizations","status":202,"duration_ms":5}
{"event":"http.request","request_id":"f2d170c3-16db-4e4d-80de-957db6d573f8","method":"POST","path":"/api/v1/jobs/d346e7bc-5411-4219-830a-d58074708777/cancel","status":200,"duration_ms":4}
{"event":"http.request","request_id":"bc0fb589-8061-4477-bfb8-4d60a6606cf2","method":"GET","path":"/api/v1/source-organizations/b752e5b6-4dd3-43eb-b1e8-56bbf83b7dee","status":200,"duration_ms":2}
{"event":"http.request","request_id":"7d2091cc-5484-44a2-8ead-883c75acc60c","method":"POST","path":"/api/v1/source-organizations","status":404,"duration_ms":4}
{"event":"http.request","request_id":"66de76f2-b1e7-447b-8d4e-046762c03b3e","method":"POST","path":"/api/v1/source-organizations","status":403,"duration_ms":2}
✔ 生成后提交前原文/角色/账号授权变化拒绝，取消不提交；完成后旧来源不能采纳 (96.928375ms)
✔ 来源摘要只能逐字冻结引用，去重不能重复ID或跳过组依据 (0.198792ms)
ℹ tests 9
ℹ suites 0
ℹ pass 9
ℹ fail 0
ℹ cancelled 0
ℹ skipped 0
ℹ todo 0
ℹ duration_ms 2383.746458
