{"database":"yoyo","migrations":8}
{"database":"yoyo_test","migrations":26}

> yoyo-workbench@0.1.0 db:migrate /Users/junlong/projects/social-mdeida-ops-platform
> tsx packages/db/src/migrate.ts

Applied 001-foundation.sql
Applied 002-invitations.sql
Applied 003-outbox-composite-unique.sql
Applied 004-files.sql
Applied 005-assets.sql
Applied 006-media.sql
Applied 007-s2-contract-fields.sql
Applied 008-s2-governance.sql
Applied 009-collection-runtime.sql
Applied 010-source-evidence.sql
Applied 011-ai-gateway.sql
Applied 012-ai-requests.sql
Applied 013-topics.sql
Applied 014-topic-observation-binding.sql
Applied 015-generated-briefs.sql
Applied 016-frozen-revision-immutability.sql
Applied 017-graphic-deliverables.sql
Applied 018-content-production-metadata.sql
Applied 019-content-reviews.sql
Applied 020-content-cancellation.sql
Applied 021-export-packages.sql
Applied 022-publications.sql
Applied 023-published-work-items.sql
Applied 024-publication-changes.sql
Applied 025-independent-notes-files.sql
Applied 026-retire-cancelled-workflows.sql
Applied 027-import-batches.sql
Applied 028-metric-confirmation.sql
Applied 029-metric-revert-provenance.sql
Applied 030-metric-calculations.sql
Applied 031-import-derived-invalidation.sql
Applied 032-derived-metric-dictionary.sql
Applied 033-current-calculation-fingerprint.sql
Applied 034-reports-and-strategies.sql
