{"database":"yoyo","migrations":8}
{"database":"yoyo_test","migrations":26}
Loaded Prisma config from prisma.config.ts.

Prisma schema loaded from packages/db/prisma/schema.prisma.
Datasource "db": PostgreSQL database "yoyo_s8_dev", schema "public" at "127.0.0.1:54329"

- Introspecting based on datasource defined in packages/db/prisma/schema.prisma
✔ Introspected 42 models and wrote them into packages/db/prisma/schema.prisma in 68ms
      
*** WARNING ***

These models were enriched with `@@map` information taken from the previous Prisma schema:
  - "Workspace"

These constraints are not supported by Prisma Client, because Prisma currently does not fully support check constraints. Read more: https://pris.ly/d/check-constraints
  - Model: "accounts", constraint: "accounts_version_check"
  - Model: "ai_attempts", constraint: "ai_attempts_attempt_check"
  - Model: "ai_attempts", constraint: "ai_attempts_check"
  - Model: "ai_attempts", constraint: "ai_attempts_state_check"
  - Model: "ai_requests", constraint: "ai_requests_kind_check"
  - Model: "ai_requests", constraint: "ai_requests_state_check"
  - Model: "ai_runs", constraint: "ai_runs_state_check"
  - Model: "calculations", constraint: "calculations_check"
  - Model: "calculations", constraint: "calculations_check1"
  - Model: "calculations", constraint: "calculations_validity_check"
  - Model: "collection_runs", constraint: "collection_runs_state_check"
  - Model: "collection_runs", constraint: "collection_runs_trigger_check"
  - Model: "file_objects", constraint: "file_objects_file_status_check"
  - Model: "file_objects", constraint: "file_objects_preview_status_check"
  - Model: "file_objects", constraint: "file_objects_sha256_check"
  - Model: "file_objects", constraint: "file_objects_size_bytes_check"
  - Model: "import_batches", constraint: "import_batches_source_type_check"
  - Model: "import_batches", constraint: "import_batches_status_check"
  - Model: "import_reversions", constraint: "import_reversions_reason_check"
  - Model: "import_rows", constraint: "import_rows_status_check"
  - Model: "instance_state", constraint: "instance_state_id_check"
  - Model: "jobs", constraint: "jobs_check"
  - Model: "jobs", constraint: "jobs_max_attempts_check"
  - Model: "jobs", constraint: "jobs_state_check"
  - Model: "jobs", constraint: "jobs_timeout_seconds_check"
  - Model: "memberships", constraint: "memberships_roles_check"
  - Model: "memberships", constraint: "memberships_version_check"
  - Model: "metric_observations", constraint: "metric_observations_check"
  - Model: "metric_observations", constraint: "metric_observations_validity_check"
  - Model: "notifications", constraint: "notifications_channel_check"
  - Model: "observation_supersessions", constraint: "observation_supersessions_check"
  - Model: "observation_supersessions", constraint: "observation_supersessions_reason_check"
  - Model: "publications", constraint: "publications_lifecycle_check"
  - Model: "publications", constraint: "publications_media_type_check"
  - Model: "publications", constraint: "publications_platform_note_id_check"
  - Model: "publications", constraint: "publications_traffic_type_check"
  - Model: "reports", constraint: "reports_check"
  - Model: "reports", constraint: "reports_state_check"
  - Model: "reports", constraint: "reports_status_check"
  - Model: "sessions", constraint: "sessions_check"
  - Model: "source_connections", constraint: "source_connections_health_check"
  - Model: "source_connections", constraint: "source_connections_min_interval_seconds_check"
  - Model: "source_connections", constraint: "source_connections_platform_check"
  - Model: "source_connections", constraint: "source_connections_provider_check"
  - Model: "source_connections", constraint: "source_connections_source_type_check"
  - Model: "source_items", constraint: "source_items_availability_check"
  - Model: "source_items", constraint: "source_items_media_type_check"
  - Model: "source_items", constraint: "source_items_reference_only_check"
  - Model: "strategy_memories", constraint: "strategy_memories_action_index_check"
  - Model: "strategy_memories", constraint: "strategy_memories_status_check"
  - Model: "topic_decisions", constraint: "topic_decisions_decision_check"
  - Model: "topic_evidence", constraint: "topic_evidence_check"
  - Model: "topic_evidence", constraint: "topic_evidence_evidence_kind_check"
  - Model: "topics", constraint: "topics_score_check"
  - Model: "topics", constraint: "topics_status_check"
  - Model: "upload_sessions", constraint: "upload_sessions_sha256_check"
  - Model: "upload_sessions", constraint: "upload_sessions_size_bytes_check"
  - Model: "upload_sessions", constraint: "upload_sessions_status_check"
  - Model: "users", constraint: "users_email_check"
  - Model: "Workspace", constraint: "workspaces_version_check"

Run prisma generate to generate Prisma Client.

