{"database":"yoyo","migrations":8}
{"database":"yoyo_test","migrations":26}
{"event":"http.request","request_id":"1045324e-9af2-4b3b-ab3c-4819aa098c92","method":"GET","path":"/api/v1/auth/csrf","status":200,"duration_ms":7}
{"event":"http.request","request_id":"c86550fd-aec7-465c-9a0e-a5b0e0985c08","method":"POST","path":"/api/v1/setup","status":201,"duration_ms":35}
{"event":"http.request","request_id":"f37dc1ce-1f17-4555-b2f6-b170d2b6cf52","method":"GET","path":"/api/v1/auth/csrf","status":200,"duration_ms":1}
{"event":"http.request","request_id":"ba5b4b85-c21a-4e3b-af22-86cff63cf0fc","method":"POST","path":"/api/v1/auth/login","status":200,"duration_ms":23}
{"event":"http.request","request_id":"ff84f686-893c-489f-91c4-ea1550156494","method":"GET","path":"/api/v1/me","status":200,"duration_ms":80}
{"event":"http.request","request_id":"34c93553-727a-4654-b150-a08f9580b488","method":"POST","path":"/api/v1/accounts","status":201,"duration_ms":11}
{"event":"request.failed","request_id":"06052929-c03b-46f9-8bda-cd614fdd5873","error_code":"42703"}
{"event":"http.request","request_id":"06052929-c03b-46f9-8bda-cd614fdd5873","method":"GET","path":"/api/v1/dashboard","status":500,"duration_ms":10}
✖ 工作台真空态没有指标趋势或假任务，未知/禁用能力来自实际配置 (383.642958ms)
{"event":"http.request","request_id":"7f4f4466-9ded-423b-8634-bc76ab4f4c0f","method":"POST","path":"/api/v1/publications","status":201,"duration_ms":9}
{"event":"http.request","request_id":"7cfb500b-f81d-45ff-8381-0a83c9a8cc8d","method":"POST","path":"/api/v1/imports","status":202,"duration_ms":8}
{"event":"http.request","request_id":"8ad95714-7e9c-4ec6-813c-c5856aa269f2","method":"POST","path":"/api/v1/source-connections","status":201,"duration_ms":6}
{"event":"http.request","request_id":"582976f0-4d43-413d-9050-75e9c1f8aebf","method":"POST","path":"/api/v1/feedback","status":201,"duration_ms":5}
{"event":"request.failed","request_id":"2f45ee11-edc2-4371-ad54-0c3199418314","error_code":"42703"}
{"event":"http.request","request_id":"2f45ee11-edc2-4371-ad54-0c3199418314","method":"GET","path":"/api/v1/dashboard","status":500,"duration_ms":3}
✖ 真实待确认/来源异常/缺数据最多三项可直达，已确认历史值溯源不冒充实时 (51.323208ms)
{"event":"http.request","request_id":"0002ddb7-9fc4-496d-966d-9f960f9c6fe4","method":"POST","path":"/api/v1/members","status":201,"duration_ms":31}
{"event":"http.request","request_id":"81917a33-794c-4fc8-b491-862681256deb","method":"GET","path":"/api/v1/auth/csrf","status":200,"duration_ms":2}
{"event":"http.request","request_id":"4618dd75-dc3d-4c3f-8ed7-39c884f24698","method":"POST","path":"/api/v1/auth/accept-invite","status":200,"duration_ms":27}
{"event":"http.request","request_id":"03be5a53-8629-449c-9fcc-b678e980029e","method":"GET","path":"/api/v1/auth/csrf","status":200,"duration_ms":1}
{"event":"http.request","request_id":"4a443d04-df96-445e-a009-6da5fd10a2f5","method":"POST","path":"/api/v1/auth/login","status":200,"duration_ms":18}
{"event":"request.failed","request_id":"833bdabe-f65f-40da-8f45-224e33af063f","error_code":"42703"}
{"event":"http.request","request_id":"833bdabe-f65f-40da-8f45-224e33af063f","method":"GET","path":"/api/v1/dashboard","status":500,"duration_ms":3}
✖ 跨账号工作台不泄漏指标与反馈/导入任务，非法或不可见深链拒绝 (92.124875ms)
ℹ tests 3
ℹ suites 0
ℹ pass 0
ℹ fail 3
ℹ cancelled 0
ℹ skipped 0
ℹ todo 0
ℹ duration_ms 1003.3215

✖ failing tests:

test at tests/dashboard.test.ts:2:1295
✖ 工作台真空态没有指标趋势或假任务，未知/禁用能力来自实际配置 (383.642958ms)
  AssertionError [ERR_ASSERTION]: Expected values to be strictly equal:
  
  500 !== 200
  
      at TestContext.<anonymous> (/Users/junlong/projects/social-mdeida-ops-platform/tests/dashboard.test.ts:6:91)
      at process.processTicksAndRejections (node:internal/process/task_queues:104:5)
      at async Test.run (node:internal/test_runner/test:1125:7)
      at async startSubtestAfterBootstrap (node:internal/test_runner/harness:358:3) {
    generatedMessage: true,
    code: 'ERR_ASSERTION',
    actual: 500,
    expected: 200,
    operator: 'strictEqual',
    diff: 'simple'
  }

test at tests/dashboard.test.ts:2:1932
✖ 真实待确认/来源异常/缺数据最多三项可直达，已确认历史值溯源不冒充实时 (51.323208ms)
  TypeError: Cannot read properties of undefined (reading 'priority_tasks')
      at TestContext.<anonymous> (/Users/junlong/projects/social-mdeida-ops-platform/tests/dashboard.test.ts:7:1143)
      at process.processTicksAndRejections (node:internal/process/task_queues:104:5)
      at async Test.run (node:internal/test_runner/test:1125:7)
      at async Test.processPendingSubtests (node:internal/test_runner/test:787:7)

test at tests/dashboard.test.ts:2:4436
✖ 跨账号工作台不泄漏指标与反馈/导入任务，非法或不可见深链拒绝 (92.124875ms)
  TypeError: Cannot read properties of undefined (reading 'metrics')
      at TestContext.<anonymous> (/Users/junlong/projects/social-mdeida-ops-platform/tests/dashboard.test.ts:8:524)
      at process.processTicksAndRejections (node:internal/process/task_queues:104:5)
      at async Test.run (node:internal/test_runner/test:1125:7)
      at async Test.processPendingSubtests (node:internal/test_runner/test:787:7)
