{"database":"yoyo","migrations":8}
{"database":"yoyo_test","migrations":26}
{"event":"http.request","request_id":"814ad536-4258-41cf-8905-2a7e65fa4154","method":"GET","path":"/api/v1/auth/csrf","status":200,"duration_ms":4}
{"event":"http.request","request_id":"2d667cc7-4c46-4a84-8f53-325371fbf8b3","method":"POST","path":"/api/v1/setup","status":201,"duration_ms":31}
{"event":"http.request","request_id":"936bc048-c4fe-4120-b2f6-6d441f946019","method":"GET","path":"/api/v1/auth/csrf","status":200,"duration_ms":1}
{"event":"http.request","request_id":"c523b34a-7247-4a57-9c5e-9d1b132d3be9","method":"POST","path":"/api/v1/auth/login","status":200,"duration_ms":22}
{"event":"http.request","request_id":"a0dcaf72-3d86-4796-a412-b8f81d82b71a","method":"GET","path":"/api/v1/me","status":200,"duration_ms":79}
✔ 合法结构缓存复用；输入/模型/提示词/允许ID变化均失效，记录真实用量而未知费用不填零 (381.522292ms)
✔ 单次修复结构错误；禁止伪造ID，最终失败无结果 (15.733375ms)
✔ 业务校验必须通过；输入/Schema版本输出必须一致 (11.118917ms)
✔ 同输入并发只发一次模型调用；运行锁保留，显式失败后能重试 (13.9195ms)
✔ 取消/超时拒绝结果，包括忽视signal的provider；取消不会进入缓存 (1014.698375ms)
✔ 预算在调用前拒绝并发超支；单价估算与供应商账单明确区分 (27.502375ms)
✔ 缺配置禁用/权限或未知ID字段明确失败；模型错误不包含原始provider敏感文本 (14.138042ms)
✔ 独立预算空间的并发预留真正拒绝超支，一次修复累计计入单任务预算 (29.386584ms)
✔ 嵌套证据对象只校验真正的source_item_id，未知来源不能借对象绕过白名单 (0.452375ms)
✔ Job取消把信号传给AI调用；基础版本变化拒绝候选应用 (314.262834ms)
✔ 跨空间身份/非运行Job拒绝调用；已死进程运行可恢复但不会覆盖原记录 (21.953541ms)
✔ 缓存每次复查Schema、允许引用、业务规则与版本，损坏缓存拒绝使用 (13.589291ms)
✔ 数据库Date在提示词与缓存版本中保留ISO时间，不变成空对象 (12.216625ms)
✔ 截断响应明确失败仍记真实tokens和费用，不把已收费调用当零消费 (57.829042ms)
{"event":"http.request","request_id":"93562484-b9b2-47ab-9d5d-1d0bcb581b01","method":"GET","path":"/api/v1/auth/csrf","status":200,"duration_ms":3}
{"event":"http.request","request_id":"33ccad4c-adfb-4700-bc6b-7a941fbaca3b","method":"POST","path":"/api/v1/setup","status":201,"duration_ms":26}
{"event":"http.request","request_id":"44d1c78f-8283-4721-b47d-5622c1d3c38e","method":"GET","path":"/api/v1/auth/csrf","status":200,"duration_ms":1}
{"event":"http.request","request_id":"f79d4dac-2455-4c6f-922c-f1009653ce57","method":"POST","path":"/api/v1/auth/login","status":200,"duration_ms":19}
{"event":"http.request","request_id":"9e65be64-823c-476c-b751-229c12727f9b","method":"GET","path":"/api/v1/me","status":200,"duration_ms":69}
{"event":"http.request","request_id":"d099c9af-5fd4-4cb5-a6f8-4e72ffa7004d","method":"POST","path":"/api/v1/accounts","status":201,"duration_ms":7}
{"event":"http.request","request_id":"54a04ea4-37eb-4835-8496-6ba7469f0877","method":"POST","path":"/api/v1/publications","status":201,"duration_ms":6}
{"event":"http.request","request_id":"90351e3d-d417-4874-add2-d3f646ad98ef","method":"POST","path":"/api/v1/feedback","status":201,"duration_ms":5}
{"event":"http.request","request_id":"217cc553-eba3-48ff-a2d8-3f893fc95545","method":"POST","path":"/api/v1/feedback","status":201,"duration_ms":3}
{"event":"http.request","request_id":"b4cc183e-c5a5-422d-8136-8590305fbf0f","method":"POST","path":"/api/v1/feedback","status":422,"duration_ms":4}
{"event":"http.request","request_id":"843003c8-8221-43a4-a225-425da2e27a89","method":"POST","path":"/api/v1/feedback","status":422,"duration_ms":4}
{"event":"http.request","request_id":"3c399269-48da-4f87-ab79-37ae7d1ee81d","method":"POST","path":"/api/v1/feedback","status":422,"duration_ms":4}
{"event":"http.request","request_id":"ff9ea3d5-2a57-4124-80c8-1d383f553e53","method":"POST","path":"/api/v1/accounts","status":201,"duration_ms":5}
{"event":"http.request","request_id":"7c83dd39-35a6-44d5-bd36-d9ac712f440b","method":"POST","path":"/api/v1/feedback","status":422,"duration_ms":3}
{"event":"http.request","request_id":"e1722e13-70ad-4544-9251-c5f62882c4c0","method":"POST","path":"/api/v1/feedback","status":201,"duration_ms":4}
{"event":"http.request","request_id":"2890a735-c2d1-4300-af5b-ebc05ecff445","method":"PATCH","path":"/api/v1/feedback/7760ba71-415f-4627-a57b-07e5ed1656a6","status":200,"duration_ms":6}
{"event":"http.request","request_id":"6e673e5e-13d8-4145-8908-b619d9747205","method":"PATCH","path":"/api/v1/feedback/7760ba71-415f-4627-a57b-07e5ed1656a6","status":409,"duration_ms":4}
{"event":"http.request","request_id":"cd34beb0-50aa-44cb-8de7-6b628e2b3666","method":"GET","path":"/api/v1/feedback/c8671afd-adec-4ee6-a663-b90f42e19f6d","status":404,"duration_ms":1}
{"event":"http.request","request_id":"66db1e39-30b8-41af-93bd-1a66a4ce704c","method":"POST","path":"/api/v1/feedback","status":403,"duration_ms":2}
✔ 人工反馈幂等/版本/笔记账号/安全链接与权限，未知许可不能保存公开故事 (429.611125ms)
{"event":"http.request","request_id":"9d932b33-24ab-4fa2-aeec-8445bfd59a31","method":"POST","path":"/api/v1/feedback","status":201,"duration_ms":4}
{"event":"http.request","request_id":"6f16174f-4f7d-4972-8275-9c14ade8bbde","method":"POST","path":"/api/v1/feedback/cec25303-4116-41ca-ace2-c7820fd975dd/organize","status":202,"duration_ms":7}
{"event":"http.request","request_id":"6c2126d2-7773-4492-a6ca-34825424ae8c","method":"GET","path":"/api/v1/feedback/cec25303-4116-41ca-ace2-c7820fd975dd","status":200,"duration_ms":1}
{"event":"http.request","request_id":"09926728-baea-447d-b019-b1cebc4edfeb","method":"POST","path":"/api/v1/feedback","status":201,"duration_ms":4}
{"event":"http.request","request_id":"8ff22cdb-f455-49df-8817-2309d5427392","method":"POST","path":"/api/v1/feedback/fe1209e3-a64c-47a7-b8f0-0b9fbf77d367/organize","status":202,"duration_ms":6}
{"event":"http.request","request_id":"26c7ac8b-993f-4cde-be62-4b446bf54a04","method":"GET","path":"/api/v1/feedback/fe1209e3-a64c-47a7-b8f0-0b9fbf77d367","status":200,"duration_ms":2}
{"event":"http.request","request_id":"21315b88-8a21-4039-9bcf-71b7c90145be","method":"POST","path":"/api/v1/feedback","status":201,"duration_ms":4}
{"event":"http.request","request_id":"43813ce2-0162-4505-b052-61833f50fe07","method":"POST","path":"/api/v1/feedback/0020b4bb-73da-4c17-be30-2ed7fd35dbfc/organize","status":202,"duration_ms":5}
{"event":"http.request","request_id":"0278df57-375c-47db-a223-42f1edd009eb","method":"GET","path":"/api/v1/feedback/0020b4bb-73da-4c17-be30-2ed7fd35dbfc","status":200,"duration_ms":1}
{"event":"http.request","request_id":"407e459a-f231-4d91-b001-b72cfab6d99f","method":"PATCH","path":"/api/v1/feedback/0020b4bb-73da-4c17-be30-2ed7fd35dbfc","status":200,"duration_ms":4}
{"event":"http.request","request_id":"8d6bed93-4bf4-4973-a6b6-3defc9d29c28","method":"POST","path":"/api/v1/feedback/0020b4bb-73da-4c17-be30-2ed7fd35dbfc/organize","status":202,"duration_ms":5}
{"event":"http.request","request_id":"0498b489-bd3c-4f66-b724-54e34ddd6413","method":"GET","path":"/api/v1/feedback/0020b4bb-73da-4c17-be30-2ed7fd35dbfc","status":200,"duration_ms":1}
{"event":"http.request","request_id":"4a345cea-7683-40c5-ad5a-3d16d41b7e03","method":"PATCH","path":"/api/v1/feedback/0020b4bb-73da-4c17-be30-2ed7fd35dbfc","status":200,"duration_ms":4}
{"event":"http.request","request_id":"e55a1d0d-1daf-4c4a-b163-b9302585e3ab","method":"POST","path":"/api/v1/feedback/0020b4bb-73da-4c17-be30-2ed7fd35dbfc/organize","status":409,"duration_ms":3}
{"event":"http.request","request_id":"0d0c5532-7ccf-45d1-8bb7-d8ecac509307","method":"POST","path":"/api/v1/feedback/0020b4bb-73da-4c17-be30-2ed7fd35dbfc/send","status":404,"duration_ms":1}
✔ 未知与仅内部只分类，公开草案/选题用途分别授权；撤回清空且不能新整理，无发送端点 (114.604625ms)
{"event":"http.request","request_id":"bae39866-d3a9-49c9-9e6c-bfd1c1c23635","method":"POST","path":"/api/v1/feedback","status":201,"duration_ms":4}
{"event":"http.request","request_id":"463d296e-a3c1-47ee-9d85-5491205df880","method":"POST","path":"/api/v1/feedback/1a5a66b7-4324-4a3a-bc86-3586cf21c355/organize","status":202,"duration_ms":5}
{"event":"http.request","request_id":"b6e434db-d551-4eb9-97b2-0b3050fc6223","method":"GET","path":"/api/v1/jobs/8239b546-47e9-424c-a7da-f7457f9b040e","status":200,"duration_ms":2}
{"event":"http.request","request_id":"e7010344-34de-4d48-b795-5380904c132a","method":"GET","path":"/api/v1/feedback/1a5a66b7-4324-4a3a-bc86-3586cf21c355","status":200,"duration_ms":2}
{"event":"http.request","request_id":"c4a45fc4-126e-4316-8e43-59c49c02d2cd","method":"GET","path":"/api/v1/feedback/1a5a66b7-4324-4a3a-bc86-3586cf21c355","status":200,"duration_ms":1}
✔ 未知许可注入/伪造引文拒绝并记录修复用量；数据库再次保护撤回引用 (28.129292ms)
{"event":"http.request","request_id":"850743e4-0f59-472e-8ba3-f8e2a2230a5e","method":"POST","path":"/api/v1/feedback","status":201,"duration_ms":4}
{"event":"http.request","request_id":"222e09c5-101b-450b-a6ca-2aacac513fa0","method":"POST","path":"/api/v1/feedback/1fed23d0-a068-4fa5-83a9-6c678867e1d8/organize","status":202,"duration_ms":6}
{"event":"http.request","request_id":"9a609911-a675-4515-8e44-5a0654d2d3f6","method":"PATCH","path":"/api/v1/feedback/1fed23d0-a068-4fa5-83a9-6c678867e1d8","status":200,"duration_ms":4}
{"event":"http.request","request_id":"639ac4e0-49fe-4e2f-82dd-d1448809f118","method":"GET","path":"/api/v1/feedback/1fed23d0-a068-4fa5-83a9-6c678867e1d8","status":200,"duration_ms":1}
{"event":"http.request","request_id":"f6f9e528-13a0-4d37-89c6-a92b646da6a9","method":"POST","path":"/api/v1/feedback","status":201,"duration_ms":4}
{"event":"http.request","request_id":"17deb094-0a34-4edc-8aa9-89ea9b108f26","method":"POST","path":"/api/v1/feedback/6d915a79-47e5-4557-a210-57ade80af0ff/organize","status":202,"duration_ms":6}
{"event":"http.request","request_id":"6de22072-6d59-4152-82b8-aa37b8d27aa5","method":"GET","path":"/api/v1/feedback/6d915a79-47e5-4557-a210-57ade80af0ff","status":200,"duration_ms":1}
{"event":"http.request","request_id":"8966b4bd-54e8-4671-bb12-a22c8a5a15a4","method":"POST","path":"/api/v1/feedback","status":201,"duration_ms":3}
{"event":"http.request","request_id":"24cf5e0a-23e7-4ffc-967a-51c8f2bcfdf0","method":"POST","path":"/api/v1/feedback/46c25100-cdff-4242-99eb-d5662d94c0cb/organize","status":202,"duration_ms":5}
{"event":"http.request","request_id":"b6594198-0471-4130-a372-046dcad75337","method":"GET","path":"/api/v1/feedback/46c25100-cdff-4242-99eb-d5662d94c0cb","status":200,"duration_ms":2}
{"event":"http.request","request_id":"a5c7592a-2809-4b35-a751-9c5ecffc900a","method":"POST","path":"/api/v1/feedback","status":201,"duration_ms":4}
{"event":"http.request","request_id":"c5a0fe51-4ae0-44c6-b195-8db8b4119d40","method":"POST","path":"/api/v1/feedback/b83e2027-a1e4-443b-b991-26df965ae2e3/organize","status":202,"duration_ms":5}
{"event":"http.request","request_id":"b72f4548-c8b4-48d8-a0d0-dd5c36a2cf79","method":"POST","path":"/api/v1/jobs/d163e977-0b12-419b-9123-2c14273cf4fe/cancel","status":200,"duration_ms":4}
{"event":"http.request","request_id":"8fb77dae-d805-4894-995d-5aca4d97263f","method":"GET","path":"/api/v1/jobs/d163e977-0b12-419b-9123-2c14273cf4fe","status":200,"duration_ms":2}
{"event":"http.request","request_id":"8b755535-4d4f-4850-93d7-4e7b347283b0","method":"GET","path":"/api/v1/feedback/b83e2027-a1e4-443b-b991-26df965ae2e3","status":200,"duration_ms":1}
✔ 许可撤回、账号版本和成员角色在生成后提交前变化均拒绝，取消不应用草案 (87.927167ms)
✔ 许可输出守卫拒绝超用途引用，许可内引用必须逐字来自原文 (0.160875ms)
{"event":"http.request","request_id":"6fceb15a-fdd7-48ab-b79f-17ae1735ce6f","method":"GET","path":"/api/v1/auth/csrf","status":200,"duration_ms":4}
{"event":"http.request","request_id":"4a674888-f489-4712-8f20-8e2377b60694","method":"POST","path":"/api/v1/setup","status":201,"duration_ms":27}
{"event":"http.request","request_id":"5d45abf6-35e5-4d12-9d65-09a01e462f90","method":"GET","path":"/api/v1/auth/csrf","status":200,"duration_ms":1}
{"event":"http.request","request_id":"1a2829e1-131a-4cbd-a327-2fd6a926b75c","method":"POST","path":"/api/v1/auth/login","status":200,"duration_ms":19}
{"event":"http.request","request_id":"32763636-cd99-4757-9080-27403fcb44fb","method":"GET","path":"/api/v1/me","status":200,"duration_ms":78}
{"event":"http.request","request_id":"f091fc44-c56b-45d5-a4f5-03419c628f63","method":"POST","path":"/api/v1/accounts","status":201,"duration_ms":10}
{"event":"http.request","request_id":"9b65f564-6061-455d-871e-348f0cb8c645","method":"POST","path":"/api/v1/members","status":201,"duration_ms":28}
{"event":"http.request","request_id":"72704465-4f51-46f9-85e7-fcbcf7e57c0f","method":"POST","path":"/api/v1/members","status":201,"duration_ms":29}
{"event":"http.request","request_id":"81591bb6-ceb2-4522-bb6f-55b4f9138d59","method":"POST","path":"/api/v1/members","status":201,"duration_ms":28}
{"event":"http.request","request_id":"2376f961-f043-424c-8a1b-4ced34683f14","method":"POST","path":"/api/v1/source-connections","status":201,"duration_ms":9}
{"event":"http.request","request_id":"e866bbe3-99f5-45e1-9c83-ddd691e861b8","method":"PATCH","path":"/api/v1/members/4d868ec7-094e-4669-aacc-0cc4783450eb","status":422,"duration_ms":9}
{"event":"http.request","request_id":"6044596f-3d38-4443-8fbf-88b5f08bbf6a","method":"PATCH","path":"/api/v1/members/4d868ec7-094e-4669-aacc-0cc4783450eb","status":422,"duration_ms":8}
{"event":"http.request","request_id":"3d0ea1d0-a3c7-4a65-9694-b5f9381dbe01","method":"PATCH","path":"/api/v1/members/4d868ec7-094e-4669-aacc-0cc4783450eb","status":200,"duration_ms":10}
{"event":"http.request","request_id":"94ad3f8a-ec6e-4741-82be-ddf7e09ee2f9","method":"GET","path":"/api/v1/accounts/ec52aff2-7f04-4574-9926-2141ce08c77f","status":200,"duration_ms":1}
{"event":"http.request","request_id":"e5a6f3ed-03d1-4768-ae74-e3a23016e386","method":"GET","path":"/api/v1/source-connections/f56a5375-52e0-42f1-b3f3-b9ce32e1f24f","status":200,"duration_ms":1}
{"event":"http.request","request_id":"8d74af6a-3e55-400a-a986-6ec473c885e9","method":"GET","path":"/api/v1/notifications","status":200,"duration_ms":2}
{"event":"http.request","request_id":"d770c06c-3443-4502-b54a-fbd8cf14613c","method":"GET","path":"/api/v1/accounts/ec52aff2-7f04-4574-9926-2141ce08c77f","status":200,"duration_ms":2}
{"event":"http.request","request_id":"d4fd0763-5270-4c26-817f-4cd3732b1e69","method":"PATCH","path":"/api/v1/accounts/ec52aff2-7f04-4574-9926-2141ce08c77f","status":422,"duration_ms":4}
{"event":"http.request","request_id":"1baf22a1-b489-4aab-9866-fd9b11090176","method":"PATCH","path":"/api/v1/members/7871ffcf-5622-416b-a22b-ad6c6ab65754","status":200,"duration_ms":7}
{"event":"http.request","request_id":"cdbbf30b-6ce4-47b5-9e22-861986df465d","method":"PATCH","path":"/api/v1/members/e1b8b549-be6d-471c-a27e-2c6d4bdf8649","status":422,"duration_ms":3}
✔ 运营角色降级/停用须移交账号/选题/来源，接替人须有能力，审计和通知同事务 (502.718334ms)
{"event":"http.request","request_id":"47298754-87e3-49e6-b3a3-003cb281220c","method":"GET","path":"/api/v1/settings","status":200,"duration_ms":1}
{"event":"http.request","request_id":"f8bf6a86-4039-4241-8021-eca0039bc7a1","method":"PATCH","path":"/api/v1/settings","status":422,"duration_ms":4}
{"event":"http.request","request_id":"426ec637-8386-410c-b6a7-073adf6618fd","method":"GET","path":"/api/v1/settings","status":200,"duration_ms":1}
{"event":"http.request","request_id":"6fbef6f6-c9f4-48e5-9742-74898ee19518","method":"PATCH","path":"/api/v1/settings","status":200,"duration_ms":5}
{"event":"http.request","request_id":"341fa587-b092-4830-b31c-e7d35fc4cf08","method":"POST","path":"/api/v1/reports","status":202,"duration_ms":9}
{"event":"http.request","request_id":"e504eb95-bc7f-4c56-97f6-185d2196d4f7","method":"GET","path":"/api/v1/reports/241f455c-0a8b-4c2e-bc3b-ecb14a2fdfbd","status":200,"duration_ms":2}
{"event":"http.request","request_id":"acefc672-985e-4f11-8913-97b7ddda4106","method":"GET","path":"/api/v1/monitor","status":200,"duration_ms":3}
{"event":"http.request","request_id":"eeca0219-ecae-475a-a1bf-f26f1b03eb0f","method":"GET","path":"/api/v1/settings","status":200,"duration_ms":1}
{"event":"http.request","request_id":"945cbe6c-b9ad-4e0b-a3dd-b676e0cff763","method":"PATCH","path":"/api/v1/settings","status":200,"duration_ms":3}
{"event":"http.request","request_id":"0c991504-95ca-410f-b40a-c0ebdfc4ba7b","method":"POST","path":"/api/v1/reports","status":202,"duration_ms":6}
{"event":"http.request","request_id":"bff92587-2c52-4532-9a8a-aa5b5886d4ae","method":"GET","path":"/api/v1/reports/1bf74a8b-8d98-40cf-9a06-71770976115d","status":200,"duration_ms":2}
{"event":"http.request","request_id":"086e3405-88a6-492c-a27b-9a64d1645d03","method":"GET","path":"/api/v1/monitor","status":200,"duration_ms":2}
✔ 有限预算必须有单价币种，工作区配置在AI运行前真实拒绝超额且不触发提供方 (79.651542ms)
{"event":"http.request","request_id":"77cf4bfb-f1b6-4fa9-9362-57b6538f9af8","method":"POST","path":"/api/v1/diagnostics","status":202,"duration_ms":4}
{"event":"http.request","request_id":"d3f1aa61-a229-4211-b7be-8b17cf526bed","method":"GET","path":"/api/v1/auth/csrf","status":200,"duration_ms":1}
{"event":"http.request","request_id":"75a71ab9-eaec-4ec5-9d3d-d5627b722ad5","method":"POST","path":"/api/v1/auth/accept-invite","status":200,"duration_ms":19}
{"event":"http.request","request_id":"5b27ef92-010e-49f1-8ade-f3e9a13f08f0","method":"GET","path":"/api/v1/auth/csrf","status":200,"duration_ms":0}
{"event":"http.request","request_id":"1565fed0-1151-4594-94df-c2072e0d7a72","method":"POST","path":"/api/v1/auth/login","status":200,"duration_ms":18}
{"event":"http.request","request_id":"c10c0a59-0863-4000-9593-0b4aef93b9be","method":"GET","path":"/api/v1/monitor","status":403,"duration_ms":1}
{"event":"http.request","request_id":"9bbd3d2f-dbd1-416a-83a4-937361d596f7","method":"POST","path":"/api/v1/jobs/6b91edda-f33c-4795-9372-b403d8f88aca/retry","status":403,"duration_ms":2}
{"event":"http.request","request_id":"6f7761c1-2c92-4168-acea-181ad0d98cf0","method":"POST","path":"/api/v1/jobs/6b91edda-f33c-4795-9372-b403d8f88aca/retry","status":202,"duration_ms":4}
{"event":"http.request","request_id":"a2d34e59-a690-4be1-8e16-562f1538658f","method":"GET","path":"/api/v1/jobs/6b91edda-f33c-4795-9372-b403d8f88aca","status":200,"duration_ms":1}
{"event":"http.request","request_id":"0404b9e0-d41e-4e13-80e6-33e0c6d75ab8","method":"GET","path":"/api/v1/notifications","status":200,"duration_ms":1}
{"event":"http.request","request_id":"a3987161-ef4c-4af2-b3d1-a8ac44f53443","method":"POST","path":"/api/v1/notifications/75a1a655-7bfc-4da3-bdc8-b8d529335bab/read","status":200,"duration_ms":3}
{"event":"http.request","request_id":"2d9c513a-5097-4843-92a9-73a7b8169bdf","method":"GET","path":"/api/v1/jobs/6b91edda-f33c-4795-9372-b403d8f88aca","status":200,"duration_ms":1}
{"event":"http.request","request_id":"64ed07cf-a5e5-4f88-a330-d01ccfd522d6","method":"GET","path":"/api/v1/audit-logs","status":200,"duration_ms":1}
✔ 失败任务管理员重试可运行，通知已读独立、运行入口与审计分页可用；只读不能操作 (82.211333ms)
✔ 03角色矩阵：组合角色取并集，只读不得下载原件或写业务 (0.397792ms)
✔ 幂等请求哈希递归规范化对象键，保留数组顺序 (0.090125ms)
ℹ tests 24
ℹ suites 0
ℹ pass 24
ℹ fail 0
ℹ cancelled 0
ℹ skipped 0
ℹ todo 0
ℹ duration_ms 4624.219834
