{"database":"yoyo","migrations":8}
{"database":"yoyo_test","migrations":26}
Applied 034-reports-and-strategies.sql
{"event":"http.request","request_id":"af7254ff-4467-4656-847b-e8c50b7bbae1","method":"GET","path":"/api/v1/auth/csrf","status":200,"duration_ms":4}
{"event":"http.request","request_id":"f9af1912-4495-4081-b6e4-30ceac181402","method":"POST","path":"/api/v1/setup","status":201,"duration_ms":28}
{"event":"http.request","request_id":"544e2f70-665f-4e95-94ce-a66f9826a8b4","method":"GET","path":"/api/v1/auth/csrf","status":200,"duration_ms":1}
{"event":"http.request","request_id":"488f9680-0729-447a-b14d-53426ffc9035","method":"POST","path":"/api/v1/auth/login","status":200,"duration_ms":21}
{"event":"http.request","request_id":"bc58d5f0-39b0-402b-a7d3-1e4a243240e1","method":"GET","path":"/api/v1/me","status":200,"duration_ms":85}
{"event":"http.request","request_id":"4b1f42f2-3777-4848-b93f-0463a7373e21","method":"POST","path":"/api/v1/accounts","status":201,"duration_ms":14}
{"event":"http.request","request_id":"828ddc84-835b-4631-9837-ba24e3854d16","method":"POST","path":"/api/v1/reports","status":202,"duration_ms":14}
{"event":"http.request","request_id":"4ed89ccb-f12f-414e-b520-a67dd082cfb4","method":"POST","path":"/api/v1/reports","status":202,"duration_ms":4}
{"event":"http.request","request_id":"beeba6a8-4f34-48a2-bddf-56e313816ef6","method":"GET","path":"/api/v1/reports/79f4f177-8443-40bd-b632-60fabc8c0bec","status":200,"duration_ms":3}
{"event":"http.request","request_id":"025ca667-31df-4f22-8659-8987f249e5d0","method":"GET","path":"/api/v1/reports/79f4f177-8443-40bd-b632-60fabc8c0bec","status":200,"duration_ms":2}
{"event":"http.request","request_id":"2b6731fe-a80d-4e9a-92fb-3dde158d50e5","method":"POST","path":"/api/v1/imports","status":202,"duration_ms":6}
{"event":"http.request","request_id":"237e6cd6-320c-4bd0-8f41-113bc56471c5","method":"GET","path":"/api/v1/imports/b806da94-043a-4406-8787-c764d93db0a2/rows","status":200,"duration_ms":2}
{"event":"http.request","request_id":"a21a2dbb-689b-4696-ae4f-c7e0b3722a0d","method":"POST","path":"/api/v1/imports/b806da94-043a-4406-8787-c764d93db0a2/confirm","status":200,"duration_ms":9}
{"event":"http.request","request_id":"dfa37e6c-1726-40a6-922e-fcd755e94e68","method":"GET","path":"/api/v1/imports/b806da94-043a-4406-8787-c764d93db0a2","status":200,"duration_ms":3}
{"event":"http.request","request_id":"b9d2cb4d-e0b7-4479-82b5-b850d5276731","method":"GET","path":"/api/v1/reports/79f4f177-8443-40bd-b632-60fabc8c0bec","status":200,"duration_ms":2}
✔ 报告异步幂等，真空态partial，无数字补造与自动策略；新增输入使无依赖报告stale (451.174625ms)
{"event":"http.request","request_id":"678bd06f-1b36-4522-82fc-15534d284c5e","method":"POST","path":"/api/v1/imports","status":202,"duration_ms":5}
{"event":"http.request","request_id":"085e0e54-9670-4ea6-8461-0fe705c7cb1a","method":"GET","path":"/api/v1/imports/ba0a3fed-4293-4687-8124-dc6a7d3673f4/rows","status":200,"duration_ms":2}
{"event":"http.request","request_id":"aac3c3a5-924d-4254-9f96-09fe31f95a2c","method":"POST","path":"/api/v1/imports/ba0a3fed-4293-4687-8124-dc6a7d3673f4/confirm","status":200,"duration_ms":6}
{"event":"http.request","request_id":"e4b898a6-a051-4b30-86a4-8063b2b1d5ba","method":"GET","path":"/api/v1/imports/ba0a3fed-4293-4687-8124-dc6a7d3673f4","status":200,"duration_ms":3}
{"event":"http.request","request_id":"8d922568-9557-409c-8c5e-7210a5230e1e","method":"POST","path":"/api/v1/reports","status":202,"duration_ms":9}
{"event":"http.request","request_id":"73ca2333-229d-44e3-97d7-b6f21b6f22df","method":"GET","path":"/api/v1/reports/23b3a7a1-6458-4a59-98df-6708ad53575c","status":200,"duration_ms":1}
{"event":"http.request","request_id":"8f4d50a2-5893-44c6-80e6-16c2d997e8a2","method":"GET","path":"/api/v1/calculations/f6e4ab5a-b02c-4e5b-bdea-aefe364f7e27","status":200,"duration_ms":4}
{"event":"http.request","request_id":"6c60ae10-6a46-4362-ada1-6ca43a9e87f5","method":"POST","path":"/api/v1/reports/23b3a7a1-6458-4a59-98df-6708ad53575c/accept-actions","status":200,"duration_ms":7}
{"event":"http.request","request_id":"ff8a7541-4158-4bb6-8de1-5d0dc1f2618e","method":"POST","path":"/api/v1/strategy-memories/0e1afa87-28c9-4bbb-878b-ba4ffc6028c6/activate","status":403,"duration_ms":2}
{"event":"http.request","request_id":"f161e9a9-926f-412a-b41b-30ca6d21f8dc","method":"POST","path":"/api/v1/strategy-memories/0e1afa87-28c9-4bbb-878b-ba4ffc6028c6/activate","status":200,"duration_ms":5}
{"event":"http.request","request_id":"fbe3a52a-1879-422a-84ef-117282ada8be","method":"POST","path":"/api/v1/topic-generations","status":202,"duration_ms":7}
{"event":"http.request","request_id":"ef266825-f9d2-4f01-8657-3fa0c0ff1122","method":"POST","path":"/api/v1/imports/ba0a3fed-4293-4687-8124-dc6a7d3673f4/revert","status":200,"duration_ms":11}
{"event":"http.request","request_id":"48edc329-5d71-40a8-b2f9-9b97b3f84256","method":"GET","path":"/api/v1/reports/23b3a7a1-6458-4a59-98df-6708ad53575c","status":200,"duration_ms":4}
{"event":"http.request","request_id":"ccd9914b-6eb4-406a-8d90-efa1297da869","method":"POST","path":"/api/v1/reports/23b3a7a1-6458-4a59-98df-6708ad53575c/accept-actions","status":409,"duration_ms":5}
✔ 程序计算事实绑定观察，final/partial准确；采纳仅proposed，人工激活后成为选题输入；撤销失效并退策略 (103.950833ms)
{"event":"http.request","request_id":"ed7d7694-43c1-4441-8a7e-66f44028b509","method":"POST","path":"/api/v1/reports","status":202,"duration_ms":8}
{"event":"http.request","request_id":"e0348bf1-cb34-4182-904e-917fbfacb723","method":"GET","path":"/api/v1/reports/d92e9b14-2321-452e-a5c0-51d39b51e63d","status":200,"duration_ms":2}
{"event":"http.request","request_id":"805f4f53-323e-46f5-a140-d56e5fea3308","method":"POST","path":"/api/v1/reports","status":202,"duration_ms":6}
{"event":"http.request","request_id":"e0ffffb6-b144-4f78-8075-7ad670077d70","method":"GET","path":"/api/v1/reports/bd33b80f-2ddc-4202-b97c-9d637af96fb3","status":200,"duration_ms":2}
✔ 事实ID/数字硬守卫与注入不能落库，错误记录用量；缺数据重新生成仍partial (40.260292ms)
{"event":"http.request","request_id":"4367ff61-33ef-4522-9bba-d1e9e6135935","method":"POST","path":"/api/v1/reports","status":202,"duration_ms":7}
{"event":"http.request","request_id":"19d75c42-6d36-49bf-8754-aa0d2ee87db9","method":"GET","path":"/api/v1/reports/789365ff-f12b-4801-a116-1043ca3c0983","status":200,"duration_ms":1}
{"event":"http.request","request_id":"ea2b6484-ae74-42f3-b414-a2492935a3c8","method":"GET","path":"/api/v1/reports/789365ff-f12b-4801-a116-1043ca3c0983","status":200,"duration_ms":1}
{"event":"http.request","request_id":"2c6381f9-b044-43ff-92d6-e11c3e27fbd6","method":"POST","path":"/api/v1/reports","status":202,"duration_ms":7}
{"event":"http.request","request_id":"0514e140-04d3-4e86-9c4c-1b63ab82cd45","method":"POST","path":"/api/v1/jobs/55368b76-2504-49da-baf7-1848429a88b1/cancel","status":200,"duration_ms":4}
{"event":"http.request","request_id":"80ef8b71-7927-4da2-a7b2-bf948a79ec7c","method":"GET","path":"/api/v1/reports/a11908ea-577d-47e1-9d2b-7bd16d10c61a","status":200,"duration_ms":2}
{"event":"http.request","request_id":"0106c802-bb6a-48a4-bd61-96a2ed0f2ba0","method":"GET","path":"/api/v1/reports/0e6fff51-e1a7-4820-87d8-f64b5b29db00","status":404,"duration_ms":5}
{"event":"http.request","request_id":"c6381bbd-d015-47b9-861c-8d02fb2874fa","method":"GET","path":"/api/v1/reports","status":404,"duration_ms":1}
{"event":"http.request","request_id":"da680e45-17a4-46b7-9933-a32995ba68ee","method":"POST","path":"/api/v1/reports","status":422,"duration_ms":3}
✔ 处理器完成到提交的权限/输入变化拒绝，取消不落报告事实；历史快照不可静默改写 (46.977208ms)
✔ 输出校验分离事实/假设/缺口，伪造数字、确定性因果与过期复查不可进入策略 (0.188084ms)
ℹ tests 5
ℹ suites 0
ℹ pass 5
ℹ fail 0
ℹ cancelled 0
ℹ skipped 0
ℹ todo 0
ℹ duration_ms 1072.624666
