{"database":"yoyo","migrations":8}
{"database":"yoyo_test","migrations":26}
{"event":"http.request","request_id":"a5304dd9-0437-460f-a967-e67413033ecd","method":"GET","path":"/api/v1/auth/csrf","status":200,"duration_ms":5}
{"event":"http.request","request_id":"a887a91e-7de3-458a-b420-93e9fca8935e","method":"POST","path":"/api/v1/setup","status":201,"duration_ms":34}
{"event":"http.request","request_id":"23dd6e4b-1493-43eb-879b-021d5840a876","method":"GET","path":"/api/v1/auth/csrf","status":200,"duration_ms":1}
{"event":"http.request","request_id":"1366dc9c-c481-4352-a3bd-87514c087a5e","method":"POST","path":"/api/v1/auth/login","status":200,"duration_ms":24}
{"event":"http.request","request_id":"f21c6436-10bc-4a44-adc2-9e312d319c1c","method":"GET","path":"/api/v1/me","status":200,"duration_ms":80}
{"event":"http.request","request_id":"6e21d405-bd23-4554-b8ff-60c63a7931ad","method":"POST","path":"/api/v1/accounts","status":201,"duration_ms":10}
{"event":"http.request","request_id":"d3ec1cf3-ae9e-469d-a119-efa22c162697","method":"POST","path":"/api/v1/reports","status":202,"duration_ms":12}
{"event":"http.request","request_id":"11e6448f-9267-4ed2-92f2-caa608629044","method":"GET","path":"/api/v1/reports/f8948abb-b3ec-4f71-8665-dd9040f53549","status":200,"duration_ms":2}
{"event":"http.request","request_id":"e8f8fd33-f1e6-4cd8-8dc7-210f84a026ce","method":"GET","path":"/api/v1/reports/f8948abb-b3ec-4f71-8665-dd9040f53549","status":200,"duration_ms":6}
{"event":"http.request","request_id":"cd36cd3f-2a76-4b95-9d52-a94a21a66de5","method":"POST","path":"/api/v1/imports","status":202,"duration_ms":20}
{"event":"http.request","request_id":"c1649551-f79f-4798-9f75-e7f49257e91f","method":"GET","path":"/api/v1/imports/8e385936-51b2-40aa-aa31-62fd2b425d71/rows","status":200,"duration_ms":8}
{"event":"http.request","request_id":"9dd5acfa-a3bf-47f0-a9c9-ffc903312675","method":"POST","path":"/api/v1/imports/8e385936-51b2-40aa-aa31-62fd2b425d71/confirm","status":200,"duration_ms":20}
{"event":"http.request","request_id":"6643d046-63c8-4658-83c7-39d154af0425","method":"POST","path":"/api/v1/imports","status":202,"duration_ms":8}
{"event":"http.request","request_id":"70c9ac07-f22a-45b9-a3a7-21d8aef08b4a","method":"GET","path":"/api/v1/imports/029d3af6-b3e8-4a48-a73b-14536b7e8ac9/rows","status":200,"duration_ms":3}
{"event":"http.request","request_id":"102181b7-9f51-42fe-952b-6ad767f5fa87","method":"POST","path":"/api/v1/imports/029d3af6-b3e8-4a48-a73b-14536b7e8ac9/confirm","status":200,"duration_ms":9}
{"event":"http.request","request_id":"66fb3c0d-76f5-4fd0-aa3f-1582acf067d4","method":"POST","path":"/api/v1/reports","status":202,"duration_ms":13}
{"event":"http.request","request_id":"5c7e4cee-1dd4-4777-8936-9d4c6c0d0d6d","method":"GET","path":"/api/v1/reports/6697aebd-0bc6-4fb2-8e40-527e50e12eb1","status":200,"duration_ms":2}
{"event":"http.request","request_id":"10429097-0a83-4c36-944b-d331b8a41747","method":"GET","path":"/api/v1/reports/6697aebd-0bc6-4fb2-8e40-527e50e12eb1","status":200,"duration_ms":7}
S8_REPORT_EVALUATION_FAILED Expected values to be strictly equal:

'partial' !== 'final'
