{"database":"yoyo","migrations":8}
{"database":"yoyo_test","migrations":26}
{"event":"http.request","request_id":"93d79049-e9f4-49bf-ac4a-67fb0c0ae7c6","method":"GET","path":"/api/v1/auth/csrf","status":200,"duration_ms":6}
{"event":"http.request","request_id":"172f6785-6478-4883-beae-ee3c0284f2be","method":"POST","path":"/api/v1/setup","status":201,"duration_ms":35}
{"event":"http.request","request_id":"d56793dd-553d-46d1-b628-7023a2113e78","method":"GET","path":"/api/v1/auth/csrf","status":200,"duration_ms":2}
{"event":"http.request","request_id":"cc2e7771-3ac9-4bae-b7a8-5bdf6faf545a","method":"POST","path":"/api/v1/auth/login","status":200,"duration_ms":27}
{"event":"http.request","request_id":"3e1af081-1a42-4046-b029-38e918972afe","method":"GET","path":"/api/v1/me","status":200,"duration_ms":86}
{"event":"http.request","request_id":"a554aaaa-778a-4733-9dd7-fed78003a3e9","method":"POST","path":"/api/v1/accounts","status":201,"duration_ms":10}
{"event":"http.request","request_id":"eea2dd1a-6cb1-44bb-937e-062c5e9e5d7a","method":"POST","path":"/api/v1/publications","status":201,"duration_ms":8}
{"event":"http.request","request_id":"4d4da194-0cf4-47d2-8b58-823d44d86e73","method":"POST","path":"/api/v1/feedback","status":201,"duration_ms":7}
{"event":"http.request","request_id":"d2e099ec-e94e-45db-b3d6-4c95bef02f61","method":"POST","path":"/api/v1/feedback","status":201,"duration_ms":4}
{"event":"http.request","request_id":"7ee80c17-317a-46a8-8849-987b9abd1e81","method":"POST","path":"/api/v1/feedback","status":422,"duration_ms":3}
{"event":"http.request","request_id":"133040b4-aab8-400d-90c1-c07635ad88fa","method":"POST","path":"/api/v1/feedback","status":422,"duration_ms":3}
{"event":"http.request","request_id":"29e110e6-c3e6-49c3-819e-bcfa3cec4127","method":"POST","path":"/api/v1/feedback","status":422,"duration_ms":4}
{"event":"http.request","request_id":"00142985-8adb-4c5e-9c84-402922ad7536","method":"POST","path":"/api/v1/accounts","status":201,"duration_ms":4}
{"event":"http.request","request_id":"ff74badc-45cf-428b-a17a-e0f895b4085f","method":"POST","path":"/api/v1/feedback","status":422,"duration_ms":3}
{"event":"http.request","request_id":"e755afed-dba9-48eb-a03f-62cfb3673f17","method":"POST","path":"/api/v1/feedback","status":201,"duration_ms":5}
{"event":"http.request","request_id":"83c1942e-fc6a-4947-84ed-690cdcbc11e4","method":"PATCH","path":"/api/v1/feedback/a7cdbc01-1518-4860-8dee-e82050bda6df","status":200,"duration_ms":6}
{"event":"http.request","request_id":"cc25248d-2025-4206-a18f-2f9bf08fa8ca","method":"PATCH","path":"/api/v1/feedback/a7cdbc01-1518-4860-8dee-e82050bda6df","status":409,"duration_ms":4}
{"event":"http.request","request_id":"5e7f2d56-9465-4880-9c47-de7ee849af20","method":"GET","path":"/api/v1/feedback/c0e0e80d-7f77-4760-b94f-18c7862a73a3","status":404,"duration_ms":1}
{"event":"http.request","request_id":"996fc724-e1d8-4bbc-b803-94de4ba1bb32","method":"POST","path":"/api/v1/feedback","status":403,"duration_ms":2}
✔ 人工反馈幂等/版本/笔记账号/安全链接与权限，未知许可不能保存公开故事 (485.622333ms)
{"event":"http.request","request_id":"4a4237f6-b202-48bd-8f2b-810c1c84d912","method":"POST","path":"/api/v1/feedback","status":201,"duration_ms":5}
{"event":"http.request","request_id":"33600877-a09b-47ad-b690-680a9f54afa7","method":"POST","path":"/api/v1/feedback/c9569d58-21f3-4568-83aa-a38fa15edbb2/organize","status":202,"duration_ms":7}
{"event":"http.request","request_id":"3edbc63c-703d-45a6-ac20-35d234657042","method":"GET","path":"/api/v1/feedback/c9569d58-21f3-4568-83aa-a38fa15edbb2","status":200,"duration_ms":2}
{"event":"http.request","request_id":"350decdd-73a3-4b24-8d76-cb1a0580bd0b","method":"POST","path":"/api/v1/feedback","status":201,"duration_ms":4}
{"event":"http.request","request_id":"844f037a-49f2-41c5-a962-2aae00b4f7ad","method":"POST","path":"/api/v1/feedback/78ad6e8e-a12f-4270-8dca-bded5a7ee61e/organize","status":202,"duration_ms":6}
{"event":"http.request","request_id":"59fae4e1-8fe9-4852-8f6e-e4c62c53e847","method":"GET","path":"/api/v1/feedback/78ad6e8e-a12f-4270-8dca-bded5a7ee61e","status":200,"duration_ms":2}
{"event":"http.request","request_id":"f32813cb-122a-4e2d-8ccf-b72763428ac6","method":"POST","path":"/api/v1/feedback","status":201,"duration_ms":5}
{"event":"http.request","request_id":"63d9c5b5-7913-49cd-9c35-9e0f9689a89c","method":"POST","path":"/api/v1/feedback/e7336b25-8243-45b7-9d8d-2f39131422ac/organize","status":202,"duration_ms":5}
{"event":"http.request","request_id":"4058182b-30d6-4906-8bcf-9b0f5af1ec34","method":"GET","path":"/api/v1/feedback/e7336b25-8243-45b7-9d8d-2f39131422ac","status":200,"duration_ms":1}
{"event":"http.request","request_id":"a4b86b26-94da-489a-9e60-8d0786b90a3c","method":"PATCH","path":"/api/v1/feedback/e7336b25-8243-45b7-9d8d-2f39131422ac","status":200,"duration_ms":4}
{"event":"http.request","request_id":"634b9513-7025-4d0c-8195-993af52d55b5","method":"POST","path":"/api/v1/feedback/e7336b25-8243-45b7-9d8d-2f39131422ac/organize","status":202,"duration_ms":5}
{"event":"http.request","request_id":"8fc81197-f9d3-4bac-b496-82ba5fa25414","method":"GET","path":"/api/v1/feedback/e7336b25-8243-45b7-9d8d-2f39131422ac","status":200,"duration_ms":1}
{"event":"http.request","request_id":"79c5aa93-68f8-40dd-b3b1-728212277b71","method":"PATCH","path":"/api/v1/feedback/e7336b25-8243-45b7-9d8d-2f39131422ac","status":200,"duration_ms":4}
{"event":"http.request","request_id":"3bbb9783-9fd8-4168-a12d-71a55266d416","method":"POST","path":"/api/v1/feedback/e7336b25-8243-45b7-9d8d-2f39131422ac/organize","status":409,"duration_ms":3}
{"event":"http.request","request_id":"8f9f1167-f175-4b78-90c5-fe168fa53911","method":"POST","path":"/api/v1/feedback/e7336b25-8243-45b7-9d8d-2f39131422ac/send","status":404,"duration_ms":1}
✔ 未知与仅内部只分类，公开草案/选题用途分别授权；撤回清空且不能新整理，无发送端点 (112.213959ms)
{"event":"http.request","request_id":"6ba7e568-2dc5-457f-9486-0d26dd5a8ca1","method":"POST","path":"/api/v1/feedback","status":201,"duration_ms":4}
{"event":"http.request","request_id":"31737ad9-f9e4-4a71-b008-e337d7ab1c39","method":"POST","path":"/api/v1/feedback/f312d3ec-67f1-4165-952d-fb84a89400a4/organize","status":202,"duration_ms":5}
{"event":"http.request","request_id":"9e01b9eb-9078-4957-a399-45d9a620c533","method":"GET","path":"/api/v1/jobs/94a7177f-407d-4a8c-a403-715a943227b3","status":200,"duration_ms":2}
{"event":"http.request","request_id":"522e340c-fbc2-4643-aa68-8f35ddcb1b4a","method":"GET","path":"/api/v1/feedback/f312d3ec-67f1-4165-952d-fb84a89400a4","status":200,"duration_ms":2}
{"event":"http.request","request_id":"c36dc1c5-2729-4d1d-b89f-d0209009dfaa","method":"GET","path":"/api/v1/feedback/f312d3ec-67f1-4165-952d-fb84a89400a4","status":200,"duration_ms":1}
✔ 未知许可注入/伪造引文拒绝并记录修复用量；数据库再次保护撤回引用 (27.034542ms)
{"event":"http.request","request_id":"fd21598f-14c4-4e16-bf53-97abf34ba216","method":"POST","path":"/api/v1/feedback","status":201,"duration_ms":5}
{"event":"http.request","request_id":"c60733aa-9d4c-47d7-98d4-95e9aea4ea09","method":"POST","path":"/api/v1/feedback/4f64176f-5678-48b7-9e07-4b2ecdf31739/organize","status":202,"duration_ms":5}
{"event":"http.request","request_id":"0fa175b8-4575-41b1-9cb7-b4d841d65e21","method":"PATCH","path":"/api/v1/feedback/4f64176f-5678-48b7-9e07-4b2ecdf31739","status":200,"duration_ms":5}
{"event":"http.request","request_id":"40a650e9-9e58-4c8c-8003-7a0b02f5f61b","method":"GET","path":"/api/v1/feedback/4f64176f-5678-48b7-9e07-4b2ecdf31739","status":200,"duration_ms":1}
{"event":"http.request","request_id":"f7177fde-5a2b-4040-9b81-d493253edb57","method":"POST","path":"/api/v1/feedback","status":201,"duration_ms":5}
{"event":"http.request","request_id":"5dc789ed-0c90-4225-b59e-e222bbd018c9","method":"POST","path":"/api/v1/feedback/4ee9cb93-609a-4739-8207-7087df9518da/organize","status":202,"duration_ms":5}
{"event":"http.request","request_id":"a5145e85-6649-4b01-a86c-2f7bda82f86a","method":"GET","path":"/api/v1/feedback/4ee9cb93-609a-4739-8207-7087df9518da","status":200,"duration_ms":1}
{"event":"http.request","request_id":"30d3c4de-cafc-4ea7-a2af-5d33956cc082","method":"POST","path":"/api/v1/feedback","status":201,"duration_ms":4}
{"event":"http.request","request_id":"d9cc2369-0c83-4f52-9b16-99bd31339c3a","method":"POST","path":"/api/v1/feedback/be6e1e0f-e5b8-49ed-92f3-c2e91a07675c/organize","status":202,"duration_ms":5}
{"event":"http.request","request_id":"7f83d4f8-fcdb-4840-845f-382818b79fd6","method":"GET","path":"/api/v1/feedback/be6e1e0f-e5b8-49ed-92f3-c2e91a07675c","status":200,"duration_ms":2}
{"event":"http.request","request_id":"0cfa9e5a-f111-4ed7-85dc-4212e1963e1e","method":"POST","path":"/api/v1/feedback","status":201,"duration_ms":4}
{"event":"http.request","request_id":"2cfd8724-7415-42f5-be0d-105eacdb5be1","method":"POST","path":"/api/v1/feedback/39fbb815-a885-457c-a67e-2dddfc91f94a/organize","status":202,"duration_ms":4}
{"event":"http.request","request_id":"57909707-28f3-4b20-b29b-b9fd067898df","method":"POST","path":"/api/v1/jobs/d39a9f05-466e-40ae-b518-c5830835075a/cancel","status":200,"duration_ms":4}
{"event":"http.request","request_id":"d99cc6b4-b996-45dc-b2db-5e2bf44fef22","method":"GET","path":"/api/v1/jobs/d39a9f05-466e-40ae-b518-c5830835075a","status":200,"duration_ms":2}
{"event":"http.request","request_id":"324079ef-cc14-45d8-96d2-81e97526709b","method":"GET","path":"/api/v1/feedback/39fbb815-a885-457c-a67e-2dddfc91f94a","status":200,"duration_ms":1}
✔ 许可撤回、账号版本和成员角色在生成后提交前变化均拒绝，取消不应用草案 (86.921667ms)
✔ 许可输出守卫拒绝超用途引用，许可内引用必须逐字来自原文 (0.156083ms)
{"event":"http.request","request_id":"86a597fd-3f89-4bae-9ca2-7d3679dde60c","method":"GET","path":"/api/v1/auth/csrf","status":200,"duration_ms":6}
{"event":"http.request","request_id":"820af701-169f-4b30-8be6-52ef88bd36f9","method":"POST","path":"/api/v1/setup","status":201,"duration_ms":29}
{"event":"http.request","request_id":"db9aa29d-0823-4632-924a-b6b68c5c257b","method":"GET","path":"/api/v1/auth/csrf","status":200,"duration_ms":1}
{"event":"http.request","request_id":"db5573ac-0105-4715-849e-0af979ac3308","method":"POST","path":"/api/v1/auth/login","status":200,"duration_ms":20}
{"event":"http.request","request_id":"83d26537-b34e-40b3-a0b5-84489128950d","method":"GET","path":"/api/v1/me","status":200,"duration_ms":80}
{"event":"http.request","request_id":"07757845-e174-45ff-8b5d-a7e8dcf9eb16","method":"POST","path":"/api/v1/accounts","status":201,"duration_ms":10}
{"event":"http.request","request_id":"f24234f4-0cab-4e29-9c28-2c25c543e81e","method":"POST","path":"/api/v1/reports","status":202,"duration_ms":11}
{"event":"http.request","request_id":"a62021e1-35d3-45f4-9296-7d1c331f17e6","method":"POST","path":"/api/v1/reports","status":202,"duration_ms":3}
{"event":"http.request","request_id":"43f72fbf-367c-4ffd-9f67-e8b7e9332c0c","method":"GET","path":"/api/v1/reports/642dfa09-d73f-4d10-b779-3b6acc8723e0","status":200,"duration_ms":3}
{"event":"http.request","request_id":"ae1f605d-dd9c-4f3f-a36a-9f2089dc561e","method":"GET","path":"/api/v1/reports/642dfa09-d73f-4d10-b779-3b6acc8723e0","status":200,"duration_ms":2}
{"event":"http.request","request_id":"9357d501-b34b-4439-9891-7020d67a966d","method":"POST","path":"/api/v1/imports","status":202,"duration_ms":6}
{"event":"http.request","request_id":"3afcb23f-2244-4ba0-808c-78487402d468","method":"GET","path":"/api/v1/imports/95faf179-3ed2-45d2-84d2-a4c2c320ac7f/rows","status":200,"duration_ms":2}
{"event":"http.request","request_id":"1cb5ac86-16cc-412d-8eee-79909630a892","method":"POST","path":"/api/v1/imports/95faf179-3ed2-45d2-84d2-a4c2c320ac7f/confirm","status":200,"duration_ms":8}
{"event":"http.request","request_id":"99503746-1fff-413a-8b89-30a78efba6a2","method":"GET","path":"/api/v1/imports/95faf179-3ed2-45d2-84d2-a4c2c320ac7f","status":200,"duration_ms":1}
{"event":"http.request","request_id":"3124d1e8-b9f6-4625-9905-717c6b89e962","method":"GET","path":"/api/v1/reports/642dfa09-d73f-4d10-b779-3b6acc8723e0","status":200,"duration_ms":2}
✔ 报告异步幂等，真空态partial，无数字补造与自动策略；新增输入使无依赖报告stale (430.253125ms)
{"event":"http.request","request_id":"ac0a2821-b9d1-4356-9462-6f4468cb66aa","method":"POST","path":"/api/v1/imports","status":202,"duration_ms":5}
{"event":"http.request","request_id":"564820db-1ad7-4e03-8ce5-4476f63605b7","method":"GET","path":"/api/v1/imports/de7ea3e1-9964-474a-af00-f0651f3ebae6/rows","status":200,"duration_ms":2}
{"event":"http.request","request_id":"d31056ae-fc2b-420a-a45b-f85d696d26b4","method":"POST","path":"/api/v1/imports/de7ea3e1-9964-474a-af00-f0651f3ebae6/confirm","status":200,"duration_ms":6}
{"event":"http.request","request_id":"6f4b9f72-2871-4120-9812-207892fd21aa","method":"GET","path":"/api/v1/imports/de7ea3e1-9964-474a-af00-f0651f3ebae6","status":200,"duration_ms":1}
{"event":"http.request","request_id":"c8a948b7-e15d-45e1-bd9c-047f550f54cb","method":"POST","path":"/api/v1/reports","status":202,"duration_ms":11}
{"event":"http.request","request_id":"909523d5-9772-445e-ac1d-c96189f0b211","method":"GET","path":"/api/v1/reports/c7d23861-5a1f-49ba-b4f7-4311ba8db75b","status":200,"duration_ms":1}
{"event":"http.request","request_id":"e44f412b-e376-415c-8eec-142eec883a09","method":"GET","path":"/api/v1/calculations/f869794e-8e12-4433-8752-366a325ae0d3","status":200,"duration_ms":3}
{"event":"http.request","request_id":"f6020fbc-0cc6-47a4-8db4-bdcaaca2033b","method":"POST","path":"/api/v1/reports/c7d23861-5a1f-49ba-b4f7-4311ba8db75b/accept-actions","status":200,"duration_ms":6}
{"event":"http.request","request_id":"8df1901e-dff0-4830-a8b3-f0e1830b2237","method":"POST","path":"/api/v1/strategy-memories/ca947d29-aa9c-429d-bb56-edc974033a03/activate","status":403,"duration_ms":2}
{"event":"http.request","request_id":"177b0bf8-294a-4cd1-bf89-345c116b39d1","method":"POST","path":"/api/v1/strategy-memories/ca947d29-aa9c-429d-bb56-edc974033a03/activate","status":200,"duration_ms":5}
{"event":"http.request","request_id":"64278313-3a94-4146-b7ad-c9f718d079f9","method":"POST","path":"/api/v1/topic-generations","status":202,"duration_ms":6}
{"event":"http.request","request_id":"a1e74130-d5f3-4396-bc99-7887ded9728b","method":"POST","path":"/api/v1/imports/de7ea3e1-9964-474a-af00-f0651f3ebae6/revert","status":200,"duration_ms":8}
{"event":"http.request","request_id":"1b21cd03-6ae0-4cd1-a850-7fabe46b83e3","method":"GET","path":"/api/v1/reports/c7d23861-5a1f-49ba-b4f7-4311ba8db75b","status":200,"duration_ms":2}
{"event":"http.request","request_id":"8b3a45df-c3e7-4e91-99da-aeec809dbcd7","method":"POST","path":"/api/v1/reports/c7d23861-5a1f-49ba-b4f7-4311ba8db75b/accept-actions","status":409,"duration_ms":3}
✔ 程序计算事实绑定观察，final/partial准确；采纳仅proposed，人工激活后成为选题输入；撤销失效并退策略 (97.226375ms)
{"event":"http.request","request_id":"5fe073c0-7d60-4bc4-82a1-aff9e5930289","method":"POST","path":"/api/v1/reports","status":202,"duration_ms":7}
{"event":"http.request","request_id":"62f0656d-487c-4859-bd2c-859218bd8f8d","method":"GET","path":"/api/v1/reports/fefcb459-0873-4ce7-b632-cdfc8e4bdab7","status":200,"duration_ms":1}
{"event":"http.request","request_id":"c6881518-ee61-4da7-a056-9449e2109539","method":"POST","path":"/api/v1/reports","status":202,"duration_ms":7}
{"event":"http.request","request_id":"a0a5c66d-3ab6-4676-ab6d-be05e746cd62","method":"GET","path":"/api/v1/reports/2187920f-5146-4004-965a-bffbe87b3ed5","status":200,"duration_ms":2}
✔ 事实ID/数字硬守卫与注入不能落库，错误记录用量；缺数据重新生成仍partial (39.010083ms)
{"event":"http.request","request_id":"9d76badc-6062-40de-88c8-92c67ad11c16","method":"POST","path":"/api/v1/reports","status":202,"duration_ms":7}
{"event":"http.request","request_id":"5f19dbc2-6fc2-478d-a4f8-e0974ca28ded","method":"GET","path":"/api/v1/reports/29da0c38-0a92-4ca8-8e7c-080bd8be1889","status":200,"duration_ms":2}
{"event":"http.request","request_id":"6dfc44d4-cd91-44b1-9457-95073722a190","method":"GET","path":"/api/v1/reports/29da0c38-0a92-4ca8-8e7c-080bd8be1889","status":200,"duration_ms":2}
{"event":"http.request","request_id":"88db42b5-62a6-4dd4-87a3-af69c65db9ab","method":"POST","path":"/api/v1/reports","status":202,"duration_ms":7}
{"event":"http.request","request_id":"98990676-227c-4892-b152-5a21141bc6cc","method":"POST","path":"/api/v1/jobs/14c51ff2-cf31-4dfd-a111-e9fc3c959668/cancel","status":200,"duration_ms":4}
{"event":"http.request","request_id":"ca7e559d-c820-4e4a-90bd-a33499af905c","method":"GET","path":"/api/v1/reports/151b0ec1-b703-4e51-9eca-a62505dfa382","status":200,"duration_ms":1}
{"event":"http.request","request_id":"5728f461-9370-45b2-a553-08ee23cc3d83","method":"GET","path":"/api/v1/reports/718ad240-8979-4475-837b-653ab5241068","status":404,"duration_ms":5}
{"event":"http.request","request_id":"6de00e92-e552-4dac-a513-40db34cde259","method":"GET","path":"/api/v1/reports","status":404,"duration_ms":1}
{"event":"http.request","request_id":"c98efea6-e8ad-4bdb-8d4c-d7c504ee8c2a","method":"POST","path":"/api/v1/reports","status":422,"duration_ms":3}
✔ 处理器完成到提交的权限/输入变化拒绝，取消不落报告事实；历史快照不可静默改写 (51.993125ms)
✔ 输出校验分离事实/假设/缺口，伪造数字、确定性因果与过期复查不可进入策略 (0.184917ms)
ℹ tests 10
ℹ suites 0
ℹ pass 10
ℹ fail 0
ℹ cancelled 0
ℹ skipped 0
ℹ todo 0
ℹ duration_ms 2311.895791
