{"database":"yoyo","migrations":8}
{"database":"yoyo_test","migrations":26}
{"event":"http.request","request_id":"56fe9a02-f20c-4a0e-950e-9a9a54a92c87","method":"GET","path":"/api/v1/auth/csrf","status":200,"duration_ms":4}
{"event":"http.request","request_id":"b3462bfa-75a5-4d3a-afc6-5dd7512613d5","method":"POST","path":"/api/v1/setup","status":201,"duration_ms":35}
{"event":"http.request","request_id":"1877ce02-2e64-45ba-89d5-e5bd28202016","method":"GET","path":"/api/v1/auth/csrf","status":200,"duration_ms":1}
{"event":"http.request","request_id":"4ac8d7a4-2e7b-47da-831c-1bfe2529d4af","method":"POST","path":"/api/v1/auth/login","status":200,"duration_ms":23}
{"event":"http.request","request_id":"23ef1a70-19de-49c5-8f90-eed0c3aaff26","method":"GET","path":"/api/v1/me","status":200,"duration_ms":83}
{"event":"http.request","request_id":"8211d6ee-43cf-4b9d-9601-de05d9bbdeaa","method":"POST","path":"/api/v1/accounts","status":201,"duration_ms":17}
{"event":"http.request","request_id":"554ac6f1-d650-4b13-a37b-b5dbf1ae5439","method":"POST","path":"/api/v1/source-connections","status":201,"duration_ms":17}
{"event":"http.request","request_id":"d5a6278f-157e-4f7f-8711-465660bc0f91","method":"GET","path":"/api/v1/source-items","status":200,"duration_ms":3}
{"event":"http.request","request_id":"2d632493-784e-4fbd-a57c-71eaf78631f1","method":"POST","path":"/api/v1/source-organizations","status":202,"duration_ms":16}
{"event":"http.request","request_id":"82b8cc5b-faf4-489b-a92c-94ad9098976e","method":"GET","path":"/api/v1/source-organizations/39655992-db1a-4420-b1f0-5e849f6d0e19","status":200,"duration_ms":2}
{"event":"http.request","request_id":"43a22061-b45c-469a-a16e-0ad08b17904d","method":"POST","path":"/api/v1/source-organizations","status":202,"duration_ms":6}
{"event":"http.request","request_id":"f26e4a88-3e4e-4f18-b8a9-b52d8fd036a7","method":"GET","path":"/api/v1/source-organizations/a8cd72c8-2355-4f57-ab39-0ce9f3c8397d","status":200,"duration_ms":1}
{"event":"http.request","request_id":"2f176286-dc27-4b2f-ab1b-999410cddced","method":"POST","path":"/api/v1/source-organizations/a8cd72c8-2355-4f57-ab39-0ce9f3c8397d/accept","status":200,"duration_ms":5}
{"event":"http.request","request_id":"bf9f9ad4-ed3c-4ae3-b220-aeaaf14ebec6","method":"POST","path":"/api/v1/source-organizations/a8cd72c8-2355-4f57-ab39-0ce9f3c8397d/accept","status":200,"duration_ms":4}
✔ 来源为空不造原文，完整引用保留来源与观察，无自动去重/选题；人工采纳观点幂等 (501.892834ms)
{"event":"http.request","request_id":"49959aab-4758-4adf-892a-c4819ffcb58c","method":"POST","path":"/api/v1/source-organizations","status":202,"duration_ms":9}
{"event":"http.request","request_id":"641d1e19-4e45-4727-8f6a-2925265f0f11","method":"GET","path":"/api/v1/source-organizations/1168824a-b0dd-45d5-8191-69d11a000dbe","status":200,"duration_ms":2}
{"event":"http.request","request_id":"0d5be292-eb50-419f-8270-1664ac86683c","method":"POST","path":"/api/v1/source-organizations","status":202,"duration_ms":5}
{"event":"http.request","request_id":"86db7c6f-1f89-4e04-806a-3f194401427e","method":"GET","path":"/api/v1/source-organizations/b3c7ba0a-237e-4688-bb5c-69877fb21906","status":200,"duration_ms":2}
{"event":"http.request","request_id":"f1612a66-b919-43b5-a8e3-9268904aeca8","method":"POST","path":"/api/v1/source-organizations","status":202,"duration_ms":5}
{"event":"http.request","request_id":"e7fa3512-58a0-49a5-afd7-062aafa2f032","method":"GET","path":"/api/v1/source-organizations/7de2af91-5734-4265-b5f2-e0ee02665326","status":200,"duration_ms":2}
{"event":"http.request","request_id":"cd44d2e1-331c-4829-ace7-99c584cc33d2","method":"POST","path":"/api/v1/source-organizations","status":202,"duration_ms":4}
{"event":"http.request","request_id":"0cf4185b-acf6-462e-b2e3-c096db76d862","method":"GET","path":"/api/v1/source-organizations/140a8ed1-791e-4274-9c61-4e1237dbf227","status":200,"duration_ms":2}
{"event":"http.request","request_id":"4bac8f7a-4df0-47f0-a714-5864c7b48071","method":"POST","path":"/api/v1/source-organizations","status":202,"duration_ms":5}
{"event":"http.request","request_id":"dcc85f91-af7e-40cb-966b-662785e2996f","method":"GET","path":"/api/v1/source-organizations/11632422-3fd4-49f3-8983-43d789c37847","status":200,"duration_ms":2}
✔ 伪造引用/改写原文/注入数字不能落库，允许一次修复并记录用量 (97.63925ms)
{"event":"http.request","request_id":"b41645fa-3af0-41b2-96c8-c29a934d352f","method":"POST","path":"/api/v1/source-organizations","status":202,"duration_ms":5}
{"event":"http.request","request_id":"2f994399-198d-4783-aa10-2e8269bf043b","method":"GET","path":"/api/v1/source-organizations/8f2d0d30-c83d-4b7b-8c79-77eab0cbdf13","status":200,"duration_ms":1}
{"event":"http.request","request_id":"86067925-1797-4b83-813a-137bd7a82fb2","method":"POST","path":"/api/v1/source-organizations","status":202,"duration_ms":4}
{"event":"http.request","request_id":"34ddff0b-1f01-460d-82cf-c6bf18fd7969","method":"GET","path":"/api/v1/source-organizations/12845aed-d9e3-4c85-8cc8-67ea3c6d2432","status":200,"duration_ms":2}
{"event":"http.request","request_id":"fdf4b3d8-33ba-4d8b-a0b4-5f6f351a53ed","method":"POST","path":"/api/v1/source-organizations","status":202,"duration_ms":4}
{"event":"http.request","request_id":"4519aa2e-ab0d-406e-b994-4a99ceb9e3d1","method":"GET","path":"/api/v1/source-organizations/2e5d9a6a-69a8-4f7f-bb28-83498ba729af","status":200,"duration_ms":2}
{"event":"http.request","request_id":"783b9229-1161-4583-a8fe-66cccce67f00","method":"POST","path":"/api/v1/source-organizations","status":202,"duration_ms":5}
{"event":"http.request","request_id":"1bf705b7-48a9-48bf-b782-6ec453f0ed33","method":"GET","path":"/api/v1/source-organizations/402f4280-aac0-43dc-9435-9a0e9641bf1b","status":200,"duration_ms":1}
{"event":"http.request","request_id":"ca6ca18d-3a50-4de3-894f-aa796c236c35","method":"GET","path":"/api/v1/source-organizations/402f4280-aac0-43dc-9435-9a0e9641bf1b","status":200,"duration_ms":2}
{"event":"http.request","request_id":"02cf9b5f-bb68-421e-831c-2ae43d9bed31","method":"POST","path":"/api/v1/source-organizations/402f4280-aac0-43dc-9435-9a0e9641bf1b/accept","status":409,"duration_ms":4}
{"event":"http.request","request_id":"97ffe737-8035-4877-a33a-9ed4ed8f25d8","method":"POST","path":"/api/v1/source-organizations","status":202,"duration_ms":5}
{"event":"http.request","request_id":"4d27a3f3-167e-4b86-aff1-54b1f9c8e913","method":"POST","path":"/api/v1/jobs/88b524fa-14d2-45f8-a105-c3c4a321e27e/cancel","status":200,"duration_ms":4}
{"event":"http.request","request_id":"0b85f4c1-2f26-4e10-a20d-63d7afde96b8","method":"GET","path":"/api/v1/source-organizations/1b2f32fa-3640-4351-a180-8a00b44db2e8","status":200,"duration_ms":2}
{"event":"http.request","request_id":"d3194a30-97b1-4d85-8207-39894e40cc7c","method":"POST","path":"/api/v1/source-organizations","status":404,"duration_ms":4}
{"event":"http.request","request_id":"a2c3fbed-333b-4edf-b9bb-e3c0f3ec9613","method":"POST","path":"/api/v1/source-organizations","status":403,"duration_ms":2}
✔ 生成后提交前原文/角色/账号授权变化拒绝，取消不提交；完成后旧来源不能采纳 (97.438417ms)
✔ 来源摘要只能逐字冻结引用，去重不能重复ID或跳过组依据 (0.202333ms)
ℹ tests 4
ℹ suites 0
ℹ pass 4
ℹ fail 0
ℹ cancelled 0
ℹ skipped 0
ℹ todo 0
ℹ duration_ms 1282.31725
