{"database":"yoyo","migrations":8}
{"database":"yoyo_test","migrations":26}
Applied 035-feedback.sql
{"event":"http.request","request_id":"c4e9afc1-c472-408e-bdeb-77cb3fa432f9","method":"GET","path":"/api/v1/auth/csrf","status":200,"duration_ms":5}
{"event":"http.request","request_id":"849f77bc-b70d-4ec5-a0b6-e771068c119e","method":"POST","path":"/api/v1/setup","status":201,"duration_ms":34}
{"event":"http.request","request_id":"97760fa2-9def-4114-af4a-8a4831a1ec95","method":"GET","path":"/api/v1/auth/csrf","status":200,"duration_ms":1}
{"event":"http.request","request_id":"468353f4-ea8e-4142-8309-aebcefe61a5d","method":"POST","path":"/api/v1/auth/login","status":200,"duration_ms":23}
{"event":"http.request","request_id":"f2b1ae34-db8f-4cb0-9816-f8c54ae90213","method":"GET","path":"/api/v1/me","status":200,"duration_ms":81}
{"event":"http.request","request_id":"97b0f81b-cb42-4fec-a03d-fb22a71150f0","method":"POST","path":"/api/v1/accounts","status":201,"duration_ms":11}
{"event":"http.request","request_id":"ac790f2a-2865-4408-9dcc-7bb9ddfdaaa3","method":"POST","path":"/api/v1/reports","status":202,"duration_ms":16}
{"event":"http.request","request_id":"3231d753-642f-4cb5-ad9a-b52e6fd4e444","method":"GET","path":"/api/v1/reports/f6962e4f-1687-435a-9d43-d45085e14a32","status":200,"duration_ms":3}
{"event":"http.request","request_id":"a0086c5b-5ac8-49ec-a342-bc04b94decb3","method":"GET","path":"/api/v1/reports/f6962e4f-1687-435a-9d43-d45085e14a32","status":200,"duration_ms":6}
{"event":"http.request","request_id":"2f5921b5-e245-4bce-8507-4ff96ad8b59b","method":"POST","path":"/api/v1/imports","status":202,"duration_ms":18}
{"event":"http.request","request_id":"8c506249-c4c7-4116-8f4f-d5e5fd3ee6dd","method":"GET","path":"/api/v1/imports/3ed9a06d-564a-4d45-9e70-07e33a87edbc/rows","status":200,"duration_ms":6}
{"event":"http.request","request_id":"2bac8f92-7941-4754-9bbc-ef0a086ef01f","method":"POST","path":"/api/v1/imports/3ed9a06d-564a-4d45-9e70-07e33a87edbc/confirm","status":200,"duration_ms":17}
{"event":"http.request","request_id":"ccca32be-2f3d-4713-8406-7a6be488bafb","method":"POST","path":"/api/v1/imports","status":202,"duration_ms":8}
{"event":"http.request","request_id":"0189a30d-069a-4abf-899b-7ee69aa89232","method":"GET","path":"/api/v1/imports/6cdb0ff7-1467-41ca-b283-70ebc4df2189/rows","status":200,"duration_ms":3}
{"event":"http.request","request_id":"4cfd87a1-434a-40ab-904a-f2e6647c56a5","method":"POST","path":"/api/v1/imports/6cdb0ff7-1467-41ca-b283-70ebc4df2189/confirm","status":200,"duration_ms":10}
{"event":"http.request","request_id":"6b45021d-436a-45cb-a384-4f2d55a13ae3","method":"POST","path":"/api/v1/reports","status":202,"duration_ms":13}
{"event":"http.request","request_id":"35398976-52a3-4c92-9d82-042526be9dd7","method":"GET","path":"/api/v1/reports/b6bcf64f-1469-4845-b722-259163a9c51f","status":200,"duration_ms":2}
{"event":"http.request","request_id":"344ff836-55be-4871-9f61-b870b8c78974","method":"GET","path":"/api/v1/reports/b6bcf64f-1469-4845-b722-259163a9c51f","status":200,"duration_ms":9}
{"event":"http.request","request_id":"3cd51be8-ef54-47e7-8150-08456018e75c","method":"GET","path":"/api/v1/reports/f6962e4f-1687-435a-9d43-d45085e14a32","status":200,"duration_ms":6}
{"result":"passed","cases":2}
