{"database":"yoyo","migrations":8}
{"database":"yoyo_test","migrations":26}
{"event":"http.request","request_id":"6ec2462b-2bbd-4122-b80f-17256a8dd986","method":"GET","path":"/api/v1/auth/csrf","status":200,"duration_ms":5}
{"event":"http.request","request_id":"e9b8a5c4-c6b5-4f5b-9bd9-3a4303f382e0","method":"POST","path":"/api/v1/setup","status":201,"duration_ms":34}
{"event":"http.request","request_id":"60468c4f-775c-4a04-8093-5e14cf89affe","method":"GET","path":"/api/v1/auth/csrf","status":200,"duration_ms":1}
{"event":"http.request","request_id":"1f09e42e-ff1b-4446-937b-646182c69dca","method":"POST","path":"/api/v1/auth/login","status":200,"duration_ms":23}
{"event":"http.request","request_id":"ac97c58d-72c1-4c41-830b-2c0561bf9889","method":"GET","path":"/api/v1/me","status":200,"duration_ms":82}
{"event":"http.request","request_id":"0837c5e7-1964-4ffa-b6f6-f930515fef1f","method":"POST","path":"/api/v1/accounts","status":201,"duration_ms":11}
{"event":"http.request","request_id":"b6d7adff-f8ca-4535-9aa3-19747697b629","method":"POST","path":"/api/v1/source-connections","status":201,"duration_ms":6}
{"event":"http.request","request_id":"28386c85-b360-4f5e-8b4d-9195badeb070","method":"GET","path":"/api/v1/source-items","status":200,"duration_ms":4}
{"event":"http.request","request_id":"021ecd84-0770-400c-b3c4-75a56a4dbd57","method":"POST","path":"/api/v1/source-organizations","status":202,"duration_ms":11}
{"event":"http.request","request_id":"2323f0c0-5f53-4320-9602-739edfc5528e","method":"GET","path":"/api/v1/source-organizations/28a5ef42-35e9-4ef3-83a5-6d718925481c","status":200,"duration_ms":2}
{"event":"http.request","request_id":"cb1d3f6a-acd8-4ecb-a8be-250453553b4e","method":"POST","path":"/api/v1/source-organizations","status":202,"duration_ms":6}
{"event":"http.request","request_id":"0d2c4e5a-7b83-417d-a7a8-88b16d4da542","method":"GET","path":"/api/v1/source-organizations/15b072e7-57dd-4af9-a31c-2f1549b373ea","status":200,"duration_ms":2}
{"event":"http.request","request_id":"c5b8c631-080f-4541-aee8-97dff0b1259b","method":"POST","path":"/api/v1/source-organizations/15b072e7-57dd-4af9-a31c-2f1549b373ea/accept","status":200,"duration_ms":5}
{"event":"http.request","request_id":"5c9fcff8-586b-42bb-bbb2-344820386fd4","method":"POST","path":"/api/v1/source-organizations/15b072e7-57dd-4af9-a31c-2f1549b373ea/accept","status":200,"duration_ms":4}
✔ 来源为空不造原文，完整引用保留来源与观察，无自动去重/选题；人工采纳观点幂等 (474.649875ms)
{"event":"http.request","request_id":"f7723294-037a-4401-8d73-9266a25adeb5","method":"POST","path":"/api/v1/source-organizations","status":202,"duration_ms":9}
{"event":"http.request","request_id":"05a66176-ff1a-4b16-ab07-eb50cc87f208","method":"GET","path":"/api/v1/source-organizations/96b43f08-25b3-44c9-9b57-83f41b4e00de","status":200,"duration_ms":4}
{"event":"http.request","request_id":"c11c48b8-4398-42be-8788-ea0be0748f50","method":"POST","path":"/api/v1/source-organizations","status":202,"duration_ms":12}
{"event":"http.request","request_id":"fdac84a7-e7ef-438b-af31-3f779c104cd4","method":"GET","path":"/api/v1/source-organizations/01c01635-4161-4594-bfaf-2b0e09a80996","status":200,"duration_ms":2}
{"event":"http.request","request_id":"e7ede44c-c623-43cd-ab76-3e989e97e4cf","method":"POST","path":"/api/v1/source-organizations","status":202,"duration_ms":5}
{"event":"http.request","request_id":"64db2b8a-125d-4585-871b-1db6aabd29fe","method":"GET","path":"/api/v1/source-organizations/4a754f98-c14b-4f8c-a0a3-13bd0be3b35c","status":200,"duration_ms":1}
{"event":"http.request","request_id":"221990d3-f660-424a-87d5-02fca66f133c","method":"POST","path":"/api/v1/source-organizations","status":202,"duration_ms":4}
{"event":"http.request","request_id":"633aac20-4647-4803-92d4-077dff5ea09f","method":"GET","path":"/api/v1/source-organizations/ee36a514-4e36-4810-b6ec-394e12057845","status":200,"duration_ms":2}
{"event":"http.request","request_id":"ff2d5487-9f0f-4441-ba71-e905774c9d8d","method":"POST","path":"/api/v1/source-organizations","status":202,"duration_ms":4}
{"event":"http.request","request_id":"1cf95c77-aa0e-4117-ab2e-ff9665e04641","method":"GET","path":"/api/v1/source-organizations/338b788c-f70c-4022-b226-c5c90896d19f","status":200,"duration_ms":1}
{"event":"http.request","request_id":"f7df060f-ed51-4f07-92c2-6a630c1e41c3","method":"POST","path":"/api/v1/source-organizations","status":202,"duration_ms":4}
{"event":"http.request","request_id":"1d715c07-7244-4c41-8144-865a4e34be51","method":"GET","path":"/api/v1/source-organizations/cd1f5e63-aa74-467a-889d-96eb56a4d90d","status":200,"duration_ms":2}
✔ 伪造引用/改写原文/注入数字不能落库，允许一次修复并记录用量 (145.589541ms)
{"event":"http.request","request_id":"8d4e8d66-c638-4690-8d71-2e0c86d2cf98","method":"POST","path":"/api/v1/source-organizations","status":202,"duration_ms":5}
{"event":"http.request","request_id":"e27666b5-36d3-457d-b8c3-a617195512f0","method":"GET","path":"/api/v1/source-organizations/f5ab7d54-3c4a-4be9-b79f-90225592abfd","status":200,"duration_ms":2}
{"event":"http.request","request_id":"d343ca41-a00c-4b89-bc7e-891698e91649","method":"POST","path":"/api/v1/source-organizations","status":202,"duration_ms":5}
{"event":"http.request","request_id":"c4a928d8-2946-4b66-94ff-ae1cbd18b407","method":"GET","path":"/api/v1/source-organizations/a0e90cb3-9817-42be-a036-299ad606fa14","status":200,"duration_ms":2}
{"event":"http.request","request_id":"8889d234-400c-4a0b-9d02-0e41d3c2e906","method":"POST","path":"/api/v1/source-organizations","status":202,"duration_ms":5}
{"event":"http.request","request_id":"7043e80d-fe04-43bc-931d-f94e5a7f6ae8","method":"GET","path":"/api/v1/source-organizations/7b10d802-c629-49c1-8468-05418ea0f619","status":200,"duration_ms":1}
{"event":"http.request","request_id":"efceb0e5-8e5e-4efd-b0bf-ef9684ae8269","method":"POST","path":"/api/v1/source-organizations","status":202,"duration_ms":4}
{"event":"http.request","request_id":"ce5dbcd7-0fd0-46d2-a2ce-1c7ca89637e1","method":"GET","path":"/api/v1/source-organizations/7c736d66-5fa3-480e-8131-e4252ce07466","status":200,"duration_ms":2}
{"event":"http.request","request_id":"30e6b3eb-58bd-4645-ab85-8f2ba9e10896","method":"GET","path":"/api/v1/source-organizations/7c736d66-5fa3-480e-8131-e4252ce07466","status":200,"duration_ms":2}
{"event":"http.request","request_id":"1ab7d8ba-efe5-4a50-af5e-84c183dde232","method":"POST","path":"/api/v1/source-organizations/7c736d66-5fa3-480e-8131-e4252ce07466/accept","status":409,"duration_ms":4}
{"event":"http.request","request_id":"668f19c3-8463-4c8d-9471-318d41027ae3","method":"POST","path":"/api/v1/source-organizations","status":202,"duration_ms":5}
{"event":"http.request","request_id":"b04d4a18-67ce-4a23-b3b0-c8d66911d74c","method":"POST","path":"/api/v1/jobs/c6754b12-0e89-4639-940b-b014a56b0b88/cancel","status":200,"duration_ms":4}
{"event":"http.request","request_id":"d58400b2-d623-47a4-8fc6-328a3c0a53e6","method":"GET","path":"/api/v1/source-organizations/15bf63c1-671a-4efe-89f9-2d14535754b4","status":200,"duration_ms":2}
{"event":"http.request","request_id":"bdaaebd5-7366-4c1f-99a9-744d75f5d58b","method":"POST","path":"/api/v1/source-organizations","status":404,"duration_ms":3}
{"event":"http.request","request_id":"4ec22932-acb0-49ab-b310-698153199e99","method":"POST","path":"/api/v1/source-organizations","status":403,"duration_ms":2}
✔ 生成后提交前原文/角色/账号授权变化拒绝，取消不提交；完成后旧来源不能采纳 (95.1075ms)
✔ 来源摘要只能逐字冻结引用，去重不能重复ID或跳过组依据 (0.202083ms)
ℹ tests 4
ℹ suites 0
ℹ pass 4
ℹ fail 0
ℹ cancelled 0
ℹ skipped 0
ℹ todo 0
ℹ duration_ms 1218.167875
