{"database":"yoyo","migrations":8}
{"database":"yoyo_test","migrations":26}
{"event":"http.request","request_id":"3d519599-b12e-4684-85b5-5416adcf156a","method":"GET","path":"/api/v1/auth/csrf","status":200,"duration_ms":6}
{"event":"http.request","request_id":"218d6633-c0ca-4ce4-9f0a-90b720f7d16e","method":"POST","path":"/api/v1/setup","status":201,"duration_ms":34}
{"event":"http.request","request_id":"ffbd6959-27cd-414e-9c07-dcf4865c8df5","method":"GET","path":"/api/v1/auth/csrf","status":200,"duration_ms":2}
{"event":"http.request","request_id":"6dfbfeb8-1754-43af-8f31-9c7290be2db4","method":"POST","path":"/api/v1/auth/login","status":200,"duration_ms":26}
{"event":"http.request","request_id":"200173a1-d107-4b21-a1b1-164aa606b73e","method":"GET","path":"/api/v1/me","status":200,"duration_ms":97}
{"event":"http.request","request_id":"7fd237a4-d3a7-4dab-b9b4-a252c61a6fa9","method":"POST","path":"/api/v1/accounts","status":201,"duration_ms":11}
{"event":"http.request","request_id":"20ce74de-115b-4ff1-a947-1334c6af2650","method":"GET","path":"/api/v1/dashboard","status":200,"duration_ms":11}
{"event":"http.request","request_id":"f8a5731c-ed29-49eb-8a64-7c8f97d38f95","method":"GET","path":"/api/v1/dashboard","status":422,"duration_ms":4}
✔ 工作台真空态没有指标趋势或假任务，未知/禁用能力来自实际配置 (434.085292ms)
{"event":"http.request","request_id":"ec9b0ed0-b969-4e98-b3e9-2c53a8e004e4","method":"POST","path":"/api/v1/publications","status":201,"duration_ms":9}
{"event":"http.request","request_id":"4e22238a-b731-4cfc-a273-6f4bb7b10497","method":"POST","path":"/api/v1/imports","status":202,"duration_ms":8}
{"event":"http.request","request_id":"1ff9961d-f2a0-473e-b31d-c618b147b949","method":"POST","path":"/api/v1/source-connections","status":201,"duration_ms":5}
{"event":"http.request","request_id":"b79739b5-1cda-4e56-a03c-df6537a01f6e","method":"POST","path":"/api/v1/feedback","status":201,"duration_ms":6}
{"event":"http.request","request_id":"b6b7a34b-defd-49c2-ae16-8b61d4a6abfa","method":"GET","path":"/api/v1/dashboard","status":200,"duration_ms":3}
{"event":"http.request","request_id":"c557a330-b9a3-410d-809b-e69460a1054b","method":"GET","path":"/api/v1/imports/0c230b9e-0d9a-48f2-a5c7-8744f1a8c63f/rows","status":200,"duration_ms":3}
{"event":"http.request","request_id":"69bbf338-ef61-4f5e-828a-6cfae1cbf257","method":"POST","path":"/api/v1/imports/0c230b9e-0d9a-48f2-a5c7-8744f1a8c63f/confirm","status":200,"duration_ms":10}
{"event":"http.request","request_id":"c0a28d1a-18bf-4124-861c-224efcb6a243","method":"GET","path":"/api/v1/dashboard","status":200,"duration_ms":3}
✔ 真实待确认/来源异常/缺数据最多三项可直达，已确认历史值溯源不冒充实时 (76.494583ms)
{"event":"http.request","request_id":"263a1dbb-ed1e-44d8-87fc-9a89c0bc7376","method":"POST","path":"/api/v1/members","status":201,"duration_ms":26}
{"event":"http.request","request_id":"64402cdb-b0db-459a-b550-25e199ec8e08","method":"GET","path":"/api/v1/auth/csrf","status":200,"duration_ms":1}
{"event":"http.request","request_id":"3df17d6a-bb6b-4d11-9b65-29c16e113118","method":"POST","path":"/api/v1/auth/accept-invite","status":200,"duration_ms":18}
{"event":"http.request","request_id":"963132c9-ba38-4735-b079-6263227afc4f","method":"GET","path":"/api/v1/auth/csrf","status":200,"duration_ms":1}
{"event":"http.request","request_id":"2030330d-40f0-467b-b8d1-a6e1966d3d5c","method":"POST","path":"/api/v1/auth/login","status":200,"duration_ms":20}
{"event":"http.request","request_id":"c6a158da-41f3-4a52-889b-073dbb949e51","method":"GET","path":"/api/v1/dashboard","status":200,"duration_ms":2}
{"event":"http.request","request_id":"4167ff78-f4ca-44aa-8c1b-2f8f32b6001e","method":"GET","path":"/api/v1/dashboard","status":404,"duration_ms":1}
{"event":"http.request","request_id":"b4231697-7f4e-43ad-be97-acb589d995a3","method":"GET","path":"/api/v1/dashboard","status":422,"duration_ms":2}
✔ 跨账号工作台不泄漏指标与反馈/导入任务，非法或不可见深链拒绝 (78.953375ms)
ℹ tests 3
ℹ suites 0
ℹ pass 3
ℹ fail 0
ℹ cancelled 0
ℹ skipped 0
ℹ todo 0
ℹ duration_ms 1202.758292
