{"database":"yoyo","migrations":8}
{"database":"yoyo_test","migrations":26}
Applied 001-foundation.sql
Applied 002-invitations.sql
Applied 003-outbox-composite-unique.sql
Applied 004-files.sql
Applied 005-assets.sql
Applied 006-media.sql
Applied 007-s2-contract-fields.sql
Applied 008-s2-governance.sql
Applied 009-collection-runtime.sql
Applied 010-source-evidence.sql
Applied 011-ai-gateway.sql
Applied 012-ai-requests.sql
Applied 013-topics.sql
Applied 014-topic-observation-binding.sql
Applied 015-generated-briefs.sql
Applied 016-frozen-revision-immutability.sql
Applied 017-graphic-deliverables.sql
Applied 018-content-production-metadata.sql
Applied 019-content-reviews.sql
Applied 020-content-cancellation.sql
Applied 021-export-packages.sql
Applied 022-publications.sql
Applied 023-published-work-items.sql
Applied 024-publication-changes.sql
Applied 025-independent-notes-files.sql
Applied 026-retire-cancelled-workflows.sql
Applied 027-import-batches.sql
Applied 028-metric-confirmation.sql
Applied 029-metric-revert-provenance.sql
Applied 030-metric-calculations.sql
Applied 031-import-derived-invalidation.sql
Applied 032-derived-metric-dictionary.sql
Applied 033-current-calculation-fingerprint.sql
{"event":"http.request","request_id":"d2542d97-9d4e-4f69-98b3-cdcfd8ead682","method":"GET","path":"/api/v1/auth/csrf","status":200,"duration_ms":4}
{"event":"http.request","request_id":"64b3a2e5-c5b0-4a1b-898e-3bd122edb60e","method":"POST","path":"/api/v1/setup","status":201,"duration_ms":29}
{"event":"http.request","request_id":"0a960d62-7994-4558-b23f-cd7c4a7f965e","method":"GET","path":"/api/v1/auth/csrf","status":200,"duration_ms":1}
{"event":"http.request","request_id":"2e33d5c8-ee2a-4540-b881-1bb40a6f719e","method":"POST","path":"/api/v1/auth/login","status":200,"duration_ms":20}
{"event":"http.request","request_id":"1a70eecc-05cd-42df-84be-1aaec3d59670","method":"GET","path":"/api/v1/me","status":200,"duration_ms":83}
{"event":"http.request","request_id":"e847db10-15e3-4957-9837-2ba06dc7d991","method":"POST","path":"/api/v1/accounts","status":201,"duration_ms":10}
{"event":"http.request","request_id":"78982027-6650-44a6-9357-f1e088c2a29b","method":"POST","path":"/api/v1/publications","status":201,"duration_ms":8}
{"event":"http.request","request_id":"e1f8e353-929e-4b02-bc25-0a0804bb5adf","method":"POST","path":"/api/v1/publications","status":201,"duration_ms":7}
{"event":"http.request","request_id":"e4499368-d9a8-43fe-be63-a94ffff31355","method":"GET","path":"/api/v1/metrics/analysis","status":200,"duration_ms":3}
{"event":"http.request","request_id":"7a67f2a8-c98f-4ec9-a765-2f2653a4cb07","method":"GET","path":"/api/v1/metrics/analysis","status":404,"duration_ms":3}
{"event":"http.request","request_id":"0e2b822c-8c90-426c-9866-bc144dd642d4","method":"GET","path":"/api/v1/metrics/analysis","status":404,"duration_ms":2}
{"event":"http.request","request_id":"3bd8805b-ba6a-493d-805c-17e230979d3d","method":"GET","path":"/api/v1/metrics/analysis","status":422,"duration_ms":1}
{"event":"http.request","request_id":"82f59838-f635-4ea4-af4a-e8df81b580cf","method":"GET","path":"/api/v1/metrics/analysis","status":422,"duration_ms":2}
{"event":"http.request","request_id":"6abbc631-9d27-4b58-8c09-c6662b7a3783","method":"GET","path":"/api/v1/metrics/analysis","status":422,"duration_ms":2}
{"event":"http.request","request_id":"427c1ce8-78e8-4434-b3c6-826780481bff","method":"GET","path":"/api/v1/metrics/analysis","status":422,"duration_ms":2}
{"event":"http.request","request_id":"aa8efdb3-e890-4a45-a982-dcb5d41f6ec7","method":"GET","path":"/api/v1/metrics/analysis","status":404,"duration_ms":2}
✔ 看板真空态、未知账号/笔记/跨账号/越权与非法筛选拒绝 (557.492709ms)
{"event":"http.request","request_id":"cf2256d9-c334-492f-9251-c3fc5c9f80a0","method":"POST","path":"/api/v1/imports","status":202,"duration_ms":10}
{"event":"http.request","request_id":"5cc77237-7479-4f3c-a1a0-0439871da72f","method":"GET","path":"/api/v1/imports/09161388-4996-4e4d-8dce-bf6bffbdbe02/rows","status":200,"duration_ms":2}
{"event":"http.request","request_id":"102051a6-7614-4be7-8d63-7e8806a8b0fb","method":"POST","path":"/api/v1/imports/09161388-4996-4e4d-8dce-bf6bffbdbe02/confirm","status":200,"duration_ms":8}
{"event":"http.request","request_id":"42170397-ce93-4b14-bf94-c2e059a88604","method":"POST","path":"/api/v1/imports","status":202,"duration_ms":5}
{"event":"http.request","request_id":"e7036eec-c8ff-41e0-9ab4-0d5d91f4515b","method":"GET","path":"/api/v1/imports/cc490086-645b-4acb-a39e-0ef568e11997/rows","status":200,"duration_ms":2}
{"event":"http.request","request_id":"8713d7fd-ea17-4a88-9146-4030eda04f56","method":"POST","path":"/api/v1/imports/cc490086-645b-4acb-a39e-0ef568e11997/confirm","status":200,"duration_ms":7}
{"event":"http.request","request_id":"729a983d-8f4b-4ffc-8f19-8b34294cd915","method":"POST","path":"/api/v1/imports","status":202,"duration_ms":5}
{"event":"http.request","request_id":"14ae5cea-7d41-4b48-8d49-f307c50d9462","method":"GET","path":"/api/v1/imports/325de2e0-89fc-4360-9f8f-173086da38ed/rows","status":200,"duration_ms":2}
{"event":"http.request","request_id":"9f2ef109-c902-41b9-8d7f-f8330616a12e","method":"POST","path":"/api/v1/imports/325de2e0-89fc-4360-9f8f-173086da38ed/confirm","status":200,"duration_ms":6}
{"event":"http.request","request_id":"d9061f2f-786c-44ab-aee4-87435c7768d7","method":"POST","path":"/api/v1/imports","status":202,"duration_ms":5}
{"event":"http.request","request_id":"576c95da-3be6-4bb0-a522-0a7d619eb83c","method":"GET","path":"/api/v1/imports/58d424fe-3144-480f-a31b-1576895f0096/rows","status":200,"duration_ms":2}
{"event":"http.request","request_id":"364e092e-16a3-4e29-80b2-19e135a6d6c7","method":"POST","path":"/api/v1/imports/58d424fe-3144-480f-a31b-1576895f0096/confirm","status":200,"duration_ms":7}
{"event":"http.request","request_id":"49cc771f-8499-49e5-8710-0c81c8ec23b4","method":"POST","path":"/api/v1/imports","status":202,"duration_ms":5}
{"event":"http.request","request_id":"a04f05dd-6a02-4d6f-bf1c-9b45cd31d96a","method":"GET","path":"/api/v1/imports/4f98e4da-81a9-4f68-a788-0a0382ac3c10/rows","status":200,"duration_ms":2}
{"event":"http.request","request_id":"4d3ba160-aee7-4767-94a3-52c325a32c21","method":"POST","path":"/api/v1/imports/4f98e4da-81a9-4f68-a788-0a0382ac3c10/confirm","status":200,"duration_ms":9}
{"event":"http.request","request_id":"0ecd70e0-7563-4d7c-9acb-415010691d91","method":"POST","path":"/api/v1/imports","status":202,"duration_ms":4}
{"event":"http.request","request_id":"9fbb2268-91ee-4850-8fcb-abaf10dd5b32","method":"GET","path":"/api/v1/imports/9d9bef60-6ab5-42d0-919a-7d51ddd77830/rows","status":200,"duration_ms":1}
{"event":"http.request","request_id":"85a9f001-3f05-4bd5-84a3-8028089cc9b3","method":"POST","path":"/api/v1/imports/9d9bef60-6ab5-42d0-919a-7d51ddd77830/confirm","status":200,"duration_ms":7}
{"event":"http.request","request_id":"5aa1f020-be39-47c1-b2a5-e9cb692a2f7d","method":"POST","path":"/api/v1/imports","status":202,"duration_ms":5}
{"event":"http.request","request_id":"c8134612-aa47-49b5-997a-d0eacbf8711a","method":"GET","path":"/api/v1/imports/c7d7e20f-265c-4350-b623-0e9045afe8ee/rows","status":200,"duration_ms":1}
{"event":"http.request","request_id":"7b8f28b9-93c1-47ea-b0f2-cede058f8723","method":"POST","path":"/api/v1/imports/c7d7e20f-265c-4350-b623-0e9045afe8ee/confirm","status":200,"duration_ms":5}
{"event":"http.request","request_id":"10ba8830-a810-443b-bb5d-e22b0a513d5b","method":"GET","path":"/api/v1/metrics","status":200,"duration_ms":2}
{"event":"http.request","request_id":"b5209586-5de5-417b-ade2-981bc344ef1f","method":"GET","path":"/api/v1/metrics/calculations","status":200,"duration_ms":9}
{"event":"http.request","request_id":"35e4ba58-ec4e-42f4-ae7a-abb4854b07f5","method":"GET","path":"/api/v1/metrics/analysis","status":200,"duration_ms":2}
{"event":"http.request","request_id":"0ebc6de3-be98-4aec-8d4a-4c8a56f5c65f","method":"GET","path":"/api/v1/metrics/analysis","status":200,"duration_ms":1}
{"event":"http.request","request_id":"a3de2daf-e683-4bdd-bd73-14677f7472f7","method":"POST","path":"/api/v1/imports","status":202,"duration_ms":4}
{"event":"http.request","request_id":"3c5c874e-b07b-4cf0-90e6-a9b5f4240b70","method":"GET","path":"/api/v1/metrics/analysis","status":200,"duration_ms":1}
✔ 分析完整口径分组，形式/流量/窗口正确，期末快照不进列表却参与计算 (146.744625ms)
✔ 缺失/约数/单快照/混合流量与统计类型保持分离，不填趋势 (0.245625ms)
{"event":"http.request","request_id":"4bea10a0-18a0-4532-9295-e7f65307b6dd","method":"GET","path":"/api/v1/metrics/calculations","status":200,"duration_ms":6}
✖ 发布时间复核恢复同数据重算必须新ID且旧计算仍stale (7.514417ms)
ℹ tests 4
ℹ suites 0
ℹ pass 3
ℹ fail 1
ℹ cancelled 0
ℹ skipped 0
ℹ todo 0
ℹ duration_ms 1396.606291

✖ failing tests:

test at tests/analytics.test.ts:2:7938
✖ 发布时间复核恢复同数据重算必须新ID且旧计算仍stale (7.514417ms)
  AssertionError [ERR_ASSERTION]: Expected values to be strictly equal:

  null !== '4.000000'

      at TestContext.<anonymous> (/Users/junlong/projects/social-mdeida-ops-platform/tests/analytics.test.ts:16:321)
      at process.processTicksAndRejections (node:internal/process/task_queues:104:5)
      at async Test.run (node:internal/test_runner/test:1125:7)
      at async Test.processPendingSubtests (node:internal/test_runner/test:787:7) {
    generatedMessage: true,
    code: 'ERR_ASSERTION',
    actual: null,
    expected: '4.000000',
    operator: 'strictEqual',
    diff: 'simple'
  }
