{"database":"yoyo","migrations":8}
{"database":"yoyo_test","migrations":26}
Applied 001-foundation.sql
Applied 002-invitations.sql
Applied 003-outbox-composite-unique.sql
Applied 004-files.sql
Applied 005-assets.sql
Applied 006-media.sql
Applied 007-s2-contract-fields.sql
Applied 008-s2-governance.sql
Applied 009-collection-runtime.sql
Applied 010-source-evidence.sql
Applied 011-ai-gateway.sql
Applied 012-ai-requests.sql
Applied 013-topics.sql
Applied 014-topic-observation-binding.sql
Applied 015-generated-briefs.sql
Applied 016-frozen-revision-immutability.sql
Applied 017-graphic-deliverables.sql
Applied 018-content-production-metadata.sql
Applied 019-content-reviews.sql
Applied 020-content-cancellation.sql
Applied 021-export-packages.sql
Applied 022-publications.sql
Applied 023-published-work-items.sql
Applied 024-publication-changes.sql
Applied 025-independent-notes-files.sql
Applied 026-retire-cancelled-workflows.sql
Applied 027-import-batches.sql
Applied 028-metric-confirmation.sql
Applied 029-metric-revert-provenance.sql
Applied 030-metric-calculations.sql
Applied 031-import-derived-invalidation.sql
Applied 032-derived-metric-dictionary.sql
Applied 033-current-calculation-fingerprint.sql
Applied 034-reports-and-strategies.sql
{"event":"http.request","request_id":"b7dfe243-2bb4-45af-98fd-3d8cb21d6d7b","method":"GET","path":"/api/v1/auth/csrf","status":200,"duration_ms":4}
{"event":"http.request","request_id":"78b88f72-1280-498d-90c9-07fccb6c0c7e","method":"POST","path":"/api/v1/setup","status":201,"duration_ms":26}
{"event":"http.request","request_id":"4d74d350-8afe-45c6-a305-60b927881c78","method":"GET","path":"/api/v1/auth/csrf","status":200,"duration_ms":0}
{"event":"http.request","request_id":"eb6b7d0d-547c-4285-92fe-ab32e8f2e5c1","method":"POST","path":"/api/v1/auth/login","status":200,"duration_ms":19}
{"event":"http.request","request_id":"9fab760b-4bef-470b-a30f-37a4f7430d34","method":"GET","path":"/api/v1/me","status":200,"duration_ms":80}
{"event":"http.request","request_id":"f3828fb8-c4e5-4f28-9ec7-e3b019b4f312","method":"POST","path":"/api/v1/accounts","status":201,"duration_ms":10}
{"event":"http.request","request_id":"6738937e-4b4c-480d-a7ac-3c5601d8b074","method":"POST","path":"/api/v1/reports","status":503,"duration_ms":7}
S8_REPORT_EVALUATION_FAILED {"code":"AI_DISABLED","message":"AI不可用；仍可查看和手工核对指标","field_errors":{},"retryable":false,"request_id":"6738937e-4b4c-480d-a7ac-3c5601d8b074"}

503 !== 202
