{"database":"yoyo","migrations":8}
{"database":"yoyo_test","migrations":26}
[WebServer] (node:9724) Warning: The 'NO_COLOR' env is ignored due to the 'FORCE_COLOR' env being set.
[WebServer] (Use `node --trace-warnings ...` to show where the warning was created)
[WebServer] (node:9725) Warning: The 'NO_COLOR' env is ignored due to the 'FORCE_COLOR' env being set.
[WebServer] (Use `node --trace-warnings ...` to show where the warning was created)
[WebServer] (node:9731) Warning: The 'NO_COLOR' env is ignored due to the 'FORCE_COLOR' env being set.
[WebServer] (Use `node --trace-warnings ...` to show where the warning was created)
[WebServer] (node:9731) Warning: The 'NO_COLOR' env is ignored due to the 'FORCE_COLOR' env being set.
[WebServer] (Use `node --trace-warnings ...` to show where the warning was created)

Running 2 tests using 1 worker

(node:9777) Warning: The 'NO_COLOR' env is ignored due to the 'FORCE_COLOR' env being set.
(Use `node --trace-warnings ...` to show where the warning was created)
(node:9777) Warning: The 'NO_COLOR' env is ignored due to the 'FORCE_COLOR' env being set.
(Use `node --trace-warnings ...` to show where the warning was created)
  ✓  1 tests/browser.spec.ts:5:5 › 首次设置、三导航、账号表单、设置保存、键盘抽屉和退出 (2.2s)
  ✘  2 tests/browser.spec.ts:92:5 › S8 周报partial/final/stale、事实计算来源和策略人工激活，合成模型不自动操作 (10.5s)


  1) tests/browser.spec.ts:92:5 › S8 周报partial/final/stale、事实计算来源和策略人工激活，合成模型不自动操作 ─────────────────

    Error: expect(locator).toBeVisible() failed

    Locator: getByRole('region', { name: '报告详情' }).getByRole('heading', { name: '数据不完整', exact: true })
    Expected: visible
    Timeout: 5000ms
    Error: element(s) not found

    Call log:
      - Expect "toBeVisible" with timeout 5000ms
      - waiting for getByRole('region', { name: '报告详情' }).getByRole('heading', { name: '数据不完整', exact: true })


    Call Log:
    - Timeout 10000ms exceeded while waiting on the predicate

      93 |  const errors:string[]=[];page.on('pageerror',e=>errors.push(e.message));await page.goto('/');await page.getByLabel('邮箱').fill('browser@example.test');await page.getByLabel('密码',{exact:false}).fill('Browser-test-password-987');await page.getByRole('button',{name:'登录',exact:true}).click();await expect(page.getByRole('heading',{name:'测试运营，欢迎回来'})).toBeVisible();const csrf=(await (await page.request.get('/api/v1/auth/csrf')).json()).data.csrf_token;
      94 |  const post=async(path:string,data:any)=>{const r=await page.request.post('/api/v1'+path,{headers:{Origin:'http://127.0.0.1:3001','X-CSRF-Token':csrf,'Idempotency-Key':crypto.randomUUID()},data});const body=await r.json();expect(r.ok(),JSON.stringify(body.error)).toBe(true);return body.data;};const a=await post('/accounts',{platform:'xiaohongshu',platform_user_id:'s8-browser-report',name:'明确合成报告账号'});
    > 95 |  await page.getByRole('link',{name:'数据复盘',exact:true}).click();await page.getByRole('combobox',{name:'笔记账号',exact:true}).selectOption(a.id);await page.getByLabel('报告开始（带时区 ISO8601）').fill('2026-09-01T00:00:00Z');await page.getByLabel('报告结束（带时区 ISO8601）').fill('2026-09-08T00:00:00Z');await page.getByRole('button',{name:'生成复盘报告'}).click();const report=page.getByRole('region',{name:'报告详情'});await expect(async()=>{await page.getByRole('button',{name:'刷新报告',exact:true}).click();await expect(report.getByRole('heading',{name:'数据不完整',exact:true})).toBeVisible();}).toPass({timeout:10000});await expect(report).toContainText('窗口内无已确认观察');expect(await page.getByRole('button',{name:'人工激活策略'}).count()).toBe(0);
         |                                                                                                                                                                                                                                                                                                                                                                                                                                                                                                                                                                                    ^
      96 |  for(const [time,value] of [['2026-09-01T00:00:00Z','600'],['2026-09-08T00:00:00Z','631']]){const b=await post('/imports',{account_id:a.id,file_ids:[],source_type:'manual',manual_rows:[{target:{account_id:a.id,publication_id:null},metric_key:'followers',definition_version:'1',aggregation_kind:'snapshot',value,unit:'人',observed_at:time,traffic_type:'organic',source_definition:'合成周报后台定义',time_precision:'day'}]});const rows=(await (await page.request.get('/api/v1/imports/'+b.id+'/rows')).json()).data.items;await post('/imports/'+b.id+'/confirm',{row_ids:rows.map((r:any)=>r.id),conflict_resolutions:[],reason:'合成报告输入确认',expected_version:b.version});}
      97 |  await page.getByRole('button',{name:'刷新报告',exact:true}).click();await expect(report).toContainText('报告依据已变更');await page.getByRole('button',{name:'生成复盘报告'}).click();await expect(async()=>{await page.getByRole('button',{name:'刷新报告',exact:true}).click();await expect(report.getByRole('heading',{name:'当前报告',exact:true})).toBeVisible();}).toPass({timeout:10000});await expect(report).toContainText('31.000000');await report.getByRole('button',{name:'查看报告计算依据'}).focus();await page.keyboard.press('Enter');await expect(page.getByRole('dialog')).toContainText('600');await expect(page.getByRole('dialog')).toContainText('631');await page.keyboard.press('Escape');await expect(report.getByRole('button',{name:'查看报告计算依据'})).toBeFocused();await report.getByRole('checkbox').check();await page.getByLabel('采纳实验原因').fill('人工核对合成实验');await page.getByRole('button',{name:'采纳所选实验'}).click();await expect(report).toContainText('待确认');await expect(report).not.toContainText('已激活');await page.getByLabel(/策略确认原因/).fill('仅按合成证据测试激活');await page.getByRole('button',{name:'人工激活策略'}).click();await expect(report).toContainText('已激活');await expect(page.getByRole('status')).toContainText('策略已人工激活');mkdirSync((process.env.EVIDENCE_DIR??'docs/evidence/s8')+'/screenshots',{recursive:true});await page.screenshot({path:(process.env.EVIDENCE_DIR??'docs/evidence/s8')+'/screenshots/report-active.png',fullPage:true});expect(errors).toEqual([]);
      98 | });
        at /Users/junlong/projects/social-mdeida-ops-platform/tests/browser.spec.ts:95:564

    attachment #1: screenshot (image/png) ──────────────────────────────────────────────────────────
    test-results/browser-S8-周报partial-final-stale、事实计算来源和策略人工激活，合成模型不自动操作/test-failed-1.png
    ────────────────────────────────────────────────────────────────────────────────────────────────

    Error Context: test-results/browser-S8-周报partial-final-stale、事实计算来源和策略人工激活，合成模型不自动操作/error-context.md

    attachment #3: trace (application/zip) ─────────────────────────────────────────────────────────
    test-results/browser-S8-周报partial-final-stale、事实计算来源和策略人工激活，合成模型不自动操作/trace.zip
    Usage:

        pnpm exec playwright show-trace test-results/browser-S8-周报partial-final-stale、事实计算来源和策略人工激活，合成模型不自动操作/trace.zip

    ────────────────────────────────────────────────────────────────────────────────────────────────

  1 failed
    tests/browser.spec.ts:92:5 › S8 周报partial/final/stale、事实计算来源和策略人工激活，合成模型不自动操作 ──────────────────
  1 passed (15.3s)
