Instance credentials ready; no secrets printed.
 Image yoyo-import-parser-local:1.2.0 Building
#1 [internal] load local bake definitions
#1 reading from stdin 611B done
#1 DONE 0.0s

#2 [internal] load build definition from Dockerfile
#2 transferring dockerfile: 1.19kB done
#2 DONE 0.0s

#3 [internal] load metadata for docker.io/library/node:24.14.1-bookworm-slim@sha256:b506e7321f176aae77317f99d67a24b272c1f09f1d10f1761f2773447d8da26c
#3 DONE 0.0s

#4 [internal] load .dockerignore
#4 transferring context: 177B done
#4 DONE 0.0s

#5 [build 1/4] FROM docker.io/library/node:24.14.1-bookworm-slim@sha256:b506e7321f176aae77317f99d67a24b272c1f09f1d10f1761f2773447d8da26c
#5 resolve docker.io/library/node:24.14.1-bookworm-slim@sha256:b506e7321f176aae77317f99d67a24b272c1f09f1d10f1761f2773447d8da26c done
#5 DONE 0.0s

#6 [internal] load build context
#6 transferring context: 191B done
#6 DONE 0.0s

#7 [build 2/4] RUN --mount=type=cache,target=/var/cache/apt,sharing=locked rm -f /etc/apt/apt.conf.d/docker-clean && apt-get update && apt-get -o Acquire::Retries=3 install -y --no-install-recommends gcc libc6-dev linux-libc-dev
#7 CACHED

#8 [build 4/4] RUN gcc -O2 -Wall /sandbox.c -o /media-sandbox
#8 CACHED

#9 [stage-1 5/6] COPY tools/media/import-validate.py /usr/local/lib/yoyo/import-validate.py
#9 CACHED

#10 [stage-1 2/6] RUN --mount=type=cache,target=/var/cache/apt,sharing=locked rm -f /etc/apt/apt.conf.d/docker-clean && apt-get update && (apt-get -o Acquire::Retries=3 install -y --no-install-recommends python3 python3-pil ca-certificates || apt-get -o Acquire::Retries=3 install -y --no-install-recommends python3 python3-pil ca-certificates) && rm -rf /var/lib/apt/lists/* && mkdir /scratch && chown node:node /scratch
#10 CACHED

#11 [build 3/4] COPY tools/media/sandbox.c /sandbox.c
#11 CACHED

#12 [stage-1 3/6] COPY --from=build /media-sandbox /usr/local/bin/media-sandbox
#12 CACHED

#13 [stage-1 4/6] COPY tools/media/server.mjs /app/server.mjs
#13 CACHED

#14 [stage-1 6/6] WORKDIR /app
#14 CACHED

#15 exporting to image
#15 exporting layers done
#15 exporting manifest sha256:51786bd5c267c0bf22604c3a91434d05b85bae98ea1a2ffaa0ad7f78ef41656f done
#15 exporting config sha256:5d0192fe4ce853f3a44320fe5c892a0b89aef300aaed94a38b681f5e3fa1ccbc done
#15 exporting attestation manifest sha256:2c5dc20f035864d3d98be8bd3561a4186206d76d2913f23f6f56f0d888ca196c done
#15 exporting manifest list sha256:e8e4d34125a7ec3c300bcfc199bfb874ab0050af745773333bbf12bf85a3a284 done
#15 naming to docker.io/library/yoyo-import-parser-local:1.2.0 done
#15 unpacking to docker.io/library/yoyo-import-parser-local:1.2.0 done
#15 DONE 0.0s

#16 resolving provenance for metadata file
#16 DONE 0.0s
 Image yoyo-import-parser-local:1.2.0 Built
 Container yoyo-s11-tests-storage-1 Running
 Container yoyo-s11-tests-media-executor-1 Recreate
 Container yoyo-s11-tests-media-executor-1 Recreated
 Container yoyo-s11-tests-media-executor-1 Starting
 Container yoyo-s11-tests-media-executor-1 Started
 Container yoyo-s11-tests-media-executor-1 Waiting
 Container yoyo-s11-tests-storage-1 Waiting
 Container yoyo-s11-tests-media-executor-1 Healthy
 Container yoyo-s11-tests-storage-1 Healthy
Private storage ready.

> yoyo-workbench@0.1.0 check /Users/junlong/projects/social-mdeida-ops-platform
> pnpm build && pnpm typecheck && pnpm test


> yoyo-workbench@0.1.0 build /Users/junlong/projects/social-mdeida-ops-platform
> pnpm db:generate && tsc -p tsconfig.json && pnpm --filter @yoyo/web build


> yoyo-workbench@0.1.0 db:generate /Users/junlong/projects/social-mdeida-ops-platform
> prisma generate

Loaded Prisma config from prisma.config.ts.

Prisma schema loaded from packages/db/prisma/schema.prisma.

✔ Generated Prisma Client (v7.10.0) to ./node_modules/.pnpm/@prisma+client@7.10.0_prisma@7.10.0_@types+react-dom@19.2.2_@types+react@19.2.2__@types_a5f616641512722fa171c0ec0738743a/node_modules/@prisma/client in 213ms

Start by importing your Prisma Client (See: https://pris.ly/d/importing-client)



> @yoyo/web@0.1.0 build /Users/junlong/projects/social-mdeida-ops-platform/apps/web
> vite build

vite v8.3.3 building client environment for production...
transforming...
✓ 20 modules transformed.
rendering chunks...
computing gzip size...
dist/index.html                   0.36 kB │ gzip:  0.29 kB
dist/assets/index-Cy1lPCNN.css    8.82 kB │ gzip:  2.68 kB
dist/assets/index-BrPEiW5j.js   270.75 kB │ gzip: 82.25 kB

✓ built in 71ms

> yoyo-workbench@0.1.0 typecheck /Users/junlong/projects/social-mdeida-ops-platform
> tsc --noEmit -p tsconfig.json && pnpm --filter @yoyo/web typecheck


> @yoyo/web@0.1.0 typecheck /Users/junlong/projects/social-mdeida-ops-platform/apps/web
> tsc --noEmit


> yoyo-workbench@0.1.0 test /Users/junlong/projects/social-mdeida-ops-platform
> node tools/test-env.mjs

✔ 新范围固定20例可重现，覆盖来源/许可/旧版本和零素材，无生产工作流 (5.821916ms)
✔ 伪造ID、生产/排期字段、注入、许可撤回、旧Schema与无来源fact无法通过硬门槛 (0.9635ms)
✔ 白名单ID不是事实证明，必须逐字引用对应冻结来源 (0.105208ms)
✔ 未知真实工时及已取消输入缺口不能进入当前模型结果 (0.136625ms)
{"event":"http.request","request_id":"5b228cf8-075c-45bd-a112-9de6a09afc14","method":"GET","path":"/api/v1/auth/csrf","status":200,"duration_ms":5}
{"event":"http.request","request_id":"3cbd6c1b-f78d-43e4-8ae9-5fc0250b73d8","method":"POST","path":"/api/v1/setup","status":201,"duration_ms":31}
{"event":"http.request","request_id":"89859b67-604a-466f-8102-df1855d78935","method":"GET","path":"/api/v1/auth/csrf","status":200,"duration_ms":1}
{"event":"http.request","request_id":"4d095c33-a9b6-40d7-a694-118db926af78","method":"POST","path":"/api/v1/auth/login","status":200,"duration_ms":22}
{"event":"http.request","request_id":"19c80807-e0d7-4bcb-9fed-ca81f82580fe","method":"GET","path":"/api/v1/me","status":200,"duration_ms":107}
✔ 合法结构缓存复用；输入/模型/提示词/允许ID变化均失效，记录真实用量而未知费用不填零 (435.901542ms)
✔ 单次修复结构错误；禁止伪造ID，最终失败无结果 (24.718834ms)
✔ 业务校验必须通过；输入/Schema版本输出必须一致 (15.203458ms)
✔ 同输入并发只发一次模型调用；运行锁保留，显式失败后能重试 (16.946625ms)
✔ 取消/超时拒绝结果，包括忽视signal的provider；取消不会进入缓存 (1010.650417ms)
✔ 预算在调用前拒绝并发超支；单价估算与供应商账单明确区分 (13.837625ms)
✔ 缺配置禁用/权限或未知ID字段明确失败；模型错误不包含原始provider敏感文本 (6.983333ms)
✔ 独立预算空间的并发预留真正拒绝超支，一次修复累计计入单任务预算 (17.399333ms)
✔ 嵌套证据对象只校验真正的source_item_id，未知来源不能借对象绕过白名单 (0.408416ms)
✔ Job取消把信号传给AI调用；基础版本变化拒绝候选应用 (310.05075ms)
✔ 跨空间身份/非运行Job拒绝调用；已死进程运行可恢复但不会覆盖原记录 (20.755417ms)
✔ 缓存每次复查Schema、允许引用、业务规则与版本，损坏缓存拒绝使用 (12.266667ms)
✔ 数据库Date在提示词与缓存版本中保留ISO时间，不变成空对象 (11.667375ms)
✔ 截断响应明确失败仍记真实tokens和费用，不把已收费调用当零消费 (16.096208ms)
{"event":"http.request","request_id":"02fb7e17-0d40-4afd-99d8-b37587fffd9f","method":"GET","path":"/api/v1/auth/csrf","status":200,"duration_ms":5}
{"event":"http.request","request_id":"b9a50911-3756-40d1-8a1c-2d57bb066b46","method":"POST","path":"/api/v1/setup","status":201,"duration_ms":34}
{"event":"http.request","request_id":"9b988f06-ef3c-433c-92eb-071457159c77","method":"GET","path":"/api/v1/auth/csrf","status":200,"duration_ms":2}
{"event":"http.request","request_id":"e34c5d95-5414-4b13-87b3-46eb3811ce64","method":"POST","path":"/api/v1/auth/login","status":200,"duration_ms":24}
{"event":"http.request","request_id":"0b8a513c-d774-4e97-a6ca-c21a4a7ec27b","method":"GET","path":"/api/v1/me","status":200,"duration_ms":71}
{"event":"http.request","request_id":"c0b2bb32-1f7c-4960-a321-cf86466a2c77","method":"POST","path":"/api/v1/accounts","status":201,"duration_ms":11}
{"event":"http.request","request_id":"47072f82-6294-47e3-a596-dbcee817cc7b","method":"POST","path":"/api/v1/topic-generations","status":202,"duration_ms":12}
{"event":"http.request","request_id":"c7cb633d-78e0-4027-af1b-781eef65f0dc","method":"POST","path":"/api/v1/topic-generations","status":202,"duration_ms":4}
{"event":"http.request","request_id":"09fdc4ac-c003-4237-8b60-0f73969a8065","method":"GET","path":"/api/v1/ai-requests/0065258b-0633-48e9-ae2b-bacf63a27a4e","status":200,"duration_ms":3}
{"event":"http.request","request_id":"ddad3df7-7e72-465d-b3e2-3251417e8573","method":"GET","path":"/api/v1/ai-requests/0065258b-0633-48e9-ae2b-bacf63a27a4e","status":200,"duration_ms":1}
✔ API幂等受理冻结输入，Outbox/worker产生建议而不建立内容，契约响应可读 (394.815917ms)
{"event":"http.request","request_id":"726e5ecd-9a0e-468c-b970-6ed5f46e15f7","method":"POST","path":"/api/v1/topic-generations","status":422,"duration_ms":4}
{"event":"http.request","request_id":"ccbbee9f-8207-40fa-ad98-b3a73368721f","method":"POST","path":"/api/v1/topic-generations","status":503,"duration_ms":3}
{"event":"http.request","request_id":"8dccb25f-c4c6-4af6-977e-025c80b29d5b","method":"GET","path":"/api/v1/ai-requests/b8f42574-bc2e-43cf-96f3-8061a0678fc3","status":404,"duration_ms":1}
✔ 配置未启用和无效时段拒绝；未知请求不泄漏 (12.778959ms)
{"event":"http.request","request_id":"8ef0fc88-1ab5-4546-936e-ed03d7cc7c48","method":"POST","path":"/api/v1/topic-generations","status":202,"duration_ms":5}
{"event":"http.request","request_id":"611a055b-f882-4639-8558-4d4aeb915696","method":"GET","path":"/api/v1/ai-requests/96fb658f-552b-4e2b-9158-fcd5aeaf4384","status":200,"duration_ms":2}
{"event":"http.request","request_id":"dcae1af2-14e0-42c7-827a-f3640d94be76","method":"POST","path":"/api/v1/topic-generations","status":202,"duration_ms":5}
{"event":"http.request","request_id":"6784a837-1884-4d74-95ba-d07dd987ee7d","method":"GET","path":"/api/v1/ai-requests/8b6a2ebb-fa20-4860-acf5-9385c577ed88","status":200,"duration_ms":1}
✔ 账号版本变化或模型失败不能落成成功结果，任务失败有明确代码 (36.089459ms)
{"event":"http.request","request_id":"57b53a45-26b5-4d15-90b0-9a28c5ccb84c","method":"POST","path":"/api/v1/topic-generations","status":202,"duration_ms":5}
{"event":"http.request","request_id":"26c122dc-ce56-4115-9529-fa945a2f1efb","method":"POST","path":"/api/v1/jobs/49daf2c7-fe21-4efa-ad4f-b3fe24d9def0/cancel","status":200,"duration_ms":5}
{"event":"http.request","request_id":"8549cc05-797b-449c-b04c-550b803ea0fa","method":"GET","path":"/api/v1/ai-requests/bf7d83ae-0510-42ed-b652-92b49189fc56","status":200,"duration_ms":3}
✔ 排队任务取消同步状态并不调用模型 (20.706708ms)
{"event":"http.request","request_id":"656e1d3d-ccdf-4548-9fee-595ee7732a94","method":"POST","path":"/api/v1/topic-generations","status":202,"duration_ms":5}
{"event":"http.request","request_id":"224e8f7e-46fa-4458-ac92-e0089fcadc92","method":"GET","path":"/api/v1/ai-requests/c8f2df6f-3985-4ca9-af4e-8505cf5938c8","status":200,"duration_ms":2}
✔ 处理器返回后到最终提交前发生竞争，guard原子拒绝旧结果 (18.388625ms)
{"event":"http.request","request_id":"65900621-619c-4acc-8e83-58d710028bf5","method":"GET","path":"/api/v1/auth/csrf","status":200,"duration_ms":3}
{"event":"http.request","request_id":"205c78c3-518a-4d33-8079-b47f035420c7","method":"POST","path":"/api/v1/setup","status":403,"duration_ms":4}
{"event":"http.request","request_id":"ad07f5ea-e2d0-456f-a0e2-fa5f00c8d87f","method":"POST","path":"/api/v1/setup","status":403,"duration_ms":1}
{"event":"http.request","request_id":"5323d44e-bf05-44ab-a685-3d63a7968eb4","method":"POST","path":"/api/v1/setup","status":403,"duration_ms":3}
{"event":"http.request","request_id":"18fbb010-adf9-45d8-9909-4f429f01b5f2","method":"POST","path":"/api/v1/setup","status":201,"duration_ms":25}
{"event":"http.request","request_id":"c0577bfb-a3f1-4b0f-bdf5-774c0a0395f6","method":"POST","path":"/api/v1/setup","status":409,"duration_ms":27}
{"event":"http.request","request_id":"61a8090b-133a-436b-8623-14e68f4c3ead","method":"GET","path":"/api/v1/setup/status","status":200,"duration_ms":0}
✔ 首次设置必须验证Origin、CSRF、实例凭据；并发只创建一个管理员 (232.579875ms)
{"event":"http.request","request_id":"b906234d-dcca-46bd-8d96-583a660d676a","method":"GET","path":"/api/v1/auth/csrf","status":200,"duration_ms":1}
{"event":"http.request","request_id":"045acc0e-2592-4411-8055-9952850709dd","method":"POST","path":"/api/v1/auth/login","status":200,"duration_ms":19}
{"event":"http.request","request_id":"83599aa8-da45-47c7-bebd-dc7c52015eac","method":"GET","path":"/api/v1/me","status":200,"duration_ms":81}
{"event":"http.request","request_id":"abbb85d2-9b1d-4c33-ab93-302a222c4573","method":"GET","path":"/api/v1/me","status":401,"duration_ms":1}
✔ 内部登录轮换会话、Argon2id保存，身份响应不泄漏凭据 (112.913209ms)
{"event":"http.request","request_id":"c83ad982-a286-479e-bfcb-7999c914a4de","method":"POST","path":"/api/v1/accounts","status":201,"duration_ms":12}
{"event":"http.request","request_id":"d92c2027-4429-4185-be1a-7da2a9358392","method":"POST","path":"/api/v1/accounts","status":201,"duration_ms":15}
{"event":"http.request","request_id":"420ae2af-8ca7-4b61-a6ed-0577e4923d99","method":"POST","path":"/api/v1/accounts","status":201,"duration_ms":18}
{"event":"http.request","request_id":"51a5731f-1b7f-4618-a050-44db7c273bd2","method":"POST","path":"/api/v1/accounts","status":201,"duration_ms":19}
{"event":"http.request","request_id":"5520653c-2510-4a30-bd3c-1158c407d3b1","method":"POST","path":"/api/v1/accounts","status":201,"duration_ms":19}
{"event":"http.request","request_id":"12507d83-136e-4ad7-9894-a819924481ee","method":"POST","path":"/api/v1/accounts","status":201,"duration_ms":19}
{"event":"http.request","request_id":"94be45d6-a3b4-4feb-b54e-2496df49f477","method":"POST","path":"/api/v1/accounts","status":409,"duration_ms":3}
{"event":"http.request","request_id":"56783821-84b6-4eeb-b0bc-a2c78a0e573e","method":"PATCH","path":"/api/v1/accounts/3ba09c58-e058-42b7-a9dd-4e319191c715","status":422,"duration_ms":3}
✔ 并发同键创建复用结果；异载荷409；字段白名单拒绝注入 (32.687583ms)
{"event":"http.request","request_id":"4e3eca4e-ff2c-4264-b076-f23fca04c7ba","method":"PATCH","path":"/api/v1/accounts/3ba09c58-e058-42b7-a9dd-4e319191c715","status":200,"duration_ms":6}
{"event":"http.request","request_id":"61349291-6c90-4a64-b69a-e6dcf6a08550","method":"PATCH","path":"/api/v1/accounts/3ba09c58-e058-42b7-a9dd-4e319191c715","status":409,"duration_ms":9}
{"event":"http.request","request_id":"e0a724f2-ea43-4e34-955e-c143df89d838","method":"GET","path":"/api/v1/audit-logs","status":422,"duration_ms":1}
{"event":"http.request","request_id":"8ab4befb-7e35-4fb4-b5e8-7593f691e87a","method":"GET","path":"/api/v1/audit-logs","status":200,"duration_ms":1}
{"event":"http.request","request_id":"9d483345-d755-4317-a97f-b24de68bc565","method":"GET","path":"/api/v1/audit-logs","status":200,"duration_ms":3}
{"event":"http.request","request_id":"51bd9ec9-7241-496d-98ec-f8b21448aa64","method":"GET","path":"/api/v1/audit-logs","status":422,"duration_ms":4}
✔ expected_version竞争只允许一个写入，错误和分页协议统一 (25.147833ms)
{"event":"http.request","request_id":"3cca842e-f5dd-4f25-a001-9eb769fd7a10","method":"POST","path":"/api/v1/members","status":201,"duration_ms":23}
{"event":"http.request","request_id":"c6ec016e-4da5-46b7-adb5-f26355b0b134","method":"GET","path":"/api/v1/auth/csrf","status":200,"duration_ms":0}
{"event":"http.request","request_id":"b5c74d14-eab1-4a82-93fe-1a6b99fe5778","method":"POST","path":"/api/v1/auth/accept-invite","status":200,"duration_ms":19}
{"event":"http.request","request_id":"aeb06d61-10d1-41a3-8b8e-b2c4c4a606f2","method":"POST","path":"/api/v1/auth/accept-invite","status":422,"duration_ms":17}
{"event":"http.request","request_id":"5f96b277-dd47-4967-aa2d-8a5c68570bd1","method":"GET","path":"/api/v1/auth/csrf","status":200,"duration_ms":0}
{"event":"http.request","request_id":"dd5157e3-2b0d-41c8-941f-e737f1c8c9c9","method":"POST","path":"/api/v1/auth/login","status":200,"duration_ms":19}
{"event":"http.request","request_id":"83d17fdb-54e4-4c9a-8d59-1c91f5c1a054","method":"POST","path":"/api/v1/members","status":201,"duration_ms":21}
{"event":"http.request","request_id":"9ca61697-db52-4361-953d-2547855c284f","method":"GET","path":"/api/v1/auth/csrf","status":200,"duration_ms":1}
{"event":"http.request","request_id":"a131bdc8-172f-414f-b39b-d72042473d8d","method":"POST","path":"/api/v1/auth/accept-invite","status":200,"duration_ms":19}
{"event":"http.request","request_id":"028ab939-0733-45b9-bf76-4ec99f4d7fce","method":"POST","path":"/api/v1/auth/accept-invite","status":422,"duration_ms":17}
{"event":"http.request","request_id":"7624ca32-92b2-4718-9efe-7c5de340d8db","method":"GET","path":"/api/v1/auth/csrf","status":200,"duration_ms":0}
{"event":"http.request","request_id":"c90ae1f8-8a0b-4a54-b167-bc018bbe6253","method":"POST","path":"/api/v1/auth/login","status":200,"duration_ms":18}
{"event":"http.request","request_id":"c3fb0fdc-48e1-4753-a765-f1dca226ac9d","method":"POST","path":"/api/v1/members","status":201,"duration_ms":22}
{"event":"http.request","request_id":"b08ee3c2-0d17-4c6a-8ec3-61e10cbb7851","method":"GET","path":"/api/v1/auth/csrf","status":200,"duration_ms":1}
{"event":"http.request","request_id":"30921a8b-e644-498b-898d-4231e813fdc1","method":"POST","path":"/api/v1/auth/accept-invite","status":200,"duration_ms":19}
{"event":"http.request","request_id":"011bb4ec-bc63-4156-86f3-0044ad2be6df","method":"POST","path":"/api/v1/auth/accept-invite","status":422,"duration_ms":17}
{"event":"http.request","request_id":"86404451-66fe-4b31-8973-5706b09ed772","method":"GET","path":"/api/v1/auth/csrf","status":200,"duration_ms":1}
{"event":"http.request","request_id":"8d9607d0-4c5e-4f99-902f-b7f8bbfccbad","method":"POST","path":"/api/v1/auth/login","status":200,"duration_ms":19}
{"event":"http.request","request_id":"3b4cbf47-33c6-4541-a107-89a672d8aedf","method":"GET","path":"/api/v1/me","status":200,"duration_ms":3}
{"event":"http.request","request_id":"6a86dddf-7a34-400e-867c-28530ab3e483","method":"GET","path":"/api/v1/accounts/3ba09c58-e058-42b7-a9dd-4e319191c715","status":200,"duration_ms":1}
{"event":"http.request","request_id":"1beb8b85-5b7d-43a5-b66b-692423d1d299","method":"PATCH","path":"/api/v1/accounts/3ba09c58-e058-42b7-a9dd-4e319191c715","status":403,"duration_ms":3}
{"event":"http.request","request_id":"73fad3a3-1e3f-41ca-94d3-255d76b1baeb","method":"GET","path":"/api/v1/members","status":403,"duration_ms":1}
{"event":"http.request","request_id":"e470e86f-f33e-441b-84ed-b8d9fcd42941","method":"PATCH","path":"/api/v1/accounts/3ba09c58-e058-42b7-a9dd-4e319191c715","status":403,"duration_ms":3}
{"event":"http.request","request_id":"ef1cc67b-900d-44ce-ba0f-76a468a63772","method":"GET","path":"/api/v1/files/448177ca-4b67-4207-80a0-6fe823479ccf/download","status":403,"duration_ms":1}
{"event":"http.request","request_id":"22c40bf1-1eda-4995-910d-08f805d2534c","method":"GET","path":"/api/v1/files/b7632d4e-cc34-4fae-941c-606974ab45a8/preview","status":404,"duration_ms":1}
{"event":"http.request","request_id":"bb095a5e-50c0-4873-a9e4-66688da9e00e","method":"POST","path":"/api/v1/jobs/3bc16182-1dc2-4f77-91c1-e4a2108f1ffe/cancel","status":403,"duration_ms":2}
✔ 邀请、组合角色及只读权限；重复使用邀请被拒绝 (269.465083ms)
{"event":"http.request","request_id":"6f48e5a9-ae07-45e4-b251-46125dfce877","method":"POST","path":"/api/v1/diagnostics","status":202,"duration_ms":5}
{"event":"http.request","request_id":"8c2ed6db-d8c8-4822-968d-960c4edc3ba9","method":"GET","path":"/api/v1/jobs/5de02ee6-f9d7-4655-8d8b-364f71cd8b0e","status":200,"duration_ms":1}
{"event":"http.request","request_id":"8a6c669d-5cc4-4969-b808-cb24c6afd54b","method":"GET","path":"/api/v1/jobs/5de02ee6-f9d7-4655-8d8b-364f71cd8b0e","status":404,"duration_ms":1}
{"event":"http.request","request_id":"2c4b40e6-e864-4f6e-abcf-446f2557b8a8","method":"GET","path":"/api/v1/auth/csrf","status":200,"duration_ms":0}
{"event":"http.request","request_id":"678f3d9f-0e4d-4ae7-a49e-27b366949899","method":"GET","path":"/api/v1/auth/csrf","status":200,"duration_ms":1}
{"event":"http.request","request_id":"8f1d507c-29ab-4203-8a99-6143015c63ee","method":"POST","path":"/api/v1/auth/login","status":200,"duration_ms":19}
✔ 诊断202立即可查询Job；其他用户/账号不可见，生产Cookie为Secure (35.801041ms)
{"event":"http.request","request_id":"1e43b346-d18a-426f-8edf-487f3ce7d998","method":"GET","path":"/api/v1/accounts/9f354c1a-89c1-46db-8ebb-f0a4926b7427","status":404,"duration_ms":1}
{"event":"http.request","request_id":"81bd73d4-cd92-48c9-b4b7-0ed9addf2af9","method":"GET","path":"/api/v1/me","status":404,"duration_ms":1}
{"event":"http.request","request_id":"821ddf14-e748-46e9-b647-26e753c8b5d4","method":"PATCH","path":"/api/v1/accounts/3ba09c58-e058-42b7-a9dd-4e319191c715","status":422,"duration_ms":4}
{"event":"http.request","request_id":"98ee8833-f71f-4bd1-bfe0-20a368403821","method":"GET","path":"/api/v1/accounts/3ba09c58-e058-42b7-a9dd-4e319191c715","status":404,"duration_ms":1}
✔ 工作区、账号与负责人归属不能跨界；数据库复合外键生效 (29.013417ms)
{"event":"http.request","request_id":"f642589d-be66-4856-afa6-50c6f10191bc","method":"PATCH","path":"/api/v1/members/8b13098f-0d6b-4614-9862-60f5ffae3b27","status":422,"duration_ms":3}
{"event":"http.request","request_id":"8f35cc2e-882a-416c-8bf0-badcc16e5ceb","method":"PATCH","path":"/api/v1/members/96b07d6f-a3b8-4073-956a-dfa09a178f7f","status":200,"duration_ms":4}
{"event":"http.request","request_id":"89ffc2ce-7401-48a8-893c-eda68047acef","method":"GET","path":"/api/v1/me","status":200,"duration_ms":2}
{"event":"http.request","request_id":"80d69750-0bd6-4ed1-9153-cb667b3b6d6f","method":"PATCH","path":"/api/v1/settings","status":403,"duration_ms":2}
{"event":"http.request","request_id":"e0da349b-7536-4930-829d-bc2fdec52224","method":"PATCH","path":"/api/v1/members/96b07d6f-a3b8-4073-956a-dfa09a178f7f","status":200,"duration_ms":4}
{"event":"http.request","request_id":"0f59b265-a183-4f51-ab3c-21e524c62c62","method":"GET","path":"/api/v1/me","status":401,"duration_ms":0}
✔ 即时角色检查、最后管理员保护、成员停用与会话失效 (23.239ms)
{"event":"http.request","request_id":"44c23140-07e1-4eda-b2c9-04a5390b1c49","method":"GET","path":"/api/v1/me","status":200,"duration_ms":2}
{"event":"http.request","request_id":"653601aa-c2cb-495f-a493-c8b19ddefe00","method":"POST","path":"/api/v1/notifications/0f7954b0-df9c-412b-84a3-08cd25957d8a/read","status":404,"duration_ms":2}
{"event":"http.request","request_id":"11be73e2-fab1-467d-9e34-a61bbd1ebe32","method":"POST","path":"/api/v1/notifications/0f7954b0-df9c-412b-84a3-08cd25957d8a/read","status":200,"duration_ms":4}
{"event":"http.request","request_id":"0fb9ff4e-1593-4569-a8df-38e866fd718c","method":"GET","path":"/api/v1/notifications","status":200,"duration_ms":1}
{"event":"http.request","request_id":"293a099b-d167-46d4-b6f6-1ccdbd103a54","method":"GET","path":"/api/v1/audit-logs","status":200,"duration_ms":2}
✔ 通知按人隔离；已读只修改通知；审计追加且不记录密码 (23.212916ms)
{"event":"http.request","request_id":"bb5e62fa-0131-4182-9761-82bba4f47554","method":"GET","path":"/api/v1/auth/csrf","status":200,"duration_ms":1}
{"event":"http.request","request_id":"4abf3b75-e8b7-4a07-9827-93dfe16fd43c","method":"POST","path":"/api/v1/auth/login","status":200,"duration_ms":19}
{"event":"http.request","request_id":"d8f8f091-8ad4-488f-baba-13a2a1aede7f","method":"GET","path":"/api/v1/me","status":200,"duration_ms":2}
{"event":"http.request","request_id":"67642739-f4ad-49c1-9b2b-8cce6d05c90e","method":"GET","path":"/api/v1/me","status":401,"duration_ms":0}
{"event":"http.request","request_id":"75620db2-1e77-4458-83ff-e52eddbc0bce","method":"GET","path":"/api/v1/auth/csrf","status":200,"duration_ms":0}
{"event":"http.request","request_id":"2a0facba-7bb2-4781-9750-1835f043ec01","method":"POST","path":"/api/v1/auth/login","status":200,"duration_ms":19}
{"event":"http.request","request_id":"b8596f13-37fb-4e03-96f8-94521bd5316f","method":"GET","path":"/api/v1/me","status":200,"duration_ms":2}
{"event":"http.request","request_id":"04b74f66-160e-4284-809a-530ad0a7e52e","method":"GET","path":"/api/v1/me","status":401,"duration_ms":0}
{"event":"http.request","request_id":"6fbc6d5a-77dc-4b87-a75f-5f5ab7908277","method":"POST","path":"/api/v1/auth/logout","status":200,"duration_ms":4}
{"event":"http.request","request_id":"030770c3-1467-4c9b-ae16-b7d5bb5201a6","method":"GET","path":"/api/v1/me","status":401,"duration_ms":1}
{"event":"http.request","request_id":"6b26e5c7-7b5b-4c01-8a87-87688a4ee67e","method":"GET","path":"/api/v1/auth/csrf","status":200,"duration_ms":0}
{"event":"http.request","request_id":"dcec5732-03dd-4ecb-86c4-17b3e6a1ec8e","method":"POST","path":"/api/v1/auth/login","status":401,"duration_ms":17}
{"event":"http.request","request_id":"05c78fe4-509f-4779-b281-ba879c80ed37","method":"POST","path":"/api/v1/auth/login","status":401,"duration_ms":17}
{"event":"http.request","request_id":"e474db9a-f923-4de5-883b-dd7731897544","method":"POST","path":"/api/v1/auth/login","status":401,"duration_ms":17}
{"event":"http.request","request_id":"12073194-5426-4680-8367-f8c5a0fd2035","method":"POST","path":"/api/v1/auth/login","status":429,"duration_ms":1}
{"event":"http.request","request_id":"d17e0623-29c4-4b16-b382-e0e7ba889b77","method":"POST","path":"/api/v1/auth/login","status":429,"duration_ms":1}
{"event":"http.request","request_id":"cbb74f44-4c70-45c9-b7e4-95809c9e733b","method":"POST","path":"/api/v1/auth/login","status":429,"duration_ms":1}
{"event":"http.request","request_id":"8be9b3f2-94eb-4032-912f-e6a61cb88a4c","method":"POST","path":"/api/v1/auth/login","status":429,"duration_ms":1}
{"event":"http.request","request_id":"abf6e90b-ab56-45e9-989d-902f96253468","method":"POST","path":"/api/v1/auth/login","status":429,"duration_ms":1}
{"event":"http.request","request_id":"5a89feb7-a04c-4e7f-b609-915fbfe5d42a","method":"POST","path":"/api/v1/auth/login","status":429,"duration_ms":0}
{"event":"http.request","request_id":"cd01e02e-fe42-4ca2-a7ce-b4b43119fe18","method":"POST","path":"/api/v1/auth/login","status":429,"duration_ms":1}
{"event":"http.request","request_id":"d533c1e3-85fb-4ed3-bd57-d15ef64c2b20","method":"POST","path":"/api/v1/auth/login","status":429,"duration_ms":1}
✔ 绝对/闲置过期、注销和登录限流 (123.225625ms)
{"event":"http.request","request_id":"2ccb1471-843a-43c2-8af2-f8b6815b71d2","method":"GET","path":"/api/v1/auth/csrf","status":200,"duration_ms":5}
{"event":"http.request","request_id":"8332621e-e7d8-436e-b0c8-80011bce1db7","method":"POST","path":"/api/v1/setup","status":201,"duration_ms":35}
{"event":"http.request","request_id":"0725fea8-d56a-4fab-998b-e7fe9e179082","method":"GET","path":"/api/v1/auth/csrf","status":200,"duration_ms":2}
{"event":"http.request","request_id":"831b1a29-a61f-4717-96cc-c34590ab0b41","method":"POST","path":"/api/v1/auth/login","status":200,"duration_ms":25}
{"event":"http.request","request_id":"52d8fa97-58ca-488d-b264-3949a91e096f","method":"GET","path":"/api/v1/me","status":200,"duration_ms":84}
{"event":"http.request","request_id":"508cfce9-33e1-463f-8312-cb9db4e3a012","method":"POST","path":"/api/v1/source-connections","status":201,"duration_ms":10}
{"event":"http.request","request_id":"43a1cf9c-5a4a-44e3-baaf-d7bb61ee9b15","method":"POST","path":"/api/v1/source-connections/4e7e2c3a-6c2f-43e8-8b18-717d3b065112/refresh","status":202,"duration_ms":13}
{"event":"http.request","request_id":"fdb5ae53-eb1c-463f-a66b-f8cc20d72280","method":"POST","path":"/api/v1/source-connections/4e7e2c3a-6c2f-43e8-8b18-717d3b065112/refresh","status":202,"duration_ms":21}
{"event":"http.request","request_id":"74e85128-dfaa-42ad-bd96-225a12cc7ffd","method":"GET","path":"/api/v1/source-connections/4e7e2c3a-6c2f-43e8-8b18-717d3b065112","status":200,"duration_ms":1}
{"event":"http.request","request_id":"e01d7ae5-5203-4d40-b5a4-b91380822dc3","method":"POST","path":"/api/v1/source-connections/4e7e2c3a-6c2f-43e8-8b18-717d3b065112/refresh","status":429,"duration_ms":4}
✔ 同源并发刷新复用一个运行，事务Outbox持久化，能力来自实际执行 (425.8425ms)
{"event":"http.request","request_id":"762d661e-f31b-4836-aafe-007810626899","method":"POST","path":"/api/v1/source-connections","status":201,"duration_ms":4}
{"event":"http.request","request_id":"261a9f6a-27cb-4085-ab6e-9221d36070e9","method":"POST","path":"/api/v1/source-connections/b972644e-447a-43cf-a709-4961153b065b/refresh","status":409,"duration_ms":3}
{"event":"http.request","request_id":"4c54f2ab-8f9b-49cf-8739-892baf8c20e8","method":"PATCH","path":"/api/v1/source-connections/b972644e-447a-43cf-a709-4961153b065b","status":409,"duration_ms":3}
{"event":"http.request","request_id":"e9241907-f11a-4cff-9aa2-fc2c7f4bd6a6","method":"POST","path":"/api/v1/source-connections/b972644e-447a-43cf-a709-4961153b065b/verify","status":202,"duration_ms":4}
{"event":"http.request","request_id":"8b83b39e-f239-4ff6-915b-05058d90d2a8","method":"GET","path":"/api/v1/source-connections/b972644e-447a-43cf-a709-4961153b065b","status":200,"duration_ms":1}
✔ 配置版本冲突拒绝覆盖；禁用时手动刷新受守卫，验证入口可用 (29.781458ms)
{"event":"http.request","request_id":"65d9997f-03c6-4b8d-92aa-e5c2beff22b4","method":"POST","path":"/api/v1/source-connections","status":201,"duration_ms":3}
{"event":"http.request","request_id":"3cdf1a0a-ec2d-4749-8f2c-8eaf845037c3","method":"POST","path":"/api/v1/source-connections","status":201,"duration_ms":3}
{"event":"http.request","request_id":"8f3b6e5a-14ef-45a7-833b-6e30cb9f59b0","method":"POST","path":"/api/v1/source-connections/f442d5b3-9b12-4f24-98c0-9118a2ea2c74/refresh","status":202,"duration_ms":5}
{"event":"http.request","request_id":"81ff9f3c-3c0c-40e4-b44a-30b7e22fed15","method":"GET","path":"/api/v1/source-connections/f442d5b3-9b12-4f24-98c0-9118a2ea2c74","status":200,"duration_ms":1}
{"event":"http.request","request_id":"8ef18088-42e2-4fcd-9b19-5b9d03fe0d1d","method":"POST","path":"/api/v1/source-connections/f442d5b3-9b12-4f24-98c0-9118a2ea2c74/refresh","status":409,"duration_ms":3}
{"event":"http.request","request_id":"16f73fab-3009-44a3-b55f-329402bb4003","method":"POST","path":"/api/v1/source-connections/b776d226-69c9-44c6-8404-cec4e347f388/refresh","status":202,"duration_ms":4}
{"event":"http.request","request_id":"72c30eb2-8a8b-431d-ae75-ccd93812a3b9","method":"GET","path":"/api/v1/source-connections/b776d226-69c9-44c6-8404-cec4e347f388","status":200,"duration_ms":1}
{"event":"http.request","request_id":"4b6c1d00-c40a-46c6-a264-14d18fd1437c","method":"POST","path":"/api/v1/source-connections/f442d5b3-9b12-4f24-98c0-9118a2ea2c74/verify","status":202,"duration_ms":4}
{"event":"http.request","request_id":"fe99fdd1-134b-4ed7-a65e-9e5ef1fb196d","method":"GET","path":"/api/v1/source-connections/f442d5b3-9b12-4f24-98c0-9118a2ea2c74","status":200,"duration_ms":1}
✔ 登录失效立即暂停且通知负责人；成功验证恢复，其他来源不受影响 (51.739084ms)
{"event":"http.request","request_id":"e868b0c2-debe-447f-a690-f55e8406c346","method":"POST","path":"/api/v1/source-connections","status":201,"duration_ms":4}
{"event":"http.request","request_id":"909ea9c1-e326-4d83-a4ef-98094380b245","method":"POST","path":"/api/v1/source-connections/85e865ed-21d5-4a9c-90f5-7fb07015508f/refresh","status":202,"duration_ms":4}
{"event":"http.request","request_id":"c713034f-97a1-441a-a980-e376d181d6d6","method":"POST","path":"/api/v1/source-connections/85e865ed-21d5-4a9c-90f5-7fb07015508f/refresh","status":202,"duration_ms":4}
{"event":"http.request","request_id":"038f3420-339c-4a75-8316-3566a7f278e7","method":"POST","path":"/api/v1/source-connections/85e865ed-21d5-4a9c-90f5-7fb07015508f/refresh","status":202,"duration_ms":4}
{"event":"http.request","request_id":"aba4c353-d889-4548-864e-79407bd8f1ec","method":"GET","path":"/api/v1/source-connections/85e865ed-21d5-4a9c-90f5-7fb07015508f","status":200,"duration_ms":1}
{"event":"http.request","request_id":"f975cb32-b091-4e22-a257-ef152281dd4f","method":"POST","path":"/api/v1/source-connections","status":201,"duration_ms":4}
{"event":"http.request","request_id":"58966583-0fa8-485e-b223-f5cfb7428a4c","method":"POST","path":"/api/v1/source-connections/0fe6f109-ff9c-44e3-92b7-4a411d77a632/refresh","status":202,"duration_ms":4}
{"event":"http.request","request_id":"07beb657-7b58-4a46-80d0-972854f93f12","method":"GET","path":"/api/v1/source-connections/0fe6f109-ff9c-44e3-92b7-4a411d77a632/runs","status":200,"duration_ms":1}
{"event":"http.request","request_id":"8e6b72ba-260e-456e-a8a1-159eadcb481a","method":"GET","path":"/api/v1/source-connections/0fe6f109-ff9c-44e3-92b7-4a411d77a632","status":200,"duration_ms":1}
✔ 连续三次普通失败暂停；有界部分成功保留partial而非伪装成功 (61.886083ms)
{"event":"http.request","request_id":"d7f9c372-0428-4c88-86fd-40553287f096","method":"POST","path":"/api/v1/source-connections","status":201,"duration_ms":4}
{"event":"http.request","request_id":"3f77fd2f-3ebc-4726-9cc6-31dac647ff9e","method":"PATCH","path":"/api/v1/source-connections/d1a30017-1c80-46cc-a128-5aaad42099f0","status":200,"duration_ms":4}
{"event":"http.request","request_id":"21b855cf-bc6b-498f-b074-112d404695ce","method":"GET","path":"/api/v1/source-connections/d1a30017-1c80-46cc-a128-5aaad42099f0/runs","status":200,"duration_ms":1}
✔ 定时并发扫描同窗口只创建一次，窗口外不补写成功；改配置拒绝旧结果 (31.542708ms)
{"event":"http.request","request_id":"b733913a-04f4-4796-805f-745aa718eedb","method":"POST","path":"/api/v1/source-connections","status":201,"duration_ms":4}
{"event":"http.request","request_id":"bbe2cf5b-fe0c-4df1-b773-9cf916e14f95","method":"POST","path":"/api/v1/source-connections/5d609ed3-8f8d-4124-874c-b49e4fe51f4b/refresh","status":202,"duration_ms":4}
{"event":"http.request","request_id":"7351799e-e8cd-49b9-a565-c1902de0e370","method":"POST","path":"/api/v1/jobs/1c55129b-7efc-4fbb-a74b-4d3c5080f918/cancel","status":200,"duration_ms":4}
{"event":"http.request","request_id":"182732c7-2f92-491a-8641-823e25dbc1f4","method":"GET","path":"/api/v1/source-connections/5d609ed3-8f8d-4124-874c-b49e4fe51f4b/runs","status":200,"duration_ms":1}
{"event":"http.request","request_id":"b13504ce-38df-44d1-83a9-524f1cd90e9b","method":"PATCH","path":"/api/v1/source-connections/5d609ed3-8f8d-4124-874c-b49e4fe51f4b","status":422,"duration_ms":2}
{"event":"http.request","request_id":"f29a93be-9d86-4ea1-9463-820e0f926fe3","method":"POST","path":"/api/v1/source-connections","status":422,"duration_ms":2}
✔ 取消同步释放同源占用；来源连接按空间隔离；无效配置拒绝 (27.560125ms)
{"event":"http.request","request_id":"e5650267-50ad-485b-92c8-7ae87f7a7996","method":"POST","path":"/api/v1/source-connections","status":201,"duration_ms":4}
{"event":"http.request","request_id":"5daf2d90-8b14-4a0d-98de-07a2e19a986e","method":"POST","path":"/api/v1/source-connections","status":422,"duration_ms":3}
{"event":"http.request","request_id":"4eb65c1c-8f21-4ff9-b1ca-c8647309a166","method":"POST","path":"/api/v1/source-connections","status":422,"duration_ms":3}
{"event":"http.request","request_id":"a8caacb8-2ee5-47af-8b68-ceba139f471f","method":"POST","path":"/api/v1/source-connections","status":422,"duration_ms":3}
{"event":"http.request","request_id":"324b813f-f33d-4ed9-afc7-171cc954c8ca","method":"POST","path":"/api/v1/source-connections","status":422,"duration_ms":2}
{"event":"http.request","request_id":"a9bef063-034e-4c7a-bdbe-304ff7bc7b94","method":"POST","path":"/api/v1/source-connections","status":422,"duration_ms":2}
{"event":"http.request","request_id":"0ca90bc9-734c-48ec-aeaa-4330c46c3bad","method":"POST","path":"/api/v1/source-connections","status":201,"duration_ms":3}
{"event":"http.request","request_id":"b20c214b-4400-422d-b420-0cc1801960a5","method":"PATCH","path":"/api/v1/source-connections/7f276f29-e375-481d-a6b8-54a7f8a8a97e","status":422,"duration_ms":3}
✔ 参考账号配置只用于优质笔记，严格ID与数量检查，历史ID按配置保留 (26.097458ms)
{"event":"http.request","request_id":"8437e57c-5474-441a-a57a-87cfddb70ec7","method":"GET","path":"/api/v1/auth/csrf","status":200,"duration_ms":6}
{"event":"http.request","request_id":"6a561904-90b3-462b-8cab-0a3d9ad976fd","method":"POST","path":"/api/v1/setup","status":201,"duration_ms":33}
{"event":"http.request","request_id":"47fc02a9-d8b3-445a-99d5-581f97fd2357","method":"GET","path":"/api/v1/auth/csrf","status":200,"duration_ms":2}
{"event":"http.request","request_id":"8871e5cb-8d4c-4b6c-82ba-1ab8a9850883","method":"POST","path":"/api/v1/auth/login","status":200,"duration_ms":25}
{"event":"http.request","request_id":"6a60a470-ea5a-4f49-9090-a80527a82a8a","method":"GET","path":"/api/v1/me","status":200,"duration_ms":84}
{"event":"http.request","request_id":"28eb9d56-26a7-4b79-9b1e-25af50195395","method":"POST","path":"/api/v1/accounts","status":201,"duration_ms":11}
{"event":"http.request","request_id":"835660f5-2f59-43da-8eae-2d8602c70396","method":"POST","path":"/api/v1/uploads","status":201,"duration_ms":16}
{"event":"http.request","request_id":"1fdb4c00-f732-49af-a4d1-6aae237e9674","method":"POST","path":"/api/v1/uploads/47fef5d4-be36-461e-9a11-f8a25cfa5258/parts","status":200,"duration_ms":6}
{"event":"http.request","request_id":"4b3a60e4-3c45-4450-9536-f842dccca0ba","method":"PUT","path":"/api/v1/uploads/47fef5d4-be36-461e-9a11-f8a25cfa5258/parts/1","status":200,"duration_ms":10}
{"event":"http.request","request_id":"9e93d06b-ad78-4228-925d-b345cb7a291c","method":"POST","path":"/api/v1/uploads/47fef5d4-be36-461e-9a11-f8a25cfa5258/complete","status":200,"duration_ms":13}
{"event":"http.request","request_id":"77507ca1-0ba5-4f25-8aef-adb2f88ebf88","method":"GET","path":"/api/v1/files/2902b6aa-7af5-4392-931c-2dd5c60a5956/download","status":409,"duration_ms":3}
{"event":"http.request","request_id":"b29c249a-3c4f-4b2d-b11e-8c60f5d5e743","method":"GET","path":"/api/v1/files/2902b6aa-7af5-4392-931c-2dd5c60a5956/download","status":200,"duration_ms":5}
{"event":"http.request","request_id":"5b68909c-f16c-4575-a244-6aac4e166d6a","method":"GET","path":"/api/v1/files/2902b6aa-7af5-4392-931c-2dd5c60a5956/preview","status":200,"duration_ms":3}
{"event":"http.request","request_id":"96f5a7b9-c297-4dff-bfaa-69e7264c7007","method":"POST","path":"/api/v1/uploads","status":201,"duration_ms":7}
{"event":"http.request","request_id":"80751cb3-439c-4d0c-b0c2-9d85313f62c0","method":"POST","path":"/api/v1/uploads/509014c6-2109-4388-bfab-06a39054b2f4/parts","status":200,"duration_ms":4}
{"event":"http.request","request_id":"6edee026-42b4-40f1-8ce4-c0badbe3ed16","method":"PUT","path":"/api/v1/uploads/509014c6-2109-4388-bfab-06a39054b2f4/parts/1","status":200,"duration_ms":5}
{"event":"http.request","request_id":"1d18390f-b21f-4e2d-903e-228420b22817","method":"POST","path":"/api/v1/uploads/509014c6-2109-4388-bfab-06a39054b2f4/complete","status":200,"duration_ms":9}
{"event":"http.request","request_id":"f4bc4239-666c-412f-aaa2-3e6b1240c38f","method":"GET","path":"/api/v1/files/1def460f-749a-4333-9aa9-b6faf6148754/download","status":200,"duration_ms":4}
{"event":"http.request","request_id":"86064c75-03e4-45a9-a5f6-ee3b2ebad1f5","method":"GET","path":"/api/v1/files/1def460f-749a-4333-9aa9-b6faf6148754/preview","status":409,"duration_ms":2}
{"event":"http.request","request_id":"b4ea74eb-dcb3-47d2-8028-7a91fbd72f0f","method":"POST","path":"/api/v1/uploads","status":201,"duration_ms":18}
{"event":"http.request","request_id":"97d293c4-1251-4e81-b1f8-61766a221d88","method":"POST","path":"/api/v1/uploads/5b945e42-eece-4558-a20a-953dd4c08e33/parts","status":200,"duration_ms":9}
{"event":"http.request","request_id":"3e3715c8-438a-4e02-85d4-aa2729f96ba7","method":"PUT","path":"/api/v1/uploads/5b945e42-eece-4558-a20a-953dd4c08e33/parts/1","status":200,"duration_ms":7}
{"event":"http.request","request_id":"a87fe317-13a0-4e68-a2a3-6a771a11fd7a","method":"POST","path":"/api/v1/uploads/5b945e42-eece-4558-a20a-953dd4c08e33/complete","status":200,"duration_ms":10}
{"event":"http.request","request_id":"f39bcc1c-5aaa-4d3e-a887-570c81253212","method":"GET","path":"/api/v1/files/671689a9-8171-495b-9275-5ebb2b929dba/download","status":200,"duration_ms":3}
{"event":"http.request","request_id":"a1daebca-abb1-48c5-9809-e7f37339b064","method":"GET","path":"/api/v1/files/671689a9-8171-495b-9275-5ebb2b929dba/preview","status":409,"duration_ms":2}
✔ 导入PNG/CSV/XLSX通过真实隔离解析，哈希原件/私有签名与表格禁预览保留 (708.10375ms)
{"event":"http.request","request_id":"fda2d867-b032-483d-90b8-d69db1710b9d","method":"GET","path":"/api/v1/auth/csrf","status":200,"duration_ms":1}
{"event":"http.request","request_id":"d32088f2-aa86-416f-9e68-090eeeafe10a","method":"POST","path":"/api/v1/setup","status":201,"duration_ms":23}
{"event":"http.request","request_id":"32f4fe12-6bee-46ac-bd47-ab3e40dc3869","method":"GET","path":"/api/v1/auth/csrf","status":200,"duration_ms":0}
{"event":"http.request","request_id":"efdf76b8-e839-40d2-bec4-18d10b017028","method":"POST","path":"/api/v1/auth/login","status":200,"duration_ms":21}
{"event":"http.request","request_id":"b08ce2e5-8ba6-43bf-8611-e17acc3d23d1","method":"GET","path":"/api/v1/me","status":200,"duration_ms":9}
{"event":"http.request","request_id":"4bd68053-0217-4b45-b7e4-dd5d7433f3ed","method":"POST","path":"/api/v1/accounts","status":201,"duration_ms":4}
{"event":"http.request","request_id":"3fd43e1f-4e09-4f25-8837-0375607c57b6","method":"POST","path":"/api/v1/uploads","status":201,"duration_ms":7}
{"event":"http.request","request_id":"b607b1fa-6f09-4b2f-a315-35a45c145b40","method":"POST","path":"/api/v1/uploads/a07caaad-9bc2-4fcb-8f38-b8a1a9adc179/parts","status":200,"duration_ms":4}
{"event":"http.request","request_id":"859900b0-c198-4f71-a77c-de95a0f454dd","method":"PUT","path":"/api/v1/uploads/a07caaad-9bc2-4fcb-8f38-b8a1a9adc179/parts/1","status":200,"duration_ms":5}
{"event":"http.request","request_id":"2b50f364-2f8d-4036-8b27-429f90c2c2bb","method":"POST","path":"/api/v1/uploads/a07caaad-9bc2-4fcb-8f38-b8a1a9adc179/complete","status":200,"duration_ms":9}
{"event":"http.request","request_id":"a9812654-398a-4c67-93aa-316e9aff0988","method":"POST","path":"/api/v1/accounts","status":201,"duration_ms":4}
{"event":"http.request","request_id":"7aa6b5e0-1f8d-49d8-9ecd-b75a53326782","method":"POST","path":"/api/v1/uploads","status":201,"duration_ms":5}
{"event":"http.request","request_id":"46d447cc-cd2d-4030-b6a6-c3da06d704e8","method":"POST","path":"/api/v1/uploads/5e95e9ae-9b41-4327-af36-bbf36cefe5aa/parts","status":200,"duration_ms":4}
{"event":"http.request","request_id":"07b4f523-8e5b-4c2b-b7c4-2cd03a8d8c7a","method":"PUT","path":"/api/v1/uploads/5e95e9ae-9b41-4327-af36-bbf36cefe5aa/parts/1","status":200,"duration_ms":6}
{"event":"http.request","request_id":"c50109de-a80a-4fa5-b34d-c84f8fd8fa2e","method":"POST","path":"/api/v1/uploads/5e95e9ae-9b41-4327-af36-bbf36cefe5aa/complete","status":200,"duration_ms":9}
{"event":"http.request","request_id":"9a00dd91-28de-420a-ae3f-31ac13d8adc3","method":"POST","path":"/api/v1/uploads","status":422,"duration_ms":3}
{"event":"http.request","request_id":"d739d84b-52b8-40d6-9c11-4530392d5873","method":"POST","path":"/api/v1/uploads","status":422,"duration_ms":3}
{"event":"http.request","request_id":"5bb1d0ea-e5e7-46ca-8fe7-81791d00cb0d","method":"POST","path":"/api/v1/uploads","status":422,"duration_ms":3}
{"event":"http.request","request_id":"112dd4a3-d486-410c-84d4-b4317e3efdf6","method":"POST","path":"/api/v1/uploads","status":422,"duration_ms":3}
{"event":"http.request","request_id":"5a349a42-4fce-4de8-9ab1-d925cf436090","method":"POST","path":"/api/v1/uploads","status":422,"duration_ms":3}
{"event":"http.request","request_id":"26e5113b-265a-4209-92e9-9a72e011d9ca","method":"GET","path":"/api/v1/files/7be8a495-bf93-401e-9762-9758580dfe61/download","status":403,"duration_ms":1}
{"event":"http.request","request_id":"d350a051-7389-4923-ad37-06c0b7cd0e4b","method":"GET","path":"/api/v1/files/7be8a495-bf93-401e-9762-9758580dfe61/preview","status":200,"duration_ms":2}
{"event":"http.request","request_id":"61bcac55-a19d-4a06-ba33-cd863ebca074","method":"POST","path":"/api/v1/uploads","status":403,"duration_ms":2}
{"event":"http.request","request_id":"f35e99df-7825-4126-88cc-158816e86fab","method":"GET","path":"/api/v1/files/7be8a495-bf93-401e-9762-9758580dfe61/download","status":403,"duration_ms":1}
{"event":"http.request","request_id":"074c09d9-ba90-498a-8707-b2aa7fa92773","method":"GET","path":"/api/v1/files/7be8a495-bf93-401e-9762-9758580dfe61/preview","status":200,"duration_ms":3}
{"event":"http.request","request_id":"33632ddb-4947-4e98-b637-2a732e5f4da8","method":"POST","path":"/api/v1/uploads","status":403,"duration_ms":2}
{"event":"http.request","request_id":"1892c832-8f29-4b48-b219-208f97e7461a","method":"GET","path":"/api/v1/files/7be8a495-bf93-401e-9762-9758580dfe61/preview","status":404,"duration_ms":1}
{"event":"http.request","request_id":"bfa28f97-b1d4-46bd-85d8-b4fde2a46403","method":"GET","path":"/api/v1/files/7be8a495-bf93-401e-9762-9758580dfe61/download","status":404,"duration_ms":1}
✔ 账号/目的隔离、角色矩阵、旧用途和旧文件ID拒绝，hash不跨账号复用 (246.701042ms)
{"event":"http.request","request_id":"c65962ef-ffdd-4afe-b4b5-cf6dbfaa0dd8","method":"GET","path":"/api/v1/auth/csrf","status":200,"duration_ms":1}
{"event":"http.request","request_id":"3073daaf-f90b-44df-b699-543056d1d493","method":"POST","path":"/api/v1/setup","status":201,"duration_ms":23}
{"event":"http.request","request_id":"affa23c8-af77-47c4-9531-d3abe6b8983b","method":"GET","path":"/api/v1/auth/csrf","status":200,"duration_ms":1}
{"event":"http.request","request_id":"2a115cc3-3565-48cc-9214-a093ce7f2ca1","method":"POST","path":"/api/v1/auth/login","status":200,"duration_ms":21}
{"event":"http.request","request_id":"d29ad02a-cbc1-499d-ad50-2dfa77a65ef1","method":"GET","path":"/api/v1/me","status":200,"duration_ms":8}
{"event":"http.request","request_id":"3be7fe50-8468-4c6b-ac68-ef67432b5ed7","method":"POST","path":"/api/v1/accounts","status":201,"duration_ms":26}
{"event":"http.request","request_id":"0a32456a-cc26-42dc-a0dd-fd460f1de9d7","method":"POST","path":"/api/v1/uploads","status":201,"duration_ms":8}
{"event":"http.request","request_id":"0c44c2b8-2f19-4ead-8048-fe65837296ec","method":"POST","path":"/api/v1/uploads/418ef23a-4096-49d3-a54d-96e671cc95f6/parts","status":200,"duration_ms":4}
{"event":"http.request","request_id":"910db6b5-2713-47af-85e5-85230fbfc2e8","method":"PUT","path":"/api/v1/uploads/418ef23a-4096-49d3-a54d-96e671cc95f6/parts/1","status":200,"duration_ms":8}
{"event":"http.request","request_id":"7d4f1c8e-9bfc-49eb-a078-38d6b003ee13","method":"POST","path":"/api/v1/uploads/418ef23a-4096-49d3-a54d-96e671cc95f6/complete","status":200,"duration_ms":12}
{"event":"http.request","request_id":"dbd57875-c314-4cb0-90e2-d93128b07904","method":"GET","path":"/api/v1/files/b87fcae2-7a68-471c-8323-fa9fc5069a2a/download","status":409,"duration_ms":3}
{"event":"http.request","request_id":"557b3a66-2600-4675-8b75-f5beb6f2e21e","method":"POST","path":"/api/v1/uploads","status":201,"duration_ms":8}
{"event":"http.request","request_id":"05ff9f16-3a74-4cb8-a7e4-ec066f2f4f4a","method":"POST","path":"/api/v1/uploads/3db99b19-aa7d-4694-88e2-67ea8d1705eb/parts","status":200,"duration_ms":4}
{"event":"http.request","request_id":"f2daa054-632b-4c7a-9603-804e631aed85","method":"PUT","path":"/api/v1/uploads/3db99b19-aa7d-4694-88e2-67ea8d1705eb/parts/1","status":200,"duration_ms":5}
{"event":"http.request","request_id":"e92a7da6-9793-464f-916f-da23f5437a05","method":"POST","path":"/api/v1/uploads/3db99b19-aa7d-4694-88e2-67ea8d1705eb/complete","status":200,"duration_ms":8}
{"event":"http.request","request_id":"2bb85955-df21-44d0-9285-a16f981dca0f","method":"GET","path":"/api/v1/files/a72ceb74-0657-4a0e-8089-8cd062d0f853/download","status":409,"duration_ms":2}
{"event":"http.request","request_id":"9d8483d6-adee-489c-a989-482009ee6686","method":"POST","path":"/api/v1/uploads","status":201,"duration_ms":6}
{"event":"http.request","request_id":"21a84a13-8a58-486e-ae96-8b304245de49","method":"POST","path":"/api/v1/uploads/516989b1-773e-4137-9525-4cc4b7097b40/parts","status":200,"duration_ms":3}
{"event":"http.request","request_id":"6e465525-4ac9-4301-961a-49e8a0d99e7a","method":"PUT","path":"/api/v1/uploads/516989b1-773e-4137-9525-4cc4b7097b40/parts/1","status":200,"duration_ms":4}
{"event":"http.request","request_id":"cd0ddcf0-6aa8-4144-85e6-081eadd2ee4d","method":"POST","path":"/api/v1/uploads/516989b1-773e-4137-9525-4cc4b7097b40/complete","status":200,"duration_ms":8}
{"event":"http.request","request_id":"af9fb9e4-478f-4093-b539-4de1d9a0d62b","method":"GET","path":"/api/v1/files/19f911ee-bbce-4203-95ef-c71b64ac2dc1/download","status":409,"duration_ms":2}
{"event":"http.request","request_id":"642ffe75-630d-41bf-8746-547a93bb91dc","method":"POST","path":"/api/v1/uploads","status":201,"duration_ms":6}
{"event":"http.request","request_id":"3dc366f6-9830-433c-925a-cf16ed92d11e","method":"POST","path":"/api/v1/uploads/c6860743-a976-4aab-93be-846dd78b4d97/parts","status":200,"duration_ms":4}
{"event":"http.request","request_id":"baff79ec-f296-45e4-8c4c-53051f7f2788","method":"PUT","path":"/api/v1/uploads/c6860743-a976-4aab-93be-846dd78b4d97/parts/1","status":200,"duration_ms":5}
{"event":"http.request","request_id":"cf178a1b-6098-4608-96f8-fa2bcc773b83","method":"POST","path":"/api/v1/uploads/c6860743-a976-4aab-93be-846dd78b4d97/complete","status":200,"duration_ms":8}
{"event":"http.request","request_id":"e630e089-3ab5-4359-97c6-ed00c327031e","method":"GET","path":"/api/v1/files/4aef30ba-49dd-4bc2-a0cc-bf51a95702bf/download","status":409,"duration_ms":2}
{"event":"http.request","request_id":"18f830ad-c4b5-436f-8f95-97bc2865612b","method":"POST","path":"/api/v1/uploads","status":422,"duration_ms":3}
{"event":"http.request","request_id":"dfd4e11a-00aa-46e3-a5b4-cc80eb41c8c8","method":"POST","path":"/api/v1/uploads","status":422,"duration_ms":3}
{"event":"http.request","request_id":"57a4eb02-9df5-4e7d-9e6e-70c93336d02c","method":"POST","path":"/api/v1/uploads","status":422,"duration_ms":2}
✔ 恶意PNG/公式CSV/宏或公式XLSX隔离，伪装/大小/MIME失败且不发签名 (400.804292ms)
{"event":"http.request","request_id":"132f3cb9-4d03-4c8a-93e6-1f475353ee33","method":"GET","path":"/api/v1/auth/csrf","status":200,"duration_ms":1}
{"event":"http.request","request_id":"708f054b-9c66-49a5-a791-588d1cf7e7f2","method":"POST","path":"/api/v1/setup","status":201,"duration_ms":22}
{"event":"http.request","request_id":"12a9c3aa-017f-4d92-b31a-14ab3f70023f","method":"GET","path":"/api/v1/auth/csrf","status":200,"duration_ms":1}
{"event":"http.request","request_id":"75221ed1-539a-4586-9867-b5878afa7927","method":"POST","path":"/api/v1/auth/login","status":200,"duration_ms":21}
{"event":"http.request","request_id":"2afb70e6-5f6c-4349-b2af-c3606137b08f","method":"GET","path":"/api/v1/me","status":200,"duration_ms":9}
{"event":"http.request","request_id":"8e7f3dc4-bc96-4dac-b9c2-7828c8d1b79c","method":"POST","path":"/api/v1/accounts","status":201,"duration_ms":5}
{"event":"http.request","request_id":"a6d35df2-f1a1-4707-a0c3-70b847f83dec","method":"POST","path":"/api/v1/uploads","status":201,"duration_ms":7}
{"event":"http.request","request_id":"ba846b22-141a-4923-830d-f5ce0a41835e","method":"POST","path":"/api/v1/uploads/e53cc58b-f5ac-4761-9948-627ee089e1f7/parts","status":200,"duration_ms":4}
{"event":"http.request","request_id":"2d7509b4-12c0-4f30-bb20-5526876cc9ff","method":"GET","path":"/api/v1/auth/csrf","status":200,"duration_ms":1}
{"event":"http.request","request_id":"dd21b887-b0e1-4516-8f3e-9ac45d3d58d5","method":"POST","path":"/api/v1/auth/login","status":200,"duration_ms":19}
{"event":"http.request","request_id":"4c248e12-6d0d-4227-a1d8-0918f884bd88","method":"PUT","path":"/api/v1/uploads/e53cc58b-f5ac-4761-9948-627ee089e1f7/parts/1","status":422,"duration_ms":3}
{"event":"http.request","request_id":"a39e6f42-b7f2-41d6-a2c2-1bf6effb8029","method":"PUT","path":"/api/v1/uploads/e53cc58b-f5ac-4761-9948-627ee089e1f7/parts/1","status":200,"duration_ms":5}
{"event":"http.request","request_id":"22b998e2-9f54-45c1-ae2e-f6c294765bbf","method":"PUT","path":"/api/v1/uploads/e53cc58b-f5ac-4761-9948-627ee089e1f7/parts/1","status":200,"duration_ms":3}
{"event":"http.request","request_id":"e4e914c9-ea04-404a-8685-95aa02d4580a","method":"GET","path":"/api/v1/uploads/e53cc58b-f5ac-4761-9948-627ee089e1f7","status":200,"duration_ms":2}
{"event":"http.request","request_id":"b46a69b8-a151-4e15-883d-50aca311b7eb","method":"POST","path":"/api/v1/uploads/e53cc58b-f5ac-4761-9948-627ee089e1f7/parts","status":409,"duration_ms":3}
{"event":"http.request","request_id":"122a52d0-4bba-4051-b646-f37ec90a98cd","method":"POST","path":"/api/v1/uploads/e53cc58b-f5ac-4761-9948-627ee089e1f7/complete","status":422,"duration_ms":3}
{"event":"http.request","request_id":"e1ebdd88-a51b-4c36-99ab-5fb6bbf3f932","method":"POST","path":"/api/v1/uploads/e53cc58b-f5ac-4761-9948-627ee089e1f7/complete","status":200,"duration_ms":8}
{"event":"http.request","request_id":"d3a13018-6e4c-410e-8816-b29493e99e66","method":"POST","path":"/api/v1/uploads/e53cc58b-f5ac-4761-9948-627ee089e1f7/complete","status":200,"duration_ms":4}
{"event":"http.request","request_id":"4d976c87-3f1c-4167-b391-d09182c65e12","method":"POST","path":"/api/v1/uploads","status":201,"duration_ms":5}
{"event":"http.request","request_id":"f704eecf-0e8c-4ba9-b84f-fc20974a64b2","method":"POST","path":"/api/v1/uploads/8a8f9853-8c86-4d84-8110-2830ce7bf481/parts","status":200,"duration_ms":4}
{"event":"http.request","request_id":"59b050a5-f49e-4994-a858-9bb27b0de33c","method":"PUT","path":"/api/v1/uploads/8a8f9853-8c86-4d84-8110-2830ce7bf481/parts/1","status":200,"duration_ms":4}
{"event":"http.request","request_id":"684e016e-1b29-4af5-9537-5a03e46df47d","method":"POST","path":"/api/v1/uploads/8a8f9853-8c86-4d84-8110-2830ce7bf481/complete","status":422,"duration_ms":5}
{"event":"http.request","request_id":"fe3a0d7f-7cd0-441c-b184-23cb434f6f98","method":"POST","path":"/api/v1/uploads/8a8f9853-8c86-4d84-8110-2830ce7bf481/abort","status":200,"duration_ms":6}
{"event":"http.request","request_id":"8911ae28-cc8d-4486-861a-bd38f2d5797a","method":"POST","path":"/api/v1/uploads","status":201,"duration_ms":5}
{"event":"http.request","request_id":"73b71b37-ac8a-47ca-8172-253164fe1fa9","method":"GET","path":"/api/v1/uploads/1b4f4b10-99cc-429a-afb1-e7c37c2bc5a0","status":200,"duration_ms":2}
{"event":"http.request","request_id":"2171d18c-b8d3-4f13-bf81-b063e0bf8f86","method":"POST","path":"/api/v1/uploads","status":201,"duration_ms":5}
{"event":"http.request","request_id":"582e054c-ec49-443a-8ba5-a885be974a91","method":"POST","path":"/api/v1/uploads/576409ca-5c1f-4e6a-aeeb-6f4e8af81c85/abort","status":200,"duration_ms":6}
✔ 续传分片/登录恢复/幂等/校验/取消/过期保留，未完成文件不能下载 (218.8005ms)
{"event":"http.request","request_id":"250245c5-d9cd-474f-ac97-ec3afcad11e3","method":"GET","path":"/api/v1/auth/csrf","status":200,"duration_ms":1}
{"event":"http.request","request_id":"000e98f7-0584-4f6b-b141-84b32f5936fd","method":"POST","path":"/api/v1/setup","status":201,"duration_ms":21}
{"event":"http.request","request_id":"5637e44d-94f3-4d79-b929-a1f3d190349b","method":"GET","path":"/api/v1/auth/csrf","status":200,"duration_ms":1}
{"event":"http.request","request_id":"8e6d8bcf-4006-4227-b0ce-12316bca44fc","method":"POST","path":"/api/v1/auth/login","status":200,"duration_ms":21}
{"event":"http.request","request_id":"ecc35203-05ef-4d72-8385-f441cb1017cc","method":"GET","path":"/api/v1/me","status":200,"duration_ms":9}
{"event":"http.request","request_id":"44ecb19a-d59f-4431-be10-a5d378338214","method":"POST","path":"/api/v1/accounts","status":201,"duration_ms":4}
{"event":"http.request","request_id":"fe8e0d4f-069c-4bee-86d7-fbd984387047","method":"POST","path":"/api/v1/uploads","status":201,"duration_ms":9}
{"event":"http.request","request_id":"295a1ee7-a32c-40f2-9bf8-d9502ddf5f7a","method":"POST","path":"/api/v1/uploads/433b5621-0f5f-415e-be22-bafeee967f65/parts","status":200,"duration_ms":8}
{"event":"http.request","request_id":"e61e6fdf-5407-4022-9989-56a4d08a7a01","method":"PUT","path":"/api/v1/uploads/433b5621-0f5f-415e-be22-bafeee967f65/parts/1","status":200,"duration_ms":94}
{"event":"http.request","request_id":"85cc1de3-210f-4272-b36f-bdcbfaf51c7a","method":"POST","path":"/api/v1/uploads/433b5621-0f5f-415e-be22-bafeee967f65/parts","status":200,"duration_ms":4}
{"event":"http.request","request_id":"4336183b-ad7f-4f00-8efd-af74186eb57c","method":"PUT","path":"/api/v1/uploads/433b5621-0f5f-415e-be22-bafeee967f65/parts/2","status":200,"duration_ms":14}
{"event":"http.request","request_id":"13830e3a-e971-4dc3-bed2-17cf082dc219","method":"POST","path":"/api/v1/uploads/433b5621-0f5f-415e-be22-bafeee967f65/complete","status":200,"duration_ms":49}
{"event":"http.request","request_id":"93df74c4-2504-47cc-b873-9b42eb9881c9","method":"POST","path":"/api/v1/uploads","status":201,"duration_ms":7}
{"event":"http.request","request_id":"95221b60-ee73-48f1-b3ab-882ed845b41f","method":"POST","path":"/api/v1/uploads/06c4bbb1-ed07-4c5f-b697-23ff5b7a6b9c/parts","status":200,"duration_ms":3}
{"event":"http.request","request_id":"97e7b3d9-e6ff-46ac-a63e-6366e05001cb","method":"PUT","path":"/api/v1/uploads/06c4bbb1-ed07-4c5f-b697-23ff5b7a6b9c/parts/1","status":200,"duration_ms":120}
{"event":"http.request","request_id":"e1ddeb95-4d02-4002-82c6-11664692092e","method":"POST","path":"/api/v1/uploads/06c4bbb1-ed07-4c5f-b697-23ff5b7a6b9c/parts","status":200,"duration_ms":10}
{"event":"http.request","request_id":"545c6765-a1fe-4fb0-88b2-ba7af9823d0b","method":"PUT","path":"/api/v1/uploads/06c4bbb1-ed07-4c5f-b697-23ff5b7a6b9c/parts/2","status":200,"duration_ms":18}
{"event":"http.request","request_id":"ed471113-af0c-4b1f-83e4-31c0395e6e8f","method":"POST","path":"/api/v1/uploads/06c4bbb1-ed07-4c5f-b697-23ff5b7a6b9c/complete","status":200,"duration_ms":96}
{"event":"http.request","request_id":"23dc70d3-6542-49ac-be6f-a69c60666641","method":"GET","path":"/api/v1/files/389454a1-7cc2-4045-a975-9cc43e38f859/download","status":200,"duration_ms":7}
{"event":"http.request","request_id":"62bc58fd-987c-4341-a7a7-25feda7577da","method":"POST","path":"/api/v1/uploads","status":201,"duration_ms":7}
{"event":"http.request","request_id":"0e9278ce-9bdd-4011-987b-e870d33c7262","method":"POST","path":"/api/v1/uploads/7c25a0f6-bb14-4ecd-b886-6ea7c2bf6659/parts","status":200,"duration_ms":5}
{"event":"http.request","request_id":"00579618-1850-4fa4-a310-098016f9e28c","method":"PUT","path":"/api/v1/uploads/7c25a0f6-bb14-4ecd-b886-6ea7c2bf6659/parts/1","status":200,"duration_ms":6}
{"event":"http.request","request_id":"95058c84-3789-42d6-b8e0-2c881eeadc64","method":"POST","path":"/api/v1/uploads/7c25a0f6-bb14-4ecd-b886-6ea7c2bf6659/complete","status":200,"duration_ms":12}
{"event":"http.request","request_id":"04cc2834-7104-497c-9856-96f735b2db09","method":"GET","path":"/api/v1/files/9c51a5e9-daf3-4558-bc3b-27a8d134fb92/preview","status":409,"duration_ms":3}
✔ 两分片CSV续传与同目的去重、撤销权限阻止解析提交 (875.180959ms)
✔ 导入沙箱实际拒绝网络和凭据读取，允许工作目录且强制资源限制 (93.3905ms)
✔ 业务事件回滚不产生任务，Outbox并发分发只创建一个Job (74.967291ms)
✔ 租约保证单领取；心跳延长租约；已完成不会重复通知 (16.062167ms)
✔ 真实领取进程被SIGKILL后，重启领取恢复；旧租约结果被拒绝 (2455.463959ms)
✔ 取消与过期版本阻止结果及副作用提交 (29.351083ms)
✔ 失败退避重试有上限，管理员可重试；独立解析池不受一般池积压影响 (42.859333ms)
✔ 超过最大尝试的失联任务进入失败；未来调度事件暂不分发 (4.910208ms)
✔ 长任务心跳跨越初始租约，超时拒绝迟到结果和副作用 (4834.251084ms)
✔ 03角色矩阵：组合角色取并集，只读不得下载原件或写业务 (0.396125ms)
✔ 幂等请求哈希递归规范化对象键，保留数组顺序 (0.096667ms)
{"event":"http.request","request_id":"351a23bb-c676-4a39-b67f-989d9645d3d2","method":"GET","path":"/api/v1/auth/csrf","status":200,"duration_ms":5}
{"event":"http.request","request_id":"d3311e41-e5fc-459f-9f86-8931987a401a","method":"POST","path":"/api/v1/setup","status":201,"duration_ms":35}
{"event":"http.request","request_id":"6eb48344-ff5b-405c-9137-bd41a201e348","method":"GET","path":"/api/v1/auth/csrf","status":200,"duration_ms":2}
{"event":"http.request","request_id":"2d233538-bfd0-4a83-888d-9c39a01dc735","method":"POST","path":"/api/v1/auth/login","status":200,"duration_ms":24}
{"event":"http.request","request_id":"9c5f2fbf-1bdf-4984-8ebb-8ba3ae30748a","method":"GET","path":"/api/v1/me","status":200,"duration_ms":84}
{"event":"http.request","request_id":"9e85a49f-fecd-441e-8403-e4aa6f695ba3","method":"POST","path":"/api/v1/accounts","status":201,"duration_ms":10}
{"event":"http.request","request_id":"ecda6605-8417-4845-add4-c64ad4161018","method":"POST","path":"/api/v1/publications","status":201,"duration_ms":8}
{"event":"http.request","request_id":"6673e193-3795-4636-8a7e-97352b70bd97","method":"POST","path":"/api/v1/publications","status":201,"duration_ms":16}
{"event":"http.request","request_id":"1a3ac027-59d4-4df3-be55-02f3a5b485ac","method":"POST","path":"/api/v1/publications","status":409,"duration_ms":6}
{"event":"http.request","request_id":"c450fa7e-27d5-422e-8f39-8b4306620281","method":"GET","path":"/api/v1/publications","status":200,"duration_ms":2}
{"event":"http.request","request_id":"41c123be-5b3f-4585-8a27-7e0624e4cfcb","method":"GET","path":"/api/v1/publications/30cd32b9-c221-4fc6-a15a-703a5f859654","status":200,"duration_ms":2}
✔ 没有稿件/批准版本也可登记，幂等并发唯一，无回收/排期/提醒事件 (410.218125ms)
{"event":"http.request","request_id":"1d9e18f2-aab4-4fc4-b0e9-1afbf0b96d54","method":"POST","path":"/api/v1/publications","status":422,"duration_ms":5}
{"event":"http.request","request_id":"02771f24-c23a-411f-af9c-b9cdc444d954","method":"POST","path":"/api/v1/publications","status":422,"duration_ms":3}
{"event":"http.request","request_id":"805c4b6c-4a56-48b6-a012-fe9ebb6112f7","method":"POST","path":"/api/v1/publications","status":422,"duration_ms":3}
{"event":"http.request","request_id":"e2ece62f-b12d-4db5-bcee-dfa8ea2af3c2","method":"POST","path":"/api/v1/publications","status":422,"duration_ms":3}
{"event":"http.request","request_id":"891192a3-7ed5-4182-86e2-a1afa13ef552","method":"POST","path":"/api/v1/publications","status":422,"duration_ms":2}
{"event":"http.request","request_id":"fc742d1e-09b3-45b5-8065-23d2d36edf04","method":"POST","path":"/api/v1/publications","status":422,"duration_ms":3}
{"event":"http.request","request_id":"477af5a6-b778-473c-b62a-b8c9d0104143","method":"POST","path":"/api/v1/publications","status":404,"duration_ms":3}
{"event":"http.request","request_id":"ff00e1c3-f11c-4257-89f1-0cce8daaaa03","method":"POST","path":"/api/v1/publications","status":403,"duration_ms":3}
✔ 无ID/未来时间/身份链接错配/取消字段拒绝，未知账号或越权不泄漏 (33.698167ms)
{"event":"http.request","request_id":"e7f99d7d-077d-46d6-9a7e-e5cc57afcf81","method":"POST","path":"/api/v1/publications","status":201,"duration_ms":4}
{"event":"http.request","request_id":"ab074d4e-0647-4512-8aee-da9e33162096","method":"PATCH","path":"/api/v1/publications/ae8d904c-7dd6-4d89-96d1-f12130bdb57c","status":422,"duration_ms":3}
{"event":"http.request","request_id":"f0ed1f1f-8229-40fd-9dd4-e1ec4bfcc8b5","method":"PATCH","path":"/api/v1/publications/ae8d904c-7dd6-4d89-96d1-f12130bdb57c","status":422,"duration_ms":4}
{"event":"http.request","request_id":"ae05b9f0-83bd-4b16-b60c-fb143f963ea0","method":"PATCH","path":"/api/v1/publications/ae8d904c-7dd6-4d89-96d1-f12130bdb57c","status":200,"duration_ms":5}
{"event":"http.request","request_id":"64161c29-71ce-43b0-a254-66961a9accaa","method":"PATCH","path":"/api/v1/publications/ae8d904c-7dd6-4d89-96d1-f12130bdb57c","status":409,"duration_ms":4}
{"event":"http.request","request_id":"df9d4f3a-772a-4a36-a166-533ae3203aca","method":"PATCH","path":"/api/v1/publications/ae8d904c-7dd6-4d89-96d1-f12130bdb57c","status":200,"duration_ms":5}
{"event":"http.request","request_id":"063a4aac-0c99-44b6-bc51-8d2b146752ce","method":"GET","path":"/api/v1/publications/ae8d904c-7dd6-4d89-96d1-f12130bdb57c","status":200,"duration_ms":1}
{"event":"http.request","request_id":"1ee52cce-f7a0-451d-bb21-1b551ac42ac8","method":"POST","path":"/api/v1/publications","status":201,"duration_ms":4}
✔ 更正要原因/版本，账号ID不可挪用，外部删除保留原笔记，重发新ID另登记 (45.120917ms)
{"event":"http.request","request_id":"29bfeb6a-d5dd-4bbd-a482-5af61bf34d03","method":"GET","path":"/api/v1/contents","status":404,"duration_ms":1}
{"event":"http.request","request_id":"796bd812-309f-4bc3-9233-b502f93d464c","method":"POST","path":"/api/v1/contents","status":404,"duration_ms":1}
{"event":"http.request","request_id":"746e99ca-6b84-411d-9182-374ce1702271","method":"GET","path":"/api/v1/assets","status":404,"duration_ms":1}
{"event":"http.request","request_id":"0cf0e222-9b6d-422f-88ab-5cfe8cf80cf1","method":"POST","path":"/api/v1/assets","status":404,"duration_ms":1}
{"event":"http.request","request_id":"411fa4bf-3eac-4afd-98c7-0fa46dfc3978","method":"GET","path":"/api/v1/calendar-events","status":404,"duration_ms":0}
{"event":"http.request","request_id":"d21ac6d9-539a-432f-bf4e-7aa7e088b1a2","method":"POST","path":"/api/v1/calendar-events","status":404,"duration_ms":1}
{"event":"http.request","request_id":"3dd4042d-b113-421d-8cc6-7a9be82bdc1c","method":"GET","path":"/api/v1/campaigns","status":404,"duration_ms":1}
{"event":"http.request","request_id":"960a25f0-05bb-425b-82de-1bb6dbb8eadc","method":"POST","path":"/api/v1/campaigns","status":404,"duration_ms":1}
{"event":"http.request","request_id":"6493a7af-a5ca-44c4-b993-c5fa111bad70","method":"GET","path":"/api/v1/schedule-proposals","status":404,"duration_ms":0}
{"event":"http.request","request_id":"b15396fe-6584-4b77-bb77-d131b983613c","method":"POST","path":"/api/v1/schedule-proposals","status":404,"duration_ms":1}
{"event":"http.request","request_id":"3bf22513-c189-4736-beec-f1674c4a4e52","method":"GET","path":"/api/v1/publication-drafts","status":404,"duration_ms":1}
{"event":"http.request","request_id":"9c1607da-71a7-48e1-ba1a-c753195e9966","method":"POST","path":"/api/v1/publication-drafts","status":404,"duration_ms":1}
{"event":"http.request","request_id":"cc062706-ce10-4870-950d-d07c69eb6fb7","method":"GET","path":"/api/v1/reviews/b56df0b1-9001-467e-a74c-7ec291efa680/decide","status":404,"duration_ms":1}
{"event":"http.request","request_id":"b2f6b9f8-71ec-486e-b2c0-a070db0e6920","method":"POST","path":"/api/v1/reviews/b56df0b1-9001-467e-a74c-7ec291efa680/decide","status":404,"duration_ms":1}
{"event":"http.request","request_id":"a9694ef8-5d1c-4794-b11a-4af386d6796b","method":"GET","path":"/api/v1/export-packages/4ba63667-4d51-49be-8f26-77d55c5ce704/download","status":404,"duration_ms":1}
{"event":"http.request","request_id":"bf535086-f6c3-462f-bd66-0bdfb4cd4e18","method":"POST","path":"/api/v1/export-packages/4ba63667-4d51-49be-8f26-77d55c5ce704/download","status":404,"duration_ms":0}
{"event":"http.request","request_id":"29f49800-130b-4268-aa4c-0b63dda51039","method":"GET","path":"/api/v1/publications/06aaca34-f2e1-4c83-bf2b-6fa799677a33/changes","status":404,"duration_ms":0}
{"event":"http.request","request_id":"e71fa0e7-d9bd-4712-a9e3-2e0aec2b1d7f","method":"POST","path":"/api/v1/publications/06aaca34-f2e1-4c83-bf2b-6fa799677a33/changes","status":404,"duration_ms":1}
{"event":"http.request","request_id":"4239ba6f-7d35-4ca9-80a8-77921331156a","method":"POST","path":"/api/v1/diagnostics","status":422,"duration_ms":3}
✔ 取消模块及旧动作端点404且无业务副作用 (26.860834ms)
{"event":"http.request","request_id":"7a304e76-2837-4d3a-a084-58287da752e9","method":"GET","path":"/api/v1/auth/csrf","status":200,"duration_ms":3}
{"event":"http.request","request_id":"56555cb1-49a2-4006-8005-144d1cc2d5c7","method":"POST","path":"/api/v1/setup","status":201,"duration_ms":27}
{"event":"http.request","request_id":"1bb0acc7-59b0-4e98-9289-a2a4684805e8","method":"GET","path":"/api/v1/auth/csrf","status":200,"duration_ms":1}
{"event":"http.request","request_id":"56893812-8088-4d6a-907c-9cd92d3df80a","method":"POST","path":"/api/v1/auth/login","status":200,"duration_ms":20}
{"event":"http.request","request_id":"fd11091e-d61c-4bd3-8f57-66c6dcc82dd8","method":"GET","path":"/api/v1/me","status":200,"duration_ms":80}
{"event":"http.request","request_id":"9df2d857-ffba-46e0-b6d3-7e5d9481f8c0","method":"POST","path":"/api/v1/accounts","status":201,"duration_ms":12}
Applied 025-independent-notes-files.sql
Applied 026-retire-cancelled-workflows.sql
{"event":"http.request","request_id":"00756b6d-edd4-4233-a7d1-10717b5a49d0","method":"POST","path":"/api/v1/topics/3dde283c-0dee-410a-9734-7226f5957857/accept","status":200,"duration_ms":16}
✔ T25真实旧库结构升级：角色不提权、在途旧Job拒绝提交、关系/幂等/通知退出而通用事件保留 (688.23375ms)
{"event":"http.request","request_id":"00f86484-961c-4d39-8d0d-3a6682ae93a0","method":"GET","path":"/api/v1/auth/csrf","status":200,"duration_ms":5}
{"event":"http.request","request_id":"fc5e744b-54a1-4fc0-acda-3d93ab877156","method":"POST","path":"/api/v1/setup","status":201,"duration_ms":36}
{"event":"http.request","request_id":"39b11552-c998-4263-b45c-f43b7cc0a6c0","method":"GET","path":"/api/v1/auth/csrf","status":200,"duration_ms":2}
{"event":"http.request","request_id":"a5303ac4-d004-496f-bb9c-2b1f1492ce3c","method":"POST","path":"/api/v1/auth/login","status":200,"duration_ms":24}
{"event":"http.request","request_id":"7b33eb36-0034-4b5c-a2fe-c561fc239079","method":"GET","path":"/api/v1/me","status":200,"duration_ms":82}
{"event":"http.request","request_id":"f47cd652-c700-4a58-b7f8-0519a3f88329","method":"POST","path":"/api/v1/source-connections","status":201,"duration_ms":11}
{"event":"http.request","request_id":"1a2dc47a-591d-41db-ae10-6f91bab36120","method":"POST","path":"/api/v1/source-connections/898d256b-e078-4705-861c-8f4ce73489dd/refresh","status":202,"duration_ms":10}
{"event":"http.request","request_id":"b5017840-3553-4c76-a045-5d621fe2c9e6","method":"GET","path":"/api/v1/source-items","status":200,"duration_ms":1}
{"event":"http.request","request_id":"b0bd5f7d-6e23-4208-8b7c-b5123ffde9ea","method":"POST","path":"/api/v1/source-connections/898d256b-e078-4705-861c-8f4ce73489dd/refresh","status":202,"duration_ms":5}
{"event":"http.request","request_id":"ea38e244-7f3b-4354-99d1-6e4f083c1d9c","method":"GET","path":"/api/v1/source-items/7d2d719c-e6d2-4d4c-b081-ec3949c9c668","status":200,"duration_ms":1}
✔ 来源ID去重与不可变观察快照，缺发布时间不使用采集时间替代 (421.962541ms)
{"event":"http.request","request_id":"f24a6a88-173b-4126-ab7d-3acebb64f529","method":"POST","path":"/api/v1/source-connections/898d256b-e078-4705-861c-8f4ce73489dd/refresh","status":202,"duration_ms":6}
{"event":"http.request","request_id":"832d62af-d32a-4300-afc7-e73a457ab75b","method":"GET","path":"/api/v1/source-items","status":200,"duration_ms":1}
{"event":"http.request","request_id":"04a1651a-6f02-456f-b09c-22f51a2cfa9f","method":"GET","path":"/api/v1/source-items","status":200,"duration_ms":1}
{"event":"http.request","request_id":"f22e3c3d-28f8-44bb-9813-c8772dfe9ee9","method":"GET","path":"/api/v1/source-items","status":422,"duration_ms":1}
{"event":"http.request","request_id":"81e3cc2a-3fcb-4939-b1e8-189116a67784","method":"GET","path":"/api/v1/source-items","status":200,"duration_ms":2}
{"event":"http.request","request_id":"22cf4d47-a79f-4778-85e6-78c665f1a527","method":"GET","path":"/api/v1/source-items","status":200,"duration_ms":1}
{"event":"http.request","request_id":"39c7a200-e493-4f88-90a6-6bb6af6a2a47","method":"GET","path":"/api/v1/source-items","status":200,"duration_ms":1}
{"event":"http.request","request_id":"630c0768-2458-4d92-9c13-b9da1718b063","method":"GET","path":"/api/v1/source-items","status":200,"duration_ms":1}
✔ 过期与常青筛选区分；分页游标无重复；精确标题聚类保留独立证据 (35.20875ms)
{"event":"http.request","request_id":"d5b4ca0d-550f-4fea-9b7f-c2e3f391152c","method":"GET","path":"/api/v1/source-items","status":200,"duration_ms":2}
{"event":"http.request","request_id":"cc087b35-a2b1-44dd-9176-7216553a3026","method":"POST","path":"/api/v1/source-connections/898d256b-e078-4705-861c-8f4ce73489dd/refresh","status":202,"duration_ms":4}
{"event":"http.request","request_id":"7e9ba19b-d7b2-49d4-b49c-8f13c6ae71ba","method":"GET","path":"/api/v1/source-items/ffbee4cf-ad01-4176-9d65-794f1530ecb6","status":200,"duration_ms":1}
✔ 过期采集不会覆盖较新的原文；跨空间查证据不可见 (18.957625ms)
✔ 签名URL、未知类型、伪造数值/日期和超量结果全部拒绝 (3.507708ms)
✔ 微博上游额外条目不误判结构变化，按配置限额返回并保留真实上游条数 (1.606666ms)
{"event":"http.request","request_id":"8ac91f32-9b87-4f58-9f37-a41679b09da7","method":"POST","path":"/api/v1/source-connections","status":201,"duration_ms":4}
{"event":"http.request","request_id":"515ac3a8-282d-475b-b244-f306464de46b","method":"GET","path":"/api/v1/source-items","status":200,"duration_ms":2}
✔ 跨连接同标题主题保留两条独立来源与原始观察，不按标题删除 (12.898667ms)
{"event":"http.request","request_id":"df1b3486-2942-4d17-80fc-6e9531b027e8","method":"GET","path":"/api/v1/auth/csrf","status":200,"duration_ms":5}
{"event":"http.request","request_id":"3d665d4c-7c41-4b61-836f-6fd3546278d2","method":"POST","path":"/api/v1/setup","status":201,"duration_ms":36}
{"event":"http.request","request_id":"0c826a45-a1da-4c0e-9fec-5c819db68209","method":"GET","path":"/api/v1/auth/csrf","status":200,"duration_ms":1}
{"event":"http.request","request_id":"cc79a665-f1e4-423e-af0e-c41894e387e9","method":"POST","path":"/api/v1/auth/login","status":200,"duration_ms":24}
{"event":"http.request","request_id":"7f396918-0d1d-476d-9f14-7d3c5a5f9ac1","method":"GET","path":"/api/v1/me","status":200,"duration_ms":72}
{"event":"http.request","request_id":"d22ebe2b-7b15-413f-9946-ed9824b0cdb5","method":"POST","path":"/api/v1/accounts","status":201,"duration_ms":11}
{"event":"http.request","request_id":"18b88a88-1c95-4e93-8f75-9cdc1071603a","method":"GET","path":"/api/v1/topics","status":200,"duration_ms":2}
{"event":"http.request","request_id":"9cd51b61-3faf-408f-9a66-d6d899f2523d","method":"GET","path":"/api/v1/topics/867b81b4-e7b6-443f-9f99-74723c2a8f73","status":200,"duration_ms":3}
✔ 六项权重由服务端计分，保留缺项与生成批次，重复保存不新增 (381.898667ms)
{"event":"http.request","request_id":"652b7dfc-44b6-4b7c-b775-8318b3676d81","method":"POST","path":"/api/v1/topics/1038f9a3-d45e-44d4-a989-b808c9c0202f/accept","status":200,"duration_ms":6}
{"event":"http.request","request_id":"feb6e4bc-2f48-43dd-8118-bf5d5ee80076","method":"POST","path":"/api/v1/topics/1038f9a3-d45e-44d4-a989-b808c9c0202f/accept","status":200,"duration_ms":12}
{"event":"http.request","request_id":"7d1fda29-4a69-4b2a-9d6c-c08ad3e0c532","method":"POST","path":"/api/v1/topics/1038f9a3-d45e-44d4-a989-b808c9c0202f/accept","status":422,"duration_ms":3}
✔ 不同请求键并发采纳只保存一个决策，重复采纳返回原结果且没有Job/生产关系 (23.070042ms)
{"event":"http.request","request_id":"3e959faf-449e-4133-998e-7e8251fde75b","method":"POST","path":"/api/v1/topics/245029cd-6e81-4fd6-8264-b2c3123e4bf9/accept","status":200,"duration_ms":5}
{"event":"http.request","request_id":"45e78670-9bd2-46ff-a84f-8aa0ee92ee0c","method":"POST","path":"/api/v1/topics/245029cd-6e81-4fd6-8264-b2c3123e4bf9/reject","status":409,"duration_ms":5}
{"event":"http.request","request_id":"1c05d584-07b4-4b65-b12a-347d88558afe","method":"GET","path":"/api/v1/topics/245029cd-6e81-4fd6-8264-b2c3123e4bf9","status":200,"duration_ms":2}
{"event":"http.request","request_id":"9418696b-1b72-48f7-8a7f-032bdfd8145f","method":"POST","path":"/api/v1/topics/511a3ce8-9c20-4e85-831a-bc6f8b63315e/accept","status":409,"duration_ms":3}
{"event":"http.request","request_id":"a2ae7ee9-7632-4472-8d53-ca2693f3610a","method":"GET","path":"/api/v1/topics","status":200,"duration_ms":1}
✔ 拒绝原因不可丢失；与采纳竞争只有一条最终决策，过期不得采纳 (22.475ms)
{"event":"http.request","request_id":"7d8895cf-4f23-4f2d-ba97-3dd3acdea8ec","method":"POST","path":"/api/v1/topics/fc89c420-3b02-4fe8-87bf-888c3c188e84/variants","status":201,"duration_ms":6}
{"event":"http.request","request_id":"e40b403d-8df6-48bf-b404-d5dc1a2e4f86","method":"POST","path":"/api/v1/topics/fc89c420-3b02-4fe8-87bf-888c3c188e84/variants","status":201,"duration_ms":13}
{"event":"http.request","request_id":"e18f8c38-c63a-4952-b1bb-5d653c42a20f","method":"POST","path":"/api/v1/topics/fc89c420-3b02-4fe8-87bf-888c3c188e84/accept","status":422,"duration_ms":3}
✔ 显式变体保留父题/理由/证据并独立采纳；越权负责人和空间拒绝 (21.340042ms)
✔ 事实缺观察/伪造来源使整个候选事务回滚，不用高分掩盖错误 (3.641625ms)
{"event":"http.request","request_id":"c5732eac-6917-4b76-a95c-ad30943379c3","method":"POST","path":"/api/v1/topics/956e3e4e-566e-4558-9fbf-757fd859d8dd/reject","status":422,"duration_ms":2}
{"event":"http.request","request_id":"c384da41-2a48-49fc-89e7-eb817d17bf0f","method":"POST","path":"/api/v1/topics/956e3e4e-566e-4558-9fbf-757fd859d8dd/reject","status":409,"duration_ms":4}
✔ 编辑只能采纳本人的任务；缺拒绝理由与陈旧版本不能改变选题 (14.43625ms)
{"event":"http.request","request_id":"5527da7d-9d72-4f9b-8e70-b95372446ae1","method":"POST","path":"/api/v1/source-connections","status":201,"duration_ms":4}
{"event":"http.request","request_id":"691b9b14-3ba8-4bc7-925a-fd24fcf6a028","method":"GET","path":"/api/v1/topics/9604f64f-42c3-4657-9ba0-41f258ef49fc","status":200,"duration_ms":3}
✔ 证据显示采纳建议生成时的不可变观察，不随着来源更新改写标题；观察必须匹配来源 (28.622708ms)
✔ 常青原创不能把来源窗口结束填成到期；明确来源的时效由服务端保留 (1.060375ms)
{"event":"http.request","request_id":"e3977325-9696-42a9-81a7-686d6afa25a9","method":"POST","path":"/api/v1/members","status":201,"duration_ms":23}
{"event":"http.request","request_id":"a3d2de59-21c7-49f0-afbf-cf6d41e157b1","method":"POST","path":"/api/v1/topics/af66fe80-409e-4b19-b137-5425d42b07af/accept","status":200,"duration_ms":5}
{"event":"http.request","request_id":"72a0c921-891c-49ef-aa52-53d219b385d4","method":"PATCH","path":"/api/v1/members/40e2b597-246b-40da-a5c3-19e9828fdc21","status":422,"duration_ms":4}
{"event":"http.request","request_id":"db3edc77-9eeb-4b2d-80aa-2dd9d102f759","method":"PATCH","path":"/api/v1/members/40e2b597-246b-40da-a5c3-19e9828fdc21","status":200,"duration_ms":6}
{"event":"http.request","request_id":"a1f5a899-f272-480c-bd18-b153850a3fd8","method":"GET","path":"/api/v1/topics/af66fe80-409e-4b19-b137-5425d42b07af","status":200,"duration_ms":3}
✔ 停用选题负责人必须移交，历史决策不改写，新负责人有授权和待办；编辑不能驳回他人题 (53.339166ms)
✔ 公开主页ID严格限定；不接受其他域名、登录凭据或签名URL作为配置 (0.545833ms)
✔ 账号笔记校验作者与笔记ID，规范链接剥离签名并拒绝错账号 (0.252375ms)
ℹ tests 77
ℹ suites 0
ℹ pass 77
ℹ fail 0
ℹ cancelled 0
ℹ skipped 0
ℹ todo 0
ℹ duration_ms 21114.541291
[WebServer] (node:94714) Warning: The 'NO_COLOR' env is ignored due to the 'FORCE_COLOR' env being set.
[WebServer] (Use `node --trace-warnings ...` to show where the warning was created)
[WebServer] (node:94715) Warning: The 'NO_COLOR' env is ignored due to the 'FORCE_COLOR' env being set.
[WebServer] (Use `node --trace-warnings ...` to show where the warning was created)
[WebServer] (node:94721) Warning: The 'NO_COLOR' env is ignored due to the 'FORCE_COLOR' env being set.
[WebServer] (Use `node --trace-warnings ...` to show where the warning was created)
[WebServer] (node:94721) Warning: The 'NO_COLOR' env is ignored due to the 'FORCE_COLOR' env being set.
[WebServer] (Use `node --trace-warnings ...` to show where the warning was created)

Running 6 tests using 1 worker

(node:94723) Warning: The 'NO_COLOR' env is ignored due to the 'FORCE_COLOR' env being set.
(Use `node --trace-warnings ...` to show where the warning was created)
(node:94723) Warning: The 'NO_COLOR' env is ignored due to the 'FORCE_COLOR' env being set.
(Use `node --trace-warnings ...` to show where the warning was created)
  ✓  1 tests/browser.spec.ts:5:5 › 首次设置、三导航、账号表单、设置保存、键盘抽屉和退出 (2.3s)
  ✓  2 tests/browser.spec.ts:24:5 › 请求失败显示可重试错误，加载状态和登录过期可见 (1.6s)
  ✓  3 tests/browser.spec.ts:31:5 › 来源连接保存、独立待验证状态、启用和同源运行记录 (1.3s)
  ✓  4 tests/browser.spec.ts:41:5 › 来源证据详情保留原始观察、采集时间和缺失发布时间 (1.3s)
  ✓  5 tests/browser.spec.ts:47:5 › 候选理由/评分/证据、默认本人采纳、拒绝留因与显式变体 (2.3s)
  ✓  6 tests/browser.spec.ts:58:5 › T26 独立笔记登记与更正、旧深链回退、三导航窄屏无溢出 (877ms)

  6 passed (11.1s)
