Applied 016-frozen-revision-immutability.sql
{"event":"http.request","request_id":"9a85e7a9-6d7a-4627-b474-fa11cc35bb35","method":"GET","path":"/api/v1/auth/csrf","status":200,"duration_ms":6}
{"event":"http.request","request_id":"0ed01930-6d63-4430-a420-1f5f1c5484ef","method":"POST","path":"/api/v1/setup","status":201,"duration_ms":35}
{"event":"http.request","request_id":"d5cdff07-6e91-4733-a57c-3e103a951347","method":"GET","path":"/api/v1/auth/csrf","status":200,"duration_ms":1}
{"event":"http.request","request_id":"307a2e6a-7b4d-4e97-9cd9-842bd4675446","method":"POST","path":"/api/v1/auth/login","status":200,"duration_ms":25}
{"event":"http.request","request_id":"c50ebf9d-30d7-4e83-92b2-8421a4a6ba04","method":"GET","path":"/api/v1/me","status":200,"duration_ms":77}
{"event":"http.request","request_id":"4970896c-28c5-467d-8a4d-9bf87a96b2fa","method":"POST","path":"/api/v1/accounts","status":201,"duration_ms":10}
{"event":"http.request","request_id":"8df24d81-aa96-4209-8830-4bb858379cb7","method":"POST","path":"/api/v1/topics/59b4c8a7-34e7-44df-9017-8229ff35d927/accept","status":201,"duration_ms":16}
{"event":"http.request","request_id":"c0dba766-438c-4759-b4da-7168286ec273","method":"GET","path":"/api/v1/contents/f6b5a285-9de8-4c69-8a94-7e47dc7153ba","status":200,"duration_ms":4}
{"event":"http.request","request_id":"dc6f4dae-cf0b-4388-b917-7c8a9216ae6c","method":"GET","path":"/api/v1/contents/f6b5a285-9de8-4c69-8a94-7e47dc7153ba","status":200,"duration_ms":3}
{"event":"http.request","request_id":"98419220-0e24-4259-95b2-be807d9fce77","method":"GET","path":"/api/v1/contents/f6b5a285-9de8-4c69-8a94-7e47dc7153ba","status":200,"duration_ms":2}
{"event":"http.request","request_id":"104a0868-711a-4bb5-9fdf-5c0d9cfc18c4","method":"POST","path":"/api/v1/contents/f6b5a285-9de8-4c69-8a94-7e47dc7153ba/apply-generated","status":200,"duration_ms":7}
{"event":"http.request","request_id":"e5ce5c9d-89a6-47e3-88e8-1cd2c97e5f28","method":"POST","path":"/api/v1/contents/f6b5a285-9de8-4c69-8a94-7e47dc7153ba/apply-generated","status":200,"duration_ms":12}
✔ 生成候选不覆盖当前草稿，已确认目标/人群保留；并发应用同一建议仅一版本 (444.920208ms)
{"event":"http.request","request_id":"5458b0a5-ea0e-4595-a80a-3185f795feb4","method":"POST","path":"/api/v1/topics/9d4373b1-e597-41e1-8b7b-824aaee666c8/accept","status":201,"duration_ms":9}
{"event":"http.request","request_id":"e9d27b4d-8155-444c-96b5-61e86c92d93b","method":"GET","path":"/api/v1/contents/31881581-d993-4857-a04d-3d9914903e0a","status":200,"duration_ms":2}
{"event":"http.request","request_id":"c61365d9-e042-45ab-ba49-80ed1366b322","method":"GET","path":"/api/v1/contents/31881581-d993-4857-a04d-3d9914903e0a","status":200,"duration_ms":2}
{"event":"http.request","request_id":"7f69f66c-ffbf-4919-b9c6-bb13e4a910bf","method":"POST","path":"/api/v1/contents/31881581-d993-4857-a04d-3d9914903e0a/generate-brief","status":202,"duration_ms":7}
{"event":"http.request","request_id":"d9efae53-a488-4947-b313-b7c058769c5e","method":"GET","path":"/api/v1/contents/31881581-d993-4857-a04d-3d9914903e0a","status":200,"duration_ms":2}
✔ 人工锁定标题/正文优先，生成回填不得修改；危险/缺失路径拒绝 (47.401667ms)
{"event":"http.request","request_id":"1c2942a9-c371-4ac2-977e-23988864f325","method":"POST","path":"/api/v1/topics/c8bc91d9-5723-425e-b5b7-d3586a674073/accept","status":201,"duration_ms":7}
{"event":"http.request","request_id":"79a949e6-a661-43ff-9d4f-32838119b79e","method":"GET","path":"/api/v1/contents/1abc9907-19de-4cad-a81e-767abfdeb23c","status":200,"duration_ms":1}
{"event":"http.request","request_id":"6913d873-a475-4b79-a9c4-c6cc3ebb3c7a","method":"GET","path":"/api/v1/contents/1abc9907-19de-4cad-a81e-767abfdeb23c","status":200,"duration_ms":1}
{"event":"http.request","request_id":"06475394-5719-44f5-ad95-47306eb18d6b","method":"GET","path":"/api/v1/contents/1abc9907-19de-4cad-a81e-767abfdeb23c","status":200,"duration_ms":1}
{"event":"http.request","request_id":"2662c484-80ba-44ac-9e5d-2131002dd575","method":"POST","path":"/api/v1/topics/8b4c9912-de8a-486d-896b-dc237a17b494/accept","status":201,"duration_ms":7}
{"event":"http.request","request_id":"1de6e876-e180-457d-80fa-af113be1cae2","method":"GET","path":"/api/v1/contents/c694d78b-f6e2-488a-8eb5-7fec69d24105","status":200,"duration_ms":2}
{"event":"http.request","request_id":"71075248-c4d9-43e1-98d0-92a3b76cd05d","method":"GET","path":"/api/v1/contents/c694d78b-f6e2-488a-8eb5-7fec69d24105","status":200,"duration_ms":2}
{"event":"http.request","request_id":"e9ef8c96-3b2f-43c7-8398-5fe788ab58b3","method":"GET","path":"/api/v1/contents/c694d78b-f6e2-488a-8eb5-7fec69d24105","status":200,"duration_ms":2}
{"event":"http.request","request_id":"f3d9aee0-7aaa-4f75-bb9b-a5a187ac5800","method":"POST","path":"/api/v1/contents/c694d78b-f6e2-488a-8eb5-7fec69d24105/apply-generated","status":409,"duration_ms":4}
✔ 人工修改后拒绝迟到生成；已产生候选在应用前过期也拒绝 (58.222291ms)
{"event":"http.request","request_id":"7d22e436-be56-4bcd-9c0a-58cda1e6a946","method":"POST","path":"/api/v1/topics/bfa988eb-d4d6-430d-89c3-9fd8dd55a811/accept","status":201,"duration_ms":9}
{"event":"http.request","request_id":"7ae22860-7b30-439e-945a-c398195a973b","method":"GET","path":"/api/v1/contents/6ea94b14-3884-4cd9-ba70-ca6c8d694820","status":200,"duration_ms":2}
{"event":"http.request","request_id":"a5d8a52f-1b95-4143-aa86-3fa1ed0e6dc4","method":"GET","path":"/api/v1/contents/6ea94b14-3884-4cd9-ba70-ca6c8d694820","status":200,"duration_ms":2}
{"event":"http.request","request_id":"ed0b1a9e-ca82-4576-8e9a-369ebdd5c703","method":"GET","path":"/api/v1/contents/6ea94b14-3884-4cd9-ba70-ca6c8d694820","status":200,"duration_ms":2}
{"event":"http.request","request_id":"515ad0da-c2da-4aa0-a1b3-6ac2e0a634fb","method":"POST","path":"/api/v1/topics/b40f5ee7-3415-4b5a-956a-f781162a3bfb/accept","status":201,"duration_ms":9}
{"event":"http.request","request_id":"b1c5a41e-839b-4bd8-941e-aa02b8392356","method":"GET","path":"/api/v1/contents/f1e1e1d7-1b4d-4496-a89d-23d01d8d4601","status":200,"duration_ms":1}
{"event":"http.request","request_id":"0dd3f830-2112-45e7-a3ae-4aa654305b03","method":"GET","path":"/api/v1/contents/f1e1e1d7-1b4d-4496-a89d-23d01d8d4601","status":200,"duration_ms":2}
{"event":"http.request","request_id":"a84fd3de-6749-431d-9610-d892957e9105","method":"POST","path":"/api/v1/contents/f1e1e1d7-1b4d-4496-a89d-23d01d8d4601/apply-generated","status":404,"duration_ms":5}
✔ 连续视频分镜、无配音说明与时长保留；跨内容候选不能应用 (59.313ms)
{"event":"http.request","request_id":"791230e5-1b24-48ba-ad4a-a033d4116bbc","method":"POST","path":"/api/v1/uploads","status":201,"duration_ms":8}
{"event":"http.request","request_id":"e3d8aafc-d507-4cdd-961e-b1f79588bc0b","method":"POST","path":"/api/v1/uploads/1f6b2e10-73a8-4fd2-8511-3b6fef39d454/parts","status":200,"duration_ms":4}
{"event":"http.request","request_id":"6c7a9fd7-a245-44fd-aa9a-6cf7e6336e90","method":"PUT","path":"/api/v1/uploads/1f6b2e10-73a8-4fd2-8511-3b6fef39d454/parts/1","status":200,"duration_ms":225}
{"event":"http.request","request_id":"1b01930f-e0f6-4067-8efb-69d120ba1fa3","method":"POST","path":"/api/v1/uploads/1f6b2e10-73a8-4fd2-8511-3b6fef39d454/complete","status":200,"duration_ms":36}
{"event":"http.request","request_id":"9aa5bc7c-411a-43fd-824d-ad3458c96d99","method":"POST","path":"/api/v1/assets","status":422,"duration_ms":4}
✖ 真实上传PNG版本引用随应用事务落库，停用素材后不得采用已生成候选 (396.450958ms)
ℹ tests 5
ℹ suites 0
ℹ pass 4
ℹ fail 1
ℹ cancelled 0
ℹ skipped 0
ℹ todo 0
ℹ duration_ms 1648.959584

✖ failing tests:

test at tests/briefs.test.ts:2:10634
✖ 真实上传PNG版本引用随应用事务落库，停用素材后不得采用已生成候选 (396.450958ms)
  TypeError: Cannot read properties of undefined (reading 'id')
      at TestContext.<anonymous> (/Users/junlong/projects/social-mdeida-ops-platform/tests/briefs.test.ts:42:196)
      at process.processTicksAndRejections (node:internal/process/task_queues:104:5)
      at async Test.run (node:internal/test_runner/test:1125:7)
      at async Test.processPendingSubtests (node:internal/test_runner/test:787:7)
