 Container yoyo-s3-ai-smoke-media-executor-1 Stopping
 Container yoyo-s3-ai-smoke-media-1 Stopping
 Container yoyo-s3-ai-smoke-scheduler-1 Stopping
 Container yoyo-s3-ai-smoke-reminder-1 Stopping
 Container yoyo-s3-ai-smoke-api-1 Stopping
 Container yoyo-s3-ai-smoke-worker-1 Stopping
 Container yoyo-s3-ai-smoke-api-1 Stopped
 Container yoyo-s3-ai-smoke-worker-1 Stopped
 Container yoyo-s3-ai-smoke-media-1 Stopped
 Container yoyo-s3-ai-smoke-reminder-1 Stopped
 Container yoyo-s3-ai-smoke-scheduler-1 Stopped
 Container yoyo-s3-ai-smoke-migrate-1 Stopping
 Container yoyo-s3-ai-smoke-migrate-1 Stopped
 Container yoyo-s3-ai-smoke-db-1 Stopping
 Container yoyo-s3-ai-smoke-storage-1 Stopping
 Container yoyo-s3-ai-smoke-db-1 Stopped
 Container yoyo-s3-ai-smoke-storage-1 Stopped
 Container yoyo-s3-ai-smoke-media-executor-1 Stopped
 Container yoyo-s3-ai-smoke-init-1 Stopping
 Container yoyo-s3-ai-smoke-init-1 Stopped
