 Container yoyo-s3-ai-smoke-db-1 Running
 Container yoyo-s3-ai-smoke-storage-1 Running
 Container yoyo-s3-ai-smoke-media-executor-1 Recreate
 Container yoyo-s3-ai-smoke-migrate-1 Recreate
 Container yoyo-s3-ai-smoke-migrate-1 Recreated
 Container yoyo-s3-ai-smoke-api-1 Recreate
 Container yoyo-s3-ai-smoke-reminder-1 Recreate
 Container yoyo-s3-ai-smoke-media-1 Recreate
 Container yoyo-s3-ai-smoke-scheduler-1 Recreate
 Container yoyo-s3-ai-smoke-worker-1 Recreate
 Container yoyo-s3-ai-smoke-api-1 Recreated
 Container yoyo-s3-ai-smoke-scheduler-1 Recreated
 Container yoyo-s3-ai-smoke-reminder-1 Recreated
 Container yoyo-s3-ai-smoke-worker-1 Recreated
 Container yoyo-s3-ai-smoke-media-1 Recreated
 Container yoyo-s3-ai-smoke-media-executor-1 Recreated
 Container yoyo-s3-ai-smoke-init-1 Starting
 Container yoyo-s3-ai-smoke-init-1 Started
 Container yoyo-s3-ai-smoke-init-1 Waiting
 Container yoyo-s3-ai-smoke-init-1 Waiting
 Container yoyo-s3-ai-smoke-init-1 Waiting
 Container yoyo-s3-ai-smoke-init-1 Exited
 Container yoyo-s3-ai-smoke-init-1 Exited
 Container yoyo-s3-ai-smoke-init-1 Exited
 Container yoyo-s3-ai-smoke-media-executor-1 Starting
 Container yoyo-s3-ai-smoke-db-1 Waiting
 Container yoyo-s3-ai-smoke-storage-1 Waiting
 Container yoyo-s3-ai-smoke-media-executor-1 Started
 Container yoyo-s3-ai-smoke-db-1 Healthy
 Container yoyo-s3-ai-smoke-storage-1 Healthy
 Container yoyo-s3-ai-smoke-migrate-1 Starting
 Container yoyo-s3-ai-smoke-migrate-1 Started
 Container yoyo-s3-ai-smoke-migrate-1 Waiting
 Container yoyo-s3-ai-smoke-migrate-1 Waiting
 Container yoyo-s3-ai-smoke-migrate-1 Waiting
 Container yoyo-s3-ai-smoke-migrate-1 Waiting
 Container yoyo-s3-ai-smoke-migrate-1 Waiting
 Container yoyo-s3-ai-smoke-migrate-1 Exited
 Container yoyo-s3-ai-smoke-scheduler-1 Starting
 Container yoyo-s3-ai-smoke-migrate-1 Exited
 Container yoyo-s3-ai-smoke-media-1 Starting
 Container yoyo-s3-ai-smoke-migrate-1 Exited
 Container yoyo-s3-ai-smoke-api-1 Starting
 Container yoyo-s3-ai-smoke-migrate-1 Exited
 Container yoyo-s3-ai-smoke-reminder-1 Starting
 Container yoyo-s3-ai-smoke-migrate-1 Exited
 Container yoyo-s3-ai-smoke-worker-1 Starting
 Container yoyo-s3-ai-smoke-scheduler-1 Started
 Container yoyo-s3-ai-smoke-reminder-1 Started
 Container yoyo-s3-ai-smoke-api-1 Started
 Container yoyo-s3-ai-smoke-media-1 Started
 Container yoyo-s3-ai-smoke-worker-1 Started
 Container yoyo-s3-ai-smoke-migrate-1 Waiting
 Container yoyo-s3-ai-smoke-storage-1 Waiting
 Container yoyo-s3-ai-smoke-media-1 Waiting
 Container yoyo-s3-ai-smoke-media-executor-1 Waiting
 Container yoyo-s3-ai-smoke-api-1 Waiting
 Container yoyo-s3-ai-smoke-reminder-1 Waiting
 Container yoyo-s3-ai-smoke-scheduler-1 Waiting
 Container yoyo-s3-ai-smoke-init-1 Waiting
 Container yoyo-s3-ai-smoke-worker-1 Waiting
 Container yoyo-s3-ai-smoke-db-1 Waiting
 Container yoyo-s3-ai-smoke-reminder-1 Healthy
 Container yoyo-s3-ai-smoke-scheduler-1 Healthy
 Container yoyo-s3-ai-smoke-media-executor-1 Healthy
 Container yoyo-s3-ai-smoke-init-1 Exited
 Container yoyo-s3-ai-smoke-worker-1 Healthy
 Container yoyo-s3-ai-smoke-storage-1 Healthy
 Container yoyo-s3-ai-smoke-media-1 Healthy
 Container yoyo-s3-ai-smoke-migrate-1 Exited
 Container yoyo-s3-ai-smoke-db-1 Healthy
 Container yoyo-s3-ai-smoke-api-1 Healthy
