✖ 六项权重由服务端计分，保留缺项与生成批次，重复保存不新增 (26.201917ms)
✖ 不同请求键并发采纳只创建一个草稿/首版本/真实brief Job，旧版本重复采纳返回同一结果 (1.151ms)
✖ 拒绝原因不可丢失；与采纳竞争只有一条最终决策，过期不得采纳 (0.034958ms)
✖ 显式变体保留父题/理由/证据并独立采纳；越权负责人和空间拒绝 (0.027667ms)
✖ 事实缺观察/伪造来源使整个候选事务回滚，不用高分掩盖错误 (0.031583ms)
✖ /Users/junlong/projects/social-mdeida-ops-platform/tests/topics.test.ts (0.034334ms)
ℹ tests 6
ℹ suites 0
ℹ pass 0
ℹ fail 6
ℹ cancelled 0
ℹ skipped 0
ℹ todo 0
ℹ duration_ms 10683.17

✖ failing tests:

test at tests/topics.test.ts:2:3503
✖ 六项权重由服务端计分，保留缺项与生成批次，重复保存不新增 (26.201917ms)
  error: there is no unique constraint matching given keys for referenced table "source_observations"
      at /Users/junlong/projects/social-mdeida-ops-platform/node_modules/.pnpm/pg@8.16.3/node_modules/pg/lib/client.js:545:17
      at process.processTicksAndRejections (node:internal/process/task_queues:104:5)
      at async migrate (/Users/junlong/projects/social-mdeida-ops-platform/packages/db/src/migrate.ts:15:11)
      at async database (/Users/junlong/projects/social-mdeida-ops-platform/tests/helpers.ts:19:75)
      at async server (/Users/junlong/projects/social-mdeida-ops-platform/tests/helpers.ts:36:41)
      at async TestContext.<anonymous> (/Users/junlong/projects/social-mdeida-ops-platform/tests/topics.test.ts:10:22)
      at async TestHook.run (node:internal/test_runner/test:1125:7) {
    length: 165,
    severity: 'ERROR',
    code: '42830',
    detail: undefined,
    hint: undefined,
    position: undefined,
    internalPosition: undefined,
    internalQuery: undefined,
    where: undefined,
    schema: undefined,
    table: undefined,
    column: undefined,
    dataType: undefined,
    constraint: undefined,
    file: 'tablecmds.c',
    line: '12165',
    routine: 'transformFkeyCheckAttrs'
  }

test at tests/topics.test.ts:2:4580
✖ 不同请求键并发采纳只创建一个草稿/首版本/真实brief Job，旧版本重复采纳返回同一结果 (1.151ms)
  error: there is no unique constraint matching given keys for referenced table "source_observations"
      at /Users/junlong/projects/social-mdeida-ops-platform/node_modules/.pnpm/pg@8.16.3/node_modules/pg/lib/client.js:545:17
      at process.processTicksAndRejections (node:internal/process/task_queues:104:5)
      at async migrate (/Users/junlong/projects/social-mdeida-ops-platform/packages/db/src/migrate.ts:15:11)
      at async database (/Users/junlong/projects/social-mdeida-ops-platform/tests/helpers.ts:19:75)
      at async server (/Users/junlong/projects/social-mdeida-ops-platform/tests/helpers.ts:36:41)
      at async TestContext.<anonymous> (/Users/junlong/projects/social-mdeida-ops-platform/tests/topics.test.ts:10:22)
      at async TestHook.run (node:internal/test_runner/test:1125:7) {
    length: 165,
    severity: 'ERROR',
    code: '42830',
    detail: undefined,
    hint: undefined,
    position: undefined,
    internalPosition: undefined,
    internalQuery: undefined,
    where: undefined,
    schema: undefined,
    table: undefined,
    column: undefined,
    dataType: undefined,
    constraint: undefined,
    file: 'tablecmds.c',
    line: '12165',
    routine: 'transformFkeyCheckAttrs'
  }

test at tests/topics.test.ts:2:5899
✖ 拒绝原因不可丢失；与采纳竞争只有一条最终决策，过期不得采纳 (0.034958ms)
  error: there is no unique constraint matching given keys for referenced table "source_observations"
      at /Users/junlong/projects/social-mdeida-ops-platform/node_modules/.pnpm/pg@8.16.3/node_modules/pg/lib/client.js:545:17
      at process.processTicksAndRejections (node:internal/process/task_queues:104:5)
      at async migrate (/Users/junlong/projects/social-mdeida-ops-platform/packages/db/src/migrate.ts:15:11)
      at async database (/Users/junlong/projects/social-mdeida-ops-platform/tests/helpers.ts:19:75)
      at async server (/Users/junlong/projects/social-mdeida-ops-platform/tests/helpers.ts:36:41)
      at async TestContext.<anonymous> (/Users/junlong/projects/social-mdeida-ops-platform/tests/topics.test.ts:10:22)
      at async TestHook.run (node:internal/test_runner/test:1125:7) {
    length: 165,
    severity: 'ERROR',
    code: '42830',
    detail: undefined,
    hint: undefined,
    position: undefined,
    internalPosition: undefined,
    internalQuery: undefined,
    where: undefined,
    schema: undefined,
    table: undefined,
    column: undefined,
    dataType: undefined,
    constraint: undefined,
    file: 'tablecmds.c',
    line: '12165',
    routine: 'transformFkeyCheckAttrs'
  }

test at tests/topics.test.ts:2:6975
✖ 显式变体保留父题/理由/证据并独立采纳；越权负责人和空间拒绝 (0.027667ms)
  error: there is no unique constraint matching given keys for referenced table "source_observations"
      at /Users/junlong/projects/social-mdeida-ops-platform/node_modules/.pnpm/pg@8.16.3/node_modules/pg/lib/client.js:545:17
      at process.processTicksAndRejections (node:internal/process/task_queues:104:5)
      at async migrate (/Users/junlong/projects/social-mdeida-ops-platform/packages/db/src/migrate.ts:15:11)
      at async database (/Users/junlong/projects/social-mdeida-ops-platform/tests/helpers.ts:19:75)
      at async server (/Users/junlong/projects/social-mdeida-ops-platform/tests/helpers.ts:36:41)
      at async TestContext.<anonymous> (/Users/junlong/projects/social-mdeida-ops-platform/tests/topics.test.ts:10:22)
      at async TestHook.run (node:internal/test_runner/test:1125:7) {
    length: 165,
    severity: 'ERROR',
    code: '42830',
    detail: undefined,
    hint: undefined,
    position: undefined,
    internalPosition: undefined,
    internalQuery: undefined,
    where: undefined,
    schema: undefined,
    table: undefined,
    column: undefined,
    dataType: undefined,
    constraint: undefined,
    file: 'tablecmds.c',
    line: '12165',
    routine: 'transformFkeyCheckAttrs'
  }

test at tests/topics.test.ts:2:8052
✖ 事实缺观察/伪造来源使整个候选事务回滚，不用高分掩盖错误 (0.031583ms)
  error: there is no unique constraint matching given keys for referenced table "source_observations"
      at /Users/junlong/projects/social-mdeida-ops-platform/node_modules/.pnpm/pg@8.16.3/node_modules/pg/lib/client.js:545:17
      at process.processTicksAndRejections (node:internal/process/task_queues:104:5)
      at async migrate (/Users/junlong/projects/social-mdeida-ops-platform/packages/db/src/migrate.ts:15:11)
      at async database (/Users/junlong/projects/social-mdeida-ops-platform/tests/helpers.ts:19:75)
      at async server (/Users/junlong/projects/social-mdeida-ops-platform/tests/helpers.ts:36:41)
      at async TestContext.<anonymous> (/Users/junlong/projects/social-mdeida-ops-platform/tests/topics.test.ts:10:22)
      at async TestHook.run (node:internal/test_runner/test:1125:7) {
    length: 165,
    severity: 'ERROR',
    code: '42830',
    detail: undefined,
    hint: undefined,
    position: undefined,
    internalPosition: undefined,
    internalQuery: undefined,
    where: undefined,
    schema: undefined,
    table: undefined,
    column: undefined,
    dataType: undefined,
    constraint: undefined,
    file: 'tablecmds.c',
    line: '12165',
    routine: 'transformFkeyCheckAttrs'
  }

test at tests/topics.test.ts:2:1791
✖ /Users/junlong/projects/social-mdeida-ops-platform/tests/topics.test.ts (0.034334ms)
  TypeError: Cannot read properties of undefined (reading 'close')
      at TestContext.<anonymous> (/Users/junlong/projects/social-mdeida-ops-platform/tests/topics.test.ts:10:363)
      at TestHook.runInAsyncScope (node:async_hooks:228:14)
      at TestHook.run (node:internal/test_runner/test:1118:25)
      at TestHook.run (node:internal/test_runner/test:1442:18)
      at TestHook.run (node:internal/util:602:20)
      at Test.runHook (node:internal/test_runner/test:1036:20)
      at after (node:internal/test_runner/test:1076:20)
      at Test.run (node:internal/test_runner/test:1144:13)
      at process.processTicksAndRejections (node:internal/process/task_queues:104:5)
