{"event":"http.request","request_id":"6053fd75-3cc3-47ca-ab42-2eb6b082411d","method":"GET","path":"/api/v1/auth/csrf","status":200,"duration_ms":6}
{"event":"http.request","request_id":"34cfdff3-4533-453d-8d23-ba01147fca04","method":"POST","path":"/api/v1/setup","status":201,"duration_ms":36}
{"event":"http.request","request_id":"dd6dca3c-6ea3-493d-aa79-2d794c2e94dc","method":"GET","path":"/api/v1/auth/csrf","status":200,"duration_ms":2}
{"event":"http.request","request_id":"f068fb4d-f64d-4d5e-8d30-7fc2e4de2a38","method":"POST","path":"/api/v1/auth/login","status":200,"duration_ms":25}
{"event":"http.request","request_id":"28bc3fe8-5c28-4bf9-b1d2-24f51c1e6748","method":"GET","path":"/api/v1/me","status":200,"duration_ms":74}
{"event":"http.request","request_id":"22d94e1a-e637-40eb-b3e2-4d17303810a3","method":"POST","path":"/api/v1/accounts","status":201,"duration_ms":11}
{"event":"http.request","request_id":"d3db2ccd-433b-47cf-bc7c-de78991e0d0e","method":"POST","path":"/api/v1/contents","status":201,"duration_ms":11}
{"event":"http.request","request_id":"53864384-2e17-478e-b9b9-deb2ab68e508","method":"GET","path":"/api/v1/contents/653745b9-7438-468a-a52e-300fa3ca428b","status":200,"duration_ms":5}
{"event":"http.request","request_id":"a7a05df2-b769-4866-b992-490e3fb1fd76","method":"POST","path":"/api/v1/contents/653745b9-7438-468a-a52e-300fa3ca428b/revisions","status":201,"duration_ms":8}
{"event":"http.request","request_id":"52e95d7a-10ee-42b4-98f2-b804765221f8","method":"GET","path":"/api/v1/contents/653745b9-7438-468a-a52e-300fa3ca428b","status":200,"duration_ms":3}
✔ 人工新建图文后保存逐页文案，再从详情恢复原始快照 (408.465542ms)
{"event":"http.request","request_id":"82ebae8a-dc06-4be5-acec-9cabb0c86660","method":"POST","path":"/api/v1/contents","status":201,"duration_ms":6}
{"event":"http.request","request_id":"1db2d39b-91ed-45e0-b384-8260bf96b625","method":"POST","path":"/api/v1/contents/4b943952-9c04-436c-bd6d-82501a62a9ea/revisions","status":201,"duration_ms":5}
{"event":"http.request","request_id":"07f2b992-add1-4fee-8f25-28793a7350b5","method":"POST","path":"/api/v1/contents/4b943952-9c04-436c-bd6d-82501a62a9ea/revisions","status":409,"duration_ms":9}
{"event":"http.request","request_id":"76fe7edc-9c40-4268-ad5c-a988d4c9b244","method":"GET","path":"/api/v1/contents/4b943952-9c04-436c-bd6d-82501a62a9ea","status":200,"duration_ms":3}
{"event":"http.request","request_id":"05e7fcd6-ea3d-4e28-9cbc-419e0c558252","method":"POST","path":"/api/v1/contents/4b943952-9c04-436c-bd6d-82501a62a9ea/restore","status":201,"duration_ms":7}
{"event":"http.request","request_id":"bf8a9cc9-cb24-47a9-9d12-ac19aaf538bd","method":"GET","path":"/api/v1/contents/4b943952-9c04-436c-bd6d-82501a62a9ea","status":200,"duration_ms":3}
✔ 同一基础版本并发保存只有一个成功，恢复历史版本产生新快照 (35.968417ms)
{"event":"http.request","request_id":"fdb4270f-3b9e-4196-a3f2-1b7ce12b8807","method":"POST","path":"/api/v1/members","status":201,"duration_ms":22}
{"event":"http.request","request_id":"b7d5fc84-ca50-457c-8792-dee594ba3f54","method":"GET","path":"/api/v1/auth/csrf","status":200,"duration_ms":0}
{"event":"http.request","request_id":"c010dd7e-53f7-432c-b55d-4655a9c1e50a","method":"POST","path":"/api/v1/auth/accept-invite","status":200,"duration_ms":20}
{"event":"http.request","request_id":"b7d7456c-f4e8-44a7-b92d-7966ae9eef25","method":"GET","path":"/api/v1/auth/csrf","status":200,"duration_ms":1}
{"event":"http.request","request_id":"892e9444-f7e9-45b9-b75e-407ecd8f88e5","method":"POST","path":"/api/v1/auth/login","status":200,"duration_ms":19}
{"event":"http.request","request_id":"88c8c5d6-e66b-4fe6-859d-2c91c9ed0335","method":"POST","path":"/api/v1/members","status":201,"duration_ms":25}
{"event":"http.request","request_id":"5e992f90-12cd-453c-a488-50526a929c6b","method":"GET","path":"/api/v1/auth/csrf","status":200,"duration_ms":1}
{"event":"http.request","request_id":"9745121f-54e9-47a6-bf44-65963b7a15a4","method":"POST","path":"/api/v1/auth/accept-invite","status":200,"duration_ms":18}
{"event":"http.request","request_id":"5628007a-f3cb-4ce6-8c11-2afe204ce9fd","method":"GET","path":"/api/v1/auth/csrf","status":200,"duration_ms":1}
{"event":"http.request","request_id":"bf415d37-704f-40ea-9eed-d4f148b231e6","method":"POST","path":"/api/v1/auth/login","status":200,"duration_ms":19}
{"event":"http.request","request_id":"2aaa6c2a-ce6f-4859-bce3-e82e1adbd7eb","method":"POST","path":"/api/v1/contents","status":201,"duration_ms":6}
{"event":"http.request","request_id":"a18b0a73-691d-40fd-9e5a-716c8f50e77f","method":"POST","path":"/api/v1/contents/3dd45b69-dd00-4ce7-be5d-cb7037b2d9cd/revisions","status":403,"duration_ms":4}
{"event":"http.request","request_id":"e6429d94-23e3-4761-902e-73a334589277","method":"POST","path":"/api/v1/contents/3dd45b69-dd00-4ce7-be5d-cb7037b2d9cd/revisions","status":403,"duration_ms":2}
{"event":"http.request","request_id":"9eb33cd2-660e-4bc8-a295-08d82668d604","method":"POST","path":"/api/v1/contents/3dd45b69-dd00-4ce7-be5d-cb7037b2d9cd/revisions","status":201,"duration_ms":5}
✔ 运营只能修改发布文案，不能改逐页制作内容；只读不能保存 (159.690959ms)
{"event":"http.request","request_id":"a4f8260a-fd99-40ee-99f2-7c9417e4e75f","method":"POST","path":"/api/v1/contents","status":201,"duration_ms":7}
{"event":"http.request","request_id":"b3c26005-f05b-40db-9b08-d4c0c97709aa","method":"POST","path":"/api/v1/contents/f91b751d-7352-4f30-a41b-693ae4bd2ad4/revisions","status":422,"duration_ms":9}
{"event":"http.request","request_id":"d6ba3c49-8bf9-4d76-857b-beab165bbd66","method":"POST","path":"/api/v1/uploads","status":201,"duration_ms":9}
{"event":"http.request","request_id":"aad6d6b5-c444-4cdc-b749-934b5a4dc0b9","method":"POST","path":"/api/v1/uploads/3294a21b-d68f-4da6-94e9-b26caf5cb194/parts","status":200,"duration_ms":4}
{"event":"http.request","request_id":"08a074c8-d8e4-4651-8b4a-123ce943e853","method":"PUT","path":"/api/v1/uploads/3294a21b-d68f-4da6-94e9-b26caf5cb194/parts/1","status":200,"duration_ms":6}
{"event":"http.request","request_id":"4778c0b8-f4d7-406f-ae9c-1d4faab98f9f","method":"POST","path":"/api/v1/uploads/3294a21b-d68f-4da6-94e9-b26caf5cb194/complete","status":200,"duration_ms":9}
{"event":"http.request","request_id":"8893ba75-ca77-4bee-9136-9787dab8c280","method":"POST","path":"/api/v1/contents/f91b751d-7352-4f30-a41b-693ae4bd2ad4/revisions","status":422,"duration_ms":5}
{"event":"http.request","request_id":"9aaf3a34-373f-41f9-9131-b9a36d5d8aa0","method":"POST","path":"/api/v1/uploads","status":201,"duration_ms":5}
{"event":"http.request","request_id":"e21812c9-6af0-4759-a45f-46a5c725aa1c","method":"POST","path":"/api/v1/uploads/4fb69b0f-e61b-482a-8321-47cbe03ab04a/parts","status":200,"duration_ms":3}
{"event":"http.request","request_id":"da2f5fb5-083a-46ea-9dd7-ecf5dfd462ad","method":"PUT","path":"/api/v1/uploads/4fb69b0f-e61b-482a-8321-47cbe03ab04a/parts/1","status":200,"duration_ms":5}
{"event":"http.request","request_id":"85841387-a43f-40a5-b40e-50d3a9958273","method":"POST","path":"/api/v1/uploads/4fb69b0f-e61b-482a-8321-47cbe03ab04a/complete","status":200,"duration_ms":8}
{"event":"http.request","request_id":"a82d9d79-fa26-40c0-9d9b-f78100314d26","method":"POST","path":"/api/v1/contents/f91b751d-7352-4f30-a41b-693ae4bd2ad4/revisions","status":201,"duration_ms":6}
{"event":"http.request","request_id":"ba4fc8e4-102a-4bb3-874b-7f721e4b2ce9","method":"GET","path":"/api/v1/contents/f91b751d-7352-4f30-a41b-693ae4bd2ad4","status":200,"duration_ms":3}
✔ 图文成品只关联同空间已上传PNG原件，无效文件和PDF不能保存为发布图片 (106.949875ms)
{"event":"http.request","request_id":"8cc7e63b-cb60-4e04-893a-7ea2ec479e4b","method":"POST","path":"/api/v1/contents","status":201,"duration_ms":5}
{"event":"http.request","request_id":"c2a084b0-ce3d-41dd-8324-b49dc8bc707a","method":"PATCH","path":"/api/v1/contents/e12258ff-a068-41fe-802f-cb717f229a81","status":200,"duration_ms":5}
{"event":"http.request","request_id":"aa97d28c-9fcf-45c1-8667-ac7181304c5c","method":"GET","path":"/api/v1/contents","status":200,"duration_ms":2}
{"event":"http.request","request_id":"6f8af048-572d-4f52-87e7-b3157bb39ceb","method":"GET","path":"/api/v1/contents","status":200,"duration_ms":1}
{"event":"http.request","request_id":"4e8f975c-75a2-47ad-8ced-62115d275883","method":"GET","path":"/api/v1/contents","status":422,"duration_ms":1}
✔ 内容列表按形式、状态、负责人和计划时间过滤，非法筛选拒绝 (23.100542ms)
{"event":"http.request","request_id":"32dbfac2-fdf2-44cf-ba36-b2d5f2fdb22a","method":"POST","path":"/api/v1/contents","status":201,"duration_ms":5}
{"event":"http.request","request_id":"58f230fb-f8eb-4052-a7f3-eaa663729d1e","method":"POST","path":"/api/v1/contents/0ff2a064-35fa-4c9d-8e6d-5299109275e9/submit-review","status":422,"duration_ms":3}
{"event":"http.request","request_id":"6abf14ea-692b-4783-b3a9-bcebdc481695","method":"POST","path":"/api/v1/uploads","status":201,"duration_ms":5}
{"event":"http.request","request_id":"916b9535-4a62-425b-94d0-d57222ecec85","method":"POST","path":"/api/v1/uploads/a0a73dc6-460b-47b6-a481-c071091a0535/parts","status":200,"duration_ms":3}
{"event":"http.request","request_id":"d3ea37e4-0eb9-4e05-946f-130ffcfbe2ec","method":"PUT","path":"/api/v1/uploads/a0a73dc6-460b-47b6-a481-c071091a0535/parts/1","status":200,"duration_ms":4}
{"event":"http.request","request_id":"0a70f77c-4f4e-4e93-89de-fef33c984bb4","method":"POST","path":"/api/v1/uploads/a0a73dc6-460b-47b6-a481-c071091a0535/complete","status":200,"duration_ms":8}
{"event":"http.request","request_id":"aff01b2d-2a63-49ba-b131-f8799e71c7e4","method":"POST","path":"/api/v1/contents","status":201,"duration_ms":5}
{"event":"http.request","request_id":"2456f6b1-f671-4079-a260-10f3d688a20f","method":"POST","path":"/api/v1/contents/1d853b1a-0ae3-46ec-adaa-c96d05dc47d3/revisions","status":201,"duration_ms":6}
{"event":"http.request","request_id":"9ef4b721-cb71-4a26-8744-321ff224e2c7","method":"POST","path":"/api/v1/contents/1d853b1a-0ae3-46ec-adaa-c96d05dc47d3/submit-review","status":201,"duration_ms":5}
{"event":"http.request","request_id":"74542274-f9df-47fe-b078-2802eed45f6e","method":"GET","path":"/api/v1/contents/1d853b1a-0ae3-46ec-adaa-c96d05dc47d3","status":200,"duration_ms":3}
{"event":"http.request","request_id":"cf59d399-2808-4157-8f19-d84950089309","method":"POST","path":"/api/v1/reviews/8fe03628-8805-42cd-9466-31160e7f04e0/decide","status":200,"duration_ms":11}
{"event":"http.request","request_id":"c1d128c6-afe9-4f53-b413-863ae4c2aedc","method":"GET","path":"/api/v1/contents/1d853b1a-0ae3-46ec-adaa-c96d05dc47d3","status":200,"duration_ms":3}
✔ 提交审核拒绝缺失成品，完整PNG图文冻结并由有权成员显式批准 (164.593083ms)
{"event":"http.request","request_id":"118467b6-bd58-4b21-9499-2a7fcaeb86b3","method":"POST","path":"/api/v1/uploads","status":201,"duration_ms":5}
{"event":"http.request","request_id":"a8d20fd2-9e8c-4010-a741-44d89bb98e7e","method":"POST","path":"/api/v1/uploads/9d5e1ad7-07ab-4482-b15e-546e79255eb7/parts","status":200,"duration_ms":4}
{"event":"http.request","request_id":"c3c3a5fc-84fa-4d68-9476-ea5a428a3a1f","method":"PUT","path":"/api/v1/uploads/9d5e1ad7-07ab-4482-b15e-546e79255eb7/parts/1","status":200,"duration_ms":4}
{"event":"http.request","request_id":"359d2d9b-45bf-4d7c-9c81-4a8b1c1828a9","method":"POST","path":"/api/v1/uploads/9d5e1ad7-07ab-4482-b15e-546e79255eb7/complete","status":200,"duration_ms":10}
{"event":"http.request","request_id":"03c8d2ca-3f87-48d0-a6b6-64260cbabd00","method":"POST","path":"/api/v1/contents","status":201,"duration_ms":5}
{"event":"http.request","request_id":"267f63e0-3dfd-49c5-a779-839c04b95621","method":"POST","path":"/api/v1/contents/10dbc453-0895-4b1e-827f-5c9aadad9028/revisions","status":201,"duration_ms":5}
{"event":"http.request","request_id":"27ee6cdf-afd1-44b7-8bc8-2c8f774d6bc2","method":"POST","path":"/api/v1/contents/10dbc453-0895-4b1e-827f-5c9aadad9028/submit-review","status":201,"duration_ms":4}
{"event":"http.request","request_id":"34f082eb-292f-49fc-812f-53e557cb93ff","method":"GET","path":"/api/v1/contents/10dbc453-0895-4b1e-827f-5c9aadad9028","status":200,"duration_ms":2}
{"event":"http.request","request_id":"173964f6-d169-48c9-af81-65412b4199e3","method":"POST","path":"/api/v1/contents/10dbc453-0895-4b1e-827f-5c9aadad9028/revisions","status":409,"duration_ms":3}
{"event":"http.request","request_id":"8bc641f7-e3d6-469b-a489-50d124100a14","method":"POST","path":"/api/v1/reviews/e94048ca-4b86-47f7-801a-05bcb0c212fa/withdraw","status":200,"duration_ms":6}
{"event":"http.request","request_id":"ef87b53b-0fc9-4c58-8520-ff6c6e460f9f","method":"GET","path":"/api/v1/contents/10dbc453-0895-4b1e-827f-5c9aadad9028","status":200,"duration_ms":2}
{"event":"http.request","request_id":"d73b1280-60f1-41a9-b808-71ac4607e55d","method":"POST","path":"/api/v1/contents/10dbc453-0895-4b1e-827f-5c9aadad9028/submit-review","status":201,"duration_ms":5}
{"event":"http.request","request_id":"6ca1b632-c5ce-4497-846a-8ff5e6e5cb10","method":"POST","path":"/api/v1/reviews/f8f76aa6-7996-49ce-a300-c21c52d37306/decide","status":200,"duration_ms":6}
{"event":"http.request","request_id":"96aed65c-7198-4914-94dc-b4f27e251e71","method":"GET","path":"/api/v1/contents/10dbc453-0895-4b1e-827f-5c9aadad9028","status":200,"duration_ms":2}
{"event":"http.request","request_id":"9814a1a5-8b16-4150-9eef-3f527f8b2616","method":"POST","path":"/api/v1/contents/10dbc453-0895-4b1e-827f-5c9aadad9028/submit-review","status":201,"duration_ms":4}
{"event":"http.request","request_id":"2d4bfaee-cddd-4403-be85-6cf5c260c851","method":"POST","path":"/api/v1/reviews/e8297843-e70c-453b-b5e6-bf42940e7069/decide","status":200,"duration_ms":5}
{"event":"http.request","request_id":"c2a9ab1c-96fb-49b5-8a01-807a78b52e50","method":"GET","path":"/api/v1/contents/10dbc453-0895-4b1e-827f-5c9aadad9028","status":200,"duration_ms":2}
{"event":"http.request","request_id":"503af8fd-d3c0-466d-bce7-990cded81143","method":"PATCH","path":"/api/v1/contents/10dbc453-0895-4b1e-827f-5c9aadad9028","status":200,"duration_ms":4}
{"event":"http.request","request_id":"1ca36502-98ac-4fe4-a132-f68b488ba41f","method":"GET","path":"/api/v1/contents/10dbc453-0895-4b1e-827f-5c9aadad9028","status":200,"duration_ms":2}
{"event":"http.request","request_id":"1fbf5986-1b34-4ef1-b7e3-2538f8e54940","method":"POST","path":"/api/v1/contents/10dbc453-0895-4b1e-827f-5c9aadad9028/revisions","status":201,"duration_ms":5}
{"event":"http.request","request_id":"217ce2d6-06c4-44fd-aca8-071864a0a0f4","method":"GET","path":"/api/v1/contents/10dbc453-0895-4b1e-827f-5c9aadad9028","status":200,"duration_ms":2}
✔ 审核中禁止编辑，撤回和退回派生新稿；批准后改载荷重审，内部备注不使批准失效 (101.131ms)
{"event":"http.request","request_id":"0f078277-3ea6-4988-9b70-e86483f32d81","method":"POST","path":"/api/v1/members","status":201,"duration_ms":22}
{"event":"http.request","request_id":"d7cfd7b8-530c-4e56-80cb-9a9201fbcec9","method":"GET","path":"/api/v1/auth/csrf","status":200,"duration_ms":0}
{"event":"http.request","request_id":"e431e6ab-7ab3-48ae-a479-808eb957f5b5","method":"POST","path":"/api/v1/auth/accept-invite","status":200,"duration_ms":19}
{"event":"http.request","request_id":"5f965994-5b07-42b0-a4c7-645ceeee9a7c","method":"GET","path":"/api/v1/auth/csrf","status":200,"duration_ms":0}
{"event":"http.request","request_id":"3fd1245e-305f-4a30-9f53-ba23502e827e","method":"POST","path":"/api/v1/auth/login","status":200,"duration_ms":19}
{"event":"http.request","request_id":"84608cd7-58d7-42bd-a36e-46aad0394ad3","method":"POST","path":"/api/v1/uploads","status":201,"duration_ms":5}
{"event":"http.request","request_id":"a4da906c-c89f-4638-8cea-d7620f58ac70","method":"POST","path":"/api/v1/uploads/58140738-c346-43d3-8fff-dc47fbc708cd/parts","status":200,"duration_ms":3}
{"event":"http.request","request_id":"8567201c-cc28-4d87-ab9d-624d4f4b1ccd","method":"PUT","path":"/api/v1/uploads/58140738-c346-43d3-8fff-dc47fbc708cd/parts/1","status":200,"duration_ms":4}
{"event":"http.request","request_id":"ce3d263c-e952-4771-b453-994379b0c265","method":"POST","path":"/api/v1/uploads/58140738-c346-43d3-8fff-dc47fbc708cd/complete","status":200,"duration_ms":7}
{"event":"http.request","request_id":"506bf0f9-bdba-4e61-a429-97a8f5dd80f9","method":"POST","path":"/api/v1/contents","status":201,"duration_ms":4}
{"event":"http.request","request_id":"d8f697fe-985a-44bd-a160-7ba60cf0e045","method":"POST","path":"/api/v1/contents/dfd93e9b-c82b-4e9e-b461-e73e8cee2d80/revisions","status":201,"duration_ms":5}
{"event":"http.request","request_id":"eaa70308-4eff-49f9-8578-eeb4d0c6dcf5","method":"POST","path":"/api/v1/contents/dfd93e9b-c82b-4e9e-b461-e73e8cee2d80/submit-review","status":201,"duration_ms":5}
{"event":"http.request","request_id":"6aadae22-61b2-4d83-996d-9d7131e0f8c1","method":"POST","path":"/api/v1/reviews/12a6ecd3-89b3-418a-995e-25f3d4377b0a/decide","status":403,"duration_ms":2}
{"event":"http.request","request_id":"b0ace098-ccf5-4e68-a604-f3b88072858a","method":"POST","path":"/api/v1/reviews/12a6ecd3-89b3-418a-995e-25f3d4377b0a/decide","status":200,"duration_ms":5}
{"event":"http.request","request_id":"cd41971b-4a4a-4dad-a8d3-3c978e630d95","method":"POST","path":"/api/v1/reviews/12a6ecd3-89b3-418a-995e-25f3d4377b0a/withdraw","status":409,"duration_ms":6}
✔ 制作角色不能批准，批准与撤回并发只有一个事务成功 (114.888833ms)
ℹ tests 8
ℹ suites 0
ℹ pass 8
ℹ fail 0
ℹ cancelled 0
ℹ skipped 0
ℹ todo 0
ℹ duration_ms 1525.589375
