{"event":"http.request","request_id":"c8268709-c68d-430b-aacb-42dc36d03221","method":"GET","path":"/api/v1/auth/csrf","status":200,"duration_ms":6}
{"event":"http.request","request_id":"7d0ec403-d89d-492d-8b3e-bc726898354e","method":"POST","path":"/api/v1/setup","status":201,"duration_ms":37}
{"event":"http.request","request_id":"cc06dac5-2a11-407d-a392-6529eebdc98d","method":"GET","path":"/api/v1/auth/csrf","status":200,"duration_ms":2}
{"event":"http.request","request_id":"37c649c8-901a-457e-8032-260bf3c1ec5c","method":"POST","path":"/api/v1/auth/login","status":200,"duration_ms":24}
{"event":"http.request","request_id":"d5553877-f713-44f1-a4dc-f7afc3404d3a","method":"GET","path":"/api/v1/me","status":200,"duration_ms":75}
{"event":"http.request","request_id":"b1e4aae3-55ad-49c8-b532-64fd48ff0497","method":"POST","path":"/api/v1/accounts","status":201,"duration_ms":11}
{"event":"http.request","request_id":"efec3739-0ef1-438d-baab-b7db6327454b","method":"POST","path":"/api/v1/contents","status":201,"duration_ms":13}
{"event":"http.request","request_id":"8c5efca0-9879-4d95-97af-0de70619f73f","method":"GET","path":"/api/v1/contents/b6eecf21-2e6e-46fe-a09d-c09b5d07a331","status":200,"duration_ms":3}
{"event":"http.request","request_id":"09b37dab-eeae-4b60-90b9-de11393503ce","method":"POST","path":"/api/v1/contents/b6eecf21-2e6e-46fe-a09d-c09b5d07a331/revisions","status":201,"duration_ms":11}
{"event":"http.request","request_id":"d56a95f4-9d69-4b6f-9a22-5ba135284a09","method":"GET","path":"/api/v1/contents/b6eecf21-2e6e-46fe-a09d-c09b5d07a331","status":200,"duration_ms":2}
✔ 人工新建图文后保存逐页文案，再从详情恢复原始快照 (398.745625ms)
{"event":"http.request","request_id":"0b20c640-8919-40d8-844f-95817565cc38","method":"POST","path":"/api/v1/contents","status":201,"duration_ms":6}
{"event":"http.request","request_id":"1a2e54c1-95a3-43c2-a044-fff4c3747ae0","method":"POST","path":"/api/v1/contents/8f2ecd13-5b09-4cde-9cfb-4f1cae79bc93/revisions","status":201,"duration_ms":6}
{"event":"http.request","request_id":"f1674e02-5433-4597-9549-47b4d9653224","method":"POST","path":"/api/v1/contents/8f2ecd13-5b09-4cde-9cfb-4f1cae79bc93/revisions","status":409,"duration_ms":9}
{"event":"http.request","request_id":"65eaa23c-b502-4f37-a163-2ba2ca63f881","method":"GET","path":"/api/v1/contents/8f2ecd13-5b09-4cde-9cfb-4f1cae79bc93","status":200,"duration_ms":2}
{"event":"http.request","request_id":"2b473720-68ff-4053-9c9c-1574f916af39","method":"POST","path":"/api/v1/contents/8f2ecd13-5b09-4cde-9cfb-4f1cae79bc93/restore","status":201,"duration_ms":7}
{"event":"http.request","request_id":"0559bcad-c916-4f05-8077-2013ba55ff4f","method":"GET","path":"/api/v1/contents/8f2ecd13-5b09-4cde-9cfb-4f1cae79bc93","status":200,"duration_ms":2}
✔ 同一基础版本并发保存只有一个成功，恢复历史版本产生新快照 (30.31625ms)
{"event":"http.request","request_id":"a12aad07-be1d-49ad-be03-6f221985540d","method":"POST","path":"/api/v1/members","status":201,"duration_ms":23}
{"event":"http.request","request_id":"3aee53f2-db6c-4e67-a646-79b61c0622e4","method":"GET","path":"/api/v1/auth/csrf","status":200,"duration_ms":0}
{"event":"http.request","request_id":"d92883af-2739-40d4-9b77-7d92847289cd","method":"POST","path":"/api/v1/auth/accept-invite","status":200,"duration_ms":19}
{"event":"http.request","request_id":"cfe5ec55-2637-4296-b997-bbb9a7e437b4","method":"GET","path":"/api/v1/auth/csrf","status":200,"duration_ms":1}
{"event":"http.request","request_id":"3946d4d3-7a51-4751-8a07-69ea1bff9cb4","method":"POST","path":"/api/v1/auth/login","status":200,"duration_ms":20}
{"event":"http.request","request_id":"69197dda-c510-4dd1-8939-ca15b1a1a850","method":"POST","path":"/api/v1/members","status":201,"duration_ms":21}
{"event":"http.request","request_id":"938ef2cf-e381-4e59-9fa1-4df95e49b79a","method":"GET","path":"/api/v1/auth/csrf","status":200,"duration_ms":1}
{"event":"http.request","request_id":"8fa5488e-c4a5-4f84-a45b-52ac1cde9de4","method":"POST","path":"/api/v1/auth/accept-invite","status":200,"duration_ms":21}
{"event":"http.request","request_id":"285661e6-dfdc-4378-9389-3ecf1296bda9","method":"GET","path":"/api/v1/auth/csrf","status":200,"duration_ms":1}
{"event":"http.request","request_id":"30032631-289c-4234-9bfe-ea64646b322a","method":"POST","path":"/api/v1/auth/login","status":200,"duration_ms":18}
{"event":"http.request","request_id":"5287eead-97b4-4b2c-9adf-434963a8f6b8","method":"POST","path":"/api/v1/contents","status":201,"duration_ms":5}
{"event":"http.request","request_id":"44fea7db-15e9-4d84-a2f8-5be1a72c934c","method":"POST","path":"/api/v1/contents/0afc42ff-776e-4064-9253-7d70f8cff4d1/revisions","status":403,"duration_ms":3}
{"event":"http.request","request_id":"6ad9713d-0e05-46f7-9d03-a34278c353fe","method":"POST","path":"/api/v1/contents/0afc42ff-776e-4064-9253-7d70f8cff4d1/revisions","status":403,"duration_ms":2}
{"event":"http.request","request_id":"c682351c-761c-4871-8676-8c8025a9e6ef","method":"POST","path":"/api/v1/contents/0afc42ff-776e-4064-9253-7d70f8cff4d1/revisions","status":201,"duration_ms":5}
✔ 运营只能修改发布文案，不能改逐页制作内容；只读不能保存 (153.633875ms)
{"event":"http.request","request_id":"1cb3875b-c9b4-4475-995c-658acf1b5526","method":"POST","path":"/api/v1/contents","status":201,"duration_ms":7}
{"event":"http.request","request_id":"b2d53963-6f16-4ca6-93f9-482aa42bbe64","method":"POST","path":"/api/v1/contents/f7ed937f-c1ce-4a8d-ac0a-80e308734d1e/revisions","status":201,"duration_ms":5}
✖ 图文成品只关联同空间已上传PNG原件，无效文件和PDF不能保存为发布图片 (29.281041ms)
ℹ tests 4
ℹ suites 0
ℹ pass 3
ℹ fail 1
ℹ cancelled 0
ℹ skipped 0
ℹ todo 0
ℹ duration_ms 1016.296375

✖ failing tests:

test at tests/production.test.ts:2:5991
✖ 图文成品只关联同空间已上传PNG原件，无效文件和PDF不能保存为发布图片 (29.281041ms)
  AssertionError [ERR_ASSERTION]: Expected values to be strictly equal:
  
  201 !== 422
  
      at TestContext.<anonymous> (/Users/junlong/projects/social-mdeida-ops-platform/tests/production.test.ts:41:9)
      at process.processTicksAndRejections (node:internal/process/task_queues:104:5)
      at async Test.run (node:internal/test_runner/test:1125:7)
      at async Test.processPendingSubtests (node:internal/test_runner/test:787:7) {
    generatedMessage: true,
    code: 'ERR_ASSERTION',
    actual: 201,
    expected: 422,
    operator: 'strictEqual',
    diff: 'simple'
  }
