[2m[WebServer] [22m(node:71535) Warning: The 'NO_COLOR' env is ignored due to the 'FORCE_COLOR' env being set.
[2m[WebServer] [22m(Use `node --trace-warnings ...` to show where the warning was created)
[2m[WebServer] [22m(node:71536) Warning: The 'NO_COLOR' env is ignored due to the 'FORCE_COLOR' env being set.
[2m[WebServer] [22m(Use `node --trace-warnings ...` to show where the warning was created)
[2m[WebServer] [22m(node:71542) Warning: The 'NO_COLOR' env is ignored due to the 'FORCE_COLOR' env being set.
[2m[WebServer] [22m(Use `node --trace-warnings ...` to show where the warning was created)
[2m[WebServer] [22m(node:71542) Warning: The 'NO_COLOR' env is ignored due to the 'FORCE_COLOR' env being set.
[2m[WebServer] [22m(Use `node --trace-warnings ...` to show where the warning was created)

Running 2 tests using 1 worker

(node:71561) Warning: The 'NO_COLOR' env is ignored due to the 'FORCE_COLOR' env being set.
(Use `node --trace-warnings ...` to show where the warning was created)
(node:71561) Warning: The 'NO_COLOR' env is ignored due to the 'FORCE_COLOR' env being set.
(Use `node --trace-warnings ...` to show where the warning was created)
  ✓  1 tests/production-browser.spec.ts:3:5 › 图文人工新建、逐页保存排序、刷新恢复与历史快照比较 (1.3s)
  ✘  2 tests/production-browser.spec.ts:14:5 › 逐页PNG成品上传预览、素材引用及未保存离开提示 (6.1s)


  1) tests/production-browser.spec.ts:14:5 › 逐页PNG成品上传预览、素材引用及未保存离开提示 ──────────────────────────────

    Error: [2mexpect([22m[31mreceived[39m[2m).[22mtoBeGreaterThan[2m([22m[32mexpected[39m[2m)[22m

    Expected: > [32m0[39m
    Received:   [31m0[39m

    Call Log:
    - Timeout 5000ms exceeded while waiting on the predicate

      20 |  await page.getByRole('button',{name:'第1页添加素材引用'}).click();const picker=page.getByRole('dialog',{name:'选择素材',exact:true});await picker.getByRole('button',{name:'选择此版本'}).click();await expect(page.getByText('使用范围待确认')).toBeVisible();await page.getByRole('button',{name:'保存新快照',exact:true}).click();await expect(page.getByRole('status').filter({hasText:'图文快照已保存'})).toBeVisible();
      21 |  await expect(async()=>{await page.getByRole('button',{name:'刷新成品状态'}).click();await expect(page.getByRole('img',{name:'第1页成品'})).toBeVisible();}).toPass({timeout:20000});
    > 22 |  await expect.poll(()=>page.getByRole('img',{name:'第1页成品'}).evaluate((img:HTMLImageElement)=>img.naturalWidth)).toBeGreaterThan(0);
         |  ^
      23 | });
      24 |
        at /Users/junlong/projects/social-mdeida-ops-platform/tests/production-browser.spec.ts:22:2

    attachment #1: screenshot (image/png) ──────────────────────────────────────────────────────────
    test-results/production-browser-逐页PNG成品上传预览、素材引用及未保存离开提示/test-failed-1.png
    ────────────────────────────────────────────────────────────────────────────────────────────────

    Error Context: test-results/production-browser-逐页PNG成品上传预览、素材引用及未保存离开提示/error-context.md

    attachment #3: trace (application/zip) ─────────────────────────────────────────────────────────
    test-results/production-browser-逐页PNG成品上传预览、素材引用及未保存离开提示/trace.zip
    Usage:

        pnpm exec playwright show-trace test-results/production-browser-逐页PNG成品上传预览、素材引用及未保存离开提示/trace.zip

    ────────────────────────────────────────────────────────────────────────────────────────────────

  1 failed
    tests/production-browser.spec.ts:14:5 › 逐页PNG成品上传预览、素材引用及未保存离开提示 ───────────────────────────────
  1 passed (8.6s)
