{"event":"http.request","request_id":"66fc79b1-fedf-4e0d-bd92-a274aa6197e8","method":"GET","path":"/api/v1/auth/csrf","status":200,"duration_ms":6}
{"event":"http.request","request_id":"3ad1f64d-66e4-4558-94bc-70ece53f70c9","method":"POST","path":"/api/v1/setup","status":201,"duration_ms":34}
{"event":"http.request","request_id":"6e009dc7-a658-4da9-9d0f-67343bbd447f","method":"GET","path":"/api/v1/auth/csrf","status":200,"duration_ms":1}
{"event":"http.request","request_id":"08fca24d-b011-4015-85cb-3612aa63af63","method":"POST","path":"/api/v1/auth/login","status":200,"duration_ms":24}
{"event":"http.request","request_id":"f695f38d-694a-4013-929a-8114e1976872","method":"GET","path":"/api/v1/me","status":200,"duration_ms":80}
{"event":"http.request","request_id":"3297c1a2-6b7b-4df5-af0b-77ef52bd97e2","method":"POST","path":"/api/v1/accounts","status":201,"duration_ms":10}
{"event":"http.request","request_id":"1314c0d2-1a27-4114-9d92-1a7756ef1af2","method":"POST","path":"/api/v1/contents","status":201,"duration_ms":10}
{"event":"http.request","request_id":"10d14a9c-901f-4d11-8817-0cc29329ae00","method":"GET","path":"/api/v1/contents/7206ec4d-35d9-4ba9-8f3f-0e81a5551bc6","status":200,"duration_ms":4}
{"event":"http.request","request_id":"68e232a8-75b5-434c-90c9-d50cc105d1a1","method":"POST","path":"/api/v1/contents/7206ec4d-35d9-4ba9-8f3f-0e81a5551bc6/revisions","status":201,"duration_ms":7}
{"event":"http.request","request_id":"2c9f34fd-ab03-4abe-891e-ce023cb419e0","method":"GET","path":"/api/v1/contents/7206ec4d-35d9-4ba9-8f3f-0e81a5551bc6","status":200,"duration_ms":2}
✔ 人工新建图文后保存逐页文案，再从详情恢复原始快照 (396.8125ms)
{"event":"http.request","request_id":"743093fe-daa1-4f0e-a17b-892b51c449ac","method":"POST","path":"/api/v1/contents","status":201,"duration_ms":5}
{"event":"http.request","request_id":"07bec7ac-358b-47fc-9e23-61c3da85c2ed","method":"POST","path":"/api/v1/contents/d8c78037-ec24-4131-aa09-d3e6189cf3bd/revisions","status":201,"duration_ms":7}
{"event":"http.request","request_id":"2a643966-15ad-42f3-a77a-7144f0c7b245","method":"POST","path":"/api/v1/contents/d8c78037-ec24-4131-aa09-d3e6189cf3bd/revisions","status":409,"duration_ms":9}
{"event":"http.request","request_id":"b6d8e394-f5ea-4212-94bd-9ccda5976fdc","method":"GET","path":"/api/v1/contents/d8c78037-ec24-4131-aa09-d3e6189cf3bd","status":200,"duration_ms":2}
{"event":"http.request","request_id":"7ec31a13-f93d-4605-8e4b-1647717ba1b1","method":"POST","path":"/api/v1/contents/d8c78037-ec24-4131-aa09-d3e6189cf3bd/restore","status":201,"duration_ms":7}
{"event":"http.request","request_id":"ce675f90-c9c0-4aee-93a5-850df5d4a90b","method":"GET","path":"/api/v1/contents/d8c78037-ec24-4131-aa09-d3e6189cf3bd","status":200,"duration_ms":2}
✔ 同一基础版本并发保存只有一个成功，恢复历史版本产生新快照 (31.520166ms)
{"event":"http.request","request_id":"13f7d826-81f6-48b7-9fe6-dbd432dde28d","method":"POST","path":"/api/v1/members","status":201,"duration_ms":31}
{"event":"http.request","request_id":"c8332543-5f5d-47d5-a035-988d66e90b5d","method":"GET","path":"/api/v1/auth/csrf","status":200,"duration_ms":1}
{"event":"http.request","request_id":"d3cec0b3-f468-4026-b069-08d726bf2880","method":"POST","path":"/api/v1/auth/accept-invite","status":200,"duration_ms":28}
{"event":"http.request","request_id":"393979b6-ea68-4c1a-bb10-4495bb73081a","method":"GET","path":"/api/v1/auth/csrf","status":200,"duration_ms":1}
{"event":"http.request","request_id":"e4c2f85b-4c15-4d87-a45f-b0b460458a4e","method":"POST","path":"/api/v1/auth/login","status":200,"duration_ms":19}
{"event":"http.request","request_id":"0b465420-be80-4cf5-ab6b-409cfe691c4a","method":"POST","path":"/api/v1/members","status":201,"duration_ms":21}
{"event":"http.request","request_id":"ea10238f-f7e5-4ece-a9e4-12491c39b305","method":"GET","path":"/api/v1/auth/csrf","status":200,"duration_ms":2}
{"event":"http.request","request_id":"9dc7b3c2-66ae-4d4d-940d-4d829accd645","method":"POST","path":"/api/v1/auth/accept-invite","status":200,"duration_ms":21}
{"event":"http.request","request_id":"4ef60b4d-9aef-48d1-807e-ea046c652ee0","method":"GET","path":"/api/v1/auth/csrf","status":200,"duration_ms":1}
{"event":"http.request","request_id":"3c21dae3-e196-4192-8553-c1a988d5443d","method":"POST","path":"/api/v1/auth/login","status":200,"duration_ms":20}
{"event":"http.request","request_id":"7638f062-a0a0-4a43-8eb2-57f70f3e2887","method":"POST","path":"/api/v1/contents","status":201,"duration_ms":7}
{"event":"http.request","request_id":"a53db6b5-d5eb-4af1-8bac-a47eb9f8ded0","method":"POST","path":"/api/v1/contents/9404597a-6b4c-45d3-8047-1bc4db3dfefd/revisions","status":403,"duration_ms":4}
{"event":"http.request","request_id":"579565e9-3c51-4bca-9e87-4b9b822cf6c0","method":"POST","path":"/api/v1/contents/9404597a-6b4c-45d3-8047-1bc4db3dfefd/revisions","status":403,"duration_ms":2}
{"event":"http.request","request_id":"159f20bd-31b6-43d8-a87a-b13cfb45e5d5","method":"POST","path":"/api/v1/contents/9404597a-6b4c-45d3-8047-1bc4db3dfefd/revisions","status":201,"duration_ms":4}
✔ 运营只能修改发布文案，不能改逐页制作内容；只读不能保存 (174.730709ms)
ℹ tests 3
ℹ suites 0
ℹ pass 3
ℹ fail 0
ℹ cancelled 0
ℹ skipped 0
ℹ todo 0
ℹ duration_ms 981.296292
