Applied 022-publications.sql
{"event":"http.request","request_id":"6c5bae1f-5165-401f-9356-c14b464f5c9a","method":"GET","path":"/api/v1/auth/csrf","status":200,"duration_ms":5}
{"event":"http.request","request_id":"85e7f1c2-7d2b-4628-b65b-eb47edcd524a","method":"POST","path":"/api/v1/setup","status":201,"duration_ms":35}
{"event":"http.request","request_id":"4445b87b-02de-4576-8f47-df4e23c8a912","method":"GET","path":"/api/v1/auth/csrf","status":200,"duration_ms":2}
{"event":"http.request","request_id":"2c6e9f32-915c-4525-9775-ca272d031dd6","method":"POST","path":"/api/v1/auth/login","status":200,"duration_ms":24}
{"event":"http.request","request_id":"6e1e807d-a292-442f-91c8-32c509f5d247","method":"GET","path":"/api/v1/me","status":200,"duration_ms":71}
{"event":"http.request","request_id":"505c0964-a90e-47ce-be1c-51ef9c1a29bb","method":"POST","path":"/api/v1/accounts","status":201,"duration_ms":10}
{"event":"http.request","request_id":"04e61a0c-3d6a-446e-8cc8-dca5b315f9ee","method":"POST","path":"/api/v1/contents","status":201,"duration_ms":11}
{"event":"http.request","request_id":"3d7fa08b-ae32-4106-b33b-20ab2c049e5c","method":"GET","path":"/api/v1/contents/22f64cda-26ba-4747-a5ea-9b0f3f8a27f3","status":200,"duration_ms":6}
{"event":"http.request","request_id":"6a3a78ea-c2e0-4f47-aceb-cee600b34e30","method":"POST","path":"/api/v1/contents/22f64cda-26ba-4747-a5ea-9b0f3f8a27f3/revisions","status":201,"duration_ms":7}
{"event":"http.request","request_id":"c8e82fbf-da2b-485a-a8f8-7151ea9bf831","method":"GET","path":"/api/v1/contents/22f64cda-26ba-4747-a5ea-9b0f3f8a27f3","status":200,"duration_ms":4}
✔ 人工新建图文后保存逐页文案，再从详情恢复原始快照 (399.780625ms)
{"event":"http.request","request_id":"7f9a5b6d-7640-4f2a-b2ad-9978af193697","method":"POST","path":"/api/v1/contents","status":201,"duration_ms":6}
{"event":"http.request","request_id":"8d6d01ea-c8d4-4c4c-8525-ea78a9e70d9c","method":"POST","path":"/api/v1/contents/06630bfc-e0b1-4a88-bb06-b14e7c9d5c1f/revisions","status":201,"duration_ms":7}
{"event":"http.request","request_id":"b9b364d9-0ac8-49dd-988c-770059c73405","method":"POST","path":"/api/v1/contents/06630bfc-e0b1-4a88-bb06-b14e7c9d5c1f/revisions","status":409,"duration_ms":11}
{"event":"http.request","request_id":"0afbfa1a-d101-41a4-ae3d-f1a22a424d74","method":"GET","path":"/api/v1/contents/06630bfc-e0b1-4a88-bb06-b14e7c9d5c1f","status":200,"duration_ms":4}
{"event":"http.request","request_id":"921ae27b-f4c3-4a33-8502-3bb3f85df7c3","method":"POST","path":"/api/v1/contents/06630bfc-e0b1-4a88-bb06-b14e7c9d5c1f/restore","status":201,"duration_ms":8}
{"event":"http.request","request_id":"020b028c-3d34-46d0-bf02-845a3c894a22","method":"GET","path":"/api/v1/contents/06630bfc-e0b1-4a88-bb06-b14e7c9d5c1f","status":200,"duration_ms":3}
✔ 同一基础版本并发保存只有一个成功，恢复历史版本产生新快照 (40.00725ms)
{"event":"http.request","request_id":"d8b59b1a-d07e-420e-9006-e0c48022342f","method":"POST","path":"/api/v1/members","status":201,"duration_ms":23}
{"event":"http.request","request_id":"0d3747d7-9aad-4c96-ba67-82aba1fb08c8","method":"GET","path":"/api/v1/auth/csrf","status":200,"duration_ms":2}
{"event":"http.request","request_id":"61a21bc5-c986-4d74-96bf-13aefdf56171","method":"POST","path":"/api/v1/auth/accept-invite","status":200,"duration_ms":21}
{"event":"http.request","request_id":"099bc1f6-7c51-4676-ac90-82ad874603fe","method":"GET","path":"/api/v1/auth/csrf","status":200,"duration_ms":0}
{"event":"http.request","request_id":"04a86868-09a4-4e66-ab4f-5b0d98e07c95","method":"POST","path":"/api/v1/auth/login","status":200,"duration_ms":18}
{"event":"http.request","request_id":"95f2a164-6830-491c-9828-9c7fed45205a","method":"POST","path":"/api/v1/members","status":201,"duration_ms":21}
{"event":"http.request","request_id":"9e6ce455-e2b7-46fb-9687-5de110db25d3","method":"GET","path":"/api/v1/auth/csrf","status":200,"duration_ms":1}
{"event":"http.request","request_id":"ccf5c3f6-308c-4219-ba34-abbccd844b5e","method":"POST","path":"/api/v1/auth/accept-invite","status":200,"duration_ms":18}
{"event":"http.request","request_id":"698327df-7c65-4553-9f2b-49605cd4e2b9","method":"GET","path":"/api/v1/auth/csrf","status":200,"duration_ms":0}
{"event":"http.request","request_id":"aa28fa0f-b86c-48c7-8017-2923a01322f3","method":"POST","path":"/api/v1/auth/login","status":200,"duration_ms":18}
{"event":"http.request","request_id":"2e41c07a-0651-40cc-a09a-508ec86fd49d","method":"POST","path":"/api/v1/contents","status":201,"duration_ms":6}
{"event":"http.request","request_id":"10f81368-5f6a-4ee5-b0c4-4d759befcd72","method":"POST","path":"/api/v1/contents/b00ef8d5-cde1-466a-b764-69af89ce800d/revisions","status":403,"duration_ms":4}
{"event":"http.request","request_id":"0eb83cb4-52bf-439e-8d67-45e088c153bb","method":"POST","path":"/api/v1/contents/b00ef8d5-cde1-466a-b764-69af89ce800d/revisions","status":403,"duration_ms":2}
{"event":"http.request","request_id":"0f0acab0-b5f9-441b-83b0-ab916e8e4288","method":"POST","path":"/api/v1/contents/b00ef8d5-cde1-466a-b764-69af89ce800d/revisions","status":201,"duration_ms":6}
✔ 运营只能修改发布文案，不能改逐页制作内容；只读不能保存 (153.990875ms)
{"event":"http.request","request_id":"56620f4a-2ca4-41f1-91d6-5b56092fab1d","method":"POST","path":"/api/v1/contents","status":201,"duration_ms":6}
{"event":"http.request","request_id":"79a83fc1-763f-491f-950b-9a642e26528f","method":"POST","path":"/api/v1/contents/05015ede-41bd-4b55-a7a3-dd5d8bc698aa/revisions","status":422,"duration_ms":4}
{"event":"http.request","request_id":"141ff4b4-e460-4dd5-bf1c-f398195777cd","method":"POST","path":"/api/v1/uploads","status":201,"duration_ms":8}
{"event":"http.request","request_id":"3df4f376-5355-45c4-91f1-5122f1fb27c4","method":"POST","path":"/api/v1/uploads/bd923883-543f-4f1f-95f7-357e0633efc4/parts","status":200,"duration_ms":5}
{"event":"http.request","request_id":"20776b0c-633f-4f71-8920-52d9e4f432a8","method":"PUT","path":"/api/v1/uploads/bd923883-543f-4f1f-95f7-357e0633efc4/parts/1","status":200,"duration_ms":12}
{"event":"http.request","request_id":"7ccbc2ca-6071-458c-bcd7-7456c7c80e9f","method":"POST","path":"/api/v1/uploads/bd923883-543f-4f1f-95f7-357e0633efc4/complete","status":200,"duration_ms":11}
{"event":"http.request","request_id":"afd164e5-f250-427d-b739-ceb943c1f0d4","method":"POST","path":"/api/v1/contents/05015ede-41bd-4b55-a7a3-dd5d8bc698aa/revisions","status":422,"duration_ms":5}
{"event":"http.request","request_id":"8119b82a-b530-4341-9bae-00f2950e57e7","method":"POST","path":"/api/v1/uploads","status":201,"duration_ms":5}
{"event":"http.request","request_id":"d9db9482-2b0f-4463-9881-46df168ceae5","method":"POST","path":"/api/v1/uploads/e5ae4a4a-def3-46d7-8842-9635d14de46d/parts","status":200,"duration_ms":3}
{"event":"http.request","request_id":"5c8e1955-9617-4377-80ed-66beada6ae93","method":"PUT","path":"/api/v1/uploads/e5ae4a4a-def3-46d7-8842-9635d14de46d/parts/1","status":200,"duration_ms":5}
{"event":"http.request","request_id":"6cefd50c-c802-4a9d-bedb-f69171917cc9","method":"POST","path":"/api/v1/uploads/e5ae4a4a-def3-46d7-8842-9635d14de46d/complete","status":200,"duration_ms":8}
{"event":"http.request","request_id":"6e365cc5-b62e-4f1b-985b-7062fefcedea","method":"POST","path":"/api/v1/contents/05015ede-41bd-4b55-a7a3-dd5d8bc698aa/revisions","status":201,"duration_ms":5}
{"event":"http.request","request_id":"6f383041-98df-4b3d-b6bc-0de6b808b15e","method":"GET","path":"/api/v1/contents/05015ede-41bd-4b55-a7a3-dd5d8bc698aa","status":200,"duration_ms":2}
✔ 图文成品只关联同空间已上传PNG原件，无效文件和PDF不能保存为发布图片 (111.391459ms)
{"event":"http.request","request_id":"2a6f5b24-927a-4ba1-8b84-ae0abf340475","method":"POST","path":"/api/v1/contents","status":201,"duration_ms":5}
{"event":"http.request","request_id":"fe28f7d2-f819-435d-b1e8-bf713a094e04","method":"PATCH","path":"/api/v1/contents/7df9a192-40e2-44ef-b002-80c162b2ef44","status":200,"duration_ms":4}
{"event":"http.request","request_id":"6659a4ad-f93b-468f-af1c-786d53faf5fb","method":"GET","path":"/api/v1/contents","status":200,"duration_ms":3}
{"event":"http.request","request_id":"ede726d7-43e8-42fa-afc0-075dba8c2cc7","method":"GET","path":"/api/v1/contents","status":200,"duration_ms":2}
{"event":"http.request","request_id":"10303290-834b-4dd2-84e4-0f1950473b01","method":"GET","path":"/api/v1/contents","status":422,"duration_ms":1}
✔ 内容列表按形式、状态、负责人和计划时间过滤，非法筛选拒绝 (22.062041ms)
{"event":"http.request","request_id":"247c22a3-9ba1-45cd-ba55-729925f54860","method":"POST","path":"/api/v1/contents","status":201,"duration_ms":5}
{"event":"http.request","request_id":"ba8fc8d7-98c8-4e80-9ce3-f886bab1a49d","method":"POST","path":"/api/v1/contents/ee852775-2e98-4eb6-a0bc-bdc6034ff1c8/submit-review","status":422,"duration_ms":4}
{"event":"http.request","request_id":"fa6e1465-7d19-4455-aefa-8ab0c58e2186","method":"POST","path":"/api/v1/uploads","status":201,"duration_ms":5}
{"event":"http.request","request_id":"33c191da-80eb-4444-8a62-b9dd4283d174","method":"POST","path":"/api/v1/uploads/2e80f319-48c7-4d0a-804c-01caf266cc6c/parts","status":200,"duration_ms":4}
{"event":"http.request","request_id":"11f9dfc7-5cfc-4f44-bac3-fed3c8ac2994","method":"PUT","path":"/api/v1/uploads/2e80f319-48c7-4d0a-804c-01caf266cc6c/parts/1","status":200,"duration_ms":5}
{"event":"http.request","request_id":"56b40478-8917-460c-b35a-2f9d91f291a7","method":"POST","path":"/api/v1/uploads/2e80f319-48c7-4d0a-804c-01caf266cc6c/complete","status":200,"duration_ms":8}
{"event":"http.request","request_id":"cd63e79a-0801-4701-836a-2c7a86407b83","method":"POST","path":"/api/v1/contents","status":201,"duration_ms":5}
{"event":"http.request","request_id":"cb39b3e3-800f-4c64-9e91-d95bab635eee","method":"POST","path":"/api/v1/contents/baf39115-5887-4b1f-9a46-1ddadd6af5b6/revisions","status":201,"duration_ms":6}
{"event":"http.request","request_id":"deb7febb-249d-47e4-aa80-e73ec4c5c7cf","method":"POST","path":"/api/v1/contents/baf39115-5887-4b1f-9a46-1ddadd6af5b6/submit-review","status":201,"duration_ms":6}
{"event":"http.request","request_id":"c048e7c8-aeb1-4026-9665-b0986d608328","method":"GET","path":"/api/v1/contents/baf39115-5887-4b1f-9a46-1ddadd6af5b6","status":200,"duration_ms":3}
{"event":"http.request","request_id":"d7e81398-8b8d-4cf4-b5a1-86a9d903369e","method":"POST","path":"/api/v1/reviews/bed530c0-b9f6-4e0a-9f15-2e1be1253152/decide","status":200,"duration_ms":6}
{"event":"http.request","request_id":"904b07ee-57a3-4d79-98cd-c40a3cecf6a2","method":"GET","path":"/api/v1/contents/baf39115-5887-4b1f-9a46-1ddadd6af5b6","status":200,"duration_ms":2}
✔ 提交审核拒绝缺失成品，完整PNG图文冻结并由有权成员显式批准 (162.133ms)
{"event":"http.request","request_id":"0710139b-6570-45ad-ae89-19fd5ca7d838","method":"POST","path":"/api/v1/uploads","status":201,"duration_ms":6}
{"event":"http.request","request_id":"19f2c77a-ebf8-473b-bcc8-921e1623f0bc","method":"POST","path":"/api/v1/uploads/fbf16f73-6d85-4231-acaf-63a41ff9641b/parts","status":200,"duration_ms":4}
{"event":"http.request","request_id":"db120e5e-eacb-43c2-a817-f26aa0aeef0f","method":"PUT","path":"/api/v1/uploads/fbf16f73-6d85-4231-acaf-63a41ff9641b/parts/1","status":200,"duration_ms":4}
{"event":"http.request","request_id":"63a07001-9bf6-4593-9cf1-a240f632cbb7","method":"POST","path":"/api/v1/uploads/fbf16f73-6d85-4231-acaf-63a41ff9641b/complete","status":200,"duration_ms":8}
{"event":"http.request","request_id":"7b81763f-ec12-446b-a5ee-c55436a31dc8","method":"POST","path":"/api/v1/contents","status":201,"duration_ms":4}
{"event":"http.request","request_id":"5c601b8e-469f-4f77-ace3-59d0fd403bab","method":"POST","path":"/api/v1/contents/770156b7-655f-444d-9019-61abfe1f0f21/revisions","status":201,"duration_ms":5}
{"event":"http.request","request_id":"ef064bcd-fb3a-4698-8dd3-3deea05214ce","method":"POST","path":"/api/v1/contents/770156b7-655f-444d-9019-61abfe1f0f21/submit-review","status":201,"duration_ms":5}
{"event":"http.request","request_id":"56d9ec76-53a7-4351-9259-5868fc090fc7","method":"GET","path":"/api/v1/contents/770156b7-655f-444d-9019-61abfe1f0f21","status":200,"duration_ms":2}
{"event":"http.request","request_id":"bc020753-f45e-446d-b890-d9ad63fa2658","method":"POST","path":"/api/v1/contents/770156b7-655f-444d-9019-61abfe1f0f21/revisions","status":409,"duration_ms":3}
{"event":"http.request","request_id":"ec325dd1-438c-487f-b055-5d396b212b36","method":"POST","path":"/api/v1/reviews/bd1534b6-bd22-4eef-849f-601fd59ffe14/withdraw","status":200,"duration_ms":6}
{"event":"http.request","request_id":"6a6d5b9e-706b-4ae0-9e52-32501bfc4e1f","method":"GET","path":"/api/v1/contents/770156b7-655f-444d-9019-61abfe1f0f21","status":200,"duration_ms":2}
{"event":"http.request","request_id":"6c7d8681-8b03-40f5-bad9-3b2950f2ed2c","method":"POST","path":"/api/v1/contents/770156b7-655f-444d-9019-61abfe1f0f21/submit-review","status":201,"duration_ms":4}
{"event":"http.request","request_id":"34d78260-8838-4056-a981-3ff9825e4936","method":"POST","path":"/api/v1/reviews/590f037f-5fd7-4e35-8148-7c093863885e/decide","status":200,"duration_ms":6}
{"event":"http.request","request_id":"68841d5a-1542-4001-a3e3-a991783594ac","method":"GET","path":"/api/v1/contents/770156b7-655f-444d-9019-61abfe1f0f21","status":200,"duration_ms":2}
{"event":"http.request","request_id":"b008a14d-246e-4728-aa6e-2c316a021eb3","method":"POST","path":"/api/v1/contents/770156b7-655f-444d-9019-61abfe1f0f21/submit-review","status":201,"duration_ms":5}
{"event":"http.request","request_id":"ea22a8ed-52e0-4854-bf73-4b2891024ea2","method":"POST","path":"/api/v1/reviews/9414a73e-2454-4963-b16a-9cef93ef9120/decide","status":200,"duration_ms":5}
{"event":"http.request","request_id":"d3bb03fe-e30b-4f74-99bb-9df6f718014f","method":"GET","path":"/api/v1/contents/770156b7-655f-444d-9019-61abfe1f0f21","status":200,"duration_ms":2}
{"event":"http.request","request_id":"75ba01d8-2716-44f9-b2df-354404c022a8","method":"PATCH","path":"/api/v1/contents/770156b7-655f-444d-9019-61abfe1f0f21","status":200,"duration_ms":3}
{"event":"http.request","request_id":"724bc72c-d4bd-4864-a2e7-5aa7a3cb1481","method":"GET","path":"/api/v1/contents/770156b7-655f-444d-9019-61abfe1f0f21","status":200,"duration_ms":2}
{"event":"http.request","request_id":"0c63bc76-6b14-40e9-91c1-d6d14c820b19","method":"POST","path":"/api/v1/contents/770156b7-655f-444d-9019-61abfe1f0f21/revisions","status":201,"duration_ms":5}
{"event":"http.request","request_id":"a137ba27-758e-47a3-87fb-c013241e56fc","method":"GET","path":"/api/v1/contents/770156b7-655f-444d-9019-61abfe1f0f21","status":200,"duration_ms":2}
✔ 审核中禁止编辑，撤回和退回派生新稿；批准后改载荷重审，内部备注不使批准失效 (100.971708ms)
{"event":"http.request","request_id":"263c1656-25d2-46dc-91c2-23c87bca7337","method":"POST","path":"/api/v1/members","status":201,"duration_ms":23}
{"event":"http.request","request_id":"38432ecc-8ee7-4623-909b-321de1fd1a91","method":"GET","path":"/api/v1/auth/csrf","status":200,"duration_ms":1}
{"event":"http.request","request_id":"33409d40-65c8-496c-a3e8-a9a9886f989a","method":"POST","path":"/api/v1/auth/accept-invite","status":200,"duration_ms":19}
{"event":"http.request","request_id":"da39cf07-cee1-485b-a4f4-558aef2d84fd","method":"GET","path":"/api/v1/auth/csrf","status":200,"duration_ms":0}
{"event":"http.request","request_id":"7c314560-2069-4e9f-9f26-0a55d9be6129","method":"POST","path":"/api/v1/auth/login","status":200,"duration_ms":18}
{"event":"http.request","request_id":"656a37b4-2a57-41e2-988e-57099f72f978","method":"POST","path":"/api/v1/uploads","status":201,"duration_ms":5}
{"event":"http.request","request_id":"e729915c-898f-4b47-82e9-2cc8a78c7730","method":"POST","path":"/api/v1/uploads/92c3dad5-8f00-48af-976a-01dcb5ffa372/parts","status":200,"duration_ms":3}
{"event":"http.request","request_id":"791efa4c-dfa2-47d5-8785-57b6118d2bf4","method":"PUT","path":"/api/v1/uploads/92c3dad5-8f00-48af-976a-01dcb5ffa372/parts/1","status":200,"duration_ms":4}
{"event":"http.request","request_id":"6b5adb1d-6fd4-4f12-8953-d5cd22a22192","method":"POST","path":"/api/v1/uploads/92c3dad5-8f00-48af-976a-01dcb5ffa372/complete","status":200,"duration_ms":12}
{"event":"http.request","request_id":"eedb8a6f-9f89-4818-b532-fb905a482e96","method":"POST","path":"/api/v1/contents","status":201,"duration_ms":4}
{"event":"http.request","request_id":"18e17138-1381-4a24-a319-784ef8ead054","method":"POST","path":"/api/v1/contents/6cb4360c-d52d-4e33-b54d-14fc13698806/revisions","status":201,"duration_ms":5}
{"event":"http.request","request_id":"8c711cff-712e-4196-8683-2fe358111f9c","method":"POST","path":"/api/v1/contents/6cb4360c-d52d-4e33-b54d-14fc13698806/submit-review","status":201,"duration_ms":4}
{"event":"http.request","request_id":"a5884ebe-8518-42f7-8000-f6c74c1523ca","method":"POST","path":"/api/v1/reviews/910d3d3f-4ee1-479e-92bd-2556e7e020b4/decide","status":403,"duration_ms":1}
{"event":"http.request","request_id":"87b2f720-2c13-4f93-8be7-97c59f8879d6","method":"POST","path":"/api/v1/reviews/910d3d3f-4ee1-479e-92bd-2556e7e020b4/decide","status":200,"duration_ms":5}
{"event":"http.request","request_id":"30338560-de91-4abf-8897-33e840995dca","method":"POST","path":"/api/v1/reviews/910d3d3f-4ee1-479e-92bd-2556e7e020b4/withdraw","status":409,"duration_ms":6}
✔ 制作角色不能批准，批准与撤回并发只有一个事务成功 (117.093167ms)
{"event":"http.request","request_id":"1428573a-76c6-49f4-bbae-4e9cf19ad2f2","method":"POST","path":"/api/v1/uploads","status":201,"duration_ms":5}
{"event":"http.request","request_id":"352205d7-fa4d-43dd-ae3f-497ee32d75de","method":"POST","path":"/api/v1/uploads/04067c19-96ba-4a9f-81cd-6b93eaad7694/parts","status":200,"duration_ms":3}
{"event":"http.request","request_id":"53d962ac-ee62-43f8-9393-c46a5a67cfc3","method":"PUT","path":"/api/v1/uploads/04067c19-96ba-4a9f-81cd-6b93eaad7694/parts/1","status":200,"duration_ms":4}
{"event":"http.request","request_id":"eaff47f6-d5b0-46b4-9dbc-665143fef784","method":"POST","path":"/api/v1/uploads/04067c19-96ba-4a9f-81cd-6b93eaad7694/complete","status":200,"duration_ms":7}
{"event":"http.request","request_id":"b57c26ee-09c8-45da-913f-8039ba3fbb40","method":"POST","path":"/api/v1/contents","status":201,"duration_ms":4}
{"event":"http.request","request_id":"485ab183-1b9a-4f45-b0ad-bfb32c67f69f","method":"POST","path":"/api/v1/contents/d39c618d-82c6-4730-8cba-efc95f0e2882/revisions","status":201,"duration_ms":6}
{"event":"http.request","request_id":"4a5c2181-ea02-4a66-874a-38071f163005","method":"POST","path":"/api/v1/assets","status":201,"duration_ms":5}
{"event":"http.request","request_id":"754c8012-bd48-499a-a4c1-81df41caa201","method":"POST","path":"/api/v1/assets/9e4091fa-b3ba-4ac4-b092-c9880eb54f45/confirm","status":200,"duration_ms":4}
{"event":"http.request","request_id":"e7d23985-634c-4499-a10d-2af1f30149ba","method":"POST","path":"/api/v1/contents/d39c618d-82c6-4730-8cba-efc95f0e2882/revisions","status":201,"duration_ms":7}
{"event":"http.request","request_id":"525775d1-c8ac-4bd4-85e0-fde5d1fc1b3c","method":"POST","path":"/api/v1/contents/d39c618d-82c6-4730-8cba-efc95f0e2882/submit-review","status":201,"duration_ms":5}
{"event":"http.request","request_id":"dbba3ea6-b37a-4708-aeca-46c08ccd405d","method":"POST","path":"/api/v1/assets/9e4091fa-b3ba-4ac4-b092-c9880eb54f45/retire","status":200,"duration_ms":3}
{"event":"http.request","request_id":"cf9a3082-8c25-4a24-bd59-eb1866c724ad","method":"POST","path":"/api/v1/reviews/d7ec8b76-17d2-4a91-9870-4266d5e821e9/decide","status":422,"duration_ms":5}
{"event":"http.request","request_id":"28b6ab40-70b7-472d-9594-207e0202525e","method":"POST","path":"/api/v1/reviews/d7ec8b76-17d2-4a91-9870-4266d5e821e9/withdraw","status":200,"duration_ms":6}
{"event":"http.request","request_id":"66dc13ec-d2d2-427c-8410-06b7ac9d4fb9","method":"GET","path":"/api/v1/contents/d39c618d-82c6-4730-8cba-efc95f0e2882","status":200,"duration_ms":3}
{"event":"http.request","request_id":"2d9af859-1b42-42b4-b62c-083e27bcc0c7","method":"POST","path":"/api/v1/contents/d39c618d-82c6-4730-8cba-efc95f0e2882/revisions","status":201,"duration_ms":5}
✔ 素材停用阻止批准但仍能撤回修稿，冻结历史引用保留 (93.7295ms)
{"event":"http.request","request_id":"10d765c8-dbec-4afd-9da4-b5822887f859","method":"POST","path":"/api/v1/contents","status":201,"duration_ms":4}
{"event":"http.request","request_id":"867bbf87-2c3c-4eef-9751-859bad4f771f","method":"POST","path":"/api/v1/contents/02b9d5de-1b51-4a8f-a2e6-c0b4e2c34d23/start-production","status":200,"duration_ms":3}
{"event":"http.request","request_id":"f1dee740-4a63-4bbe-b595-068f627ff7af","method":"POST","path":"/api/v1/contents/02b9d5de-1b51-4a8f-a2e6-c0b4e2c34d23/cancel","status":200,"duration_ms":4}
{"event":"http.request","request_id":"d45e1bb0-61b5-4af5-a48c-4b9e90995d9e","method":"GET","path":"/api/v1/contents/02b9d5de-1b51-4a8f-a2e6-c0b4e2c34d23","status":200,"duration_ms":2}
{"event":"http.request","request_id":"3a324186-464e-464d-91af-0cbb1041cbe2","method":"POST","path":"/api/v1/contents/02b9d5de-1b51-4a8f-a2e6-c0b4e2c34d23/submit-review","status":409,"duration_ms":3}
✔ 开始制作保存估时，取消保留理由和版本历史且不能再提审 (19.2685ms)
{"event":"http.request","request_id":"0359fbc5-458f-4f32-b485-bd2b7f88f063","method":"POST","path":"/api/v1/uploads","status":201,"duration_ms":5}
{"event":"http.request","request_id":"e157d84c-377d-4b5c-a46c-4358d0986ca9","method":"POST","path":"/api/v1/uploads/d975b3c8-e0c4-45b5-a168-cd3b1a841c7d/parts","status":200,"duration_ms":4}
{"event":"http.request","request_id":"ea1391cf-c53f-468e-8da9-3c6038613556","method":"PUT","path":"/api/v1/uploads/d975b3c8-e0c4-45b5-a168-cd3b1a841c7d/parts/1","status":200,"duration_ms":8}
{"event":"http.request","request_id":"960ab84e-a87d-427d-94a0-6edc557007f9","method":"POST","path":"/api/v1/uploads/d975b3c8-e0c4-45b5-a168-cd3b1a841c7d/complete","status":200,"duration_ms":7}
{"event":"http.request","request_id":"bf550111-a02e-4ed9-a2c4-a8e288a903b5","method":"POST","path":"/api/v1/contents","status":201,"duration_ms":5}
{"event":"http.request","request_id":"1f90d640-16c9-43b0-bf80-71d6ef5f9f37","method":"POST","path":"/api/v1/contents/63be0977-1f73-4a50-94b3-448094854151/revisions","status":201,"duration_ms":5}
{"event":"http.request","request_id":"fc8afc69-31cf-4afd-b7cb-a275e3f4592a","method":"POST","path":"/api/v1/contents/63be0977-1f73-4a50-94b3-448094854151/submit-review","status":201,"duration_ms":5}
{"event":"http.request","request_id":"a5398b6e-ac43-4365-b2f5-108f0f551a1e","method":"POST","path":"/api/v1/reviews/d3ff2f9c-0deb-4190-be10-cd7687bc9669/decide","status":200,"duration_ms":5}
{"event":"http.request","request_id":"5182c6a9-a001-4bf2-8e61-36ab0608b1dc","method":"GET","path":"/api/v1/contents/63be0977-1f73-4a50-94b3-448094854151","status":200,"duration_ms":2}
{"event":"http.request","request_id":"7683a514-23dd-4ee0-ac32-d68dc119311c","method":"POST","path":"/api/v1/contents/63be0977-1f73-4a50-94b3-448094854151/export-package","status":202,"duration_ms":6}
{"event":"http.request","request_id":"339fe167-0854-4f95-a5a0-e691252a2fa6","method":"GET","path":"/api/v1/export-packages/c2f97e1c-b910-40aa-b3f4-b3552dc5509f","status":200,"duration_ms":2}
{"event":"job.claimed","job_id":"faf18fa4-dbac-442b-84c3-1ea14b9f7730","request_id":"7683a514-23dd-4ee0-ac32-d68dc119311c","pool":"general","attempt":1}
{"event":"http.request","request_id":"f1ad2326-dff0-4380-991d-55a712704d0d","method":"GET","path":"/api/v1/export-packages/c2f97e1c-b910-40aa-b3f4-b3552dc5509f","status":200,"duration_ms":2}
{"event":"http.request","request_id":"3828fc96-f292-427c-b78f-121a3535a582","method":"GET","path":"/api/v1/export-packages/c2f97e1c-b910-40aa-b3f4-b3552dc5509f/download","status":200,"duration_ms":23}
{"event":"http.request","request_id":"d7d9f1e1-8170-48aa-b363-eb01222626ce","method":"POST","path":"/api/v1/contents/63be0977-1f73-4a50-94b3-448094854151/revisions","status":201,"duration_ms":15}
{"event":"http.request","request_id":"ad8382dd-cef3-463c-b130-36404fd81bc6","method":"GET","path":"/api/v1/export-packages/c2f97e1c-b910-40aa-b3f4-b3552dc5509f/download","status":409,"duration_ms":6}
{"event":"http.request","request_id":"4b3ae278-1310-4b23-8ecb-227863e7bc72","method":"GET","path":"/api/v1/files/ffcb5110-1aac-429d-be27-571489818353/download","status":409,"duration_ms":6}
✔ 发布包异步打包批准版本，下载PNG原件、页序和文案与批准内容一致 (1141.198042ms)
{"event":"http.request","request_id":"d14793bc-d02b-454a-a4b5-7f15d15f1c81","method":"POST","path":"/api/v1/uploads","status":201,"duration_ms":12}
{"event":"http.request","request_id":"0a961011-cce4-4c34-bc1d-a4af71d18994","method":"POST","path":"/api/v1/uploads/ac6abbcd-5598-495a-8119-f38eedae1987/parts","status":200,"duration_ms":6}
{"event":"http.request","request_id":"a6960b94-d7e0-4387-a26c-d97a3230d729","method":"PUT","path":"/api/v1/uploads/ac6abbcd-5598-495a-8119-f38eedae1987/parts/1","status":200,"duration_ms":9}
{"event":"http.request","request_id":"880566a6-8beb-45cb-b4f7-d4969465e49a","method":"POST","path":"/api/v1/uploads/ac6abbcd-5598-495a-8119-f38eedae1987/complete","status":200,"duration_ms":16}
{"event":"http.request","request_id":"5cffa035-0622-4572-9849-cc20e1b72fa1","method":"POST","path":"/api/v1/contents","status":201,"duration_ms":8}
{"event":"http.request","request_id":"23a22245-d440-4e85-bff3-7c806a79db92","method":"POST","path":"/api/v1/contents/10cf0f53-3303-439a-93b7-00a547af5091/revisions","status":201,"duration_ms":9}
{"event":"http.request","request_id":"efafe0a0-3198-4e5a-9d9f-c4fb5e6e76b9","method":"POST","path":"/api/v1/contents/10cf0f53-3303-439a-93b7-00a547af5091/submit-review","status":201,"duration_ms":8}
{"event":"http.request","request_id":"dd364e07-9643-4269-a6cb-c0dba285278f","method":"POST","path":"/api/v1/reviews/2293ba44-ad3a-4edb-ab38-53995bdd91c0/decide","status":200,"duration_ms":8}
{"event":"http.request","request_id":"78b0c5d5-c33d-4ce5-8cf9-fd8b007b405c","method":"GET","path":"/api/v1/contents/10cf0f53-3303-439a-93b7-00a547af5091","status":200,"duration_ms":3}
{"event":"http.request","request_id":"ab99608b-b05e-4fb8-ac53-15ab4a2f069b","method":"POST","path":"/api/v1/publication-drafts","status":201,"duration_ms":8}
{"event":"http.request","request_id":"190a87af-02f4-4a3e-b936-002886742ff9","method":"GET","path":"/api/v1/contents/10cf0f53-3303-439a-93b7-00a547af5091","status":200,"duration_ms":3}
{"event":"http.request","request_id":"0d8a2e9c-2f95-4150-b080-ec0a5b8a1128","method":"POST","path":"/api/v1/publications","status":422,"duration_ms":5}
{"event":"http.request","request_id":"32442b18-2a44-4840-98d0-b3c213318fb2","method":"POST","path":"/api/v1/publications","status":422,"duration_ms":5}
{"event":"http.request","request_id":"c878506b-ee32-4af5-a9ff-65ed94ee12cd","method":"POST","path":"/api/v1/publications","status":201,"duration_ms":7}
{"event":"http.request","request_id":"3a5dbc8b-51df-46d3-9458-85838f4e5f97","method":"GET","path":"/api/v1/contents/10cf0f53-3303-439a-93b7-00a547af5091","status":200,"duration_ms":3}
{"event":"http.request","request_id":"bc00c42d-47ee-459d-ae69-97947583eb7b","method":"POST","path":"/api/v1/uploads","status":201,"duration_ms":8}
{"event":"http.request","request_id":"22b5f2d0-06d7-46d9-9cfd-aa2ae808cb9c","method":"POST","path":"/api/v1/uploads/50648aa9-80dc-44ba-a480-6cb8df0f1fa7/parts","status":200,"duration_ms":5}
{"event":"http.request","request_id":"8421d6a3-292c-431f-9653-3759f488694b","method":"PUT","path":"/api/v1/uploads/50648aa9-80dc-44ba-a480-6cb8df0f1fa7/parts/1","status":200,"duration_ms":6}
{"event":"http.request","request_id":"2843da4f-b1f8-4ad9-ba16-66e4c3f63a8d","method":"POST","path":"/api/v1/uploads/50648aa9-80dc-44ba-a480-6cb8df0f1fa7/complete","status":200,"duration_ms":13}
{"event":"http.request","request_id":"975c0634-e86b-4cee-9da4-6d865e270762","method":"POST","path":"/api/v1/contents","status":201,"duration_ms":7}
{"event":"http.request","request_id":"bff570cd-e1c4-4f99-872e-4ca28931fc53","method":"POST","path":"/api/v1/contents/dc9e49c6-97d7-4e61-8abc-c9fac98850ec/revisions","status":201,"duration_ms":8}
{"event":"http.request","request_id":"19b39622-8c64-4554-8a80-09bb4ca39e0c","method":"POST","path":"/api/v1/contents/dc9e49c6-97d7-4e61-8abc-c9fac98850ec/submit-review","status":201,"duration_ms":6}
{"event":"http.request","request_id":"a20ebcd0-3ae3-42bb-b3cd-00cb55eab4ea","method":"POST","path":"/api/v1/reviews/60926cde-2211-43ce-9f2f-9c5d3b753948/decide","status":200,"duration_ms":7}
{"event":"http.request","request_id":"bc44beff-d3b7-406a-8e41-1f6af53def91","method":"GET","path":"/api/v1/contents/dc9e49c6-97d7-4e61-8abc-c9fac98850ec","status":200,"duration_ms":3}
{"event":"http.request","request_id":"441369fc-57bb-4a9a-affc-6b1b70e26e50","method":"POST","path":"/api/v1/publications","status":409,"duration_ms":6}
✔ 缺笔记ID暂存不算发布，正式登记锁定批准版本、账号和唯一笔记并持久回收事件 (233.933041ms)
ℹ tests 12
ℹ suites 0
ℹ pass 12
ℹ fail 0
ℹ cancelled 0
ℹ skipped 0
ℹ todo 0
ℹ duration_ms 2987.728417
