Applied 024-publication-changes.sql
{"event":"http.request","request_id":"b005c408-1bd9-460e-8600-0fcee50e43f3","method":"GET","path":"/api/v1/auth/csrf","status":200,"duration_ms":6}
{"event":"http.request","request_id":"1b38e1df-37d2-41d7-9ac9-f4a43d17ec46","method":"POST","path":"/api/v1/setup","status":201,"duration_ms":33}
{"event":"http.request","request_id":"34640973-f0c9-47a8-a160-12a78895506d","method":"GET","path":"/api/v1/auth/csrf","status":200,"duration_ms":2}
{"event":"http.request","request_id":"d16e9056-9502-43a5-90d8-59f605843669","method":"POST","path":"/api/v1/auth/login","status":200,"duration_ms":23}
{"event":"http.request","request_id":"4556f2a3-7873-4fb0-a89a-31660d285642","method":"GET","path":"/api/v1/me","status":200,"duration_ms":78}
{"event":"http.request","request_id":"c963cd3f-d4e6-4718-84ac-28d286349bea","method":"POST","path":"/api/v1/accounts","status":201,"duration_ms":10}
{"event":"http.request","request_id":"1661e553-af4c-4dbe-94ef-6268d66b1dfb","method":"POST","path":"/api/v1/contents","status":201,"duration_ms":10}
{"event":"http.request","request_id":"a7a25c39-f8b3-49c3-a104-7ecff801b8dd","method":"GET","path":"/api/v1/contents/71273c1d-4af8-433e-8ac1-2a8375631895","status":200,"duration_ms":5}
{"event":"http.request","request_id":"9f0b15ee-2462-48e4-ae2a-406adbaa5b81","method":"POST","path":"/api/v1/contents/71273c1d-4af8-433e-8ac1-2a8375631895/revisions","status":201,"duration_ms":8}
{"event":"http.request","request_id":"9910b123-780d-4297-acb2-1b48183aee48","method":"GET","path":"/api/v1/contents/71273c1d-4af8-433e-8ac1-2a8375631895","status":200,"duration_ms":3}
✔ 人工新建图文后保存逐页文案，再从详情恢复原始快照 (401.042416ms)
{"event":"http.request","request_id":"b15110ed-0890-4cb2-8c16-36e5b0bd338f","method":"POST","path":"/api/v1/contents","status":201,"duration_ms":7}
{"event":"http.request","request_id":"c335a6d9-0744-4cff-9393-36536b4aed50","method":"POST","path":"/api/v1/contents/672b2e3a-798b-4e99-ab14-d16a9a669a6f/revisions","status":201,"duration_ms":6}
{"event":"http.request","request_id":"a8a94953-f71b-4af6-b066-cdad2c6aad03","method":"POST","path":"/api/v1/contents/672b2e3a-798b-4e99-ab14-d16a9a669a6f/revisions","status":409,"duration_ms":9}
{"event":"http.request","request_id":"6099ed7a-b465-417d-adfb-147d5723a70d","method":"GET","path":"/api/v1/contents/672b2e3a-798b-4e99-ab14-d16a9a669a6f","status":200,"duration_ms":3}
{"event":"http.request","request_id":"1067b7fa-fd79-4a9c-ab56-734e0dccd441","method":"POST","path":"/api/v1/contents/672b2e3a-798b-4e99-ab14-d16a9a669a6f/restore","status":201,"duration_ms":7}
{"event":"http.request","request_id":"7d693de9-910c-4de2-b5cb-1f37038b9d7a","method":"GET","path":"/api/v1/contents/672b2e3a-798b-4e99-ab14-d16a9a669a6f","status":200,"duration_ms":2}
✔ 同一基础版本并发保存只有一个成功，恢复历史版本产生新快照 (38.434291ms)
{"event":"http.request","request_id":"909cc1bc-b9c8-4f58-9109-ce13c695c984","method":"POST","path":"/api/v1/members","status":201,"duration_ms":23}
{"event":"http.request","request_id":"b83c32f7-de7f-46c8-bada-98709cca43ea","method":"GET","path":"/api/v1/auth/csrf","status":200,"duration_ms":1}
{"event":"http.request","request_id":"0cdc974d-a9af-411e-bbd3-105126274fd8","method":"POST","path":"/api/v1/auth/accept-invite","status":200,"duration_ms":19}
{"event":"http.request","request_id":"d9f5787b-6ddb-45f3-85c8-d8b4496dabc7","method":"GET","path":"/api/v1/auth/csrf","status":200,"duration_ms":1}
{"event":"http.request","request_id":"36ce13fd-8e95-4f83-8b31-aeee0d768a8d","method":"POST","path":"/api/v1/auth/login","status":200,"duration_ms":19}
{"event":"http.request","request_id":"ac040c6a-0f9f-47f7-b3e6-6fa632e64519","method":"POST","path":"/api/v1/members","status":201,"duration_ms":23}
{"event":"http.request","request_id":"78a0a5f5-6cac-434f-a870-269d752b5d91","method":"GET","path":"/api/v1/auth/csrf","status":200,"duration_ms":0}
{"event":"http.request","request_id":"4ae8afe9-1d20-4512-8da5-94708604ae74","method":"POST","path":"/api/v1/auth/accept-invite","status":200,"duration_ms":18}
{"event":"http.request","request_id":"98b37b07-603f-4e11-8634-9b28f5cdf174","method":"GET","path":"/api/v1/auth/csrf","status":200,"duration_ms":4}
{"event":"http.request","request_id":"9d8a66fa-4b9d-4acf-b6f3-6913270b0b71","method":"POST","path":"/api/v1/auth/login","status":200,"duration_ms":19}
{"event":"http.request","request_id":"f2f2cac0-01d3-4600-ac32-ee2412d78527","method":"POST","path":"/api/v1/contents","status":201,"duration_ms":6}
{"event":"http.request","request_id":"076afd93-da7e-49de-8fa8-91829333fa6c","method":"POST","path":"/api/v1/contents/b118d719-b1cd-4a45-a333-b968978a8dad/revisions","status":403,"duration_ms":4}
{"event":"http.request","request_id":"ca5f13f2-23a4-4b63-8614-f9b5531bdf3f","method":"POST","path":"/api/v1/contents/b118d719-b1cd-4a45-a333-b968978a8dad/revisions","status":403,"duration_ms":3}
{"event":"http.request","request_id":"73de3a4d-ca72-438e-8430-90ff3d0dfd4f","method":"POST","path":"/api/v1/contents/b118d719-b1cd-4a45-a333-b968978a8dad/revisions","status":201,"duration_ms":7}
✔ 运营只能修改发布文案，不能改逐页制作内容；只读不能保存 (161.621ms)
{"event":"http.request","request_id":"17e1ddd0-4313-4b25-b7f0-ddb715bc9d6b","method":"POST","path":"/api/v1/contents","status":201,"duration_ms":6}
{"event":"http.request","request_id":"0aa5e96e-9572-4d51-a8b2-acde6ae677f2","method":"POST","path":"/api/v1/contents/89058b12-f113-4635-8248-80662c6aa670/revisions","status":422,"duration_ms":4}
{"event":"http.request","request_id":"07e23b1c-659a-438d-bab3-251d39221ff2","method":"POST","path":"/api/v1/uploads","status":201,"duration_ms":8}
{"event":"http.request","request_id":"d0df6392-0927-47c8-a7d1-dcf1a3cdb9af","method":"POST","path":"/api/v1/uploads/bea7a59b-9833-4a91-9b43-351226e35b4c/parts","status":200,"duration_ms":4}
{"event":"http.request","request_id":"987ea0ca-316b-4b1e-93e3-daf035915233","method":"PUT","path":"/api/v1/uploads/bea7a59b-9833-4a91-9b43-351226e35b4c/parts/1","status":200,"duration_ms":7}
{"event":"http.request","request_id":"bb49271c-d7d9-4a1b-914d-71d5839ba6bf","method":"POST","path":"/api/v1/uploads/bea7a59b-9833-4a91-9b43-351226e35b4c/complete","status":200,"duration_ms":11}
{"event":"http.request","request_id":"c8ad705b-6b89-4db6-b35d-617a7d520849","method":"POST","path":"/api/v1/contents/89058b12-f113-4635-8248-80662c6aa670/revisions","status":422,"duration_ms":8}
{"event":"http.request","request_id":"b5dde181-1e73-49a7-82d6-db562ad5c9f6","method":"POST","path":"/api/v1/uploads","status":201,"duration_ms":6}
{"event":"http.request","request_id":"17a4f23a-113d-4e85-ab71-c18ec3488555","method":"POST","path":"/api/v1/uploads/2c3e042e-301b-4b34-ac0c-37e705a405b6/parts","status":200,"duration_ms":4}
{"event":"http.request","request_id":"3069504d-4fcb-43b4-8d91-7343a6a0ffed","method":"PUT","path":"/api/v1/uploads/2c3e042e-301b-4b34-ac0c-37e705a405b6/parts/1","status":200,"duration_ms":5}
{"event":"http.request","request_id":"54018823-8ead-479a-bf10-98f335d0f4b7","method":"POST","path":"/api/v1/uploads/2c3e042e-301b-4b34-ac0c-37e705a405b6/complete","status":200,"duration_ms":8}
{"event":"http.request","request_id":"24664b9d-5319-4e91-a91f-a947954d188a","method":"POST","path":"/api/v1/contents/89058b12-f113-4635-8248-80662c6aa670/revisions","status":201,"duration_ms":6}
{"event":"http.request","request_id":"303b5b25-8640-40cc-a088-b04a9168d99c","method":"GET","path":"/api/v1/contents/89058b12-f113-4635-8248-80662c6aa670","status":200,"duration_ms":2}
✔ 图文成品只关联同空间已上传PNG原件，无效文件和PDF不能保存为发布图片 (119.150709ms)
{"event":"http.request","request_id":"1c8f129d-af21-4177-b304-fd89273e8bf9","method":"POST","path":"/api/v1/contents","status":201,"duration_ms":5}
{"event":"http.request","request_id":"3a00b1e8-7ca5-4f2f-85ab-8092ec771a13","method":"PATCH","path":"/api/v1/contents/7159b618-e48e-4648-91e5-3a2217038d09","status":200,"duration_ms":5}
{"event":"http.request","request_id":"2849209f-fe41-41b0-8acc-935037025fb4","method":"GET","path":"/api/v1/contents","status":200,"duration_ms":2}
{"event":"http.request","request_id":"a6043c25-5b72-4a6b-9242-03c897f69874","method":"GET","path":"/api/v1/contents","status":200,"duration_ms":1}
{"event":"http.request","request_id":"e4898b6b-d6c2-4cf7-a641-476061216e36","method":"GET","path":"/api/v1/contents","status":422,"duration_ms":1}
✔ 内容列表按形式、状态、负责人和计划时间过滤，非法筛选拒绝 (22.756417ms)
{"event":"http.request","request_id":"39d4d7cd-c231-4287-b1e4-b77fdd12ef6c","method":"POST","path":"/api/v1/contents","status":201,"duration_ms":5}
{"event":"http.request","request_id":"c854af05-450a-4c03-9fb9-15503745c16d","method":"POST","path":"/api/v1/contents/08071108-00ca-437a-a729-fc75530a23d5/submit-review","status":422,"duration_ms":3}
{"event":"http.request","request_id":"853162ae-fad4-4c01-a542-9090b898509f","method":"POST","path":"/api/v1/uploads","status":201,"duration_ms":6}
{"event":"http.request","request_id":"6eac4354-f9c4-4177-8fa8-ae2d3b6adb13","method":"POST","path":"/api/v1/uploads/dec655a6-0cf0-44c5-b6c3-48dc8f65af16/parts","status":200,"duration_ms":3}
{"event":"http.request","request_id":"eb16e58f-dd5e-4f91-b421-37c3704b36ab","method":"PUT","path":"/api/v1/uploads/dec655a6-0cf0-44c5-b6c3-48dc8f65af16/parts/1","status":200,"duration_ms":5}
{"event":"http.request","request_id":"91af8eff-3bd8-4ed0-a4fc-eb011b5e8c4c","method":"POST","path":"/api/v1/uploads/dec655a6-0cf0-44c5-b6c3-48dc8f65af16/complete","status":200,"duration_ms":9}
{"event":"http.request","request_id":"ab991356-952c-44cd-85c7-f0f90c8cc0ab","method":"POST","path":"/api/v1/contents","status":201,"duration_ms":6}
{"event":"http.request","request_id":"9ea98fa7-39b6-4ed5-ae5a-09346731e19a","method":"POST","path":"/api/v1/contents/9fdd51b1-9a88-4a3d-a7d3-45c320f431d9/revisions","status":201,"duration_ms":6}
{"event":"http.request","request_id":"c53e91e8-1006-4a81-9257-f18ec7b1738e","method":"POST","path":"/api/v1/contents/9fdd51b1-9a88-4a3d-a7d3-45c320f431d9/submit-review","status":201,"duration_ms":6}
{"event":"http.request","request_id":"472e8f81-b981-4b42-b242-19419058098b","method":"GET","path":"/api/v1/contents/9fdd51b1-9a88-4a3d-a7d3-45c320f431d9","status":200,"duration_ms":2}
{"event":"http.request","request_id":"426f0233-d018-4eb7-b764-cb89b878f70b","method":"POST","path":"/api/v1/reviews/38a388df-1371-46d4-8f90-39dcd67ef797/decide","status":200,"duration_ms":12}
{"event":"http.request","request_id":"5a1c0c00-96c8-4cbf-b835-c1441982536c","method":"GET","path":"/api/v1/contents/9fdd51b1-9a88-4a3d-a7d3-45c320f431d9","status":200,"duration_ms":3}
✔ 提交审核拒绝缺失成品，完整PNG图文冻结并由有权成员显式批准 (169.623625ms)
{"event":"http.request","request_id":"d8a5d071-4abb-475c-9902-763121c3f653","method":"POST","path":"/api/v1/uploads","status":201,"duration_ms":5}
{"event":"http.request","request_id":"2f741f67-7de4-4afe-98a6-4a70472b9902","method":"POST","path":"/api/v1/uploads/2dde9fea-93e0-42e6-985d-8cf1e5d99ecf/parts","status":200,"duration_ms":3}
{"event":"http.request","request_id":"84cf04b6-edc4-45e7-a2f6-173451e68520","method":"PUT","path":"/api/v1/uploads/2dde9fea-93e0-42e6-985d-8cf1e5d99ecf/parts/1","status":200,"duration_ms":4}
{"event":"http.request","request_id":"5a117444-6e13-44ff-aa44-fef992960286","method":"POST","path":"/api/v1/uploads/2dde9fea-93e0-42e6-985d-8cf1e5d99ecf/complete","status":200,"duration_ms":7}
{"event":"http.request","request_id":"69a79e39-7c8d-4d25-a4da-b17838456bd1","method":"POST","path":"/api/v1/contents","status":201,"duration_ms":5}
{"event":"http.request","request_id":"4809441e-7adb-4e7b-a003-a3d30230e1bc","method":"POST","path":"/api/v1/contents/b1d5f11b-9d76-494f-8fe9-36488dfa8cc5/revisions","status":201,"duration_ms":6}
{"event":"http.request","request_id":"ee21c270-48bd-47cd-a257-91e91766ae57","method":"POST","path":"/api/v1/contents/b1d5f11b-9d76-494f-8fe9-36488dfa8cc5/submit-review","status":201,"duration_ms":4}
{"event":"http.request","request_id":"94ed6eab-fa53-425b-a84a-ff02dd221358","method":"GET","path":"/api/v1/contents/b1d5f11b-9d76-494f-8fe9-36488dfa8cc5","status":200,"duration_ms":2}
{"event":"http.request","request_id":"3a8e8200-c0c6-41d2-8947-4c58b6dfbb01","method":"POST","path":"/api/v1/contents/b1d5f11b-9d76-494f-8fe9-36488dfa8cc5/revisions","status":409,"duration_ms":3}
{"event":"http.request","request_id":"98b2e4bf-97d7-4429-ac46-e4eb51e8cf25","method":"POST","path":"/api/v1/reviews/fc5f5f64-7f97-423e-8fdf-5c7efeba8ec3/withdraw","status":200,"duration_ms":7}
{"event":"http.request","request_id":"b9d7faff-838f-4845-b922-56ed9fc4687f","method":"GET","path":"/api/v1/contents/b1d5f11b-9d76-494f-8fe9-36488dfa8cc5","status":200,"duration_ms":2}
{"event":"http.request","request_id":"593d68cc-30c3-4e7a-abb6-5edcb67d42ba","method":"POST","path":"/api/v1/contents/b1d5f11b-9d76-494f-8fe9-36488dfa8cc5/submit-review","status":201,"duration_ms":5}
{"event":"http.request","request_id":"954ef678-2155-438b-b713-01637c186e7e","method":"POST","path":"/api/v1/reviews/781b30f5-affc-4322-ac55-0bced8ccc037/decide","status":200,"duration_ms":6}
{"event":"http.request","request_id":"b2400598-d7cd-4aeb-9933-55cc09914795","method":"GET","path":"/api/v1/contents/b1d5f11b-9d76-494f-8fe9-36488dfa8cc5","status":200,"duration_ms":2}
{"event":"http.request","request_id":"04b017b4-743b-4c69-a0fc-124d59f8a072","method":"POST","path":"/api/v1/contents/b1d5f11b-9d76-494f-8fe9-36488dfa8cc5/submit-review","status":201,"duration_ms":4}
{"event":"http.request","request_id":"bf54c625-4f19-42e1-8808-19ea02c15875","method":"POST","path":"/api/v1/reviews/5a4f7aa2-c1ca-4ec4-8d0c-fe02b8e618f5/decide","status":200,"duration_ms":4}
{"event":"http.request","request_id":"3dfc3792-9d0d-47e7-aae1-9aa94cd468b7","method":"GET","path":"/api/v1/contents/b1d5f11b-9d76-494f-8fe9-36488dfa8cc5","status":200,"duration_ms":2}
{"event":"http.request","request_id":"088a2883-f47b-4441-ba5d-d2c04e974859","method":"PATCH","path":"/api/v1/contents/b1d5f11b-9d76-494f-8fe9-36488dfa8cc5","status":200,"duration_ms":4}
{"event":"http.request","request_id":"2e0f7282-1d44-4a9d-994a-313a6ee738ca","method":"GET","path":"/api/v1/contents/b1d5f11b-9d76-494f-8fe9-36488dfa8cc5","status":200,"duration_ms":2}
{"event":"http.request","request_id":"c1a3c106-5e4e-4128-90e0-89509746ffc7","method":"POST","path":"/api/v1/contents/b1d5f11b-9d76-494f-8fe9-36488dfa8cc5/revisions","status":201,"duration_ms":5}
{"event":"http.request","request_id":"3bda8670-8a3e-4b3c-bf6e-3d35c55b97f1","method":"GET","path":"/api/v1/contents/b1d5f11b-9d76-494f-8fe9-36488dfa8cc5","status":200,"duration_ms":2}
✔ 审核中禁止编辑，撤回和退回派生新稿；批准后改载荷重审，内部备注不使批准失效 (98.757041ms)
{"event":"http.request","request_id":"363330eb-931c-498e-8a3a-37d86888b20a","method":"POST","path":"/api/v1/members","status":201,"duration_ms":22}
{"event":"http.request","request_id":"076cdc96-d6b4-45a1-b276-548dd4f98506","method":"GET","path":"/api/v1/auth/csrf","status":200,"duration_ms":0}
{"event":"http.request","request_id":"7e19ed6d-3f49-48f3-ab20-34a9b165cd26","method":"POST","path":"/api/v1/auth/accept-invite","status":200,"duration_ms":19}
{"event":"http.request","request_id":"2cfc596b-b981-4ac6-97a9-f2e9949a2e7f","method":"GET","path":"/api/v1/auth/csrf","status":200,"duration_ms":1}
{"event":"http.request","request_id":"b6e53679-b366-4c11-84a9-64aaa0c28b76","method":"POST","path":"/api/v1/auth/login","status":200,"duration_ms":19}
{"event":"http.request","request_id":"db704e96-0431-4a4d-9137-de1a8fac1449","method":"POST","path":"/api/v1/uploads","status":201,"duration_ms":5}
{"event":"http.request","request_id":"710a66dc-add3-4694-a230-701cafbdaf7d","method":"POST","path":"/api/v1/uploads/0232c8f8-4676-4897-9bd7-a1c42080e98f/parts","status":200,"duration_ms":3}
{"event":"http.request","request_id":"0090a3b0-59bc-487c-a226-6a3a1e45a55a","method":"PUT","path":"/api/v1/uploads/0232c8f8-4676-4897-9bd7-a1c42080e98f/parts/1","status":200,"duration_ms":4}
{"event":"http.request","request_id":"e3da82a0-7dff-477a-ada1-cd793f870596","method":"POST","path":"/api/v1/uploads/0232c8f8-4676-4897-9bd7-a1c42080e98f/complete","status":200,"duration_ms":8}
{"event":"http.request","request_id":"0a891903-1d80-48f7-8d56-ae1e3588030c","method":"POST","path":"/api/v1/contents","status":201,"duration_ms":5}
{"event":"http.request","request_id":"cc3231d4-81fd-428e-8ae8-388b0ca526d9","method":"POST","path":"/api/v1/contents/d728e716-aa9a-40f2-bc25-00fcb0f354df/revisions","status":201,"duration_ms":5}
{"event":"http.request","request_id":"4ced6633-3ee7-46a7-990c-5ddd6fa4c897","method":"POST","path":"/api/v1/contents/d728e716-aa9a-40f2-bc25-00fcb0f354df/submit-review","status":201,"duration_ms":5}
{"event":"http.request","request_id":"e692d189-1a8e-4d13-b549-c854600d3f42","method":"POST","path":"/api/v1/reviews/02638810-338a-4957-812b-26752bc05681/decide","status":403,"duration_ms":2}
{"event":"http.request","request_id":"082fffe1-f88e-4f11-a5ca-664778c49c27","method":"POST","path":"/api/v1/reviews/02638810-338a-4957-812b-26752bc05681/decide","status":200,"duration_ms":5}
{"event":"http.request","request_id":"f94440a2-51df-4399-a970-e4442e1e1c71","method":"POST","path":"/api/v1/reviews/02638810-338a-4957-812b-26752bc05681/withdraw","status":409,"duration_ms":5}
✔ 制作角色不能批准，批准与撤回并发只有一个事务成功 (113.301625ms)
{"event":"http.request","request_id":"a56711db-fee1-430a-aa19-2599edc0bdd6","method":"POST","path":"/api/v1/uploads","status":201,"duration_ms":5}
{"event":"http.request","request_id":"5993f0fe-d984-48d7-bc78-4e51b7bd887b","method":"POST","path":"/api/v1/uploads/eb59e96d-ac28-4823-b23c-205a14c91f43/parts","status":200,"duration_ms":3}
{"event":"http.request","request_id":"d59f363b-2dde-47d8-aaaf-3b23a56ec644","method":"PUT","path":"/api/v1/uploads/eb59e96d-ac28-4823-b23c-205a14c91f43/parts/1","status":200,"duration_ms":4}
{"event":"http.request","request_id":"ee11f03c-6b0f-4f59-9eb7-fe53fedecb79","method":"POST","path":"/api/v1/uploads/eb59e96d-ac28-4823-b23c-205a14c91f43/complete","status":200,"duration_ms":7}
{"event":"http.request","request_id":"d894b943-bfd3-48b8-9172-5f8390e406aa","method":"POST","path":"/api/v1/contents","status":201,"duration_ms":4}
{"event":"http.request","request_id":"fa1f4d05-a05e-42ae-973b-a2582fade779","method":"POST","path":"/api/v1/contents/1050eaa5-7334-4685-acef-f14a85c50345/revisions","status":201,"duration_ms":5}
{"event":"http.request","request_id":"198f92d7-6bc2-4b31-8a85-02c272d554e0","method":"POST","path":"/api/v1/assets","status":201,"duration_ms":5}
{"event":"http.request","request_id":"7738fedf-5547-4672-a984-3787f8774fd6","method":"POST","path":"/api/v1/assets/64c2fbb9-f217-439b-a428-475278b59bfb/confirm","status":200,"duration_ms":5}
{"event":"http.request","request_id":"101212fe-7577-4ead-bc95-7de749c1b872","method":"POST","path":"/api/v1/contents/1050eaa5-7334-4685-acef-f14a85c50345/revisions","status":201,"duration_ms":7}
{"event":"http.request","request_id":"15aee02a-626a-459e-bd3c-5d8d7739fe83","method":"POST","path":"/api/v1/contents/1050eaa5-7334-4685-acef-f14a85c50345/submit-review","status":201,"duration_ms":5}
{"event":"http.request","request_id":"62fad7aa-4769-4922-b6b4-69b7849412bd","method":"POST","path":"/api/v1/assets/64c2fbb9-f217-439b-a428-475278b59bfb/retire","status":200,"duration_ms":4}
{"event":"http.request","request_id":"fec2ca8b-4844-4a7d-af30-0b59fc0aa6f5","method":"POST","path":"/api/v1/reviews/54858b4b-3e8b-4a56-a6a7-2cd7a69134b1/decide","status":422,"duration_ms":4}
{"event":"http.request","request_id":"afe7b779-bd49-48aa-9658-4c78c259df18","method":"POST","path":"/api/v1/reviews/54858b4b-3e8b-4a56-a6a7-2cd7a69134b1/withdraw","status":200,"duration_ms":6}
{"event":"http.request","request_id":"44ea14a0-016c-4c92-943f-025ba86cf880","method":"GET","path":"/api/v1/contents/1050eaa5-7334-4685-acef-f14a85c50345","status":200,"duration_ms":2}
{"event":"http.request","request_id":"9bf04011-6a75-46aa-92e0-e62ee4642abc","method":"POST","path":"/api/v1/contents/1050eaa5-7334-4685-acef-f14a85c50345/revisions","status":201,"duration_ms":5}
✔ 素材停用阻止批准但仍能撤回修稿，冻结历史引用保留 (89.30875ms)
{"event":"http.request","request_id":"8fc51b9d-577f-4182-8ab3-4bc558fb6b2e","method":"POST","path":"/api/v1/contents","status":201,"duration_ms":4}
{"event":"http.request","request_id":"3299e375-6c1e-4b26-9a44-89df7fa86bf7","method":"POST","path":"/api/v1/contents/823050f2-cef5-4ec4-849c-a26ea426e636/start-production","status":200,"duration_ms":3}
{"event":"http.request","request_id":"e763728e-5da6-43a4-81b7-586c9c42e995","method":"POST","path":"/api/v1/contents/823050f2-cef5-4ec4-849c-a26ea426e636/cancel","status":200,"duration_ms":5}
{"event":"http.request","request_id":"909f1f1e-b60a-4504-acda-7df14286d6dd","method":"GET","path":"/api/v1/contents/823050f2-cef5-4ec4-849c-a26ea426e636","status":200,"duration_ms":2}
{"event":"http.request","request_id":"5e170187-f9d6-4633-9153-6b491981f098","method":"POST","path":"/api/v1/contents/823050f2-cef5-4ec4-849c-a26ea426e636/submit-review","status":409,"duration_ms":3}
✔ 开始制作保存估时，取消保留理由和版本历史且不能再提审 (19.432458ms)
{"event":"http.request","request_id":"a940a009-6fbf-4aef-a395-ddb6e2d4123f","method":"POST","path":"/api/v1/uploads","status":201,"duration_ms":5}
{"event":"http.request","request_id":"c2d46198-ae4b-4912-b02b-b1e3e61b1664","method":"POST","path":"/api/v1/uploads/3a509db1-23b8-4eb8-a81c-37d95e23b2d3/parts","status":200,"duration_ms":4}
{"event":"http.request","request_id":"44b910c6-ce5b-458b-bbf9-9c735715fd61","method":"PUT","path":"/api/v1/uploads/3a509db1-23b8-4eb8-a81c-37d95e23b2d3/parts/1","status":200,"duration_ms":4}
{"event":"http.request","request_id":"a27b3ca5-e4d4-48a1-a8b4-2c742bfbf748","method":"POST","path":"/api/v1/uploads/3a509db1-23b8-4eb8-a81c-37d95e23b2d3/complete","status":200,"duration_ms":7}
{"event":"http.request","request_id":"c1ebbc28-8e87-4832-abea-7115961762ca","method":"POST","path":"/api/v1/contents","status":201,"duration_ms":5}
{"event":"http.request","request_id":"92e2fd72-80e0-4039-943e-1d02dd9ea49b","method":"POST","path":"/api/v1/contents/9f63ae1a-de38-4c7b-be45-63cd58678929/revisions","status":201,"duration_ms":5}
{"event":"http.request","request_id":"fc049149-8d7c-47e8-8ecc-9e574d7db7bb","method":"POST","path":"/api/v1/contents/9f63ae1a-de38-4c7b-be45-63cd58678929/submit-review","status":201,"duration_ms":5}
{"event":"http.request","request_id":"8b98e034-648a-4ea4-aafe-759503edb3d6","method":"POST","path":"/api/v1/reviews/d74fa813-5298-431d-8f68-0eb1b188e244/decide","status":200,"duration_ms":5}
{"event":"http.request","request_id":"69d47eb9-f28a-4125-af1d-eabecd5c1a33","method":"GET","path":"/api/v1/contents/9f63ae1a-de38-4c7b-be45-63cd58678929","status":200,"duration_ms":2}
{"event":"http.request","request_id":"f55b56cb-a85d-40c8-a31c-6d36f99a5681","method":"POST","path":"/api/v1/contents/9f63ae1a-de38-4c7b-be45-63cd58678929/export-package","status":202,"duration_ms":5}
{"event":"http.request","request_id":"483dd68c-c676-4fc0-8f5e-81aa84374601","method":"GET","path":"/api/v1/export-packages/7b215dc0-0965-4cfd-834a-110b387fafca","status":200,"duration_ms":2}
{"event":"job.claimed","job_id":"72d8b662-1a6f-498e-9b3d-ab7f8e484cd1","request_id":"f55b56cb-a85d-40c8-a31c-6d36f99a5681","pool":"general","attempt":1}
{"event":"http.request","request_id":"d4d37ad6-446e-4475-a9c4-a14959ce0f1e","method":"GET","path":"/api/v1/export-packages/7b215dc0-0965-4cfd-834a-110b387fafca","status":200,"duration_ms":3}
{"event":"http.request","request_id":"694c5e33-21a8-4c0b-9688-14e9ffa27468","method":"GET","path":"/api/v1/export-packages/7b215dc0-0965-4cfd-834a-110b387fafca/download","status":200,"duration_ms":24}
{"event":"http.request","request_id":"5fa7b5b2-df75-4124-969f-43ae254ccedf","method":"POST","path":"/api/v1/contents/9f63ae1a-de38-4c7b-be45-63cd58678929/revisions","status":201,"duration_ms":18}
{"event":"http.request","request_id":"75ca36c9-42f6-4415-90c9-1e4687415878","method":"GET","path":"/api/v1/export-packages/7b215dc0-0965-4cfd-834a-110b387fafca/download","status":409,"duration_ms":6}
{"event":"http.request","request_id":"8c76de33-7487-4a9b-ac83-f41ce8831d40","method":"GET","path":"/api/v1/files/81cb3007-2b32-46e2-93d5-e15a4d599a4d/download","status":409,"duration_ms":4}
✔ 发布包异步打包批准版本，下载PNG原件、页序和文案与批准内容一致 (1147.196666ms)
{"event":"http.request","request_id":"8f8fe652-4d41-49d3-b5d2-6fda8e35ae75","method":"POST","path":"/api/v1/uploads","status":201,"duration_ms":7}
{"event":"http.request","request_id":"74bdaa56-aaf8-4047-9c48-7501dd40343a","method":"POST","path":"/api/v1/uploads/bd9f7791-75c5-418f-8c26-fc7b80b55c58/parts","status":200,"duration_ms":5}
{"event":"http.request","request_id":"49fbf898-a64e-4b87-bdd3-d431448f0e9e","method":"PUT","path":"/api/v1/uploads/bd9f7791-75c5-418f-8c26-fc7b80b55c58/parts/1","status":200,"duration_ms":6}
{"event":"http.request","request_id":"a55c83df-aa49-4128-a539-9ab249130eb6","method":"POST","path":"/api/v1/uploads/bd9f7791-75c5-418f-8c26-fc7b80b55c58/complete","status":200,"duration_ms":10}
{"event":"http.request","request_id":"4017c510-20ac-44a9-9c66-3940b5ca69ce","method":"POST","path":"/api/v1/contents","status":201,"duration_ms":7}
{"event":"http.request","request_id":"14a49f48-8e11-4dda-b6e0-9d1c99500771","method":"POST","path":"/api/v1/contents/ba70ac50-961d-4f49-a9e9-32cd68edeef2/revisions","status":201,"duration_ms":7}
{"event":"http.request","request_id":"d2b5a032-198b-427e-b191-ac7a35c9f9ea","method":"POST","path":"/api/v1/contents/ba70ac50-961d-4f49-a9e9-32cd68edeef2/submit-review","status":201,"duration_ms":6}
{"event":"http.request","request_id":"7ee3aeb0-0eba-4f5a-bd79-54f7a8d089bb","method":"POST","path":"/api/v1/reviews/b95e5dbb-013a-49b8-911a-5ee3fdc6f3d8/decide","status":200,"duration_ms":6}
{"event":"http.request","request_id":"fe700688-3912-4b64-b65d-6a943bf33958","method":"GET","path":"/api/v1/contents/ba70ac50-961d-4f49-a9e9-32cd68edeef2","status":200,"duration_ms":3}
{"event":"http.request","request_id":"b94ad151-7d05-4c1b-86c9-6d2436f76ddc","method":"POST","path":"/api/v1/publication-drafts","status":201,"duration_ms":6}
{"event":"http.request","request_id":"1d7a2af9-11fe-4598-bff6-b549c331bf3f","method":"GET","path":"/api/v1/contents/ba70ac50-961d-4f49-a9e9-32cd68edeef2","status":200,"duration_ms":3}
{"event":"http.request","request_id":"4525b956-6541-4197-9cb5-c8e084453000","method":"POST","path":"/api/v1/publications","status":422,"duration_ms":3}
{"event":"http.request","request_id":"582b05bd-f785-417d-966d-2b1083444bea","method":"POST","path":"/api/v1/publications","status":422,"duration_ms":4}
{"event":"http.request","request_id":"c306f578-7b17-4a71-aabd-712db2f8b266","method":"POST","path":"/api/v1/publications","status":201,"duration_ms":6}
{"event":"http.request","request_id":"d5177229-9d59-4955-b9dd-ee860490a182","method":"GET","path":"/api/v1/contents/ba70ac50-961d-4f49-a9e9-32cd68edeef2","status":200,"duration_ms":2}
{"event":"http.request","request_id":"cbff5bfc-dd4b-4e99-bbc5-c707bf0292a1","method":"POST","path":"/api/v1/uploads","status":201,"duration_ms":7}
{"event":"http.request","request_id":"9b5fc51b-7e1d-4a04-a94e-325ffb5161e7","method":"POST","path":"/api/v1/uploads/68ad7fef-c160-4687-83b3-7aefcfba8c5a/parts","status":200,"duration_ms":4}
{"event":"http.request","request_id":"0ad68741-1045-4ddc-b8bf-236d699b96df","method":"PUT","path":"/api/v1/uploads/68ad7fef-c160-4687-83b3-7aefcfba8c5a/parts/1","status":200,"duration_ms":5}
{"event":"http.request","request_id":"142edc74-b854-4a29-a7d1-ea6b88890685","method":"POST","path":"/api/v1/uploads/68ad7fef-c160-4687-83b3-7aefcfba8c5a/complete","status":200,"duration_ms":10}
{"event":"http.request","request_id":"658da12d-13b9-4645-98ad-cdb53cbb505f","method":"POST","path":"/api/v1/contents","status":201,"duration_ms":5}
{"event":"http.request","request_id":"baaae0b6-74ab-4bd7-98be-1a0c47813abf","method":"POST","path":"/api/v1/contents/faa54cfb-51dc-42b2-960f-0feae729478a/revisions","status":201,"duration_ms":7}
{"event":"http.request","request_id":"79ed7607-9bba-4503-b575-2c47ed7cf42a","method":"POST","path":"/api/v1/contents/faa54cfb-51dc-42b2-960f-0feae729478a/submit-review","status":201,"duration_ms":4}
{"event":"http.request","request_id":"899a3976-257e-4654-9167-5d3cabc40a24","method":"POST","path":"/api/v1/reviews/7645a634-8b97-4482-8b95-43d2503b59ef/decide","status":200,"duration_ms":5}
{"event":"http.request","request_id":"1a58bf93-5dc7-4918-a397-42531f8b71b3","method":"GET","path":"/api/v1/contents/faa54cfb-51dc-42b2-960f-0feae729478a","status":200,"duration_ms":3}
{"event":"http.request","request_id":"303063bc-a46b-4b86-8003-4024886a095d","method":"POST","path":"/api/v1/publications","status":409,"duration_ms":6}
✔ 缺笔记ID暂存不算发布，正式登记锁定批准版本、账号和唯一笔记并持久回收事件 (169.506375ms)
{"event":"http.request","request_id":"7bd1fa5a-e5ab-460d-a56e-c52eec7da703","method":"POST","path":"/api/v1/uploads","status":201,"duration_ms":6}
{"event":"http.request","request_id":"1f56898c-f2aa-4e60-a747-4340a14d7ea5","method":"POST","path":"/api/v1/uploads/81001f43-4f27-40b4-9125-ccd2b3e93c56/parts","status":200,"duration_ms":3}
{"event":"http.request","request_id":"8d915674-8e4f-4f6f-98a3-e301329815cd","method":"PUT","path":"/api/v1/uploads/81001f43-4f27-40b4-9125-ccd2b3e93c56/parts/1","status":200,"duration_ms":4}
{"event":"http.request","request_id":"3a4f961c-f506-4f2b-b779-11deab99a10e","method":"POST","path":"/api/v1/uploads/81001f43-4f27-40b4-9125-ccd2b3e93c56/complete","status":200,"duration_ms":7}
{"event":"http.request","request_id":"56407ec5-3d0c-421b-9b52-41f42f94ca3b","method":"POST","path":"/api/v1/contents","status":201,"duration_ms":5}
{"event":"http.request","request_id":"23752a45-2fe8-462f-80eb-7beba2a4632f","method":"POST","path":"/api/v1/contents/544ac518-6407-4155-9853-07861b11000f/revisions","status":201,"duration_ms":5}
{"event":"http.request","request_id":"140dd87c-c729-4a34-ab71-586573eeee33","method":"POST","path":"/api/v1/contents/544ac518-6407-4155-9853-07861b11000f/submit-review","status":201,"duration_ms":4}
{"event":"http.request","request_id":"d7442bd0-9d45-46f3-899b-8443b133fd9e","method":"POST","path":"/api/v1/reviews/accefe2e-fd38-4cd0-b8b4-8e7657b12777/decide","status":200,"duration_ms":5}
{"event":"http.request","request_id":"2e4c11bb-ef50-47ab-8e33-dbad5cece9e9","method":"GET","path":"/api/v1/contents/544ac518-6407-4155-9853-07861b11000f","status":200,"duration_ms":3}
{"event":"http.request","request_id":"914b89b0-cb4c-4873-8fca-e85dc4628b83","method":"POST","path":"/api/v1/publications","status":201,"duration_ms":4}
{"event":"http.request","request_id":"065f0089-1b95-492b-8746-ac68fb869be3","method":"GET","path":"/api/v1/contents/544ac518-6407-4155-9853-07861b11000f","status":200,"duration_ms":1}
{"event":"http.request","request_id":"38fa528e-6721-45aa-9255-ac9cef107572","method":"POST","path":"/api/v1/contents/544ac518-6407-4155-9853-07861b11000f/create-revision-work-item","status":201,"duration_ms":7}
{"event":"http.request","request_id":"172987c4-1326-4389-a323-88757a670e2e","method":"GET","path":"/api/v1/contents/4d4321cb-7dd2-4ad9-b569-cecc5af04da3","status":200,"duration_ms":2}
{"event":"http.request","request_id":"504d9cc7-3ea2-4e7f-980b-f801d9c661ed","method":"GET","path":"/api/v1/contents/544ac518-6407-4155-9853-07861b11000f","status":200,"duration_ms":2}
{"event":"http.request","request_id":"93a8908c-5521-4ad5-9d24-7cfec520729f","method":"GET","path":"/api/v1/publications/c955bee1-6f4b-4965-ab19-5ddc90ffa907","status":200,"duration_ms":2}
✔ 已发布内容派生独立修订工作项，原稿和文件归档保持不变 (71.145542ms)
{"event":"http.request","request_id":"ce6db97a-89a8-4424-a666-1817f78aea9d","method":"POST","path":"/api/v1/uploads","status":201,"duration_ms":5}
{"event":"http.request","request_id":"d3113735-a279-469b-8d0c-957303e3a2a1","method":"POST","path":"/api/v1/uploads/b1be3bf0-fc0b-4355-9118-b85222627af3/parts","status":200,"duration_ms":4}
{"event":"http.request","request_id":"c5568528-69c5-47ac-ac5a-a5cc94839c03","method":"PUT","path":"/api/v1/uploads/b1be3bf0-fc0b-4355-9118-b85222627af3/parts/1","status":200,"duration_ms":4}
{"event":"http.request","request_id":"fa3e364c-4a07-45fd-bc7c-21fb540fe543","method":"POST","path":"/api/v1/uploads/b1be3bf0-fc0b-4355-9118-b85222627af3/complete","status":200,"duration_ms":15}
{"event":"http.request","request_id":"86d733b4-617e-4490-b048-96ee4ea55c9d","method":"POST","path":"/api/v1/contents","status":201,"duration_ms":5}
{"event":"http.request","request_id":"e7aad49d-9784-451e-a8cb-8a32bfe176d0","method":"POST","path":"/api/v1/contents/caef8e46-ddc3-4655-b092-2d267d7a1152/revisions","status":201,"duration_ms":5}
{"event":"http.request","request_id":"e12d5586-aab3-4d0a-b6a7-d94a55bd73e4","method":"POST","path":"/api/v1/contents/caef8e46-ddc3-4655-b092-2d267d7a1152/submit-review","status":201,"duration_ms":5}
{"event":"http.request","request_id":"ee89b9b7-b8ff-4e96-aa66-37e6205b0e4f","method":"POST","path":"/api/v1/reviews/d72e7317-b257-4b0f-938f-50f4375a47b4/decide","status":200,"duration_ms":5}
{"event":"http.request","request_id":"c347518a-8481-47eb-9a83-5c366cfc3b16","method":"GET","path":"/api/v1/contents/caef8e46-ddc3-4655-b092-2d267d7a1152","status":200,"duration_ms":2}
{"event":"http.request","request_id":"3c23b440-a7c0-46e2-a80a-595b265ec776","method":"POST","path":"/api/v1/publications","status":201,"duration_ms":4}
{"event":"http.request","request_id":"3476e714-a7dd-477a-963c-4679abc2eeb2","method":"GET","path":"/api/v1/contents/caef8e46-ddc3-4655-b092-2d267d7a1152","status":200,"duration_ms":2}
{"event":"http.request","request_id":"a3bf20e9-5a70-4cdb-8761-cfc3a8d21f24","method":"POST","path":"/api/v1/contents/caef8e46-ddc3-4655-b092-2d267d7a1152/create-revision-work-item","status":201,"duration_ms":7}
{"event":"http.request","request_id":"1b8b93a5-a582-42b7-824c-75ef6fe15360","method":"GET","path":"/api/v1/contents/3d5aa1be-f605-41bc-bc12-0e1e1005b7a6","status":200,"duration_ms":2}
{"event":"http.request","request_id":"cd46ee12-ce9f-4157-9ca0-200d54c734b6","method":"POST","path":"/api/v1/publications/c68286f8-ad7a-478f-84ff-9a0d96a6eb07/changes","status":409,"duration_ms":4}
{"event":"http.request","request_id":"85b0f393-19e4-467e-904a-75f51c2fb6d9","method":"POST","path":"/api/v1/contents/3d5aa1be-f605-41bc-bc12-0e1e1005b7a6/revisions","status":201,"duration_ms":4}
{"event":"http.request","request_id":"03dcd457-0c01-42b1-981e-f503726c24c4","method":"POST","path":"/api/v1/contents/3d5aa1be-f605-41bc-bc12-0e1e1005b7a6/submit-review","status":201,"duration_ms":4}
{"event":"http.request","request_id":"7df78e5a-6738-4985-87c3-3e114f871eff","method":"POST","path":"/api/v1/reviews/8aa348e0-d294-4edf-b305-bed07acf09de/decide","status":200,"duration_ms":5}
{"event":"http.request","request_id":"c1127e75-4141-41c1-974e-bd2aa1c7c278","method":"GET","path":"/api/v1/contents/3d5aa1be-f605-41bc-bc12-0e1e1005b7a6","status":200,"duration_ms":2}
{"event":"http.request","request_id":"e70d016e-0dd3-4102-b011-44357ff2a056","method":"POST","path":"/api/v1/publications/c68286f8-ad7a-478f-84ff-9a0d96a6eb07/changes","status":201,"duration_ms":5}
{"event":"http.request","request_id":"bb604e7e-db27-4018-81b0-29b60be15834","method":"POST","path":"/api/v1/publications/c68286f8-ad7a-478f-84ff-9a0d96a6eb07/changes","status":409,"duration_ms":6}
{"event":"http.request","request_id":"55ed4e32-0b2f-466d-a28a-ba286e64fbcf","method":"GET","path":"/api/v1/publications/c68286f8-ad7a-478f-84ff-9a0d96a6eb07","status":200,"duration_ms":2}
{"event":"http.request","request_id":"1b180742-7bb9-4ba4-9757-d637f0a13355","method":"GET","path":"/api/v1/contents/3d5aa1be-f605-41bc-bc12-0e1e1005b7a6","status":200,"duration_ms":2}
{"event":"http.request","request_id":"a4f14543-0883-4aef-8825-3d7f39a31a2d","method":"GET","path":"/api/v1/contents/caef8e46-ddc3-4655-b092-2d267d7a1152","status":200,"duration_ms":2}
✔ 外部编辑必须关联重新批准的修订工作项，初次版本不变并拒绝重复并发确认 (115.268333ms)
ℹ tests 14
ℹ suites 0
ℹ pass 14
ℹ fail 0
ℹ cancelled 0
ℹ skipped 0
ℹ todo 0
ℹ duration_ms 3132.294542
