Applied 019-content-reviews.sql
{"event":"http.request","request_id":"3067aaf7-c2cc-4e18-908c-c40b3b9e451d","method":"GET","path":"/api/v1/auth/csrf","status":200,"duration_ms":6}
{"event":"http.request","request_id":"28172ae4-06c5-425a-aae4-bf2be9d594f3","method":"POST","path":"/api/v1/setup","status":201,"duration_ms":37}
{"event":"http.request","request_id":"0f40174b-709a-4472-a42b-1fc65a636daf","method":"GET","path":"/api/v1/auth/csrf","status":200,"duration_ms":2}
{"event":"http.request","request_id":"e344014b-b7b7-41d8-84e5-eb330773751f","method":"POST","path":"/api/v1/auth/login","status":200,"duration_ms":24}
{"event":"http.request","request_id":"3569bb52-aa60-4291-b50b-22c823e9642c","method":"GET","path":"/api/v1/me","status":200,"duration_ms":79}
{"event":"http.request","request_id":"404227ce-29fa-4ac0-9b4b-6c72f422d756","method":"POST","path":"/api/v1/accounts","status":201,"duration_ms":8}
{"event":"http.request","request_id":"db88d40a-e518-4e89-a3c5-5478f0ab9552","method":"POST","path":"/api/v1/contents","status":201,"duration_ms":7}
{"event":"http.request","request_id":"c88a74a0-663f-443e-8a29-870c518a9acd","method":"GET","path":"/api/v1/contents/383830a2-767a-48d0-be52-fc02976b752f","status":200,"duration_ms":4}
{"event":"http.request","request_id":"5529f970-f067-4a15-acab-c91af8832edf","method":"POST","path":"/api/v1/contents/383830a2-767a-48d0-be52-fc02976b752f/revisions","status":201,"duration_ms":7}
{"event":"http.request","request_id":"f4f20cb2-1aa4-4b95-a10c-d66d989ee2c0","method":"GET","path":"/api/v1/contents/383830a2-767a-48d0-be52-fc02976b752f","status":200,"duration_ms":3}
✔ 人工新建图文后保存逐页文案，再从详情恢复原始快照 (401.4525ms)
{"event":"http.request","request_id":"dcebbb1c-0097-436e-bc04-d33f49fd10dd","method":"POST","path":"/api/v1/contents","status":201,"duration_ms":6}
{"event":"http.request","request_id":"af89f0c1-5ab6-4b6c-af96-d69fc9c2d800","method":"POST","path":"/api/v1/contents/ea6010dd-8537-4966-8cf1-c5f96a78e706/revisions","status":201,"duration_ms":7}
{"event":"http.request","request_id":"0efdb752-91f6-4221-a5e5-12a947f15b14","method":"POST","path":"/api/v1/contents/ea6010dd-8537-4966-8cf1-c5f96a78e706/revisions","status":409,"duration_ms":10}
{"event":"http.request","request_id":"456bbb32-2d74-4b1b-83a7-19b4aaffd952","method":"GET","path":"/api/v1/contents/ea6010dd-8537-4966-8cf1-c5f96a78e706","status":200,"duration_ms":4}
{"event":"http.request","request_id":"4d6cf519-9625-430c-a5e0-d2939840977d","method":"POST","path":"/api/v1/contents/ea6010dd-8537-4966-8cf1-c5f96a78e706/restore","status":201,"duration_ms":7}
{"event":"http.request","request_id":"6af436ee-171c-45ae-844c-f22c6d5d7cd4","method":"GET","path":"/api/v1/contents/ea6010dd-8537-4966-8cf1-c5f96a78e706","status":200,"duration_ms":3}
✔ 同一基础版本并发保存只有一个成功，恢复历史版本产生新快照 (36.8955ms)
{"event":"http.request","request_id":"2e2ded58-ca50-4e17-a293-87f361289bb9","method":"POST","path":"/api/v1/members","status":201,"duration_ms":23}
{"event":"http.request","request_id":"89816042-a59c-4352-accd-c49b0816392a","method":"GET","path":"/api/v1/auth/csrf","status":200,"duration_ms":1}
{"event":"http.request","request_id":"2bf4c615-5998-49ac-9544-6ddb1160c584","method":"POST","path":"/api/v1/auth/accept-invite","status":200,"duration_ms":20}
{"event":"http.request","request_id":"191988e1-d778-4d19-a322-4aeea49a19bd","method":"GET","path":"/api/v1/auth/csrf","status":200,"duration_ms":1}
{"event":"http.request","request_id":"d115d13c-e0f6-404f-8342-d52494cc5740","method":"POST","path":"/api/v1/auth/login","status":200,"duration_ms":19}
{"event":"http.request","request_id":"07f9956e-a9b0-41dd-bf7e-bae3ed256e21","method":"POST","path":"/api/v1/members","status":201,"duration_ms":25}
{"event":"http.request","request_id":"95cabba6-b770-4039-9c35-501d3c7c7aad","method":"GET","path":"/api/v1/auth/csrf","status":200,"duration_ms":1}
{"event":"http.request","request_id":"3de7522e-430f-4e8d-ae6b-ac7e9c4313e3","method":"POST","path":"/api/v1/auth/accept-invite","status":200,"duration_ms":18}
{"event":"http.request","request_id":"9a73bbcb-0114-42e9-a643-16006a84538f","method":"GET","path":"/api/v1/auth/csrf","status":200,"duration_ms":1}
{"event":"http.request","request_id":"78bc74c4-b0f8-4974-8843-5f24288f1681","method":"POST","path":"/api/v1/auth/login","status":200,"duration_ms":19}
{"event":"http.request","request_id":"1709a562-5205-43cc-ba55-3569e923db04","method":"POST","path":"/api/v1/contents","status":201,"duration_ms":6}
{"event":"http.request","request_id":"c84b5a44-f566-4bae-8b55-233526ea8f23","method":"POST","path":"/api/v1/contents/568f7ed2-3da1-42fe-8bde-3afd257742ed/revisions","status":403,"duration_ms":4}
{"event":"http.request","request_id":"d9551cd6-ae91-431b-a942-a33d4489a609","method":"POST","path":"/api/v1/contents/568f7ed2-3da1-42fe-8bde-3afd257742ed/revisions","status":403,"duration_ms":2}
{"event":"http.request","request_id":"0aef0824-b456-4e67-a0c4-a8c47821cd41","method":"POST","path":"/api/v1/contents/568f7ed2-3da1-42fe-8bde-3afd257742ed/revisions","status":201,"duration_ms":5}
✔ 运营只能修改发布文案，不能改逐页制作内容；只读不能保存 (160.455666ms)
{"event":"http.request","request_id":"ebf0add5-922f-4539-bfa0-bb98fd8a4cde","method":"POST","path":"/api/v1/contents","status":201,"duration_ms":7}
{"event":"http.request","request_id":"474be6aa-3c30-4162-b0eb-5a61f38db2f2","method":"POST","path":"/api/v1/contents/f06309ad-9318-4550-9ddf-d3a487cf147e/revisions","status":422,"duration_ms":5}
{"event":"http.request","request_id":"6c419a68-d992-428b-9e9b-0bacaa79aa29","method":"POST","path":"/api/v1/uploads","status":201,"duration_ms":13}
{"event":"http.request","request_id":"c5d0af1e-da40-47ba-aa30-ff149645e647","method":"POST","path":"/api/v1/uploads/f0cbdba1-b98e-4c90-af9f-ad48a0cd6674/parts","status":200,"duration_ms":5}
{"event":"http.request","request_id":"7e659a0d-ca70-4925-9d40-4256ba2b982c","method":"PUT","path":"/api/v1/uploads/f0cbdba1-b98e-4c90-af9f-ad48a0cd6674/parts/1","status":200,"duration_ms":7}
{"event":"http.request","request_id":"46804f28-e683-4f28-84a8-bb5bff0ca619","method":"POST","path":"/api/v1/uploads/f0cbdba1-b98e-4c90-af9f-ad48a0cd6674/complete","status":200,"duration_ms":10}
{"event":"http.request","request_id":"288c28ee-c948-410a-8dc7-9569ac052ca5","method":"POST","path":"/api/v1/contents/f06309ad-9318-4550-9ddf-d3a487cf147e/revisions","status":422,"duration_ms":5}
{"event":"http.request","request_id":"58131b96-9a31-4101-b94e-b2786dc54868","method":"POST","path":"/api/v1/uploads","status":201,"duration_ms":6}
{"event":"http.request","request_id":"63b70580-241a-4a23-abe2-ecfed8295b51","method":"POST","path":"/api/v1/uploads/b4753366-a01a-4bd4-b698-d6b5460bd197/parts","status":200,"duration_ms":3}
{"event":"http.request","request_id":"3852719b-e4fb-4fc6-8932-ee3544793293","method":"PUT","path":"/api/v1/uploads/b4753366-a01a-4bd4-b698-d6b5460bd197/parts/1","status":200,"duration_ms":4}
{"event":"http.request","request_id":"45349099-6f51-406d-a630-e664cd8923b5","method":"POST","path":"/api/v1/uploads/b4753366-a01a-4bd4-b698-d6b5460bd197/complete","status":200,"duration_ms":8}
{"event":"http.request","request_id":"24d12bde-9aee-4fa5-9d13-2ba3ebe0d46d","method":"POST","path":"/api/v1/contents/f06309ad-9318-4550-9ddf-d3a487cf147e/revisions","status":201,"duration_ms":6}
{"event":"http.request","request_id":"ddbd9d2f-ec04-4d1e-997b-3bf96097d6d5","method":"GET","path":"/api/v1/contents/f06309ad-9318-4550-9ddf-d3a487cf147e","status":200,"duration_ms":3}
✔ 图文成品只关联同空间已上传PNG原件，无效文件和PDF不能保存为发布图片 (111.261584ms)
{"event":"http.request","request_id":"fcb1b2bd-e1af-4356-b736-7f6b758198bf","method":"POST","path":"/api/v1/contents","status":201,"duration_ms":4}
{"event":"http.request","request_id":"f5ca8eb8-9e1b-4e43-ba2b-74e1be58e3e1","method":"PATCH","path":"/api/v1/contents/62b6bc09-84af-4c67-b1cf-0d17601387a9","status":200,"duration_ms":4}
{"event":"http.request","request_id":"154216d4-cebb-471a-a29e-f3384c39f8cb","method":"GET","path":"/api/v1/contents","status":200,"duration_ms":2}
{"event":"http.request","request_id":"8f85bec8-51fc-40ab-a58d-85cd2ebff810","method":"GET","path":"/api/v1/contents","status":200,"duration_ms":1}
{"event":"http.request","request_id":"538200b2-8530-482d-858e-94865bc4bb96","method":"GET","path":"/api/v1/contents","status":422,"duration_ms":1}
✔ 内容列表按形式、状态、负责人和计划时间过滤，非法筛选拒绝 (22.116417ms)
{"event":"http.request","request_id":"461e8b55-0bb1-47e9-a3ba-09cbbcd5b130","method":"POST","path":"/api/v1/contents","status":201,"duration_ms":5}
{"event":"http.request","request_id":"fe045112-e04d-4b3c-8641-2db5f3354c76","method":"POST","path":"/api/v1/contents/cc0f3680-6324-42f2-a526-6d2799c48189/submit-review","status":422,"duration_ms":4}
{"event":"http.request","request_id":"ebc25dd9-b60e-40ec-b23b-ccfc369ccd95","method":"POST","path":"/api/v1/uploads","status":201,"duration_ms":6}
{"event":"http.request","request_id":"45ffecca-f516-4c0b-a9fa-a032aa671977","method":"POST","path":"/api/v1/uploads/55372c6c-fa6d-4335-b72c-3f00ed09ae25/parts","status":200,"duration_ms":3}
{"event":"http.request","request_id":"504a1384-f25c-4259-9fc9-f0c25c7c7aab","method":"PUT","path":"/api/v1/uploads/55372c6c-fa6d-4335-b72c-3f00ed09ae25/parts/1","status":200,"duration_ms":4}
{"event":"http.request","request_id":"133ae4b7-6d8b-4992-8982-a28c45d43222","method":"POST","path":"/api/v1/uploads/55372c6c-fa6d-4335-b72c-3f00ed09ae25/complete","status":200,"duration_ms":8}
{"event":"http.request","request_id":"8759ba61-659f-4063-a0ad-d723bb48049c","method":"POST","path":"/api/v1/contents","status":201,"duration_ms":6}
{"event":"http.request","request_id":"83fce8f5-b7ee-4cad-8e01-c4cc30159bde","method":"POST","path":"/api/v1/contents/5baa89eb-a700-4ec7-967a-8c2a782c7052/revisions","status":201,"duration_ms":5}
{"event":"http.request","request_id":"c8cb5304-2d21-4172-aedc-f759d94462e2","method":"POST","path":"/api/v1/contents/5baa89eb-a700-4ec7-967a-8c2a782c7052/submit-review","status":201,"duration_ms":5}
{"event":"http.request","request_id":"42a2c2dc-af47-44f1-afb2-550b65251fa4","method":"GET","path":"/api/v1/contents/5baa89eb-a700-4ec7-967a-8c2a782c7052","status":200,"duration_ms":2}
{"event":"http.request","request_id":"bf0ce898-74b3-4c8d-b10a-de4c876dc555","method":"POST","path":"/api/v1/reviews/b80444f7-6118-4884-b1fd-10d0d16eef7c/decide","status":200,"duration_ms":5}
{"event":"http.request","request_id":"782ca4e0-0c94-4cf0-9769-10475fa188f2","method":"GET","path":"/api/v1/contents/5baa89eb-a700-4ec7-967a-8c2a782c7052","status":200,"duration_ms":2}
✔ 提交审核拒绝缺失成品，完整PNG图文冻结并由有权成员显式批准 (169.393541ms)
ℹ tests 6
ℹ suites 0
ℹ pass 6
ℹ fail 0
ℹ cancelled 0
ℹ skipped 0
ℹ todo 0
ℹ duration_ms 1297.047375
