{"event":"http.request","request_id":"af2f14d6-8f75-4453-b7b4-d935559f1a7e","method":"GET","path":"/api/v1/auth/csrf","status":200,"duration_ms":5}
{"event":"http.request","request_id":"ada4ce63-8a4e-4b8a-a32a-1f3fda77b3d0","method":"POST","path":"/api/v1/setup","status":201,"duration_ms":35}
{"event":"http.request","request_id":"cfc26228-bc67-47ec-84ca-f9a74ad96ed7","method":"GET","path":"/api/v1/auth/csrf","status":200,"duration_ms":2}
{"event":"http.request","request_id":"4f03a149-95ef-4d51-b946-ff67b4e4591b","method":"POST","path":"/api/v1/auth/login","status":200,"duration_ms":24}
{"event":"http.request","request_id":"426c289f-71f0-4bf4-bec4-89c5846096a8","method":"GET","path":"/api/v1/me","status":200,"duration_ms":74}
{"event":"http.request","request_id":"4d8155fc-514c-46af-a9e1-09de71177ee7","method":"POST","path":"/api/v1/accounts","status":201,"duration_ms":10}
{"event":"http.request","request_id":"ce75e832-2462-47dc-a1d3-60820c9f12cd","method":"POST","path":"/api/v1/contents","status":201,"duration_ms":10}
{"event":"http.request","request_id":"07477a81-fba4-45cf-ab1d-d56d681d3ac9","method":"GET","path":"/api/v1/contents/088f7d02-7500-41d4-bd89-8440094b10c9","status":200,"duration_ms":6}
{"event":"http.request","request_id":"d01fe8ab-21d6-41ed-abbd-c222c5d34656","method":"POST","path":"/api/v1/contents/088f7d02-7500-41d4-bd89-8440094b10c9/revisions","status":201,"duration_ms":8}
{"event":"http.request","request_id":"baffa5c4-7fe0-4f6e-838c-3bff0627f95a","method":"GET","path":"/api/v1/contents/088f7d02-7500-41d4-bd89-8440094b10c9","status":200,"duration_ms":3}
✔ 人工新建图文后保存逐页文案，再从详情恢复原始快照 (389.074584ms)
{"event":"http.request","request_id":"b0a691de-7968-4380-b20d-e7e5e70f7781","method":"POST","path":"/api/v1/contents","status":201,"duration_ms":6}
{"event":"http.request","request_id":"e747ba76-ef17-4cd9-8f6a-444ad3a9a3a0","method":"POST","path":"/api/v1/contents/fd3eab84-9c36-4830-b9b1-d922dc60266f/revisions","status":201,"duration_ms":6}
{"event":"http.request","request_id":"b99c88e0-112f-4469-9b86-0f0a9e38827f","method":"POST","path":"/api/v1/contents/fd3eab84-9c36-4830-b9b1-d922dc60266f/revisions","status":409,"duration_ms":9}
{"event":"http.request","request_id":"d5fcd874-5e14-4536-859b-b53a5b37c2dc","method":"GET","path":"/api/v1/contents/fd3eab84-9c36-4830-b9b1-d922dc60266f","status":200,"duration_ms":4}
{"event":"http.request","request_id":"06d29060-1b14-4ea2-a3fd-ad27aa7dcc4f","method":"POST","path":"/api/v1/contents/fd3eab84-9c36-4830-b9b1-d922dc60266f/restore","status":201,"duration_ms":8}
{"event":"http.request","request_id":"81e56663-8b93-4206-8df5-abebc48f4f84","method":"GET","path":"/api/v1/contents/fd3eab84-9c36-4830-b9b1-d922dc60266f","status":200,"duration_ms":3}
✔ 同一基础版本并发保存只有一个成功，恢复历史版本产生新快照 (36.269083ms)
{"event":"http.request","request_id":"3547f7a4-a80e-47a4-a3df-ed683367b06c","method":"POST","path":"/api/v1/members","status":201,"duration_ms":22}
{"event":"http.request","request_id":"f972c80c-f723-4080-8d7f-e961261a689a","method":"GET","path":"/api/v1/auth/csrf","status":200,"duration_ms":1}
{"event":"http.request","request_id":"22225550-715c-4fa8-9158-253502888dad","method":"POST","path":"/api/v1/auth/accept-invite","status":200,"duration_ms":19}
{"event":"http.request","request_id":"3cbaf8f4-175d-4288-aa9c-079fb549ae66","method":"GET","path":"/api/v1/auth/csrf","status":200,"duration_ms":1}
{"event":"http.request","request_id":"0d0c53db-f93e-41fb-9d54-20d39ed6d666","method":"POST","path":"/api/v1/auth/login","status":200,"duration_ms":18}
{"event":"http.request","request_id":"7f0c9329-f02b-466a-9a28-5a9fa8c7f37c","method":"POST","path":"/api/v1/members","status":201,"duration_ms":24}
{"event":"http.request","request_id":"6b57c35c-3e3a-4bec-928f-c95c2eb03e20","method":"GET","path":"/api/v1/auth/csrf","status":200,"duration_ms":1}
{"event":"http.request","request_id":"0fe1910b-fa74-468e-97e5-12835077c8eb","method":"POST","path":"/api/v1/auth/accept-invite","status":200,"duration_ms":19}
{"event":"http.request","request_id":"eb711c1d-eb9a-478c-b52f-52cd3aa1619c","method":"GET","path":"/api/v1/auth/csrf","status":200,"duration_ms":4}
{"event":"http.request","request_id":"a434fd9f-5752-4ccc-8c85-2a992134a4de","method":"POST","path":"/api/v1/auth/login","status":200,"duration_ms":19}
{"event":"http.request","request_id":"58b2c1b9-7447-4383-95dc-95738615daf8","method":"POST","path":"/api/v1/contents","status":201,"duration_ms":6}
{"event":"http.request","request_id":"2f80d93b-cdcd-4c5c-a09b-ca0816bee022","method":"POST","path":"/api/v1/contents/c6a1261d-abf0-4bd2-995d-faa80e52823a/revisions","status":403,"duration_ms":4}
{"event":"http.request","request_id":"3778cdba-04a9-4a75-bfb3-ee4bec985790","method":"POST","path":"/api/v1/contents/c6a1261d-abf0-4bd2-995d-faa80e52823a/revisions","status":403,"duration_ms":2}
{"event":"http.request","request_id":"168855a4-3ea8-4c56-a46b-03135c3f9506","method":"POST","path":"/api/v1/contents/c6a1261d-abf0-4bd2-995d-faa80e52823a/revisions","status":201,"duration_ms":5}
✔ 运营只能修改发布文案，不能改逐页制作内容；只读不能保存 (158.1795ms)
{"event":"http.request","request_id":"658ed0bf-aecc-4789-8f90-505b25cb327c","method":"POST","path":"/api/v1/contents","status":201,"duration_ms":6}
{"event":"http.request","request_id":"cbcfb42d-036c-4187-9584-a1ace6c618f6","method":"POST","path":"/api/v1/contents/e3a91bee-3f9e-4300-86c5-2c8971784d81/revisions","status":422,"duration_ms":8}
{"event":"http.request","request_id":"9161e0f2-f1f1-44c0-a862-90828e887965","method":"POST","path":"/api/v1/uploads","status":201,"duration_ms":9}
{"event":"http.request","request_id":"db267721-d35a-409e-b15a-dd22ccd4fc7c","method":"POST","path":"/api/v1/uploads/fdf40b35-7d5c-46f4-8527-f2f1d2cc6b26/parts","status":200,"duration_ms":4}
{"event":"http.request","request_id":"90829c1d-7a6b-4c67-93d7-6004e3c1630e","method":"PUT","path":"/api/v1/uploads/fdf40b35-7d5c-46f4-8527-f2f1d2cc6b26/parts/1","status":200,"duration_ms":6}
{"event":"http.request","request_id":"281f8cdf-3bae-4331-ae7b-1327addb4319","method":"POST","path":"/api/v1/uploads/fdf40b35-7d5c-46f4-8527-f2f1d2cc6b26/complete","status":200,"duration_ms":9}
{"event":"http.request","request_id":"ec98aead-5580-4bca-bf58-5ee5be489ec2","method":"POST","path":"/api/v1/contents/e3a91bee-3f9e-4300-86c5-2c8971784d81/revisions","status":422,"duration_ms":5}
{"event":"http.request","request_id":"8995d985-ba93-4b85-a569-03765aebe1f9","method":"POST","path":"/api/v1/uploads","status":201,"duration_ms":6}
{"event":"http.request","request_id":"c6886b4b-7689-49a2-ab1d-f767a86912f2","method":"POST","path":"/api/v1/uploads/15fff890-c500-45f9-b657-dc48a33c1cd8/parts","status":200,"duration_ms":4}
{"event":"http.request","request_id":"43fc0f75-9f3f-4ba6-a2b6-39a509d75fc6","method":"PUT","path":"/api/v1/uploads/15fff890-c500-45f9-b657-dc48a33c1cd8/parts/1","status":200,"duration_ms":5}
{"event":"http.request","request_id":"c9f37377-33d4-466b-96a7-38b3bd306283","method":"POST","path":"/api/v1/uploads/15fff890-c500-45f9-b657-dc48a33c1cd8/complete","status":200,"duration_ms":8}
{"event":"http.request","request_id":"5c70d45a-e44f-4bfc-9b47-feb61d62cebc","method":"POST","path":"/api/v1/contents/e3a91bee-3f9e-4300-86c5-2c8971784d81/revisions","status":201,"duration_ms":5}
{"event":"http.request","request_id":"54a90a4d-116a-40ac-8ccf-f54ea1613223","method":"GET","path":"/api/v1/contents/e3a91bee-3f9e-4300-86c5-2c8971784d81","status":200,"duration_ms":2}
✔ 图文成品只关联同空间已上传PNG原件，无效文件和PDF不能保存为发布图片 (105.223125ms)
{"event":"http.request","request_id":"abd1a441-a8f6-477e-b959-b49a8bfada1e","method":"POST","path":"/api/v1/contents","status":201,"duration_ms":5}
{"event":"http.request","request_id":"bfcd9e0b-7266-4bb4-a2c5-4f694c2bda63","method":"PATCH","path":"/api/v1/contents/bf4905e0-13e9-4a8f-b72e-94af573e86bd","status":200,"duration_ms":5}
{"event":"http.request","request_id":"e1b88ad3-3daf-42ed-a081-53709160dbdf","method":"GET","path":"/api/v1/contents","status":200,"duration_ms":2}
{"event":"http.request","request_id":"335987fc-e3e4-4d64-af1c-08d856b39df5","method":"GET","path":"/api/v1/contents","status":200,"duration_ms":1}
{"event":"http.request","request_id":"7cc5046c-e2e8-4b5f-9100-72d088e91747","method":"GET","path":"/api/v1/contents","status":422,"duration_ms":1}
✔ 内容列表按形式、状态、负责人和计划时间过滤，非法筛选拒绝 (22.63625ms)
{"event":"http.request","request_id":"e36b930e-322c-4651-8601-4abf77c0912a","method":"POST","path":"/api/v1/contents","status":201,"duration_ms":5}
{"event":"http.request","request_id":"bf5a003c-64ff-4f04-901d-fb79a31fd720","method":"POST","path":"/api/v1/contents/81c2437e-1cfe-4357-a494-626d3ae828dd/submit-review","status":422,"duration_ms":3}
{"event":"http.request","request_id":"c5f55abd-ce58-49a8-b0aa-f52bb42e44ee","method":"POST","path":"/api/v1/uploads","status":201,"duration_ms":6}
{"event":"http.request","request_id":"c2499447-2a2e-48ae-8ab2-2b98a77c0955","method":"POST","path":"/api/v1/uploads/26b39130-2ff8-41e8-a8ae-b8aec6e96ab3/parts","status":200,"duration_ms":4}
{"event":"http.request","request_id":"367ca41e-df64-4472-89a3-5db43bf28523","method":"PUT","path":"/api/v1/uploads/26b39130-2ff8-41e8-a8ae-b8aec6e96ab3/parts/1","status":200,"duration_ms":4}
{"event":"http.request","request_id":"21b35331-f855-4544-a48d-6b954b33b70f","method":"POST","path":"/api/v1/uploads/26b39130-2ff8-41e8-a8ae-b8aec6e96ab3/complete","status":200,"duration_ms":7}
{"event":"http.request","request_id":"e7976ff7-3946-49ac-b956-8ee02411027b","method":"POST","path":"/api/v1/contents","status":201,"duration_ms":5}
{"event":"http.request","request_id":"5fbe315e-d888-47b9-93bc-a925d0cb8489","method":"POST","path":"/api/v1/contents/9b4e0522-7899-4933-bd50-f500f40ab37b/revisions","status":201,"duration_ms":6}
{"event":"http.request","request_id":"db03fb61-1675-4ad8-9fff-9185059b80eb","method":"POST","path":"/api/v1/contents/9b4e0522-7899-4933-bd50-f500f40ab37b/submit-review","status":201,"duration_ms":4}
{"event":"http.request","request_id":"33ed0b3e-33c1-4c9a-a065-f8e9c54fd0eb","method":"GET","path":"/api/v1/contents/9b4e0522-7899-4933-bd50-f500f40ab37b","status":200,"duration_ms":2}
{"event":"http.request","request_id":"ec7ab94d-bf6c-4dc0-9a74-b33aac0b59d3","method":"POST","path":"/api/v1/reviews/3e2ddde8-dc48-4d65-b407-a23880374427/decide","status":200,"duration_ms":10}
{"event":"http.request","request_id":"3bf304a2-ef9a-4924-96b1-a137aa9518f4","method":"GET","path":"/api/v1/contents/9b4e0522-7899-4933-bd50-f500f40ab37b","status":200,"duration_ms":3}
✔ 提交审核拒绝缺失成品，完整PNG图文冻结并由有权成员显式批准 (163.759ms)
{"event":"http.request","request_id":"a210ab54-3b48-4d39-ace2-d421130464f7","method":"POST","path":"/api/v1/uploads","status":201,"duration_ms":5}
{"event":"http.request","request_id":"d9c03085-13e4-4290-ab0a-bcebe85da74f","method":"POST","path":"/api/v1/uploads/cb55c0b0-f57a-49cf-b461-04ab31820e0f/parts","status":200,"duration_ms":3}
{"event":"http.request","request_id":"26e1ad8a-a659-4f4e-813e-37e7eb708cd7","method":"PUT","path":"/api/v1/uploads/cb55c0b0-f57a-49cf-b461-04ab31820e0f/parts/1","status":200,"duration_ms":4}
{"event":"http.request","request_id":"29e68a32-4dc8-4a9b-b5a2-1d88947c1522","method":"POST","path":"/api/v1/uploads/cb55c0b0-f57a-49cf-b461-04ab31820e0f/complete","status":200,"duration_ms":7}
{"event":"http.request","request_id":"9999065a-1029-4f54-b0cf-67ee9615e87d","method":"POST","path":"/api/v1/contents","status":201,"duration_ms":4}
{"event":"http.request","request_id":"9c9c87bf-d197-4427-9a3c-d2804fc0f144","method":"POST","path":"/api/v1/contents/357ed751-69c8-480f-a87a-cba84c5707dc/revisions","status":201,"duration_ms":5}
{"event":"http.request","request_id":"4e84ff0b-b910-41f2-95a3-ecb54f0a5a6e","method":"POST","path":"/api/v1/contents/357ed751-69c8-480f-a87a-cba84c5707dc/submit-review","status":201,"duration_ms":5}
{"event":"http.request","request_id":"7fce4480-efd4-4ccf-b16d-23b9daaca7c8","method":"GET","path":"/api/v1/contents/357ed751-69c8-480f-a87a-cba84c5707dc","status":200,"duration_ms":2}
{"event":"http.request","request_id":"d72f9dfb-1350-4955-97b3-c25533712647","method":"POST","path":"/api/v1/contents/357ed751-69c8-480f-a87a-cba84c5707dc/revisions","status":409,"duration_ms":2}
{"event":"http.request","request_id":"ef18797d-7276-422e-9688-92bc93b6cc4e","method":"POST","path":"/api/v1/reviews/f6689d96-508b-4144-8f91-6997e14f936c/withdraw","status":200,"duration_ms":5}
{"event":"http.request","request_id":"8497a4cf-7d11-4c58-814b-8ac2f83ff972","method":"GET","path":"/api/v1/contents/357ed751-69c8-480f-a87a-cba84c5707dc","status":200,"duration_ms":2}
{"event":"http.request","request_id":"a9bf765d-5fcb-4780-8780-619f41d4e16d","method":"POST","path":"/api/v1/contents/357ed751-69c8-480f-a87a-cba84c5707dc/submit-review","status":201,"duration_ms":5}
{"event":"http.request","request_id":"1b4442d0-eef8-4b74-8227-0a8c4afb9ae3","method":"POST","path":"/api/v1/reviews/8968505b-a29b-46d0-934e-7a0f5432bf25/decide","status":200,"duration_ms":7}
{"event":"http.request","request_id":"1bc7d12b-4195-4a11-ae6c-88cbcd04b773","method":"GET","path":"/api/v1/contents/357ed751-69c8-480f-a87a-cba84c5707dc","status":200,"duration_ms":3}
{"event":"http.request","request_id":"af969ef6-8c36-4042-bef7-c2ff669d1476","method":"POST","path":"/api/v1/contents/357ed751-69c8-480f-a87a-cba84c5707dc/submit-review","status":201,"duration_ms":5}
{"event":"http.request","request_id":"49e2fda8-25c1-49c5-9819-3fd751a8a957","method":"POST","path":"/api/v1/reviews/1ff5d90a-9240-41da-84e9-29132675c87f/decide","status":200,"duration_ms":5}
{"event":"http.request","request_id":"bea22b38-1c40-49bc-bec2-5fe8b1e4baa7","method":"GET","path":"/api/v1/contents/357ed751-69c8-480f-a87a-cba84c5707dc","status":200,"duration_ms":2}
{"event":"http.request","request_id":"214d4538-4bcd-4576-8697-7adb22181fd9","method":"PATCH","path":"/api/v1/contents/357ed751-69c8-480f-a87a-cba84c5707dc","status":200,"duration_ms":4}
{"event":"http.request","request_id":"59409340-c296-4891-a629-d45841669eb6","method":"GET","path":"/api/v1/contents/357ed751-69c8-480f-a87a-cba84c5707dc","status":200,"duration_ms":2}
{"event":"http.request","request_id":"3961360e-2600-49fe-a03d-2bcd6de8fb96","method":"POST","path":"/api/v1/contents/357ed751-69c8-480f-a87a-cba84c5707dc/revisions","status":201,"duration_ms":5}
{"event":"http.request","request_id":"66945576-7cb5-4184-9b94-b15b858c3f2a","method":"GET","path":"/api/v1/contents/357ed751-69c8-480f-a87a-cba84c5707dc","status":200,"duration_ms":2}
✔ 审核中禁止编辑，撤回和退回派生新稿；批准后改载荷重审，内部备注不使批准失效 (98.785541ms)
{"event":"http.request","request_id":"5a13ada7-775e-4648-8883-b8557a1d84d3","method":"POST","path":"/api/v1/members","status":201,"duration_ms":23}
{"event":"http.request","request_id":"1c39dbb4-9c68-4048-bab1-cbd8818b158d","method":"GET","path":"/api/v1/auth/csrf","status":200,"duration_ms":1}
{"event":"http.request","request_id":"30c09810-bc06-4513-8f37-0fe3abda04de","method":"POST","path":"/api/v1/auth/accept-invite","status":200,"duration_ms":19}
{"event":"http.request","request_id":"19d8ff8a-63e9-4a3e-ac1f-1f635eb4607a","method":"GET","path":"/api/v1/auth/csrf","status":200,"duration_ms":1}
{"event":"http.request","request_id":"5bb2db25-148f-4f92-bae9-374c1494c241","method":"POST","path":"/api/v1/auth/login","status":200,"duration_ms":19}
{"event":"http.request","request_id":"595717f8-0124-4bb1-8ea5-17eb78e56f85","method":"POST","path":"/api/v1/uploads","status":201,"duration_ms":5}
{"event":"http.request","request_id":"03f2e095-c7e4-4b42-a419-3d93552ab43a","method":"POST","path":"/api/v1/uploads/cff3aaea-2d60-4be5-b24c-f3e04f5be44b/parts","status":200,"duration_ms":3}
{"event":"http.request","request_id":"f40ebd56-edc7-4cd0-8584-5f94ab88b3f8","method":"PUT","path":"/api/v1/uploads/cff3aaea-2d60-4be5-b24c-f3e04f5be44b/parts/1","status":200,"duration_ms":4}
{"event":"http.request","request_id":"a69f1b0c-59d2-4c53-87aa-d79d4b490bff","method":"POST","path":"/api/v1/uploads/cff3aaea-2d60-4be5-b24c-f3e04f5be44b/complete","status":200,"duration_ms":8}
{"event":"http.request","request_id":"3b70ddc6-77f6-4e70-a87f-898f51d17683","method":"POST","path":"/api/v1/contents","status":201,"duration_ms":4}
{"event":"http.request","request_id":"ef6684e2-eac6-47d8-87fa-695804006622","method":"POST","path":"/api/v1/contents/0d0aa2b7-04f9-49f5-9183-6807b9a69c86/revisions","status":201,"duration_ms":6}
{"event":"http.request","request_id":"7d530590-997b-4657-a39a-08796c62d04a","method":"POST","path":"/api/v1/contents/0d0aa2b7-04f9-49f5-9183-6807b9a69c86/submit-review","status":201,"duration_ms":5}
{"event":"http.request","request_id":"c28f8998-b290-4f04-98d4-2b287d5a98d6","method":"POST","path":"/api/v1/reviews/57919244-bfb4-40f4-aaef-558f233077ba/decide","status":403,"duration_ms":2}
{"event":"http.request","request_id":"10064da4-b48c-4bb0-93a0-76566e22e668","method":"POST","path":"/api/v1/reviews/57919244-bfb4-40f4-aaef-558f233077ba/decide","status":200,"duration_ms":5}
{"event":"http.request","request_id":"59604a20-ff7f-41aa-b4ad-86c1362d3bfb","method":"POST","path":"/api/v1/reviews/57919244-bfb4-40f4-aaef-558f233077ba/withdraw","status":409,"duration_ms":5}
✔ 制作角色不能批准，批准与撤回并发只有一个事务成功 (113.860916ms)
{"event":"http.request","request_id":"eaf0dd47-0d61-4958-aeeb-05821abcca42","method":"POST","path":"/api/v1/uploads","status":201,"duration_ms":5}
{"event":"http.request","request_id":"a9ff4099-e1da-4a8e-a5ad-02280256c318","method":"POST","path":"/api/v1/uploads/a60c66ae-1746-48f3-b9e7-10841535e665/parts","status":200,"duration_ms":3}
{"event":"http.request","request_id":"0876d2e7-595d-4cd2-b4db-3d4fe95138cd","method":"PUT","path":"/api/v1/uploads/a60c66ae-1746-48f3-b9e7-10841535e665/parts/1","status":200,"duration_ms":4}
{"event":"http.request","request_id":"68b3592a-1641-4e38-9843-e18113906ddb","method":"POST","path":"/api/v1/uploads/a60c66ae-1746-48f3-b9e7-10841535e665/complete","status":200,"duration_ms":8}
{"event":"http.request","request_id":"0810e423-3f51-41b4-950b-c8225ba24db0","method":"POST","path":"/api/v1/contents","status":201,"duration_ms":5}
{"event":"http.request","request_id":"6fe68f21-cf03-4a4d-86fb-44e6ed72cd3e","method":"POST","path":"/api/v1/contents/cdcf7da9-d10c-4822-b135-4e2eeb833c4f/revisions","status":201,"duration_ms":5}
{"event":"http.request","request_id":"6baa6d7c-b886-4a19-91bd-c9c7a4f995f1","method":"POST","path":"/api/v1/assets","status":201,"duration_ms":5}
{"event":"http.request","request_id":"344e1569-05ed-4264-b69b-aa01079fbddf","method":"POST","path":"/api/v1/assets/dd6b8f73-0e92-4a8c-9362-64edb27c26b7/confirm","status":200,"duration_ms":5}
{"event":"http.request","request_id":"d9616c0c-c24d-4b5b-9e45-a39f0aac6227","method":"POST","path":"/api/v1/contents/cdcf7da9-d10c-4822-b135-4e2eeb833c4f/revisions","status":201,"duration_ms":6}
{"event":"http.request","request_id":"e01823ec-e6d0-432c-a99e-1f8710b74b41","method":"POST","path":"/api/v1/contents/cdcf7da9-d10c-4822-b135-4e2eeb833c4f/submit-review","status":201,"duration_ms":4}
{"event":"http.request","request_id":"8ce680ec-83f5-4db7-bd19-f6ad5347a2d8","method":"POST","path":"/api/v1/assets/dd6b8f73-0e92-4a8c-9362-64edb27c26b7/retire","status":200,"duration_ms":3}
{"event":"http.request","request_id":"8988e48d-87aa-4bae-a380-d7404b7e27ec","method":"POST","path":"/api/v1/reviews/61a1d1fb-4987-4d7d-9609-13dc751c1264/decide","status":422,"duration_ms":5}
{"event":"http.request","request_id":"4d9dbc78-e5f0-4705-9abe-1980c7d2d1e5","method":"POST","path":"/api/v1/reviews/61a1d1fb-4987-4d7d-9609-13dc751c1264/withdraw","status":200,"duration_ms":6}
{"event":"http.request","request_id":"25a2bd2b-729e-43b9-bf07-1cda65360816","method":"GET","path":"/api/v1/contents/cdcf7da9-d10c-4822-b135-4e2eeb833c4f","status":200,"duration_ms":2}
{"event":"http.request","request_id":"12e25339-08c2-49f8-bc74-9776bb2edb48","method":"POST","path":"/api/v1/contents/cdcf7da9-d10c-4822-b135-4e2eeb833c4f/revisions","status":201,"duration_ms":5}
✔ 素材停用阻止批准但仍能撤回修稿，冻结历史引用保留 (88.928125ms)
{"event":"http.request","request_id":"31244838-4903-406d-9445-e8bcb1fd07ca","method":"POST","path":"/api/v1/contents","status":201,"duration_ms":4}
{"event":"http.request","request_id":"d21b0dc5-8434-40f9-afa8-a5945cd25198","method":"POST","path":"/api/v1/contents/65c55d02-e514-405d-8756-42a6f45b3ec9/start-production","status":200,"duration_ms":4}
{"event":"http.request","request_id":"e887ce9a-b43f-4a70-9228-ab9a80b208af","method":"POST","path":"/api/v1/contents/65c55d02-e514-405d-8756-42a6f45b3ec9/cancel","status":200,"duration_ms":4}
{"event":"http.request","request_id":"d03aa129-9f6d-4933-8b6a-a9151562d989","method":"GET","path":"/api/v1/contents/65c55d02-e514-405d-8756-42a6f45b3ec9","status":200,"duration_ms":2}
{"event":"http.request","request_id":"1eea9c7f-3e19-4073-a985-969f5caa4680","method":"POST","path":"/api/v1/contents/65c55d02-e514-405d-8756-42a6f45b3ec9/submit-review","status":409,"duration_ms":3}
✔ 开始制作保存估时，取消保留理由和版本历史且不能再提审 (18.145333ms)
{"event":"http.request","request_id":"6d1130d9-1ae4-4cd8-a3ab-499c701dcec4","method":"POST","path":"/api/v1/uploads","status":201,"duration_ms":5}
{"event":"http.request","request_id":"61926c63-5fb4-43b5-bbda-fd8755656284","method":"POST","path":"/api/v1/uploads/b3b39968-5e91-47ea-80a1-c4766d024fe7/parts","status":200,"duration_ms":4}
{"event":"http.request","request_id":"15585cf5-6dba-4fab-80f7-4a1c4c5fb493","method":"PUT","path":"/api/v1/uploads/b3b39968-5e91-47ea-80a1-c4766d024fe7/parts/1","status":200,"duration_ms":4}
{"event":"http.request","request_id":"750104f4-ca5f-4f15-979b-52e78fa93d27","method":"POST","path":"/api/v1/uploads/b3b39968-5e91-47ea-80a1-c4766d024fe7/complete","status":200,"duration_ms":7}
{"event":"http.request","request_id":"39040715-f19f-40e2-bd00-d3f30830adc2","method":"POST","path":"/api/v1/contents","status":201,"duration_ms":4}
{"event":"http.request","request_id":"6992bd39-af0b-436e-9aec-bd92b87c32b7","method":"POST","path":"/api/v1/contents/ad62daaf-75b4-4a1a-aa4a-03eb1027b547/revisions","status":201,"duration_ms":4}
{"event":"http.request","request_id":"43ccf3f4-5602-4d7e-b8ff-ccb90a83d52c","method":"POST","path":"/api/v1/contents/ad62daaf-75b4-4a1a-aa4a-03eb1027b547/submit-review","status":201,"duration_ms":4}
{"event":"http.request","request_id":"b0635333-fda1-4f39-a035-f5d151dcba70","method":"POST","path":"/api/v1/reviews/0fbabd85-bccb-40ae-92b5-89428dfaabb0/decide","status":200,"duration_ms":5}
{"event":"http.request","request_id":"8c65f259-abaa-4a31-984f-e69182f31c91","method":"GET","path":"/api/v1/contents/ad62daaf-75b4-4a1a-aa4a-03eb1027b547","status":200,"duration_ms":2}
{"event":"http.request","request_id":"5106f07e-40ac-4464-bfb5-06f783afa322","method":"POST","path":"/api/v1/contents/ad62daaf-75b4-4a1a-aa4a-03eb1027b547/export-package","status":202,"duration_ms":5}
{"event":"http.request","request_id":"5dffca94-c9e3-4480-9053-4707aef69963","method":"GET","path":"/api/v1/export-packages/1629eabb-9f8b-49ed-9406-b95479a91325","status":200,"duration_ms":2}
{"event":"job.claimed","job_id":"5e5c9e02-f55e-4f53-9c5b-43eca4a5da56","request_id":"5106f07e-40ac-4464-bfb5-06f783afa322","pool":"general","attempt":1}
{"event":"http.request","request_id":"292eaa63-e2d6-4f28-bce6-630ac32f006e","method":"GET","path":"/api/v1/export-packages/1629eabb-9f8b-49ed-9406-b95479a91325","status":200,"duration_ms":3}
{"event":"http.request","request_id":"43355097-d5e0-4c87-8161-d611b508f37c","method":"GET","path":"/api/v1/export-packages/1629eabb-9f8b-49ed-9406-b95479a91325/download","status":200,"duration_ms":24}
{"event":"http.request","request_id":"f5c3fa26-66b7-48cf-b412-507b17711c3f","method":"POST","path":"/api/v1/contents/ad62daaf-75b4-4a1a-aa4a-03eb1027b547/revisions","status":201,"duration_ms":16}
{"event":"http.request","request_id":"08bbaf2b-31bc-4dbf-8984-715d7e474065","method":"GET","path":"/api/v1/export-packages/1629eabb-9f8b-49ed-9406-b95479a91325/download","status":409,"duration_ms":6}
{"event":"http.request","request_id":"c8035d85-f347-4f7a-97d5-654d586909e9","method":"GET","path":"/api/v1/files/d87b5983-a5bc-4071-bd3c-791ccda89a71/download","status":409,"duration_ms":5}
✔ 发布包异步打包批准版本，下载PNG原件、页序和文案与批准内容一致 (1145.137167ms)
{"event":"http.request","request_id":"3d0f341e-e025-4798-b0e4-23bcb2df8a5e","method":"POST","path":"/api/v1/uploads","status":201,"duration_ms":11}
{"event":"http.request","request_id":"ca9bc045-b13f-4d66-84cd-e73e6236c97f","method":"POST","path":"/api/v1/uploads/a9078fb0-3702-4a2a-8493-1a16f408a970/parts","status":200,"duration_ms":7}
{"event":"http.request","request_id":"c0243616-0249-43cb-ba30-26e47e52090e","method":"PUT","path":"/api/v1/uploads/a9078fb0-3702-4a2a-8493-1a16f408a970/parts/1","status":200,"duration_ms":8}
{"event":"http.request","request_id":"b3541b33-a5b5-4ddc-ac62-5789714caa0b","method":"POST","path":"/api/v1/uploads/a9078fb0-3702-4a2a-8493-1a16f408a970/complete","status":200,"duration_ms":15}
{"event":"http.request","request_id":"03bd5fa0-f6a1-45d0-a8a7-83652d4f0e3f","method":"POST","path":"/api/v1/contents","status":201,"duration_ms":8}
{"event":"http.request","request_id":"4fd5a624-0bac-417d-8187-750a80796c78","method":"POST","path":"/api/v1/contents/8241dc1d-c3b3-4024-86a6-4b8741d79c83/revisions","status":201,"duration_ms":8}
{"event":"http.request","request_id":"1d300be3-60d3-4928-8d98-0b064ebda8f1","method":"POST","path":"/api/v1/contents/8241dc1d-c3b3-4024-86a6-4b8741d79c83/submit-review","status":201,"duration_ms":8}
{"event":"http.request","request_id":"ee15532e-dde2-4149-9277-4fa70e571f4f","method":"POST","path":"/api/v1/reviews/c4ae700b-9600-4a4a-8201-945a4d4b596c/decide","status":200,"duration_ms":7}
{"event":"http.request","request_id":"ede2e423-255e-454d-afb1-ab1c0071c5d1","method":"GET","path":"/api/v1/contents/8241dc1d-c3b3-4024-86a6-4b8741d79c83","status":200,"duration_ms":3}
{"event":"http.request","request_id":"0cce2b09-ebd8-465a-9c34-3f7424581207","method":"POST","path":"/api/v1/publication-drafts","status":201,"duration_ms":5}
{"event":"http.request","request_id":"c710ae1e-df79-4625-935b-bbca727f2d7e","method":"GET","path":"/api/v1/contents/8241dc1d-c3b3-4024-86a6-4b8741d79c83","status":200,"duration_ms":2}
{"event":"http.request","request_id":"3794bfbe-6094-43c7-a59d-a320f0829ff9","method":"POST","path":"/api/v1/publications","status":422,"duration_ms":3}
{"event":"http.request","request_id":"e262ca2f-f0f4-4a68-b48f-06f1cd8c446c","method":"POST","path":"/api/v1/publications","status":422,"duration_ms":5}
{"event":"http.request","request_id":"88cfb12b-87eb-4b5d-a384-642fe1f8b226","method":"POST","path":"/api/v1/publications","status":201,"duration_ms":8}
{"event":"http.request","request_id":"3bef0f6d-c639-4db7-8b3a-6cd3bc56062c","method":"GET","path":"/api/v1/contents/8241dc1d-c3b3-4024-86a6-4b8741d79c83","status":200,"duration_ms":2}
{"event":"http.request","request_id":"f4f9d8a9-5143-4f0a-a0fa-5883c4799e3e","method":"POST","path":"/api/v1/uploads","status":201,"duration_ms":6}
{"event":"http.request","request_id":"a7106d42-dcbb-40f6-b420-0ae522f5d398","method":"POST","path":"/api/v1/uploads/b0e5de56-1e55-45c1-b2d7-e1d37a1e65dc/parts","status":200,"duration_ms":4}
{"event":"http.request","request_id":"9b455334-3ed7-4772-be24-115ddacf35fc","method":"PUT","path":"/api/v1/uploads/b0e5de56-1e55-45c1-b2d7-e1d37a1e65dc/parts/1","status":200,"duration_ms":4}
{"event":"http.request","request_id":"b6a19a08-7088-4aad-b97d-95f2cddde751","method":"POST","path":"/api/v1/uploads/b0e5de56-1e55-45c1-b2d7-e1d37a1e65dc/complete","status":200,"duration_ms":7}
{"event":"http.request","request_id":"ed03670e-240f-44f4-b7d3-1f4e53175863","method":"POST","path":"/api/v1/contents","status":201,"duration_ms":4}
{"event":"http.request","request_id":"d6fdf23f-227d-4633-996d-2dd63701a886","method":"POST","path":"/api/v1/contents/b194de22-de37-4ab1-95af-bd92bdb91562/revisions","status":201,"duration_ms":5}
{"event":"http.request","request_id":"f8ef6842-dd92-4261-a6fd-bd447688fd89","method":"POST","path":"/api/v1/contents/b194de22-de37-4ab1-95af-bd92bdb91562/submit-review","status":201,"duration_ms":5}
{"event":"http.request","request_id":"ec317c74-8e6e-446a-83ac-4b6cef8e573b","method":"POST","path":"/api/v1/reviews/229b6f2c-484e-42a9-b510-aa227f844d4e/decide","status":200,"duration_ms":5}
{"event":"http.request","request_id":"4d89392d-e383-4fe5-a8cc-6d38525e4a0c","method":"GET","path":"/api/v1/contents/b194de22-de37-4ab1-95af-bd92bdb91562","status":200,"duration_ms":3}
{"event":"http.request","request_id":"43f78ed5-02b9-4ff3-b8c1-26846aab86aa","method":"POST","path":"/api/v1/publications","status":409,"duration_ms":4}
✔ 缺笔记ID暂存不算发布，正式登记锁定批准版本、账号和唯一笔记并持久回收事件 (181.635125ms)
{"event":"http.request","request_id":"4d389716-a960-4d25-8032-8980c3e1ac72","method":"POST","path":"/api/v1/uploads","status":201,"duration_ms":5}
{"event":"http.request","request_id":"18f13b1d-0860-48d0-bf6b-713c77366715","method":"POST","path":"/api/v1/uploads/d6b8743d-27ec-4d6a-a0eb-01f2a2a1dcdd/parts","status":200,"duration_ms":3}
{"event":"http.request","request_id":"7b8df52d-7087-4e94-a92d-01be81608533","method":"PUT","path":"/api/v1/uploads/d6b8743d-27ec-4d6a-a0eb-01f2a2a1dcdd/parts/1","status":200,"duration_ms":4}
{"event":"http.request","request_id":"377943bc-917b-4a61-aae4-43947e23929c","method":"POST","path":"/api/v1/uploads/d6b8743d-27ec-4d6a-a0eb-01f2a2a1dcdd/complete","status":200,"duration_ms":7}
{"event":"http.request","request_id":"6322eab1-1804-4862-b595-1c1a678d1eef","method":"POST","path":"/api/v1/contents","status":201,"duration_ms":4}
{"event":"http.request","request_id":"f7fcfa3a-d66d-41d8-9e73-bdafa51d7d4b","method":"POST","path":"/api/v1/contents/7b707830-8804-42fd-bed5-23e83b35c2d7/revisions","status":201,"duration_ms":5}
{"event":"http.request","request_id":"0801d6bc-1e5f-4b1e-9596-5c7b5090e20f","method":"POST","path":"/api/v1/contents/7b707830-8804-42fd-bed5-23e83b35c2d7/submit-review","status":201,"duration_ms":5}
{"event":"http.request","request_id":"57bde402-4085-4f36-a367-01347b490556","method":"POST","path":"/api/v1/reviews/a17ce5d3-bf30-4e44-b004-55b42ccbc9f3/decide","status":200,"duration_ms":5}
{"event":"http.request","request_id":"68b1da11-6a1a-4caa-9e48-dba425474be1","method":"GET","path":"/api/v1/contents/7b707830-8804-42fd-bed5-23e83b35c2d7","status":200,"duration_ms":2}
{"event":"http.request","request_id":"172ee595-97a7-4672-bbb6-f15b1a47ee91","method":"POST","path":"/api/v1/publications","status":201,"duration_ms":4}
{"event":"http.request","request_id":"98f2ce91-0e42-4762-9ef6-228f286b1d6e","method":"GET","path":"/api/v1/contents/7b707830-8804-42fd-bed5-23e83b35c2d7","status":200,"duration_ms":2}
{"event":"http.request","request_id":"292d5600-d956-4865-9138-7943418bcefb","method":"POST","path":"/api/v1/contents/7b707830-8804-42fd-bed5-23e83b35c2d7/create-revision-work-item","status":201,"duration_ms":7}
{"event":"http.request","request_id":"fe4da100-2147-476e-a219-2d825d403ab2","method":"GET","path":"/api/v1/contents/e402aadb-4435-41f2-a6c4-940bffac8b0f","status":200,"duration_ms":2}
{"event":"http.request","request_id":"519c94cb-f7b8-4bc7-922e-bf6306dbb3e2","method":"GET","path":"/api/v1/contents/7b707830-8804-42fd-bed5-23e83b35c2d7","status":200,"duration_ms":3}
{"event":"http.request","request_id":"5b3ba169-12c2-4040-8cad-c73fa0ea23b9","method":"GET","path":"/api/v1/publications/99dc7f92-da4c-407c-94f9-dcb69e186a0a","status":200,"duration_ms":2}
✔ 已发布内容派生独立修订工作项，原稿和文件归档保持不变 (70.242458ms)
{"event":"http.request","request_id":"0b861126-0b14-41db-be9c-cdf3a6decd8d","method":"POST","path":"/api/v1/uploads","status":201,"duration_ms":5}
{"event":"http.request","request_id":"3c2234b0-bbce-4ddd-aeb7-a5bcad9f8469","method":"POST","path":"/api/v1/uploads/fd9921b1-c5f6-4cbb-8934-3f468e352bcc/parts","status":200,"duration_ms":3}
{"event":"http.request","request_id":"6cc99452-17b2-4372-ad79-4ff0c6cb4845","method":"PUT","path":"/api/v1/uploads/fd9921b1-c5f6-4cbb-8934-3f468e352bcc/parts/1","status":200,"duration_ms":4}
{"event":"http.request","request_id":"70214d60-5aa4-4540-8bf5-f534c1d4f47b","method":"POST","path":"/api/v1/uploads/fd9921b1-c5f6-4cbb-8934-3f468e352bcc/complete","status":200,"duration_ms":14}
{"event":"http.request","request_id":"3237df68-d8a2-4335-8c38-af964f77f21a","method":"POST","path":"/api/v1/contents","status":201,"duration_ms":5}
{"event":"http.request","request_id":"26e93338-8a10-4d76-9a9f-644d56351917","method":"POST","path":"/api/v1/contents/93314dbe-0b27-49f2-babf-c1a082ece94a/revisions","status":201,"duration_ms":5}
{"event":"http.request","request_id":"1e9c4511-84d4-4169-b4d8-5a0717b21b05","method":"POST","path":"/api/v1/contents/93314dbe-0b27-49f2-babf-c1a082ece94a/submit-review","status":201,"duration_ms":5}
{"event":"http.request","request_id":"4fffea15-ba98-4444-956f-2a4f339aa006","method":"POST","path":"/api/v1/reviews/b4f6eee9-fdb1-46bb-9ab1-6eebb3fd8f6f/decide","status":200,"duration_ms":5}
{"event":"http.request","request_id":"ab80b3ba-c458-4556-b333-90b6b37af036","method":"GET","path":"/api/v1/contents/93314dbe-0b27-49f2-babf-c1a082ece94a","status":200,"duration_ms":2}
{"event":"http.request","request_id":"96b31a48-c097-43a5-b170-7e5dd39e9998","method":"POST","path":"/api/v1/publications","status":201,"duration_ms":5}
{"event":"http.request","request_id":"4ce8e268-b740-4134-b7ac-acdbead93030","method":"GET","path":"/api/v1/contents/93314dbe-0b27-49f2-babf-c1a082ece94a","status":200,"duration_ms":2}
{"event":"http.request","request_id":"bbda427e-5294-45a5-8ebb-e4e92e8ce329","method":"POST","path":"/api/v1/contents/93314dbe-0b27-49f2-babf-c1a082ece94a/create-revision-work-item","status":201,"duration_ms":6}
{"event":"http.request","request_id":"ad2aae88-9f57-4e38-8bbc-10184a3853e0","method":"GET","path":"/api/v1/contents/9e7b504c-a83e-47ba-b760-bf956d0af6eb","status":200,"duration_ms":2}
{"event":"http.request","request_id":"d97e13d3-3762-4077-aac2-bacba2b9f034","method":"POST","path":"/api/v1/publications/373dc8bc-a8c9-44d7-aba3-c0598900226e/changes","status":404,"duration_ms":1}
✖ 外部编辑必须关联重新批准的修订工作项，初次版本不变并拒绝重复并发确认 (81.613083ms)
ℹ tests 14
ℹ suites 0
ℹ pass 13
ℹ fail 1
ℹ cancelled 0
ℹ skipped 0
ℹ todo 0
ℹ duration_ms 3099.047666

✖ failing tests:

test at tests/production.test.ts:2:26607
✖ 外部编辑必须关联重新批准的修订工作项，初次版本不变并拒绝重复并发确认 (81.613083ms)
  AssertionError [ERR_ASSERTION]: Expected values to be strictly equal:
  
  404 !== 409
  
      at TestContext.<anonymous> (/Users/junlong/projects/social-mdeida-ops-platform/tests/production.test.ts:153:9)
      at process.processTicksAndRejections (node:internal/process/task_queues:104:5)
      at async Test.run (node:internal/test_runner/test:1125:7)
      at async Test.processPendingSubtests (node:internal/test_runner/test:787:7) {
    generatedMessage: true,
    code: 'ERR_ASSERTION',
    actual: 404,
    expected: 409,
    operator: 'strictEqual',
    diff: 'simple'
  }
