{"event":"http.request","request_id":"9691c3aa-984e-4de3-9e03-eff7a802c875","method":"GET","path":"/api/v1/auth/csrf","status":200,"duration_ms":7}
{"event":"http.request","request_id":"483ee615-c012-4021-986f-736187089d47","method":"POST","path":"/api/v1/setup","status":201,"duration_ms":34}
{"event":"http.request","request_id":"44c1bea8-3fdb-4462-9665-90c0a659ec97","method":"GET","path":"/api/v1/auth/csrf","status":200,"duration_ms":1}
{"event":"http.request","request_id":"b6ea9fbe-0bb6-42a2-bcd9-f5914a1affd2","method":"POST","path":"/api/v1/auth/login","status":200,"duration_ms":25}
{"event":"http.request","request_id":"b02d6f70-8219-4cee-8948-c999a8455320","method":"GET","path":"/api/v1/me","status":200,"duration_ms":73}
{"event":"http.request","request_id":"18b00024-aa4f-4c60-bce6-5f75ce5285f8","method":"POST","path":"/api/v1/accounts","status":201,"duration_ms":9}
{"event":"http.request","request_id":"eb0be932-aef1-4aa4-a508-9aa2d78f0721","method":"POST","path":"/api/v1/contents","status":201,"duration_ms":9}
{"event":"http.request","request_id":"67e2f810-0035-488c-91c0-41d6294ec103","method":"GET","path":"/api/v1/contents/e4944c6e-e673-4835-b042-a2fbaa2fcf13","status":200,"duration_ms":4}
{"event":"http.request","request_id":"7ddaefc2-d7b2-4e98-a253-fa4d2a178dd2","method":"POST","path":"/api/v1/contents/e4944c6e-e673-4835-b042-a2fbaa2fcf13/revisions","status":201,"duration_ms":8}
{"event":"http.request","request_id":"af6f7491-bc6a-48e8-9ad1-b4f9614a7059","method":"GET","path":"/api/v1/contents/e4944c6e-e673-4835-b042-a2fbaa2fcf13","status":200,"duration_ms":3}
✔ 人工新建图文后保存逐页文案，再从详情恢复原始快照 (388.671541ms)
{"event":"http.request","request_id":"abcadb58-3f43-40bb-b9c6-ae800dda637f","method":"POST","path":"/api/v1/contents","status":201,"duration_ms":6}
{"event":"http.request","request_id":"adaf03f6-738a-466e-a636-ccafcd45246e","method":"POST","path":"/api/v1/contents/c8931a67-1660-4c80-a8a1-ad166d64f1f0/revisions","status":201,"duration_ms":6}
{"event":"http.request","request_id":"53a81dc5-22b2-4810-8316-7aaf130e5348","method":"POST","path":"/api/v1/contents/c8931a67-1660-4c80-a8a1-ad166d64f1f0/revisions","status":409,"duration_ms":9}
{"event":"http.request","request_id":"64491296-472a-4d10-a56c-02b1b7f4d95c","method":"GET","path":"/api/v1/contents/c8931a67-1660-4c80-a8a1-ad166d64f1f0","status":200,"duration_ms":3}
{"event":"http.request","request_id":"da7b8c28-2f60-489f-b589-8d5315b3a344","method":"POST","path":"/api/v1/contents/c8931a67-1660-4c80-a8a1-ad166d64f1f0/restore","status":201,"duration_ms":8}
{"event":"http.request","request_id":"e8e7f24e-ddf5-43c6-9f4f-f731831f57b8","method":"GET","path":"/api/v1/contents/c8931a67-1660-4c80-a8a1-ad166d64f1f0","status":200,"duration_ms":3}
✔ 同一基础版本并发保存只有一个成功，恢复历史版本产生新快照 (36.873792ms)
{"event":"http.request","request_id":"abcb2e2d-5ed5-40af-aba7-f6a81d582fca","method":"POST","path":"/api/v1/members","status":201,"duration_ms":22}
{"event":"http.request","request_id":"f672f500-993d-4792-9b39-1c56e94658c1","method":"GET","path":"/api/v1/auth/csrf","status":200,"duration_ms":1}
{"event":"http.request","request_id":"ce45a24d-e295-44ff-b2c3-ba6774ad11fc","method":"POST","path":"/api/v1/auth/accept-invite","status":200,"duration_ms":18}
{"event":"http.request","request_id":"920e80e6-63be-4032-8e82-684cb3badb44","method":"GET","path":"/api/v1/auth/csrf","status":200,"duration_ms":1}
{"event":"http.request","request_id":"7bbb4322-73f3-4dd9-8418-9fa24077dfcd","method":"POST","path":"/api/v1/auth/login","status":200,"duration_ms":19}
{"event":"http.request","request_id":"7a7672fe-42b4-467c-9cc5-6cf5ad408e66","method":"POST","path":"/api/v1/members","status":201,"duration_ms":23}
{"event":"http.request","request_id":"14e18e75-6982-4755-812c-727fc0bae54f","method":"GET","path":"/api/v1/auth/csrf","status":200,"duration_ms":1}
{"event":"http.request","request_id":"cdadc60a-f864-4dfd-986a-ea0b17629526","method":"POST","path":"/api/v1/auth/accept-invite","status":200,"duration_ms":20}
{"event":"http.request","request_id":"d5b391d1-be3a-4c8b-a112-13eaa05f6d4d","method":"GET","path":"/api/v1/auth/csrf","status":200,"duration_ms":1}
{"event":"http.request","request_id":"7990186b-83c4-488e-8ce9-120ce3d9d073","method":"POST","path":"/api/v1/auth/login","status":200,"duration_ms":19}
{"event":"http.request","request_id":"b0dc438d-db40-4146-a605-3faa83c2fd4d","method":"POST","path":"/api/v1/contents","status":201,"duration_ms":6}
{"event":"http.request","request_id":"f14438cf-593d-4cb4-aa6a-6f5aeb16be78","method":"POST","path":"/api/v1/contents/664efb40-a48b-400d-af39-151ed353c36c/revisions","status":403,"duration_ms":8}
{"event":"http.request","request_id":"20f24469-be62-4c32-999a-3d0bef19d952","method":"POST","path":"/api/v1/contents/664efb40-a48b-400d-af39-151ed353c36c/revisions","status":403,"duration_ms":3}
{"event":"http.request","request_id":"0b21cf6d-94b8-4107-829e-2e1c42f12c2b","method":"POST","path":"/api/v1/contents/664efb40-a48b-400d-af39-151ed353c36c/revisions","status":201,"duration_ms":6}
✔ 运营只能修改发布文案，不能改逐页制作内容；只读不能保存 (164.523375ms)
{"event":"http.request","request_id":"996b0167-5ffe-4fc1-a422-bcd4661a939f","method":"POST","path":"/api/v1/contents","status":201,"duration_ms":6}
{"event":"http.request","request_id":"7b747c82-fe89-422a-8d9b-82f726874466","method":"POST","path":"/api/v1/contents/351ccaca-8b47-4dd4-aff8-9e658776fa21/revisions","status":422,"duration_ms":5}
{"event":"http.request","request_id":"20312450-7462-4624-8de8-31a0f7909a76","method":"POST","path":"/api/v1/uploads","status":201,"duration_ms":8}
{"event":"http.request","request_id":"e0709138-75d5-4b64-aef1-2808915f6f2e","method":"POST","path":"/api/v1/uploads/a76680dd-885c-4cdd-b7ff-404077a763ea/parts","status":200,"duration_ms":4}
{"event":"http.request","request_id":"84176ba5-b669-4b85-8efc-1936a489a6f2","method":"PUT","path":"/api/v1/uploads/a76680dd-885c-4cdd-b7ff-404077a763ea/parts/1","status":200,"duration_ms":6}
{"event":"http.request","request_id":"917d86d9-9426-43e9-b5c0-e837b2ac9542","method":"POST","path":"/api/v1/uploads/a76680dd-885c-4cdd-b7ff-404077a763ea/complete","status":200,"duration_ms":9}
{"event":"http.request","request_id":"bf27ef8b-9b09-4402-b837-ae0b3de9cc53","method":"POST","path":"/api/v1/contents/351ccaca-8b47-4dd4-aff8-9e658776fa21/revisions","status":422,"duration_ms":5}
{"event":"http.request","request_id":"c563919b-45e6-444e-8a7a-418d2c88e7ae","method":"POST","path":"/api/v1/uploads","status":201,"duration_ms":5}
{"event":"http.request","request_id":"027a4e3e-d202-491d-86a9-8208a1ee1f83","method":"POST","path":"/api/v1/uploads/8710e892-632b-4849-a1c4-70fd0af5ab78/parts","status":200,"duration_ms":3}
{"event":"http.request","request_id":"bcee0f6e-c4c0-4775-a4ab-7dc9ae2cc515","method":"PUT","path":"/api/v1/uploads/8710e892-632b-4849-a1c4-70fd0af5ab78/parts/1","status":200,"duration_ms":4}
{"event":"http.request","request_id":"c8334951-13ac-4027-921d-09823b96cac5","method":"POST","path":"/api/v1/uploads/8710e892-632b-4849-a1c4-70fd0af5ab78/complete","status":200,"duration_ms":8}
{"event":"http.request","request_id":"ad2ba08d-1b27-4b20-b431-355838f2cacc","method":"POST","path":"/api/v1/contents/351ccaca-8b47-4dd4-aff8-9e658776fa21/revisions","status":201,"duration_ms":6}
{"event":"http.request","request_id":"3f71744f-bdd7-4fc3-8d7e-c02dc1bb8c83","method":"GET","path":"/api/v1/contents/351ccaca-8b47-4dd4-aff8-9e658776fa21","status":200,"duration_ms":3}
✔ 图文成品只关联同空间已上传PNG原件，无效文件和PDF不能保存为发布图片 (96.572417ms)
{"event":"http.request","request_id":"d1810189-1ee7-417d-897e-3801973ed9fb","method":"POST","path":"/api/v1/contents","status":201,"duration_ms":5}
{"event":"http.request","request_id":"a8b296b6-a1de-4f01-b6a5-2c88a8e6bee9","method":"PATCH","path":"/api/v1/contents/15c27f7e-e501-49c8-bb1f-805b1376dcb9","status":200,"duration_ms":4}
{"event":"http.request","request_id":"acdb568b-34fa-4d82-aac5-ee8fd48239d4","method":"GET","path":"/api/v1/contents","status":200,"duration_ms":2}
{"event":"http.request","request_id":"edad09bb-688d-43fe-a436-1ccfa5ed8a70","method":"GET","path":"/api/v1/contents","status":200,"duration_ms":2}
{"event":"http.request","request_id":"db719b37-0052-4b0b-8b6a-82d7d1a89125","method":"GET","path":"/api/v1/contents","status":422,"duration_ms":1}
✔ 内容列表按形式、状态、负责人和计划时间过滤，非法筛选拒绝 (22.5555ms)
{"event":"http.request","request_id":"fb81bd33-ad57-4feb-8f44-72762e330e81","method":"POST","path":"/api/v1/contents","status":201,"duration_ms":5}
{"event":"http.request","request_id":"868101e3-b213-422a-8704-2856ef933d47","method":"POST","path":"/api/v1/contents/4d5ddd8f-86dd-4132-855e-68b6f29e911d/submit-review","status":422,"duration_ms":3}
{"event":"http.request","request_id":"f12d4087-ad16-45ee-8b32-65ba776b6533","method":"POST","path":"/api/v1/uploads","status":201,"duration_ms":6}
{"event":"http.request","request_id":"68adccef-6ad4-4ffc-bf70-cf0272294f38","method":"POST","path":"/api/v1/uploads/acf52857-a4fb-4ff6-9277-a3c6f7677125/parts","status":200,"duration_ms":4}
{"event":"http.request","request_id":"b50a20d8-03ba-4a14-b9f5-aef984f51b72","method":"PUT","path":"/api/v1/uploads/acf52857-a4fb-4ff6-9277-a3c6f7677125/parts/1","status":200,"duration_ms":5}
{"event":"http.request","request_id":"8bcb3b1d-af8f-4b84-b99a-087b4b114e65","method":"POST","path":"/api/v1/uploads/acf52857-a4fb-4ff6-9277-a3c6f7677125/complete","status":200,"duration_ms":8}
{"event":"http.request","request_id":"0de17614-fbd6-4c96-ac6f-216d482fe4bd","method":"POST","path":"/api/v1/contents","status":201,"duration_ms":5}
{"event":"http.request","request_id":"6555ad63-de27-4dee-9e48-350d6eeadf7c","method":"POST","path":"/api/v1/contents/e571c47f-e804-4cb1-8e47-05f3dafc23ff/revisions","status":201,"duration_ms":5}
{"event":"http.request","request_id":"b9568d78-b8bf-4c3b-b1f9-b8dd81f6f484","method":"POST","path":"/api/v1/contents/e571c47f-e804-4cb1-8e47-05f3dafc23ff/submit-review","status":201,"duration_ms":5}
{"event":"http.request","request_id":"b8112df6-2e5a-41e1-9b2f-288fdc99ec0a","method":"GET","path":"/api/v1/contents/e571c47f-e804-4cb1-8e47-05f3dafc23ff","status":200,"duration_ms":2}
{"event":"http.request","request_id":"97727028-bce8-4614-9176-7b47af37061e","method":"POST","path":"/api/v1/reviews/6e117ff5-63f6-4166-a798-7ce6d968ea2b/decide","status":200,"duration_ms":10}
{"event":"http.request","request_id":"f707e892-07c7-4894-b318-133153252b7f","method":"GET","path":"/api/v1/contents/e571c47f-e804-4cb1-8e47-05f3dafc23ff","status":200,"duration_ms":2}
✔ 提交审核拒绝缺失成品，完整PNG图文冻结并由有权成员显式批准 (162.035ms)
{"event":"http.request","request_id":"7ace2a70-6dd9-4773-ab2b-b882477f70b6","method":"POST","path":"/api/v1/uploads","status":201,"duration_ms":5}
{"event":"http.request","request_id":"6cbbc094-78dd-4010-96c5-53b994cc8f38","method":"POST","path":"/api/v1/uploads/b5e720ad-900a-459f-8453-2086b39c2460/parts","status":200,"duration_ms":3}
{"event":"http.request","request_id":"9d85f84a-753b-416b-8f49-5112f0cbae8d","method":"PUT","path":"/api/v1/uploads/b5e720ad-900a-459f-8453-2086b39c2460/parts/1","status":200,"duration_ms":5}
{"event":"http.request","request_id":"2a5aff4e-c9c5-4fd0-9e2d-dc14243aaac8","method":"POST","path":"/api/v1/uploads/b5e720ad-900a-459f-8453-2086b39c2460/complete","status":200,"duration_ms":7}
{"event":"http.request","request_id":"79d52753-52b7-454f-a733-6f99c645bab8","method":"POST","path":"/api/v1/contents","status":201,"duration_ms":4}
{"event":"http.request","request_id":"5c9d899a-7502-40cf-8f75-0b2c683187a1","method":"POST","path":"/api/v1/contents/d4ad845a-36ad-4c83-8e9b-b5a9109e9b89/revisions","status":201,"duration_ms":5}
{"event":"http.request","request_id":"06863fb5-2044-4f40-91dc-39e4c1f9ef48","method":"POST","path":"/api/v1/contents/d4ad845a-36ad-4c83-8e9b-b5a9109e9b89/submit-review","status":201,"duration_ms":5}
{"event":"http.request","request_id":"aad2fba7-15dd-4b8e-97d0-7b08d3b8af89","method":"GET","path":"/api/v1/contents/d4ad845a-36ad-4c83-8e9b-b5a9109e9b89","status":200,"duration_ms":2}
{"event":"http.request","request_id":"0a31d66d-45b6-4bae-a273-7f3a3464431a","method":"POST","path":"/api/v1/contents/d4ad845a-36ad-4c83-8e9b-b5a9109e9b89/revisions","status":409,"duration_ms":3}
{"event":"http.request","request_id":"55bccf4a-98f4-4bea-9060-f3ab8b420d02","method":"POST","path":"/api/v1/reviews/5afbb482-cfef-4588-b7f5-0dec44d5a1f5/withdraw","status":200,"duration_ms":6}
{"event":"http.request","request_id":"6f22473b-27ea-449e-964e-ca59079b8466","method":"GET","path":"/api/v1/contents/d4ad845a-36ad-4c83-8e9b-b5a9109e9b89","status":200,"duration_ms":2}
{"event":"http.request","request_id":"236e9d6f-2151-4ebf-81ef-ce486396084d","method":"POST","path":"/api/v1/contents/d4ad845a-36ad-4c83-8e9b-b5a9109e9b89/submit-review","status":201,"duration_ms":5}
{"event":"http.request","request_id":"be4309e7-5b7c-42fe-8d6e-2ba4f4d93e7f","method":"POST","path":"/api/v1/reviews/9c3f9b1e-02d3-46f4-99b5-e5733b88330d/decide","status":200,"duration_ms":6}
{"event":"http.request","request_id":"45cec86b-e1d5-443b-b3cc-01d7b8a0febe","method":"GET","path":"/api/v1/contents/d4ad845a-36ad-4c83-8e9b-b5a9109e9b89","status":200,"duration_ms":2}
{"event":"http.request","request_id":"b7bab428-2f59-4860-9654-3dfe7f998fd3","method":"POST","path":"/api/v1/contents/d4ad845a-36ad-4c83-8e9b-b5a9109e9b89/submit-review","status":201,"duration_ms":4}
{"event":"http.request","request_id":"2f92b375-64b7-45ce-8243-b9b90be0c03e","method":"POST","path":"/api/v1/reviews/94b51183-bf16-4880-8650-c534aa9e603d/decide","status":200,"duration_ms":4}
{"event":"http.request","request_id":"1343c1af-5240-47ae-b9ba-b508d906ac00","method":"GET","path":"/api/v1/contents/d4ad845a-36ad-4c83-8e9b-b5a9109e9b89","status":200,"duration_ms":2}
{"event":"http.request","request_id":"cc8360a4-0ef5-453e-b965-418a298ffcb5","method":"PATCH","path":"/api/v1/contents/d4ad845a-36ad-4c83-8e9b-b5a9109e9b89","status":200,"duration_ms":4}
{"event":"http.request","request_id":"e2aa3b43-a1bc-48c1-93c5-403ce94d8d87","method":"GET","path":"/api/v1/contents/d4ad845a-36ad-4c83-8e9b-b5a9109e9b89","status":200,"duration_ms":2}
{"event":"http.request","request_id":"d04bdcb2-7816-463e-bdf5-3997b91ae23f","method":"POST","path":"/api/v1/contents/d4ad845a-36ad-4c83-8e9b-b5a9109e9b89/revisions","status":201,"duration_ms":5}
{"event":"http.request","request_id":"93b7069b-0439-4044-acb1-e0b941840718","method":"GET","path":"/api/v1/contents/d4ad845a-36ad-4c83-8e9b-b5a9109e9b89","status":200,"duration_ms":2}
✔ 审核中禁止编辑，撤回和退回派生新稿；批准后改载荷重审，内部备注不使批准失效 (96.291625ms)
{"event":"http.request","request_id":"45318c29-49f2-4d96-9004-cc787fdb1ac8","method":"POST","path":"/api/v1/members","status":201,"duration_ms":23}
{"event":"http.request","request_id":"89fd8ec6-c466-4c17-9aa2-abdcca27c291","method":"GET","path":"/api/v1/auth/csrf","status":200,"duration_ms":1}
{"event":"http.request","request_id":"5945cc23-055b-4999-a29e-4f7c720f4339","method":"POST","path":"/api/v1/auth/accept-invite","status":200,"duration_ms":19}
{"event":"http.request","request_id":"bc517245-68e2-4d39-a0ec-7fff68bba570","method":"GET","path":"/api/v1/auth/csrf","status":200,"duration_ms":1}
{"event":"http.request","request_id":"3f82e973-5e54-4f6e-b49a-dc4760000feb","method":"POST","path":"/api/v1/auth/login","status":200,"duration_ms":19}
{"event":"http.request","request_id":"81084299-7248-4324-9ddf-fdded5b71f08","method":"POST","path":"/api/v1/uploads","status":201,"duration_ms":5}
{"event":"http.request","request_id":"8196f1d8-d041-4bcc-957e-5a049fe13418","method":"POST","path":"/api/v1/uploads/f941000e-d263-4e30-bee6-3f4e0f702ca1/parts","status":200,"duration_ms":4}
{"event":"http.request","request_id":"3879703f-99de-472f-922b-f3e85fb1ad25","method":"PUT","path":"/api/v1/uploads/f941000e-d263-4e30-bee6-3f4e0f702ca1/parts/1","status":200,"duration_ms":4}
{"event":"http.request","request_id":"3bda57e3-7632-459a-b500-b70e5683e7fa","method":"POST","path":"/api/v1/uploads/f941000e-d263-4e30-bee6-3f4e0f702ca1/complete","status":200,"duration_ms":7}
{"event":"http.request","request_id":"21cc02cc-8a7d-4771-97d6-6d5d209b36d1","method":"POST","path":"/api/v1/contents","status":201,"duration_ms":4}
{"event":"http.request","request_id":"1420622f-f47a-4d11-8c63-a91e24fb077a","method":"POST","path":"/api/v1/contents/15b454cf-e555-4d46-a170-6de5bb78bd8f/revisions","status":201,"duration_ms":5}
{"event":"http.request","request_id":"21409b36-66bf-4298-90da-6b57f2a4b3a1","method":"POST","path":"/api/v1/contents/15b454cf-e555-4d46-a170-6de5bb78bd8f/submit-review","status":201,"duration_ms":5}
{"event":"http.request","request_id":"f2b16f8d-7657-4812-b002-a67d58601dc1","method":"POST","path":"/api/v1/reviews/3ef3b1ec-86d6-4e19-83d5-812e716af789/decide","status":403,"duration_ms":2}
{"event":"http.request","request_id":"1529f323-0b25-4954-bc72-0a599d60574a","method":"POST","path":"/api/v1/reviews/3ef3b1ec-86d6-4e19-83d5-812e716af789/decide","status":200,"duration_ms":5}
{"event":"http.request","request_id":"c3181513-7a43-4138-99e6-cd7344fc8bb8","method":"POST","path":"/api/v1/reviews/3ef3b1ec-86d6-4e19-83d5-812e716af789/withdraw","status":409,"duration_ms":6}
✔ 制作角色不能批准，批准与撤回并发只有一个事务成功 (111.849209ms)
{"event":"http.request","request_id":"23cdce0e-6a6b-46f7-ba3a-06b303b3b96d","method":"POST","path":"/api/v1/uploads","status":201,"duration_ms":5}
{"event":"http.request","request_id":"ae7ec3c9-760b-4478-bf5c-ac321feeeb48","method":"POST","path":"/api/v1/uploads/5c7d27f9-d58e-48a5-8b02-790e46959466/parts","status":200,"duration_ms":3}
{"event":"http.request","request_id":"fd5d0965-59a9-4e6e-b63e-ff55e7f884f2","method":"PUT","path":"/api/v1/uploads/5c7d27f9-d58e-48a5-8b02-790e46959466/parts/1","status":200,"duration_ms":4}
{"event":"http.request","request_id":"f053909c-9704-45db-8eb9-356fdc8bec45","method":"POST","path":"/api/v1/uploads/5c7d27f9-d58e-48a5-8b02-790e46959466/complete","status":200,"duration_ms":7}
{"event":"http.request","request_id":"7aacfb57-2039-497b-8889-e7e5e32bb18a","method":"POST","path":"/api/v1/contents","status":201,"duration_ms":5}
{"event":"http.request","request_id":"be5021d9-ed00-4afe-9422-1c9cad6f1849","method":"POST","path":"/api/v1/contents/9143f4b0-f774-4755-840e-2f99e01610a6/revisions","status":201,"duration_ms":5}
{"event":"http.request","request_id":"f7fc1e2f-f2bd-4c9b-a5d5-0f4a0c436791","method":"POST","path":"/api/v1/assets","status":201,"duration_ms":5}
{"event":"http.request","request_id":"b26bc26c-100b-4f1f-8246-01437c29ce2c","method":"POST","path":"/api/v1/assets/bf8aa94a-6af0-410b-b3ae-b322f29bc8d8/confirm","status":200,"duration_ms":4}
{"event":"http.request","request_id":"e1898cf5-5fcf-4c20-ba5d-b2d608d75cb6","method":"POST","path":"/api/v1/contents/9143f4b0-f774-4755-840e-2f99e01610a6/revisions","status":201,"duration_ms":7}
{"event":"http.request","request_id":"71a8872c-09c4-48e8-a9e2-74dfddc75ab4","method":"POST","path":"/api/v1/contents/9143f4b0-f774-4755-840e-2f99e01610a6/submit-review","status":201,"duration_ms":5}
{"event":"http.request","request_id":"20268abf-eb4a-468f-9205-7beaa4afb8b8","method":"POST","path":"/api/v1/assets/bf8aa94a-6af0-410b-b3ae-b322f29bc8d8/retire","status":200,"duration_ms":4}
{"event":"http.request","request_id":"588cac50-ef06-4c74-983d-cc675385ec58","method":"POST","path":"/api/v1/reviews/7dc54de5-a32b-4e95-acdb-bad622283bc5/decide","status":422,"duration_ms":5}
{"event":"http.request","request_id":"3d520547-19c3-4f5b-a241-bfe5e5b2d41d","method":"POST","path":"/api/v1/reviews/7dc54de5-a32b-4e95-acdb-bad622283bc5/withdraw","status":200,"duration_ms":6}
{"event":"http.request","request_id":"4eef9708-d26f-47d9-a369-67919197bd25","method":"GET","path":"/api/v1/contents/9143f4b0-f774-4755-840e-2f99e01610a6","status":200,"duration_ms":2}
{"event":"http.request","request_id":"d7a215dc-7a62-4021-9132-52852ee4434a","method":"POST","path":"/api/v1/contents/9143f4b0-f774-4755-840e-2f99e01610a6/revisions","status":201,"duration_ms":5}
✔ 素材停用阻止批准但仍能撤回修稿，冻结历史引用保留 (89.397708ms)
{"event":"http.request","request_id":"f06a802b-e676-427a-bdd5-c45d6aa5d01b","method":"POST","path":"/api/v1/contents","status":201,"duration_ms":4}
{"event":"http.request","request_id":"9d8f937e-5721-46eb-b4ec-89d00d9e6080","method":"POST","path":"/api/v1/contents/b9923a2e-8a47-43cc-b228-5f16dc0be6ed/start-production","status":200,"duration_ms":4}
{"event":"http.request","request_id":"56556abd-107d-4795-8fec-80e0ac5b346e","method":"POST","path":"/api/v1/contents/b9923a2e-8a47-43cc-b228-5f16dc0be6ed/cancel","status":200,"duration_ms":5}
{"event":"http.request","request_id":"f7b01303-5084-4be5-8873-115a499d8b2f","method":"GET","path":"/api/v1/contents/b9923a2e-8a47-43cc-b228-5f16dc0be6ed","status":200,"duration_ms":2}
{"event":"http.request","request_id":"0a429e71-ecad-4623-b9a6-f4ab6df819d7","method":"POST","path":"/api/v1/contents/b9923a2e-8a47-43cc-b228-5f16dc0be6ed/submit-review","status":409,"duration_ms":2}
✔ 开始制作保存估时，取消保留理由和版本历史且不能再提审 (19.236458ms)
{"event":"http.request","request_id":"6b7994c6-8791-4228-ac8c-3958a0061ca6","method":"POST","path":"/api/v1/uploads","status":201,"duration_ms":4}
{"event":"http.request","request_id":"33732dc7-e12b-45c6-a5d7-e6837625fa1b","method":"POST","path":"/api/v1/uploads/8b4df420-f57e-4570-9355-92fe84972d94/parts","status":200,"duration_ms":4}
{"event":"http.request","request_id":"a53bd3e1-5a7c-4990-a841-46aa0619339e","method":"PUT","path":"/api/v1/uploads/8b4df420-f57e-4570-9355-92fe84972d94/parts/1","status":200,"duration_ms":4}
{"event":"http.request","request_id":"c1445779-eef3-48ea-bf86-30ef1bc13dfd","method":"POST","path":"/api/v1/uploads/8b4df420-f57e-4570-9355-92fe84972d94/complete","status":200,"duration_ms":8}
{"event":"http.request","request_id":"a20bef03-2926-47b4-b72e-b09bc97ea1eb","method":"POST","path":"/api/v1/contents","status":201,"duration_ms":5}
{"event":"http.request","request_id":"42bea4d8-b4af-4dac-acb2-2e8758666212","method":"POST","path":"/api/v1/contents/7ac6c950-e400-4a76-b42a-9f1852900dcd/revisions","status":201,"duration_ms":6}
{"event":"http.request","request_id":"903b4b89-38ed-4dfe-94b1-9166b16005ea","method":"POST","path":"/api/v1/contents/7ac6c950-e400-4a76-b42a-9f1852900dcd/submit-review","status":201,"duration_ms":4}
{"event":"http.request","request_id":"b189af2c-5325-4416-aef2-d79933050114","method":"POST","path":"/api/v1/reviews/ab88a34c-903b-487c-b6b1-db6510a135c7/decide","status":200,"duration_ms":4}
{"event":"http.request","request_id":"b85f99f0-2246-4d9b-a073-6ff5e9be6405","method":"GET","path":"/api/v1/contents/7ac6c950-e400-4a76-b42a-9f1852900dcd","status":200,"duration_ms":2}
{"event":"http.request","request_id":"f71b64ca-0975-4d58-b45e-9bd7f2796bed","method":"POST","path":"/api/v1/contents/7ac6c950-e400-4a76-b42a-9f1852900dcd/export-package","status":202,"duration_ms":6}
{"event":"http.request","request_id":"8ea9b69d-3aff-40f5-ba56-47353eb002dc","method":"GET","path":"/api/v1/export-packages/4096188f-4927-48f0-a9dc-569aac7ef0ad","status":200,"duration_ms":2}
{"event":"job.claimed","job_id":"f48381bc-8a30-44a0-8d6d-b884fd0f5df1","request_id":"f71b64ca-0975-4d58-b45e-9bd7f2796bed","pool":"general","attempt":1}
{"event":"http.request","request_id":"5c1a84d5-f61b-418e-bc71-701bd0942b01","method":"GET","path":"/api/v1/export-packages/4096188f-4927-48f0-a9dc-569aac7ef0ad","status":200,"duration_ms":3}
{"event":"http.request","request_id":"5584c475-4603-4ee4-b09d-c20fa6c8f62c","method":"GET","path":"/api/v1/export-packages/4096188f-4927-48f0-a9dc-569aac7ef0ad/download","status":200,"duration_ms":18}
{"event":"http.request","request_id":"a118a999-6716-4c20-a9b7-928dcb5e490d","method":"POST","path":"/api/v1/contents/7ac6c950-e400-4a76-b42a-9f1852900dcd/revisions","status":201,"duration_ms":9}
{"event":"http.request","request_id":"6738c7ab-b869-4273-9ecd-58ec63a2284b","method":"GET","path":"/api/v1/export-packages/4096188f-4927-48f0-a9dc-569aac7ef0ad/download","status":409,"duration_ms":3}
{"event":"http.request","request_id":"6d729aed-b5cf-4532-9aa5-52ff9fd96425","method":"GET","path":"/api/v1/files/61ef6e63-8e1c-4871-bd27-e688cde13f05/download","status":409,"duration_ms":4}
✔ 发布包异步打包批准版本，下载PNG原件、页序和文案与批准内容一致 (1124.603917ms)
{"event":"http.request","request_id":"dc7ff52b-b8d7-409d-b6a4-13b7a7adc80a","method":"POST","path":"/api/v1/uploads","status":201,"duration_ms":8}
{"event":"http.request","request_id":"096f2902-fdd7-46f8-b48b-ec260716560a","method":"POST","path":"/api/v1/uploads/3c65fcba-8b4d-44aa-a064-6d686b7fa8bb/parts","status":200,"duration_ms":5}
{"event":"http.request","request_id":"55f1c7e1-e60b-4a3d-abe3-8f68da1c043f","method":"PUT","path":"/api/v1/uploads/3c65fcba-8b4d-44aa-a064-6d686b7fa8bb/parts/1","status":200,"duration_ms":6}
{"event":"http.request","request_id":"f1ec5ef5-3d95-4e5f-91b1-672fcb60c888","method":"POST","path":"/api/v1/uploads/3c65fcba-8b4d-44aa-a064-6d686b7fa8bb/complete","status":200,"duration_ms":10}
{"event":"http.request","request_id":"744babe4-65bc-44ea-ba26-1393c68eb7b7","method":"POST","path":"/api/v1/contents","status":201,"duration_ms":6}
{"event":"http.request","request_id":"019a8673-4be2-4133-832d-0e55f1c2dce9","method":"POST","path":"/api/v1/contents/151b58b0-bcc7-42ad-b7fc-ea9e387b14ba/revisions","status":201,"duration_ms":7}
{"event":"http.request","request_id":"8a1f8c8f-a8be-41e2-80e5-d20439ddcf38","method":"POST","path":"/api/v1/contents/151b58b0-bcc7-42ad-b7fc-ea9e387b14ba/submit-review","status":201,"duration_ms":6}
{"event":"http.request","request_id":"836d00d3-c3ea-476a-8193-28032ea71a8a","method":"POST","path":"/api/v1/reviews/b9c306c5-2c26-4e48-8939-41d897790f44/decide","status":200,"duration_ms":6}
{"event":"http.request","request_id":"a0adcf68-093c-4135-984b-adbe6b3ec76a","method":"GET","path":"/api/v1/contents/151b58b0-bcc7-42ad-b7fc-ea9e387b14ba","status":200,"duration_ms":3}
{"event":"http.request","request_id":"7a1e745b-150c-4fcb-b60a-7aa44dc386e8","method":"POST","path":"/api/v1/publication-drafts","status":201,"duration_ms":12}
{"event":"http.request","request_id":"560512da-4361-449f-b49d-7a5c84076b1a","method":"GET","path":"/api/v1/contents/151b58b0-bcc7-42ad-b7fc-ea9e387b14ba","status":200,"duration_ms":5}
{"event":"http.request","request_id":"481cc06c-96b3-46b2-a224-2fc72fcedeb7","method":"POST","path":"/api/v1/publications","status":422,"duration_ms":4}
{"event":"http.request","request_id":"6e35f0e2-6063-43eb-b484-f13861e49275","method":"POST","path":"/api/v1/publications","status":422,"duration_ms":4}
{"event":"http.request","request_id":"281fea86-1438-4b9d-a29b-2e281685b64a","method":"POST","path":"/api/v1/publications","status":201,"duration_ms":6}
{"event":"http.request","request_id":"d0f760bd-aa0d-4510-bcc8-c3b8476ec596","method":"GET","path":"/api/v1/contents/151b58b0-bcc7-42ad-b7fc-ea9e387b14ba","status":200,"duration_ms":3}
{"event":"http.request","request_id":"fb197e26-4abf-424b-b3f1-4d50ba6a4c83","method":"POST","path":"/api/v1/uploads","status":201,"duration_ms":5}
{"event":"http.request","request_id":"be7ced30-8376-41d7-8354-bea9a6515338","method":"POST","path":"/api/v1/uploads/1b9e2446-ebbb-4ebe-994d-2f25fc25a37b/parts","status":200,"duration_ms":3}
{"event":"http.request","request_id":"d91660e9-ce10-4635-ad6f-978535084401","method":"PUT","path":"/api/v1/uploads/1b9e2446-ebbb-4ebe-994d-2f25fc25a37b/parts/1","status":200,"duration_ms":4}
{"event":"http.request","request_id":"43d14864-5ff7-43c6-8bce-72809f6359a6","method":"POST","path":"/api/v1/uploads/1b9e2446-ebbb-4ebe-994d-2f25fc25a37b/complete","status":200,"duration_ms":8}
{"event":"http.request","request_id":"2193c6d9-7ce7-4e26-bcc2-0ef2e2658e76","method":"POST","path":"/api/v1/contents","status":201,"duration_ms":4}
{"event":"http.request","request_id":"f6693f40-727f-4fd0-8834-0c8d79388112","method":"POST","path":"/api/v1/contents/61d39e4d-37d6-4721-91b7-d69dbaaf764c/revisions","status":201,"duration_ms":5}
{"event":"http.request","request_id":"487898c0-2585-462a-b27c-9fbbacdd6a8f","method":"POST","path":"/api/v1/contents/61d39e4d-37d6-4721-91b7-d69dbaaf764c/submit-review","status":201,"duration_ms":4}
{"event":"http.request","request_id":"1d680fa3-ab61-433f-9a2a-c2d048c7083a","method":"POST","path":"/api/v1/reviews/d30b5b37-9999-4974-b46b-95f7f5d063a4/decide","status":200,"duration_ms":4}
{"event":"http.request","request_id":"62f51387-2a59-4db5-a4a5-9eb0dcf4565d","method":"GET","path":"/api/v1/contents/61d39e4d-37d6-4721-91b7-d69dbaaf764c","status":200,"duration_ms":2}
{"event":"http.request","request_id":"00955785-0fe2-4a1b-99fa-f257676b5ce6","method":"POST","path":"/api/v1/publications","status":409,"duration_ms":4}
✖ 缺笔记ID暂存不算发布，正式登记锁定批准版本、账号和唯一笔记并持久回收事件 (166.525666ms)
ℹ tests 12
ℹ suites 0
ℹ pass 11
ℹ fail 1
ℹ cancelled 0
ℹ skipped 0
ℹ todo 0
ℹ duration_ms 2895.666292

✖ failing tests:

test at tests/production.test.ts:2:22495
✖ 缺笔记ID暂存不算发布，正式登记锁定批准版本、账号和唯一笔记并持久回收事件 (166.525666ms)
  AssertionError [ERR_ASSERTION]: Expected values to be strictly equal:
  
  1 !== 0
  
      at TestContext.<anonymous> (/Users/junlong/projects/social-mdeida-ops-platform/tests/production.test.ts:137:9)
      at process.processTicksAndRejections (node:internal/process/task_queues:104:5)
      at async Test.run (node:internal/test_runner/test:1125:7)
      at async Test.processPendingSubtests (node:internal/test_runner/test:787:7) {
    generatedMessage: true,
    code: 'ERR_ASSERTION',
    actual: 1,
    expected: 0,
    operator: 'strictEqual',
    diff: 'simple'
  }
