{"event":"http.request","request_id":"b549578b-dfa6-4d20-b52b-d1a4fcf3e7db","method":"GET","path":"/api/v1/auth/csrf","status":200,"duration_ms":6}
{"event":"http.request","request_id":"6cafd12d-c7e2-449d-9881-4e7987e4fe37","method":"POST","path":"/api/v1/setup","status":201,"duration_ms":33}
{"event":"http.request","request_id":"9876e496-67d7-4933-9583-96eeb90b4e25","method":"GET","path":"/api/v1/auth/csrf","status":200,"duration_ms":3}
{"event":"http.request","request_id":"ca42ef25-b0e6-4d82-8c2f-959dd2d7460b","method":"POST","path":"/api/v1/auth/login","status":200,"duration_ms":26}
{"event":"http.request","request_id":"9970dcc3-018c-499e-904f-27fd3146e886","method":"GET","path":"/api/v1/me","status":200,"duration_ms":69}
{"event":"http.request","request_id":"079df246-563d-4219-95cf-c4f127bbc515","method":"POST","path":"/api/v1/accounts","status":201,"duration_ms":11}
{"event":"http.request","request_id":"3b940713-1f13-416c-83e2-fdaedab93513","method":"POST","path":"/api/v1/contents","status":201,"duration_ms":12}
{"event":"http.request","request_id":"593ecc50-d55b-456c-8e2b-367ef08176b3","method":"GET","path":"/api/v1/contents/87ce1d2d-84f8-4e15-8a5c-213e978267bb","status":200,"duration_ms":4}
{"event":"http.request","request_id":"cc7aeafb-0c73-4b8d-9a3b-17a19246ca11","method":"POST","path":"/api/v1/contents/87ce1d2d-84f8-4e15-8a5c-213e978267bb/revisions","status":201,"duration_ms":8}
{"event":"http.request","request_id":"47a94b85-bab8-454f-8b6c-7f2ffbdc1309","method":"GET","path":"/api/v1/contents/87ce1d2d-84f8-4e15-8a5c-213e978267bb","status":200,"duration_ms":3}
✔ 人工新建图文后保存逐页文案，再从详情恢复原始快照 (391.457792ms)
{"event":"http.request","request_id":"362a95b9-eb68-4ff3-b5df-648e1a96b32f","method":"POST","path":"/api/v1/contents","status":201,"duration_ms":6}
{"event":"http.request","request_id":"d87d5719-8fde-4b56-a0f5-dd80c676189a","method":"POST","path":"/api/v1/contents/e71f1421-d2ca-4e4e-8aff-22fa7c3e6e55/revisions","status":201,"duration_ms":6}
{"event":"http.request","request_id":"4e381d3c-71fc-4f70-b44e-0bc254780bbb","method":"POST","path":"/api/v1/contents/e71f1421-d2ca-4e4e-8aff-22fa7c3e6e55/revisions","status":409,"duration_ms":9}
{"event":"http.request","request_id":"0acacef7-859d-4e0d-bc17-a234442d18b8","method":"GET","path":"/api/v1/contents/e71f1421-d2ca-4e4e-8aff-22fa7c3e6e55","status":200,"duration_ms":3}
{"event":"http.request","request_id":"ade28ae5-160a-4ba7-ad5a-d99b2b887214","method":"POST","path":"/api/v1/contents/e71f1421-d2ca-4e4e-8aff-22fa7c3e6e55/restore","status":201,"duration_ms":8}
{"event":"http.request","request_id":"c0e35a3d-d76d-4caf-b951-edb3c8491be5","method":"GET","path":"/api/v1/contents/e71f1421-d2ca-4e4e-8aff-22fa7c3e6e55","status":200,"duration_ms":3}
✔ 同一基础版本并发保存只有一个成功，恢复历史版本产生新快照 (37.45875ms)
{"event":"http.request","request_id":"63d0f886-d9be-4a5f-8774-e00c19d8d392","method":"POST","path":"/api/v1/members","status":201,"duration_ms":23}
{"event":"http.request","request_id":"ec131ca3-2f41-4177-a1c6-191ededf81c6","method":"GET","path":"/api/v1/auth/csrf","status":200,"duration_ms":1}
{"event":"http.request","request_id":"2ad697b8-8143-4b05-8b99-8c63ef3f004d","method":"POST","path":"/api/v1/auth/accept-invite","status":200,"duration_ms":19}
{"event":"http.request","request_id":"92723024-8363-492c-a6b9-f07f25714954","method":"GET","path":"/api/v1/auth/csrf","status":200,"duration_ms":0}
{"event":"http.request","request_id":"b9da6493-6198-41e4-84c5-723d4d3673d7","method":"POST","path":"/api/v1/auth/login","status":200,"duration_ms":18}
{"event":"http.request","request_id":"3ec59e11-3226-4c07-b5ea-fd637879f51f","method":"POST","path":"/api/v1/members","status":201,"duration_ms":24}
{"event":"http.request","request_id":"12a87067-1629-49ec-b0a0-e323af4b7787","method":"GET","path":"/api/v1/auth/csrf","status":200,"duration_ms":1}
{"event":"http.request","request_id":"3caedd7e-363e-47e2-a7f2-4aebd666f664","method":"POST","path":"/api/v1/auth/accept-invite","status":200,"duration_ms":20}
{"event":"http.request","request_id":"911074c8-be71-4a16-9d3b-9aed80d0ac2e","method":"GET","path":"/api/v1/auth/csrf","status":200,"duration_ms":1}
{"event":"http.request","request_id":"9d8981fb-f7ae-4e7d-8a0c-e7c2358f5aca","method":"POST","path":"/api/v1/auth/login","status":200,"duration_ms":20}
{"event":"http.request","request_id":"c10981fe-b158-4574-9f18-9f3fd29ca4ee","method":"POST","path":"/api/v1/contents","status":201,"duration_ms":5}
{"event":"http.request","request_id":"48525c10-42b6-4dde-add5-bc71dc8326d8","method":"POST","path":"/api/v1/contents/08ebb65f-1ecd-4928-bb5a-ec01822f843c/revisions","status":403,"duration_ms":4}
{"event":"http.request","request_id":"f4e96378-171c-409f-909c-8bdf538fd97a","method":"POST","path":"/api/v1/contents/08ebb65f-1ecd-4928-bb5a-ec01822f843c/revisions","status":403,"duration_ms":3}
{"event":"http.request","request_id":"dc834de4-b62a-4dfd-9200-f10308cf7efa","method":"POST","path":"/api/v1/contents/08ebb65f-1ecd-4928-bb5a-ec01822f843c/revisions","status":201,"duration_ms":5}
✔ 运营只能修改发布文案，不能改逐页制作内容；只读不能保存 (160.7305ms)
{"event":"http.request","request_id":"560ab784-dd66-42ba-b2ea-982eee5b428e","method":"POST","path":"/api/v1/contents","status":201,"duration_ms":6}
{"event":"http.request","request_id":"d56233b2-bf8b-43d0-afce-35b6ab2e195d","method":"POST","path":"/api/v1/contents/08467337-90fa-48a7-a43d-bbb55610be41/revisions","status":422,"duration_ms":8}
{"event":"http.request","request_id":"31c40338-fc11-4f41-a537-504ea9a9e1ea","method":"POST","path":"/api/v1/uploads","status":201,"duration_ms":9}
{"event":"http.request","request_id":"d896cbda-e4c8-4963-ab31-e733fbe8c376","method":"POST","path":"/api/v1/uploads/e518a14b-a741-4935-ab66-e9aa9d80bf60/parts","status":200,"duration_ms":4}
{"event":"http.request","request_id":"06e742c8-d929-4828-aeea-456342afc35d","method":"PUT","path":"/api/v1/uploads/e518a14b-a741-4935-ab66-e9aa9d80bf60/parts/1","status":200,"duration_ms":5}
{"event":"http.request","request_id":"397b5421-37fa-4b49-948a-d9742e583360","method":"POST","path":"/api/v1/uploads/e518a14b-a741-4935-ab66-e9aa9d80bf60/complete","status":200,"duration_ms":9}
{"event":"http.request","request_id":"3ba2d0b2-af86-4a3d-85fe-36b6733ab34d","method":"POST","path":"/api/v1/contents/08467337-90fa-48a7-a43d-bbb55610be41/revisions","status":422,"duration_ms":4}
{"event":"http.request","request_id":"e290202f-608e-4e61-8220-0b14fcf74f3e","method":"POST","path":"/api/v1/uploads","status":201,"duration_ms":6}
{"event":"http.request","request_id":"76120c31-5429-425f-8aa9-7f7159fd2fda","method":"POST","path":"/api/v1/uploads/cb31f8a4-58d4-4625-9985-88e589a815e3/parts","status":200,"duration_ms":3}
{"event":"http.request","request_id":"f7209a68-00fe-4cc6-94ee-647c2bcc63d0","method":"PUT","path":"/api/v1/uploads/cb31f8a4-58d4-4625-9985-88e589a815e3/parts/1","status":200,"duration_ms":5}
{"event":"http.request","request_id":"39e6db8b-6f42-40b4-ad4d-1455f31f2ded","method":"POST","path":"/api/v1/uploads/cb31f8a4-58d4-4625-9985-88e589a815e3/complete","status":200,"duration_ms":8}
{"event":"http.request","request_id":"c65d25f9-1cdd-4b4f-a78b-9b6620d8d9b7","method":"POST","path":"/api/v1/contents/08467337-90fa-48a7-a43d-bbb55610be41/revisions","status":201,"duration_ms":5}
{"event":"http.request","request_id":"f4c5a7ce-4b7c-4ae4-af18-268bdfa49ee1","method":"GET","path":"/api/v1/contents/08467337-90fa-48a7-a43d-bbb55610be41","status":200,"duration_ms":2}
✔ 图文成品只关联同空间已上传PNG原件，无效文件和PDF不能保存为发布图片 (104.266208ms)
{"event":"http.request","request_id":"5ef07922-2100-4843-b52d-25f299f75c8e","method":"POST","path":"/api/v1/contents","status":201,"duration_ms":5}
{"event":"http.request","request_id":"ee56f9c9-4183-438b-96a6-79fec3d2def0","method":"PATCH","path":"/api/v1/contents/2e13365d-5abb-4879-ad24-b04cf0e6c46a","status":200,"duration_ms":4}
{"event":"http.request","request_id":"2dbaed69-8b08-4c00-92d3-150e535b4b59","method":"GET","path":"/api/v1/contents","status":200,"duration_ms":3}
{"event":"http.request","request_id":"c1e9f95c-da02-4faf-bb5c-c6897deaa08d","method":"GET","path":"/api/v1/contents","status":200,"duration_ms":2}
{"event":"http.request","request_id":"20097ce6-0abe-4b04-9499-9ecf7bc680d2","method":"GET","path":"/api/v1/contents","status":422,"duration_ms":1}
✔ 内容列表按形式、状态、负责人和计划时间过滤，非法筛选拒绝 (22.8995ms)
{"event":"http.request","request_id":"4626e45d-f6c9-40fa-b277-4c59bb0abbdd","method":"POST","path":"/api/v1/contents","status":201,"duration_ms":5}
{"event":"http.request","request_id":"c8444ccc-e337-456b-93b5-571405efb10c","method":"POST","path":"/api/v1/contents/d324b2c2-88ca-4cdd-8bef-f4943fbdfce6/submit-review","status":422,"duration_ms":3}
{"event":"http.request","request_id":"35ec8ab6-c8b5-4037-bb2b-1d6c6d32b833","method":"POST","path":"/api/v1/uploads","status":201,"duration_ms":6}
{"event":"http.request","request_id":"b9be5d26-2fd5-4287-9dc2-99499482d10d","method":"POST","path":"/api/v1/uploads/3fa107ef-28d8-4a08-be0c-ec45685ec284/parts","status":200,"duration_ms":3}
{"event":"http.request","request_id":"d0731e38-deae-4fbf-8de5-bc43e2cb60ff","method":"PUT","path":"/api/v1/uploads/3fa107ef-28d8-4a08-be0c-ec45685ec284/parts/1","status":200,"duration_ms":4}
{"event":"http.request","request_id":"35210f64-4dfa-43b3-8ff1-c8c00a4f10f4","method":"POST","path":"/api/v1/uploads/3fa107ef-28d8-4a08-be0c-ec45685ec284/complete","status":200,"duration_ms":8}
{"event":"http.request","request_id":"b5f4edaf-ff16-4697-8cbb-8cd87cd9d775","method":"POST","path":"/api/v1/contents","status":201,"duration_ms":5}
{"event":"http.request","request_id":"05157313-74ea-46cc-8cfa-fdfe2b4a22c8","method":"POST","path":"/api/v1/contents/4aed7a46-1aff-493b-96ec-ef52136d38de/revisions","status":201,"duration_ms":6}
{"event":"http.request","request_id":"a28c3f53-5fb2-43d0-a7c4-7ad2363e67df","method":"POST","path":"/api/v1/contents/4aed7a46-1aff-493b-96ec-ef52136d38de/submit-review","status":201,"duration_ms":5}
{"event":"http.request","request_id":"6fc1af80-be4e-4a54-b32c-311aba7521f5","method":"GET","path":"/api/v1/contents/4aed7a46-1aff-493b-96ec-ef52136d38de","status":200,"duration_ms":3}
{"event":"http.request","request_id":"ceaf8586-41e5-4e41-ae1f-fae20c0e2fac","method":"POST","path":"/api/v1/reviews/1a725b94-112f-4853-8b1b-1d9528d41174/decide","status":200,"duration_ms":11}
{"event":"http.request","request_id":"5019bf77-36f2-4651-9a1e-2235a048d93d","method":"GET","path":"/api/v1/contents/4aed7a46-1aff-493b-96ec-ef52136d38de","status":200,"duration_ms":2}
✔ 提交审核拒绝缺失成品，完整PNG图文冻结并由有权成员显式批准 (169.085291ms)
{"event":"http.request","request_id":"2e8a48b3-2b94-44fc-8cb7-fef97eeda128","method":"POST","path":"/api/v1/uploads","status":201,"duration_ms":5}
{"event":"http.request","request_id":"fcd823f0-d4e5-4987-9d13-81ba647296d9","method":"POST","path":"/api/v1/uploads/410bed4c-7888-43ed-9767-43427f21e22f/parts","status":200,"duration_ms":3}
{"event":"http.request","request_id":"411921fe-6ce3-4be6-9ebd-ebe8f73f0fb8","method":"PUT","path":"/api/v1/uploads/410bed4c-7888-43ed-9767-43427f21e22f/parts/1","status":200,"duration_ms":5}
{"event":"http.request","request_id":"575b8207-8525-42a8-8ab7-89feb99c13d0","method":"POST","path":"/api/v1/uploads/410bed4c-7888-43ed-9767-43427f21e22f/complete","status":200,"duration_ms":8}
{"event":"http.request","request_id":"3d71ee2b-d7db-4df3-9131-2ff9c3a59383","method":"POST","path":"/api/v1/contents","status":201,"duration_ms":8}
{"event":"http.request","request_id":"e900a7c7-c93d-4d94-a20b-afca13002043","method":"POST","path":"/api/v1/contents/b31384bf-a511-476c-8922-5b7661cbfc3c/revisions","status":201,"duration_ms":5}
{"event":"http.request","request_id":"e8437aec-cd6f-40a0-b1cb-621b6d8102eb","method":"POST","path":"/api/v1/contents/b31384bf-a511-476c-8922-5b7661cbfc3c/submit-review","status":201,"duration_ms":5}
{"event":"http.request","request_id":"fafbfbbc-5d7a-4cdd-87f5-90e01c3fd6a5","method":"GET","path":"/api/v1/contents/b31384bf-a511-476c-8922-5b7661cbfc3c","status":200,"duration_ms":2}
{"event":"http.request","request_id":"53aca9c1-e7c7-4573-9793-e52fb32a1f12","method":"POST","path":"/api/v1/contents/b31384bf-a511-476c-8922-5b7661cbfc3c/revisions","status":409,"duration_ms":2}
{"event":"http.request","request_id":"6875a326-6aa1-4889-9b6f-2909d15604dc","method":"POST","path":"/api/v1/reviews/adcf82e9-53a7-4843-8502-0a4ef0ea2381/withdraw","status":200,"duration_ms":5}
{"event":"http.request","request_id":"55944f57-36f0-4b65-9afb-07d64cdfed7d","method":"GET","path":"/api/v1/contents/b31384bf-a511-476c-8922-5b7661cbfc3c","status":200,"duration_ms":2}
{"event":"http.request","request_id":"bce9872e-edb6-4c2d-b398-7d9e6a1995b4","method":"POST","path":"/api/v1/contents/b31384bf-a511-476c-8922-5b7661cbfc3c/submit-review","status":201,"duration_ms":5}
{"event":"http.request","request_id":"a88294a4-3c82-44bd-bc5a-8ff2fb7953b8","method":"POST","path":"/api/v1/reviews/2f99f9ab-e6ca-4504-8a82-a62d7014325e/decide","status":200,"duration_ms":6}
{"event":"http.request","request_id":"130ee060-93ce-4ef8-a425-463aee1db145","method":"GET","path":"/api/v1/contents/b31384bf-a511-476c-8922-5b7661cbfc3c","status":200,"duration_ms":2}
{"event":"http.request","request_id":"7d3804f4-c9d0-4b75-b819-68cf324da558","method":"POST","path":"/api/v1/contents/b31384bf-a511-476c-8922-5b7661cbfc3c/submit-review","status":201,"duration_ms":5}
{"event":"http.request","request_id":"60a512c2-e9e8-4d36-a975-e7873831e67e","method":"POST","path":"/api/v1/reviews/813f3fde-8d9e-4726-825a-3642d61f14e0/decide","status":200,"duration_ms":5}
{"event":"http.request","request_id":"1c9a0399-a8ac-4049-923f-52baa466bcc4","method":"GET","path":"/api/v1/contents/b31384bf-a511-476c-8922-5b7661cbfc3c","status":200,"duration_ms":3}
{"event":"http.request","request_id":"cd0cee41-9b60-419e-9df5-d9d7dfeabe4d","method":"PATCH","path":"/api/v1/contents/b31384bf-a511-476c-8922-5b7661cbfc3c","status":200,"duration_ms":4}
{"event":"http.request","request_id":"f4dfd299-7267-4c55-b4e3-d6c2468dd172","method":"GET","path":"/api/v1/contents/b31384bf-a511-476c-8922-5b7661cbfc3c","status":200,"duration_ms":2}
{"event":"http.request","request_id":"0a5789d3-0c21-4d7d-81da-baf5dd1e0a7e","method":"POST","path":"/api/v1/contents/b31384bf-a511-476c-8922-5b7661cbfc3c/revisions","status":201,"duration_ms":5}
{"event":"http.request","request_id":"b1553393-5476-46c6-8dd4-3ad1ab33e434","method":"GET","path":"/api/v1/contents/b31384bf-a511-476c-8922-5b7661cbfc3c","status":200,"duration_ms":2}
✔ 审核中禁止编辑，撤回和退回派生新稿；批准后改载荷重审，内部备注不使批准失效 (101.734209ms)
{"event":"http.request","request_id":"8339224b-62cc-492f-b2f7-7ddefcc023f8","method":"POST","path":"/api/v1/members","status":201,"duration_ms":23}
{"event":"http.request","request_id":"831f1744-8123-464c-8f32-7a4fe08045b5","method":"GET","path":"/api/v1/auth/csrf","status":200,"duration_ms":1}
{"event":"http.request","request_id":"6fbe00da-42b5-459a-92c1-92f45ee0bb40","method":"POST","path":"/api/v1/auth/accept-invite","status":200,"duration_ms":19}
{"event":"http.request","request_id":"d309141e-7264-4fe5-925a-b66ea0c95885","method":"GET","path":"/api/v1/auth/csrf","status":200,"duration_ms":1}
{"event":"http.request","request_id":"68d5e926-0c82-44cb-ba46-83061dbcb160","method":"POST","path":"/api/v1/auth/login","status":200,"duration_ms":19}
{"event":"http.request","request_id":"7ac5a716-59dc-43f6-80b0-d58aa28deeba","method":"POST","path":"/api/v1/uploads","status":201,"duration_ms":4}
{"event":"http.request","request_id":"246e0c54-645b-4e7f-981f-6a2fb3b61a3b","method":"POST","path":"/api/v1/uploads/b3e47582-1aef-4378-8ead-bf1b31922152/parts","status":200,"duration_ms":3}
{"event":"http.request","request_id":"1b6152c6-818c-4171-94f0-4b4c1c75cfce","method":"PUT","path":"/api/v1/uploads/b3e47582-1aef-4378-8ead-bf1b31922152/parts/1","status":200,"duration_ms":4}
{"event":"http.request","request_id":"2aed3803-127a-4a36-8481-e4a6a5c74482","method":"POST","path":"/api/v1/uploads/b3e47582-1aef-4378-8ead-bf1b31922152/complete","status":200,"duration_ms":7}
{"event":"http.request","request_id":"a5f5be0e-41ff-4c62-b8c2-8f011cf78b9c","method":"POST","path":"/api/v1/contents","status":201,"duration_ms":4}
{"event":"http.request","request_id":"cc5586d1-892c-4449-a1e3-c9cd55954c73","method":"POST","path":"/api/v1/contents/d1ac5454-9191-457e-b9df-23a6625b8e8d/revisions","status":201,"duration_ms":6}
{"event":"http.request","request_id":"eef1df1f-1a37-4626-9e94-0b6627ed3b27","method":"POST","path":"/api/v1/contents/d1ac5454-9191-457e-b9df-23a6625b8e8d/submit-review","status":201,"duration_ms":4}
{"event":"http.request","request_id":"daba26b1-8f94-4c6d-8919-e7db8adf5d33","method":"POST","path":"/api/v1/reviews/a7ee9a31-a00d-49cb-acff-0ed7a69ffd47/decide","status":403,"duration_ms":2}
{"event":"http.request","request_id":"a61a4765-8a09-4cbd-82a6-82e650e0b14a","method":"POST","path":"/api/v1/reviews/a7ee9a31-a00d-49cb-acff-0ed7a69ffd47/decide","status":200,"duration_ms":5}
{"event":"http.request","request_id":"202d3137-4aec-49d7-b2a8-32c10a51fde7","method":"POST","path":"/api/v1/reviews/a7ee9a31-a00d-49cb-acff-0ed7a69ffd47/withdraw","status":409,"duration_ms":6}
✔ 制作角色不能批准，批准与撤回并发只有一个事务成功 (113.729083ms)
{"event":"http.request","request_id":"b8cc580e-a0a1-47df-aa8e-c6aa42413b3c","method":"POST","path":"/api/v1/uploads","status":201,"duration_ms":5}
{"event":"http.request","request_id":"06429098-4850-459f-b330-ab1b6dee7df3","method":"POST","path":"/api/v1/uploads/3577b831-2df6-41bc-a180-4d8a6d553675/parts","status":200,"duration_ms":3}
{"event":"http.request","request_id":"2a80aa09-3597-4801-9e68-c3055667fa45","method":"PUT","path":"/api/v1/uploads/3577b831-2df6-41bc-a180-4d8a6d553675/parts/1","status":200,"duration_ms":4}
{"event":"http.request","request_id":"dd2eb717-e573-468c-82f9-0797656ef184","method":"POST","path":"/api/v1/uploads/3577b831-2df6-41bc-a180-4d8a6d553675/complete","status":200,"duration_ms":9}
{"event":"http.request","request_id":"10f32593-e400-42cd-b1e2-58574c2e7324","method":"POST","path":"/api/v1/contents","status":201,"duration_ms":5}
{"event":"http.request","request_id":"44253244-a8da-44cb-88bf-476142febc27","method":"POST","path":"/api/v1/contents/c1e70227-f8c2-49f7-9502-c865610d6ad0/revisions","status":201,"duration_ms":5}
{"event":"http.request","request_id":"b97e4d84-276d-4e5d-a19b-59979333ab9a","method":"POST","path":"/api/v1/assets","status":201,"duration_ms":5}
{"event":"http.request","request_id":"c3144099-9395-45ba-b784-809c2246176e","method":"POST","path":"/api/v1/assets/8c13e21a-da9e-411e-865c-11aa35db9b00/confirm","status":200,"duration_ms":5}
{"event":"http.request","request_id":"94d454a0-cea9-43cf-b49d-07b7b58dd5d0","method":"POST","path":"/api/v1/contents/c1e70227-f8c2-49f7-9502-c865610d6ad0/revisions","status":201,"duration_ms":6}
{"event":"http.request","request_id":"bf29ed92-5356-42ab-aae0-ada6aa747d12","method":"POST","path":"/api/v1/contents/c1e70227-f8c2-49f7-9502-c865610d6ad0/submit-review","status":201,"duration_ms":5}
{"event":"http.request","request_id":"522beea9-3c1c-4ed3-b98f-448020801df8","method":"POST","path":"/api/v1/assets/8c13e21a-da9e-411e-865c-11aa35db9b00/retire","status":200,"duration_ms":4}
{"event":"http.request","request_id":"103b530d-e646-4101-9e40-537461c1faa7","method":"POST","path":"/api/v1/reviews/4756af42-5014-4f05-8386-6e6d0e70e97a/decide","status":422,"duration_ms":4}
{"event":"http.request","request_id":"b1472118-8482-4611-9a75-0e4055996335","method":"POST","path":"/api/v1/reviews/4756af42-5014-4f05-8386-6e6d0e70e97a/withdraw","status":200,"duration_ms":6}
{"event":"http.request","request_id":"8cb4c34e-bb2b-4e9d-abf9-7e90e19ad517","method":"GET","path":"/api/v1/contents/c1e70227-f8c2-49f7-9502-c865610d6ad0","status":200,"duration_ms":3}
{"event":"http.request","request_id":"d55d246b-9a69-46f1-bd85-ae92ff1bafc4","method":"POST","path":"/api/v1/contents/c1e70227-f8c2-49f7-9502-c865610d6ad0/revisions","status":201,"duration_ms":5}
✔ 素材停用阻止批准但仍能撤回修稿，冻结历史引用保留 (92.470042ms)
{"event":"http.request","request_id":"e5724e70-e851-4853-9bbd-367dda328052","method":"POST","path":"/api/v1/contents","status":201,"duration_ms":5}
{"event":"http.request","request_id":"cc839d6a-2cc3-4f28-bdd2-03d42646f3f9","method":"POST","path":"/api/v1/contents/9e7937c0-74bd-4a20-b2cf-ed0281a6875b/start-production","status":404,"duration_ms":1}
✖ 开始制作保存估时，取消保留理由和版本历史且不能再提审 (8.215708ms)
ℹ tests 10
ℹ suites 0
ℹ pass 9
ℹ fail 1
ℹ cancelled 0
ℹ skipped 0
ℹ todo 0
ℹ duration_ms 1624.153958

✖ failing tests:

test at tests/production.test.ts:2:18926
✖ 开始制作保存估时，取消保留理由和版本历史且不能再提审 (8.215708ms)
  AssertionError [ERR_ASSERTION]: Expected values to be strictly equal:
  
  404 !== 200
  
      at TestContext.<anonymous> (/Users/junlong/projects/social-mdeida-ops-platform/tests/production.test.ts:105:136)
      at process.processTicksAndRejections (node:internal/process/task_queues:104:5)
      at async Test.run (node:internal/test_runner/test:1125:7)
      at async Test.processPendingSubtests (node:internal/test_runner/test:787:7) {
    generatedMessage: true,
    code: 'ERR_ASSERTION',
    actual: 404,
    expected: 200,
    operator: 'strictEqual',
    diff: 'simple'
  }
