{"event":"http.request","request_id":"0cdf1182-6b6e-452f-9656-88230f6c5790","method":"GET","path":"/api/v1/auth/csrf","status":200,"duration_ms":6}
{"event":"http.request","request_id":"45203f1a-a7fd-45a7-b88c-b1936b4d1ea7","method":"POST","path":"/api/v1/setup","status":201,"duration_ms":34}
{"event":"http.request","request_id":"7ce08f08-9a59-4f3d-bb83-b2fa42864cb4","method":"GET","path":"/api/v1/auth/csrf","status":200,"duration_ms":2}
{"event":"http.request","request_id":"151f92ff-5706-4361-a217-b868d103eabf","method":"POST","path":"/api/v1/auth/login","status":200,"duration_ms":24}
{"event":"http.request","request_id":"e423b7e4-4d3a-4cd2-87d4-adb5c14521c6","method":"GET","path":"/api/v1/me","status":200,"duration_ms":76}
{"event":"http.request","request_id":"7fde0f5f-106a-4e44-b635-65b8634211dc","method":"POST","path":"/api/v1/accounts","status":201,"duration_ms":9}
{"event":"http.request","request_id":"185fb8ec-d249-4766-8c70-3fc4485d7adb","method":"POST","path":"/api/v1/contents","status":201,"duration_ms":11}
{"event":"http.request","request_id":"a87bce8b-b230-4611-8962-d6425ea140a8","method":"GET","path":"/api/v1/contents/4bfafcfa-08fb-4e0d-891f-b613be00ce56","status":200,"duration_ms":4}
{"event":"http.request","request_id":"d88ed22a-4568-45a8-8490-22f50daea8ee","method":"POST","path":"/api/v1/contents/4bfafcfa-08fb-4e0d-891f-b613be00ce56/revisions","status":201,"duration_ms":8}
{"event":"http.request","request_id":"b62f6e78-2f2a-4019-92d0-6ca7cf7d35c7","method":"GET","path":"/api/v1/contents/4bfafcfa-08fb-4e0d-891f-b613be00ce56","status":200,"duration_ms":3}
✔ 人工新建图文后保存逐页文案，再从详情恢复原始快照 (396.6005ms)
{"event":"http.request","request_id":"f660e411-d835-4d13-a93c-ee0f9ca765bb","method":"POST","path":"/api/v1/contents","status":201,"duration_ms":6}
{"event":"http.request","request_id":"f80b3492-fbab-4286-81cc-0b0462f8360d","method":"POST","path":"/api/v1/contents/d63cdc46-744f-4912-b42c-0939e5da40cb/revisions","status":201,"duration_ms":6}
{"event":"http.request","request_id":"7064d3ce-117b-4d83-8c6b-6420877648d9","method":"POST","path":"/api/v1/contents/d63cdc46-744f-4912-b42c-0939e5da40cb/revisions","status":409,"duration_ms":10}
{"event":"http.request","request_id":"f634510e-2e16-4dfb-af90-26e3eee8343a","method":"GET","path":"/api/v1/contents/d63cdc46-744f-4912-b42c-0939e5da40cb","status":200,"duration_ms":3}
{"event":"http.request","request_id":"c90b907f-6fdc-43f8-bc19-18bb418e903c","method":"POST","path":"/api/v1/contents/d63cdc46-744f-4912-b42c-0939e5da40cb/restore","status":201,"duration_ms":6}
{"event":"http.request","request_id":"71bc8a3a-cf62-4c85-81ff-11b89ca23ae2","method":"GET","path":"/api/v1/contents/d63cdc46-744f-4912-b42c-0939e5da40cb","status":200,"duration_ms":3}
✔ 同一基础版本并发保存只有一个成功，恢复历史版本产生新快照 (35.865208ms)
{"event":"http.request","request_id":"7c703836-c9a6-46aa-b7ae-a124d5fd36fa","method":"POST","path":"/api/v1/members","status":201,"duration_ms":21}
{"event":"http.request","request_id":"4f4fc25a-3e49-4822-99bf-1528bdd8b5fb","method":"GET","path":"/api/v1/auth/csrf","status":200,"duration_ms":1}
{"event":"http.request","request_id":"2c298bfc-4073-4d3e-a120-4365040d32b2","method":"POST","path":"/api/v1/auth/accept-invite","status":200,"duration_ms":18}
{"event":"http.request","request_id":"04d99080-40f0-4eb5-bfe0-13073a7d59df","method":"GET","path":"/api/v1/auth/csrf","status":200,"duration_ms":1}
{"event":"http.request","request_id":"14f010e9-21fc-4361-afe8-e7822326f8ad","method":"POST","path":"/api/v1/auth/login","status":200,"duration_ms":20}
{"event":"http.request","request_id":"d847326f-c489-4dfd-9904-6be4fc219ea5","method":"POST","path":"/api/v1/members","status":201,"duration_ms":23}
{"event":"http.request","request_id":"4fe0e727-00a2-473e-992b-1335f4b1a25f","method":"GET","path":"/api/v1/auth/csrf","status":200,"duration_ms":1}
{"event":"http.request","request_id":"f66c40e5-f667-48c5-ae72-2d771a1dd8eb","method":"POST","path":"/api/v1/auth/accept-invite","status":200,"duration_ms":19}
{"event":"http.request","request_id":"497c2086-dcd1-4d6a-a772-2b95047bb9a2","method":"GET","path":"/api/v1/auth/csrf","status":200,"duration_ms":4}
{"event":"http.request","request_id":"2bcda242-aa2a-4a9f-9d5e-20b850692ed0","method":"POST","path":"/api/v1/auth/login","status":200,"duration_ms":18}
{"event":"http.request","request_id":"dff8c6ac-cb7d-4202-8e9e-5df2517c20e0","method":"POST","path":"/api/v1/contents","status":201,"duration_ms":5}
{"event":"http.request","request_id":"16344dad-534f-4649-8785-b7819353d95e","method":"POST","path":"/api/v1/contents/d4f4d475-219f-44ac-ae42-aa47f08d109a/revisions","status":403,"duration_ms":3}
{"event":"http.request","request_id":"62855e18-488d-4d35-91f4-5bf1819a8bf6","method":"POST","path":"/api/v1/contents/d4f4d475-219f-44ac-ae42-aa47f08d109a/revisions","status":403,"duration_ms":2}
{"event":"http.request","request_id":"0a1603d5-0f24-4de0-9a3c-6852b277ada1","method":"POST","path":"/api/v1/contents/d4f4d475-219f-44ac-ae42-aa47f08d109a/revisions","status":201,"duration_ms":4}
✔ 运营只能修改发布文案，不能改逐页制作内容；只读不能保存 (154.514667ms)
{"event":"http.request","request_id":"e165cb88-9339-467d-9891-251ee36e1483","method":"POST","path":"/api/v1/contents","status":201,"duration_ms":6}
{"event":"http.request","request_id":"21baa09d-117d-4bfd-a569-f70c36e5c3e2","method":"POST","path":"/api/v1/contents/20c69007-c68f-4a90-abc3-e85da7ed970c/revisions","status":422,"duration_ms":4}
{"event":"http.request","request_id":"d8d2656c-f01b-4a09-b923-eab61a826d42","method":"POST","path":"/api/v1/uploads","status":201,"duration_ms":8}
{"event":"http.request","request_id":"b6ce2500-e0b2-4b98-8d17-98f2fca22f80","method":"POST","path":"/api/v1/uploads/3f1c82d3-67f4-421e-a1d1-1a2fb913d5c3/parts","status":200,"duration_ms":4}
{"event":"http.request","request_id":"ac01e403-031d-4c7b-bbc0-44402c770bff","method":"PUT","path":"/api/v1/uploads/3f1c82d3-67f4-421e-a1d1-1a2fb913d5c3/parts/1","status":200,"duration_ms":6}
{"event":"http.request","request_id":"0f3b43a6-d92e-409f-851f-ac71f0f234ae","method":"POST","path":"/api/v1/uploads/3f1c82d3-67f4-421e-a1d1-1a2fb913d5c3/complete","status":200,"duration_ms":11}
{"event":"http.request","request_id":"5a8ba8e0-dfd4-4c1a-91c0-63ced0b9fc25","method":"POST","path":"/api/v1/contents/20c69007-c68f-4a90-abc3-e85da7ed970c/revisions","status":422,"duration_ms":9}
{"event":"http.request","request_id":"93a22330-eeda-4711-ae12-3a5c6c4876af","method":"POST","path":"/api/v1/uploads","status":201,"duration_ms":7}
{"event":"http.request","request_id":"6b0b2184-3088-4a89-9cbe-eb38bed52651","method":"POST","path":"/api/v1/uploads/edab2151-7b46-4f55-8361-190d9c96b3de/parts","status":200,"duration_ms":4}
{"event":"http.request","request_id":"0c4f2b44-343e-494a-8a35-bb4a78a6a196","method":"PUT","path":"/api/v1/uploads/edab2151-7b46-4f55-8361-190d9c96b3de/parts/1","status":200,"duration_ms":5}
{"event":"http.request","request_id":"a4873661-09b1-45ae-90e4-5d9b79854ad3","method":"POST","path":"/api/v1/uploads/edab2151-7b46-4f55-8361-190d9c96b3de/complete","status":200,"duration_ms":8}
{"event":"http.request","request_id":"e81eb117-7ce1-40c9-8e3e-3c639e273216","method":"POST","path":"/api/v1/contents/20c69007-c68f-4a90-abc3-e85da7ed970c/revisions","status":201,"duration_ms":6}
{"event":"http.request","request_id":"a46d5b1d-1763-4cd4-9602-12e2d0195a28","method":"GET","path":"/api/v1/contents/20c69007-c68f-4a90-abc3-e85da7ed970c","status":200,"duration_ms":3}
✔ 图文成品只关联同空间已上传PNG原件，无效文件和PDF不能保存为发布图片 (108.482292ms)
{"event":"http.request","request_id":"1028a457-7f98-4529-88b6-f8d33145b008","method":"POST","path":"/api/v1/contents","status":201,"duration_ms":4}
{"event":"http.request","request_id":"ee4cca61-1f0e-4f2b-a10e-47b1b965d2e1","method":"PATCH","path":"/api/v1/contents/fe3fe23f-4e8f-4b8f-b188-1a874dbe77ba","status":200,"duration_ms":4}
{"event":"http.request","request_id":"c74c4edc-e6c4-4ae6-a507-b282db84759c","method":"GET","path":"/api/v1/contents","status":200,"duration_ms":2}
{"event":"http.request","request_id":"600a31ed-173e-4076-901e-c6dc8087b003","method":"GET","path":"/api/v1/contents","status":200,"duration_ms":2}
{"event":"http.request","request_id":"22ed200d-7aad-4189-841f-af955c34907e","method":"GET","path":"/api/v1/contents","status":422,"duration_ms":1}
✔ 内容列表按形式、状态、负责人和计划时间过滤，非法筛选拒绝 (22.240791ms)
{"event":"http.request","request_id":"5a3c14c4-42cf-4da7-9321-b95615684c75","method":"POST","path":"/api/v1/contents","status":201,"duration_ms":5}
{"event":"http.request","request_id":"4954e4a8-a576-4e01-bacd-30e9e49d0d94","method":"POST","path":"/api/v1/contents/e2363f82-44e7-4a84-9fda-3962c6aee982/submit-review","status":422,"duration_ms":3}
{"event":"http.request","request_id":"78162fb1-0a3d-4168-8235-cc7bd6c9ece5","method":"POST","path":"/api/v1/uploads","status":201,"duration_ms":5}
{"event":"http.request","request_id":"a5392303-9fde-4b78-bcba-fda421d9c159","method":"POST","path":"/api/v1/uploads/000b2706-9ebc-4cd0-a368-f44e483e0a34/parts","status":200,"duration_ms":3}
{"event":"http.request","request_id":"c0e7e8c1-5573-435f-8675-01f542968d0f","method":"PUT","path":"/api/v1/uploads/000b2706-9ebc-4cd0-a368-f44e483e0a34/parts/1","status":200,"duration_ms":4}
{"event":"http.request","request_id":"af715a58-e4ce-4032-8116-acca6c1125b5","method":"POST","path":"/api/v1/uploads/000b2706-9ebc-4cd0-a368-f44e483e0a34/complete","status":200,"duration_ms":8}
{"event":"http.request","request_id":"5b283bea-2e79-4a62-8ce1-248904a0862c","method":"POST","path":"/api/v1/contents","status":201,"duration_ms":5}
{"event":"http.request","request_id":"13ebdb32-e2b3-4af6-a6ce-7f24b34d5cf6","method":"POST","path":"/api/v1/contents/47be7bf2-dc9a-46b6-8503-eb867ebba8bd/revisions","status":201,"duration_ms":5}
{"event":"http.request","request_id":"9acc4bb6-2fd4-4e67-9d7d-e9c1458fa886","method":"POST","path":"/api/v1/contents/47be7bf2-dc9a-46b6-8503-eb867ebba8bd/submit-review","status":201,"duration_ms":5}
{"event":"http.request","request_id":"1ec28f7a-e105-4978-a516-711be38ecfae","method":"GET","path":"/api/v1/contents/47be7bf2-dc9a-46b6-8503-eb867ebba8bd","status":200,"duration_ms":2}
{"event":"http.request","request_id":"dfee1bce-2352-4614-8bc7-93b8aa663a19","method":"POST","path":"/api/v1/reviews/239e2b6e-f706-4b24-9ec7-49570d654a53/decide","status":200,"duration_ms":10}
{"event":"http.request","request_id":"5e16072f-4c7b-4851-86ae-ae5ab71ed5b7","method":"GET","path":"/api/v1/contents/47be7bf2-dc9a-46b6-8503-eb867ebba8bd","status":200,"duration_ms":3}
✔ 提交审核拒绝缺失成品，完整PNG图文冻结并由有权成员显式批准 (160.452667ms)
{"event":"http.request","request_id":"9c3b9481-8163-45fd-bec1-13603ebfcea7","method":"POST","path":"/api/v1/uploads","status":201,"duration_ms":5}
{"event":"http.request","request_id":"9eb6c79c-a7d8-4ccf-a341-0662139437e9","method":"POST","path":"/api/v1/uploads/043d8733-9a99-44df-a617-54923cc1681c/parts","status":200,"duration_ms":3}
{"event":"http.request","request_id":"33e55d71-f468-4c30-8086-c0bea8b6f3b7","method":"PUT","path":"/api/v1/uploads/043d8733-9a99-44df-a617-54923cc1681c/parts/1","status":200,"duration_ms":4}
{"event":"http.request","request_id":"e3ea4663-6310-4910-9acb-50b0cd5fc4d7","method":"POST","path":"/api/v1/uploads/043d8733-9a99-44df-a617-54923cc1681c/complete","status":200,"duration_ms":7}
{"event":"http.request","request_id":"553ab7a7-678f-4572-aa6a-e8ee7219092a","method":"POST","path":"/api/v1/contents","status":201,"duration_ms":4}
{"event":"http.request","request_id":"12249623-7afc-4740-8eee-bb0783702ffc","method":"POST","path":"/api/v1/contents/efd034ab-6f0d-444f-91a5-11bc4ce47c87/revisions","status":201,"duration_ms":5}
{"event":"http.request","request_id":"aad2f82d-877a-457e-a715-1f2232141a43","method":"POST","path":"/api/v1/contents/efd034ab-6f0d-444f-91a5-11bc4ce47c87/submit-review","status":201,"duration_ms":5}
{"event":"http.request","request_id":"f7337644-1057-4446-bded-284f8933ad28","method":"GET","path":"/api/v1/contents/efd034ab-6f0d-444f-91a5-11bc4ce47c87","status":200,"duration_ms":2}
{"event":"http.request","request_id":"7dc64e46-9ef6-4d80-81c3-6acaae931acc","method":"POST","path":"/api/v1/contents/efd034ab-6f0d-444f-91a5-11bc4ce47c87/revisions","status":409,"duration_ms":3}
{"event":"http.request","request_id":"126465de-a192-47f8-ad48-033ea8aa11a3","method":"POST","path":"/api/v1/reviews/2012f693-6f00-444f-ba24-cb69407fd1f6/withdraw","status":200,"duration_ms":6}
{"event":"http.request","request_id":"5f857a9f-6cdc-4dac-a935-c58c8933f31c","method":"GET","path":"/api/v1/contents/efd034ab-6f0d-444f-91a5-11bc4ce47c87","status":200,"duration_ms":2}
{"event":"http.request","request_id":"c5eaa6e6-2ab8-425e-9a70-4fee9b55f6b9","method":"POST","path":"/api/v1/contents/efd034ab-6f0d-444f-91a5-11bc4ce47c87/submit-review","status":201,"duration_ms":5}
{"event":"http.request","request_id":"84bba61a-9d98-431c-a37d-3468cfd72b74","method":"POST","path":"/api/v1/reviews/1bdb40d6-a48e-43ff-85bb-8ea98bdf5389/decide","status":200,"duration_ms":6}
{"event":"http.request","request_id":"c4f95bff-e2cd-4e93-90ad-b9765c9235e4","method":"GET","path":"/api/v1/contents/efd034ab-6f0d-444f-91a5-11bc4ce47c87","status":200,"duration_ms":3}
{"event":"http.request","request_id":"af5e6f65-6f84-4e75-9210-6dc0b58c56ff","method":"POST","path":"/api/v1/contents/efd034ab-6f0d-444f-91a5-11bc4ce47c87/submit-review","status":201,"duration_ms":4}
{"event":"http.request","request_id":"d8f953fe-14f5-4018-97a8-0c6ae068a31e","method":"POST","path":"/api/v1/reviews/d1e0fa77-49e2-49ee-b807-1cdb2141dbc0/decide","status":200,"duration_ms":5}
{"event":"http.request","request_id":"32c95546-ff97-409d-8e0e-40bdae7838d8","method":"GET","path":"/api/v1/contents/efd034ab-6f0d-444f-91a5-11bc4ce47c87","status":200,"duration_ms":2}
{"event":"http.request","request_id":"d797a361-7efd-496e-b6c1-73a836cf1285","method":"PATCH","path":"/api/v1/contents/efd034ab-6f0d-444f-91a5-11bc4ce47c87","status":200,"duration_ms":4}
{"event":"http.request","request_id":"524f1c30-8fff-4a06-b362-4a090a42b548","method":"GET","path":"/api/v1/contents/efd034ab-6f0d-444f-91a5-11bc4ce47c87","status":200,"duration_ms":2}
{"event":"http.request","request_id":"005dbea1-0e66-4abd-a73e-cb776b0aac31","method":"POST","path":"/api/v1/contents/efd034ab-6f0d-444f-91a5-11bc4ce47c87/revisions","status":201,"duration_ms":5}
{"event":"http.request","request_id":"5d151081-e937-4ab4-9aa7-cb55fdef714b","method":"GET","path":"/api/v1/contents/efd034ab-6f0d-444f-91a5-11bc4ce47c87","status":200,"duration_ms":3}
✔ 审核中禁止编辑，撤回和退回派生新稿；批准后改载荷重审，内部备注不使批准失效 (96.78675ms)
{"event":"http.request","request_id":"83a37088-1248-4ad0-9df3-66157013931f","method":"POST","path":"/api/v1/members","status":201,"duration_ms":23}
{"event":"http.request","request_id":"62893e03-c4ff-40e0-a189-efcdfcdadf6e","method":"GET","path":"/api/v1/auth/csrf","status":200,"duration_ms":0}
{"event":"http.request","request_id":"9a9d9464-5ebe-4a54-946a-4bb2c4f1d9ba","method":"POST","path":"/api/v1/auth/accept-invite","status":200,"duration_ms":17}
{"event":"http.request","request_id":"d57d3fd6-5d6e-40de-a336-9d3ba72ee604","method":"GET","path":"/api/v1/auth/csrf","status":200,"duration_ms":1}
{"event":"http.request","request_id":"338ccaec-55fe-407c-ab24-6bb745a0023c","method":"POST","path":"/api/v1/auth/login","status":200,"duration_ms":19}
{"event":"http.request","request_id":"68edafd8-444f-466b-9ba4-9b9f0c4b2eea","method":"POST","path":"/api/v1/uploads","status":201,"duration_ms":5}
{"event":"http.request","request_id":"66056bc4-36b4-4de8-a972-04016bbc9c6b","method":"POST","path":"/api/v1/uploads/c49f381b-53cd-49f4-ab50-9b769c72ddc7/parts","status":200,"duration_ms":4}
{"event":"http.request","request_id":"56cf70ee-c725-4284-bb6e-8dbb4cea87bc","method":"PUT","path":"/api/v1/uploads/c49f381b-53cd-49f4-ab50-9b769c72ddc7/parts/1","status":200,"duration_ms":4}
{"event":"http.request","request_id":"02908905-833c-4607-a414-e889465ac1b1","method":"POST","path":"/api/v1/uploads/c49f381b-53cd-49f4-ab50-9b769c72ddc7/complete","status":200,"duration_ms":7}
{"event":"http.request","request_id":"2af6b3d7-566a-4e78-bb2f-87edcd4f3622","method":"POST","path":"/api/v1/contents","status":201,"duration_ms":5}
{"event":"http.request","request_id":"c44fae59-a936-4532-ba69-400911b576bd","method":"POST","path":"/api/v1/contents/d2cd0964-f61b-4d05-bec6-603d9aff98f2/revisions","status":201,"duration_ms":5}
{"event":"http.request","request_id":"b44c63e8-2576-499c-a8c2-7cc851257b44","method":"POST","path":"/api/v1/contents/d2cd0964-f61b-4d05-bec6-603d9aff98f2/submit-review","status":201,"duration_ms":4}
{"event":"http.request","request_id":"631256d6-6201-4fd0-a016-ecc10612cd17","method":"POST","path":"/api/v1/reviews/f7f9da21-9724-4ba0-984f-da77e35c19af/decide","status":403,"duration_ms":2}
{"event":"http.request","request_id":"53a50d2d-63c3-4efd-badf-002bf6b25e14","method":"POST","path":"/api/v1/reviews/f7f9da21-9724-4ba0-984f-da77e35c19af/decide","status":200,"duration_ms":4}
{"event":"http.request","request_id":"b2e1fddc-3f90-4b4b-b4d0-4d8432160059","method":"POST","path":"/api/v1/reviews/f7f9da21-9724-4ba0-984f-da77e35c19af/withdraw","status":409,"duration_ms":5}
✔ 制作角色不能批准，批准与撤回并发只有一个事务成功 (113.551ms)
{"event":"http.request","request_id":"4dbba326-584f-41b3-aa52-c85402cd62af","method":"POST","path":"/api/v1/uploads","status":201,"duration_ms":5}
{"event":"http.request","request_id":"1d4b6301-b576-409a-8f57-d1855fe53d2f","method":"POST","path":"/api/v1/uploads/5de4d6de-6cf5-4257-af5c-823103ac917b/parts","status":200,"duration_ms":4}
{"event":"http.request","request_id":"b4ff7209-e8e6-48b5-b4dc-405d793573fa","method":"PUT","path":"/api/v1/uploads/5de4d6de-6cf5-4257-af5c-823103ac917b/parts/1","status":200,"duration_ms":4}
{"event":"http.request","request_id":"c3676ed1-9733-47d8-a7a2-c50fd90bfa8d","method":"POST","path":"/api/v1/uploads/5de4d6de-6cf5-4257-af5c-823103ac917b/complete","status":200,"duration_ms":9}
{"event":"http.request","request_id":"241908a1-b82b-4341-bba4-03f06f6bb155","method":"POST","path":"/api/v1/contents","status":201,"duration_ms":4}
{"event":"http.request","request_id":"252ab0fb-d77c-4b7b-9c59-5244426a7ef2","method":"POST","path":"/api/v1/contents/d57f6066-7902-450e-bbde-995f202b1a85/revisions","status":201,"duration_ms":5}
{"event":"http.request","request_id":"e106ac57-6897-434b-b9a6-93e13ee729fb","method":"POST","path":"/api/v1/assets","status":201,"duration_ms":7}
{"event":"http.request","request_id":"9a1727c1-e71a-4f93-80be-a68213cc367b","method":"POST","path":"/api/v1/assets/46a1b5a2-4622-4186-8d21-88c7bbf2f6f3/confirm","status":200,"duration_ms":6}
{"event":"http.request","request_id":"d0bde2be-6120-4ee1-b2bf-0024843296d7","method":"POST","path":"/api/v1/contents/d57f6066-7902-450e-bbde-995f202b1a85/revisions","status":201,"duration_ms":6}
{"event":"http.request","request_id":"bb7eee98-55dc-458b-8d83-11d21cb88d2b","method":"POST","path":"/api/v1/contents/d57f6066-7902-450e-bbde-995f202b1a85/submit-review","status":201,"duration_ms":6}
{"event":"http.request","request_id":"1536648c-5940-4a71-8c97-f83c4dc005c7","method":"POST","path":"/api/v1/assets/46a1b5a2-4622-4186-8d21-88c7bbf2f6f3/retire","status":200,"duration_ms":3}
{"event":"http.request","request_id":"8190b3e2-e63f-4c19-be40-58220724d3bb","method":"POST","path":"/api/v1/reviews/4103d039-ed3b-4e93-9710-a905f07ba4c1/decide","status":422,"duration_ms":5}
{"event":"http.request","request_id":"d36dcca1-3fae-44a3-88ee-0140c6fa307e","method":"POST","path":"/api/v1/reviews/4103d039-ed3b-4e93-9710-a905f07ba4c1/withdraw","status":200,"duration_ms":6}
{"event":"http.request","request_id":"aa583b2b-7a14-4a84-b05d-ec3a66b857a4","method":"GET","path":"/api/v1/contents/d57f6066-7902-450e-bbde-995f202b1a85","status":200,"duration_ms":2}
{"event":"http.request","request_id":"10565b71-912e-45c8-90ab-a809b1d3ca94","method":"POST","path":"/api/v1/contents/d57f6066-7902-450e-bbde-995f202b1a85/revisions","status":201,"duration_ms":5}
✔ 素材停用阻止批准但仍能撤回修稿，冻结历史引用保留 (100.727875ms)
{"event":"http.request","request_id":"1c3700ed-e534-48c1-b48b-f33cad5aeae4","method":"POST","path":"/api/v1/contents","status":201,"duration_ms":4}
{"event":"http.request","request_id":"87898ea9-3835-4924-b6da-f2fee1519435","method":"POST","path":"/api/v1/contents/e2d78828-4ff5-4b9e-ba01-40ac9a6c7497/start-production","status":200,"duration_ms":4}
{"event":"http.request","request_id":"c02c7124-31b3-4fc7-8e21-bda58a3288cb","method":"POST","path":"/api/v1/contents/e2d78828-4ff5-4b9e-ba01-40ac9a6c7497/cancel","status":200,"duration_ms":5}
{"event":"http.request","request_id":"f23ec06b-97bd-4301-9497-4bdf6f1df4b7","method":"GET","path":"/api/v1/contents/e2d78828-4ff5-4b9e-ba01-40ac9a6c7497","status":200,"duration_ms":2}
{"event":"http.request","request_id":"d5299b49-8994-4a20-a772-e3be07e70cc2","method":"POST","path":"/api/v1/contents/e2d78828-4ff5-4b9e-ba01-40ac9a6c7497/submit-review","status":409,"duration_ms":3}
✔ 开始制作保存估时，取消保留理由和版本历史且不能再提审 (19.523125ms)
{"event":"http.request","request_id":"70d09327-c94b-48a5-ba5a-8f3ebc8860de","method":"POST","path":"/api/v1/uploads","status":201,"duration_ms":5}
{"event":"http.request","request_id":"229913b7-b0a7-48b5-9aab-71390abc1b9d","method":"POST","path":"/api/v1/uploads/f2e2ff99-dda7-4b15-99db-c7289b29dc14/parts","status":200,"duration_ms":8}
{"event":"http.request","request_id":"70932669-7a2d-4eb2-a51a-8e810000980b","method":"PUT","path":"/api/v1/uploads/f2e2ff99-dda7-4b15-99db-c7289b29dc14/parts/1","status":200,"duration_ms":5}
{"event":"http.request","request_id":"aef55fd8-7db8-4d40-b75c-e2ad91a285f4","method":"POST","path":"/api/v1/uploads/f2e2ff99-dda7-4b15-99db-c7289b29dc14/complete","status":200,"duration_ms":7}
{"event":"http.request","request_id":"35821613-9f37-41e7-bbd7-dd53bfecdd6a","method":"POST","path":"/api/v1/contents","status":201,"duration_ms":4}
{"event":"http.request","request_id":"2d405edb-c70e-4567-b764-7616cbd63e68","method":"POST","path":"/api/v1/contents/587bc64d-88e2-4088-a793-bb8b41e28024/revisions","status":201,"duration_ms":5}
{"event":"http.request","request_id":"4f010f5c-240e-4eff-b90e-20cfb6e728a7","method":"POST","path":"/api/v1/contents/587bc64d-88e2-4088-a793-bb8b41e28024/submit-review","status":201,"duration_ms":5}
{"event":"http.request","request_id":"3817378f-bcd0-45a4-8b37-1752cc3c50dc","method":"POST","path":"/api/v1/reviews/c1de5878-4482-4f79-9bf6-a27f2fe73faa/decide","status":200,"duration_ms":4}
{"event":"http.request","request_id":"04a3ac75-408d-4add-8356-9347d072c37d","method":"GET","path":"/api/v1/contents/587bc64d-88e2-4088-a793-bb8b41e28024","status":200,"duration_ms":2}
{"event":"http.request","request_id":"14a18519-3045-4abf-9e74-d98dbd7bcf0e","method":"POST","path":"/api/v1/contents/587bc64d-88e2-4088-a793-bb8b41e28024/export-package","status":202,"duration_ms":6}
{"event":"job.claimed","job_id":"635da859-4b38-4842-bfc8-09ed74591959","request_id":"14a18519-3045-4abf-9e74-d98dbd7bcf0e","pool":"general","attempt":1}
{"event":"http.request","request_id":"1b2bc622-5370-44c4-8492-fffa97e25985","method":"GET","path":"/api/v1/export-packages/d5815e27-7b55-4c56-99dc-d106ffb72665","status":200,"duration_ms":3}
{"event":"http.request","request_id":"2ebcb5da-eb81-4d2e-bbad-8521d406f3bf","method":"GET","path":"/api/v1/export-packages/d5815e27-7b55-4c56-99dc-d106ffb72665","status":200,"duration_ms":3}
{"event":"http.request","request_id":"a6363754-e110-40cc-9b22-e6bc4742b16d","method":"GET","path":"/api/v1/export-packages/d5815e27-7b55-4c56-99dc-d106ffb72665/download","status":200,"duration_ms":25}
{"event":"http.request","request_id":"8e3e804a-ce0e-4353-9017-1dab93fde989","method":"POST","path":"/api/v1/contents/587bc64d-88e2-4088-a793-bb8b41e28024/revisions","status":201,"duration_ms":18}
{"event":"http.request","request_id":"1e33674f-69af-4cee-bf7b-b890c6536aaf","method":"GET","path":"/api/v1/export-packages/d5815e27-7b55-4c56-99dc-d106ffb72665/download","status":409,"duration_ms":6}
{"event":"http.request","request_id":"166a9960-8b1f-4251-9bd6-f06dc0ea2ee9","method":"GET","path":"/api/v1/files/0b0d7983-eca3-4e74-81b4-06d4de99cb31/download","status":409,"duration_ms":5}
✔ 发布包异步打包批准版本，下载PNG原件、页序和文案与批准内容一致 (1150.503958ms)
{"event":"http.request","request_id":"ef578c6c-e885-47c6-af51-650d2e296fc5","method":"POST","path":"/api/v1/uploads","status":201,"duration_ms":12}
{"event":"http.request","request_id":"c3b1f394-703d-4728-beba-fcfed126a59b","method":"POST","path":"/api/v1/uploads/5d4904f3-4a14-4948-b019-5dcd20597ba7/parts","status":200,"duration_ms":7}
{"event":"http.request","request_id":"831d16c1-02f3-4ed7-a4bb-e52d61d18a48","method":"PUT","path":"/api/v1/uploads/5d4904f3-4a14-4948-b019-5dcd20597ba7/parts/1","status":200,"duration_ms":8}
{"event":"http.request","request_id":"c03e0814-40e8-438f-8d5e-9c484b95f58b","method":"POST","path":"/api/v1/uploads/5d4904f3-4a14-4948-b019-5dcd20597ba7/complete","status":200,"duration_ms":14}
{"event":"http.request","request_id":"c7b6732d-f9d5-491b-a446-052db7811fc8","method":"POST","path":"/api/v1/contents","status":201,"duration_ms":9}
{"event":"http.request","request_id":"1f183413-1832-4a38-adf5-4e9e7c8b09ab","method":"POST","path":"/api/v1/contents/e1094d91-3146-4f4d-814b-fdff1843a6b1/revisions","status":201,"duration_ms":8}
{"event":"http.request","request_id":"9bbfcc37-97d1-4c83-9d47-bb4c0dd7d309","method":"POST","path":"/api/v1/contents/e1094d91-3146-4f4d-814b-fdff1843a6b1/submit-review","status":201,"duration_ms":8}
{"event":"http.request","request_id":"06821693-615c-4e6c-8618-f0033321fffa","method":"POST","path":"/api/v1/reviews/a7a466e5-76bb-41df-9103-3fa35e26d690/decide","status":200,"duration_ms":8}
{"event":"http.request","request_id":"5123d1a2-3f5b-456b-b4ce-21718a4ff089","method":"GET","path":"/api/v1/contents/e1094d91-3146-4f4d-814b-fdff1843a6b1","status":200,"duration_ms":4}
{"event":"http.request","request_id":"28d1a5a0-dc13-4721-a867-e75983aad7ee","method":"POST","path":"/api/v1/publication-drafts","status":201,"duration_ms":6}
{"event":"http.request","request_id":"edbfd96c-4b64-418d-8141-6d303e6d0db8","method":"GET","path":"/api/v1/contents/e1094d91-3146-4f4d-814b-fdff1843a6b1","status":200,"duration_ms":2}
{"event":"http.request","request_id":"a3c9a3a1-5851-42a2-89d8-a1c9ebfb245c","method":"POST","path":"/api/v1/publications","status":422,"duration_ms":5}
{"event":"http.request","request_id":"344ee876-56aa-4d1c-aadc-5dc12f223c38","method":"POST","path":"/api/v1/publications","status":422,"duration_ms":5}
{"event":"http.request","request_id":"7a4e2bf2-5ef7-45ba-ba57-4ce85dc692fa","method":"POST","path":"/api/v1/publications","status":201,"duration_ms":7}
{"event":"http.request","request_id":"95ff7fa5-0c48-4ac6-813f-2a05d341f367","method":"GET","path":"/api/v1/contents/e1094d91-3146-4f4d-814b-fdff1843a6b1","status":200,"duration_ms":2}
{"event":"http.request","request_id":"98555a34-a5df-4af4-a047-c4a30da3cc64","method":"POST","path":"/api/v1/uploads","status":201,"duration_ms":9}
{"event":"http.request","request_id":"8f377637-d342-4e59-90a6-3e7e895f8f7d","method":"POST","path":"/api/v1/uploads/339e823c-33fc-4091-9a3a-3cb2cf791ad2/parts","status":200,"duration_ms":5}
{"event":"http.request","request_id":"05f22025-b674-4a98-b379-8769ece63ee2","method":"PUT","path":"/api/v1/uploads/339e823c-33fc-4091-9a3a-3cb2cf791ad2/parts/1","status":200,"duration_ms":6}
{"event":"http.request","request_id":"bf746500-d2a0-419f-9875-ab620d377725","method":"POST","path":"/api/v1/uploads/339e823c-33fc-4091-9a3a-3cb2cf791ad2/complete","status":200,"duration_ms":11}
{"event":"http.request","request_id":"601c723c-d5e9-431b-8081-376c2012b2cf","method":"POST","path":"/api/v1/contents","status":201,"duration_ms":7}
{"event":"http.request","request_id":"51eecab5-c042-4024-b633-f71156309824","method":"POST","path":"/api/v1/contents/59ae7419-3b1b-4a77-b37c-f1fb5bbabb9f/revisions","status":201,"duration_ms":7}
{"event":"http.request","request_id":"6a6e7db4-1342-4263-97aa-56feeb1fc5f8","method":"POST","path":"/api/v1/contents/59ae7419-3b1b-4a77-b37c-f1fb5bbabb9f/submit-review","status":201,"duration_ms":6}
{"event":"http.request","request_id":"71c3e3ae-fdd5-4540-bb20-d1cf4d9f7f9f","method":"POST","path":"/api/v1/reviews/40d5bbea-d2aa-4f72-8fc2-b9e176c0480a/decide","status":200,"duration_ms":6}
{"event":"http.request","request_id":"7d68f820-b819-431f-a91c-db8bf4f9b826","method":"GET","path":"/api/v1/contents/59ae7419-3b1b-4a77-b37c-f1fb5bbabb9f","status":200,"duration_ms":2}
{"event":"http.request","request_id":"e45c09c8-d8c1-4d0c-b3f9-afe0c92790b1","method":"POST","path":"/api/v1/publications","status":409,"duration_ms":4}
✔ 缺笔记ID暂存不算发布，正式登记锁定批准版本、账号和唯一笔记并持久回收事件 (209.846334ms)
{"event":"http.request","request_id":"91b177e6-56f0-4f7c-ac94-15804152fc05","method":"POST","path":"/api/v1/uploads","status":201,"duration_ms":5}
{"event":"http.request","request_id":"04665fe2-ba80-4b48-85be-c957e8a0929e","method":"POST","path":"/api/v1/uploads/cb823718-aa7f-4b97-ae4e-e02d26100ee6/parts","status":200,"duration_ms":3}
{"event":"http.request","request_id":"71fc5d95-7a8c-426a-adc7-e0a35f4a8c78","method":"PUT","path":"/api/v1/uploads/cb823718-aa7f-4b97-ae4e-e02d26100ee6/parts/1","status":200,"duration_ms":4}
{"event":"http.request","request_id":"8ea1c872-aa9c-49ee-a399-dac27914d9e4","method":"POST","path":"/api/v1/uploads/cb823718-aa7f-4b97-ae4e-e02d26100ee6/complete","status":200,"duration_ms":8}
{"event":"http.request","request_id":"a8f73963-8d5f-415f-9672-f3447b22137a","method":"POST","path":"/api/v1/contents","status":201,"duration_ms":5}
{"event":"http.request","request_id":"81dedba0-4550-43e1-9c8c-6b4089bf2daf","method":"POST","path":"/api/v1/contents/42a08424-7c06-44e5-860b-b845824da4d5/revisions","status":201,"duration_ms":5}
{"event":"http.request","request_id":"99ece1dd-c27a-4b99-ace8-fac31eb383c3","method":"POST","path":"/api/v1/contents/42a08424-7c06-44e5-860b-b845824da4d5/submit-review","status":201,"duration_ms":5}
{"event":"http.request","request_id":"f4ec2257-377e-46d0-83d6-d0d27afa226a","method":"POST","path":"/api/v1/reviews/1dc9e94f-902a-48d9-a11d-391789a4bd64/decide","status":200,"duration_ms":5}
{"event":"http.request","request_id":"05a5369b-11d2-4af2-8f4a-2bd56e38144e","method":"GET","path":"/api/v1/contents/42a08424-7c06-44e5-860b-b845824da4d5","status":200,"duration_ms":3}
{"event":"http.request","request_id":"49327a57-6614-4ba5-a551-ff525611491e","method":"POST","path":"/api/v1/publications","status":201,"duration_ms":4}
{"event":"http.request","request_id":"2b007b7e-e910-4122-8316-56c37612715f","method":"GET","path":"/api/v1/contents/42a08424-7c06-44e5-860b-b845824da4d5","status":200,"duration_ms":2}
{"event":"http.request","request_id":"d8a65799-cb8b-49ee-acd2-676242608b58","method":"POST","path":"/api/v1/contents/42a08424-7c06-44e5-860b-b845824da4d5/create-revision-work-item","status":201,"duration_ms":8}
{"event":"http.request","request_id":"657c1ba9-de04-469c-be1e-b86021aec021","method":"GET","path":"/api/v1/contents/5724ff52-c3b6-4487-989d-24b9e98f2842","status":200,"duration_ms":2}
{"event":"http.request","request_id":"07972a08-03df-4397-b8fb-4eb741e11aa9","method":"GET","path":"/api/v1/contents/42a08424-7c06-44e5-860b-b845824da4d5","status":200,"duration_ms":2}
{"event":"http.request","request_id":"ad59ad97-3704-4f6d-a859-9134257f94b5","method":"GET","path":"/api/v1/publications/4b74610b-1795-4a82-9ea8-a57295cecabc","status":200,"duration_ms":2}
✔ 已发布内容派生独立修订工作项，原稿和文件归档保持不变 (76.979459ms)
{"event":"http.request","request_id":"06a3537e-9e06-4e85-a977-3fdd64972eff","method":"POST","path":"/api/v1/uploads","status":201,"duration_ms":5}
{"event":"http.request","request_id":"dcb1a68d-1d50-413a-b70a-115e3f8540ab","method":"POST","path":"/api/v1/uploads/f9fef4c7-9724-45a0-bb73-c036d84fb06f/parts","status":200,"duration_ms":4}
{"event":"http.request","request_id":"80adb5a5-13ec-4454-b16e-21933607a14b","method":"PUT","path":"/api/v1/uploads/f9fef4c7-9724-45a0-bb73-c036d84fb06f/parts/1","status":200,"duration_ms":4}
{"event":"http.request","request_id":"7537ef1c-4fb1-4a70-8b7f-045eb5ee07fb","method":"POST","path":"/api/v1/uploads/f9fef4c7-9724-45a0-bb73-c036d84fb06f/complete","status":200,"duration_ms":22}
{"event":"http.request","request_id":"ad9130a5-9466-4f48-8a8d-523dd53a92f0","method":"POST","path":"/api/v1/contents","status":201,"duration_ms":4}
{"event":"http.request","request_id":"b76bba38-fc88-452b-8b70-a189e3f5174f","method":"POST","path":"/api/v1/contents/de8d4557-249d-4dd5-9a38-a9042f3b440c/revisions","status":201,"duration_ms":5}
{"event":"http.request","request_id":"a67f59b8-c626-495e-801e-099bf1449779","method":"POST","path":"/api/v1/contents/de8d4557-249d-4dd5-9a38-a9042f3b440c/submit-review","status":201,"duration_ms":4}
{"event":"http.request","request_id":"42e924bb-d7fc-4a48-80bf-a3b57a6fc658","method":"POST","path":"/api/v1/reviews/3eb8cb67-4b0d-46e1-b147-5816150bdd52/decide","status":200,"duration_ms":4}
{"event":"http.request","request_id":"8a270d5b-3488-4594-b765-cea7fe485bf4","method":"GET","path":"/api/v1/contents/de8d4557-249d-4dd5-9a38-a9042f3b440c","status":200,"duration_ms":2}
{"event":"http.request","request_id":"6220d105-e570-4fbe-9bae-87ce9eac803b","method":"POST","path":"/api/v1/publications","status":201,"duration_ms":5}
{"event":"http.request","request_id":"a828d4ee-b339-4d1c-879c-49303aeb6c6e","method":"GET","path":"/api/v1/contents/de8d4557-249d-4dd5-9a38-a9042f3b440c","status":200,"duration_ms":2}
{"event":"http.request","request_id":"ab53407a-d2a0-44ed-a1bd-e55e77f8a2d4","method":"POST","path":"/api/v1/contents/de8d4557-249d-4dd5-9a38-a9042f3b440c/create-revision-work-item","status":201,"duration_ms":8}
{"event":"http.request","request_id":"65563192-d193-4010-8601-6b12d7952cbe","method":"GET","path":"/api/v1/contents/b2b0cd95-6640-4ecd-87e0-008702eb119f","status":200,"duration_ms":3}
{"event":"http.request","request_id":"ad9ae899-6142-4b5a-88d4-46598e2fb860","method":"POST","path":"/api/v1/publications/3e60d16e-3a75-4f16-9690-f632a085ed9d/changes","status":409,"duration_ms":5}
{"event":"http.request","request_id":"7b6f2a5d-fde0-4642-bf3b-886019c7167a","method":"POST","path":"/api/v1/contents/b2b0cd95-6640-4ecd-87e0-008702eb119f/revisions","status":201,"duration_ms":5}
{"event":"http.request","request_id":"f95f57c7-2a88-4b84-919f-a2b6421174c4","method":"POST","path":"/api/v1/contents/b2b0cd95-6640-4ecd-87e0-008702eb119f/submit-review","status":201,"duration_ms":5}
{"event":"http.request","request_id":"10d8f21f-0378-416a-9814-c15c4b30d296","method":"POST","path":"/api/v1/reviews/76c1a2aa-c323-48ae-98a1-add839194274/decide","status":200,"duration_ms":5}
{"event":"http.request","request_id":"a7f9835b-53f0-4480-9ea3-64b2fb63fba8","method":"GET","path":"/api/v1/contents/b2b0cd95-6640-4ecd-87e0-008702eb119f","status":200,"duration_ms":2}
{"event":"http.request","request_id":"9da0c94f-37c2-464d-92e0-500cb5e926ed","method":"POST","path":"/api/v1/publications/3e60d16e-3a75-4f16-9690-f632a085ed9d/changes","status":201,"duration_ms":6}
{"event":"http.request","request_id":"8ed0d00e-7aa3-4220-9776-c23426d8203a","method":"POST","path":"/api/v1/publications/3e60d16e-3a75-4f16-9690-f632a085ed9d/changes","status":409,"duration_ms":7}
{"event":"http.request","request_id":"041f7d7b-53d0-47cc-b0cb-9bb2062d9228","method":"GET","path":"/api/v1/publications/3e60d16e-3a75-4f16-9690-f632a085ed9d","status":200,"duration_ms":2}
{"event":"http.request","request_id":"7768d2c2-ebf7-4723-b298-93ba377cb611","method":"GET","path":"/api/v1/contents/b2b0cd95-6640-4ecd-87e0-008702eb119f","status":200,"duration_ms":2}
{"event":"http.request","request_id":"2815da86-feea-460d-b497-750022282280","method":"GET","path":"/api/v1/contents/de8d4557-249d-4dd5-9a38-a9042f3b440c","status":200,"duration_ms":2}
✔ 外部编辑必须关联重新批准的修订工作项，初次版本不变并拒绝重复并发确认 (118.704708ms)
{"event":"http.request","request_id":"5c6a357e-94f7-4b12-a1a7-63ba34f1dffd","method":"POST","path":"/api/v1/uploads","status":201,"duration_ms":5}
{"event":"http.request","request_id":"435c7361-7724-48a8-bbf6-1934fd67af4d","method":"POST","path":"/api/v1/uploads/b959bcce-0d41-4dc5-b669-2a3b1aca8c1d/parts","status":200,"duration_ms":3}
{"event":"http.request","request_id":"35681377-7cc7-4b63-80a1-e3ec58620473","method":"PUT","path":"/api/v1/uploads/b959bcce-0d41-4dc5-b669-2a3b1aca8c1d/parts/1","status":200,"duration_ms":4}
{"event":"http.request","request_id":"061070fc-7f85-4345-9100-6115e5a66c82","method":"POST","path":"/api/v1/uploads/b959bcce-0d41-4dc5-b669-2a3b1aca8c1d/complete","status":200,"duration_ms":7}
{"event":"http.request","request_id":"a236f5c4-a112-494e-9376-b4269c130d01","method":"POST","path":"/api/v1/contents","status":201,"duration_ms":4}
{"event":"http.request","request_id":"04e66ad4-dab7-42a1-a07c-52532c165d71","method":"POST","path":"/api/v1/contents/506095a5-61d7-4a28-83ac-757ca410dbb1/revisions","status":201,"duration_ms":5}
{"event":"http.request","request_id":"0fd76d61-25c5-4695-9b6f-461129a2ba91","method":"POST","path":"/api/v1/contents/506095a5-61d7-4a28-83ac-757ca410dbb1/submit-review","status":201,"duration_ms":5}
{"event":"http.request","request_id":"bc3c6d1e-9bdf-4dea-bfda-652eb7add61e","method":"POST","path":"/api/v1/reviews/c9cc330c-33c2-4cf1-a21b-8e78c814268a/decide","status":200,"duration_ms":5}
{"event":"http.request","request_id":"c2f6c739-b7ec-47b5-8bf9-a3ee5ad45148","method":"GET","path":"/api/v1/contents/506095a5-61d7-4a28-83ac-757ca410dbb1","status":200,"duration_ms":2}
{"event":"http.request","request_id":"423921e4-7c4f-40f5-884d-59b89b57fe83","method":"POST","path":"/api/v1/publications","status":201,"duration_ms":5}
{"event":"http.request","request_id":"edb24842-b873-45e2-900c-2e6b835bd157","method":"POST","path":"/api/v1/publications/945e0a27-aa78-4d84-8696-ec4a150dc046/changes","status":201,"duration_ms":5}
{"event":"http.request","request_id":"96b03919-4a67-4ccb-a2f9-9eec208c459f","method":"GET","path":"/api/v1/publications/945e0a27-aa78-4d84-8696-ec4a150dc046","status":200,"duration_ms":3}
{"event":"http.request","request_id":"7029c671-02b4-4cfb-94cc-190f49820291","method":"POST","path":"/api/v1/publications/945e0a27-aa78-4d84-8696-ec4a150dc046/changes","status":409,"duration_ms":6}
{"event":"http.request","request_id":"fe777d6a-6ef9-48d4-991b-dc4ea725a611","method":"GET","path":"/api/v1/contents/506095a5-61d7-4a28-83ac-757ca410dbb1","status":200,"duration_ms":4}
{"event":"http.request","request_id":"5617f03a-31b9-42c4-9820-a9d370768d54","method":"POST","path":"/api/v1/contents/506095a5-61d7-4a28-83ac-757ca410dbb1/create-revision-work-item","status":201,"duration_ms":13}
{"event":"http.request","request_id":"67bdef86-979c-48ea-82a2-1bc6e16ac4fc","method":"GET","path":"/api/v1/contents/40cf29d8-3971-40dd-b3ce-7250194d2035","status":200,"duration_ms":5}
{"event":"http.request","request_id":"35b0785d-c690-48c3-b5a8-d9f3b81efab6","method":"POST","path":"/api/v1/contents/40cf29d8-3971-40dd-b3ce-7250194d2035/submit-review","status":201,"duration_ms":9}
{"event":"http.request","request_id":"951bad1f-a7b2-4c72-9092-4c73c67ac6cb","method":"POST","path":"/api/v1/reviews/79ab9021-e152-45bf-a1eb-2bb2c0026f75/decide","status":200,"duration_ms":10}
{"event":"http.request","request_id":"61ab2dde-0172-400d-abfa-7fb65a6feba9","method":"GET","path":"/api/v1/contents/40cf29d8-3971-40dd-b3ce-7250194d2035","status":200,"duration_ms":3}
{"event":"http.request","request_id":"be3b344f-e046-46ab-a820-d1810ab0c44c","method":"POST","path":"/api/v1/publications","status":201,"duration_ms":14}
{"event":"http.request","request_id":"5d66b8ba-c0c4-4343-b5dd-ea590b1ca0d1","method":"POST","path":"/api/v1/publications/945e0a27-aa78-4d84-8696-ec4a150dc046/changes","status":422,"duration_ms":4}
{"event":"http.request","request_id":"88ca7541-df4b-4cdb-bc8d-c49478ac5abf","method":"POST","path":"/api/v1/publications/945e0a27-aa78-4d84-8696-ec4a150dc046/changes","status":201,"duration_ms":5}
{"event":"http.request","request_id":"dbcd4eb3-acad-4868-9207-9f323eff9ea8","method":"GET","path":"/api/v1/publications/945e0a27-aa78-4d84-8696-ec4a150dc046","status":200,"duration_ms":2}
✔ 删除保留发布历史，重发必须登记同账号新笔记并单独关联 (141.8095ms)
{"event":"http.request","request_id":"0cf7d74c-7b3e-4356-b113-972a1ba5f4c4","method":"POST","path":"/api/v1/uploads","status":201,"duration_ms":5}
{"event":"http.request","request_id":"126f9d53-2d82-4089-bae0-fc95ea91a9ab","method":"POST","path":"/api/v1/uploads/f6d4c8c0-31ac-4f14-a952-ec32a770f504/parts","status":200,"duration_ms":3}
{"event":"http.request","request_id":"19862357-47dc-4a39-93c2-d41cf198f248","method":"PUT","path":"/api/v1/uploads/f6d4c8c0-31ac-4f14-a952-ec32a770f504/parts/1","status":200,"duration_ms":4}
{"event":"http.request","request_id":"432aea9e-6dfa-4602-8b6d-7639dfbbec09","method":"POST","path":"/api/v1/uploads/f6d4c8c0-31ac-4f14-a952-ec32a770f504/complete","status":200,"duration_ms":7}
{"event":"http.request","request_id":"98f768b9-f612-4867-a420-8ec8ea79d406","method":"POST","path":"/api/v1/contents","status":201,"duration_ms":5}
{"event":"http.request","request_id":"a89cda82-b266-4f88-b00f-3aac70101479","method":"POST","path":"/api/v1/contents/c6bddb9e-b6b9-4ded-a9ed-ed5bc0d3bd3b/revisions","status":201,"duration_ms":5}
{"event":"http.request","request_id":"f408ae1b-2a5e-4cad-add4-0afc2ec5f2bd","method":"POST","path":"/api/v1/contents/c6bddb9e-b6b9-4ded-a9ed-ed5bc0d3bd3b/check","status":200,"duration_ms":4}
{"event":"http.request","request_id":"16fecdaf-1c47-40cc-b466-ce1d80dbd17f","method":"GET","path":"/api/v1/contents/c6bddb9e-b6b9-4ded-a9ed-ed5bc0d3bd3b","status":200,"duration_ms":2}
✔ 品牌辅助检查给出可追溯建议，不改变审核或自动批准 (42.792ms)
ℹ tests 16
ℹ suites 0
ℹ pass 16
ℹ fail 0
ℹ cancelled 0
ℹ skipped 0
ℹ todo 0
ℹ duration_ms 3348.254083
