{"event":"http.request","request_id":"65d96c16-1827-491c-a284-8db37d8b8e4e","method":"GET","path":"/api/v1/auth/csrf","status":200,"duration_ms":6}
{"event":"http.request","request_id":"7f6bed36-dd41-43bd-ad32-5291fbe3b921","method":"POST","path":"/api/v1/setup","status":201,"duration_ms":34}
{"event":"http.request","request_id":"0929494e-b70c-41f7-bcb2-7b52bd53883e","method":"GET","path":"/api/v1/auth/csrf","status":200,"duration_ms":1}
{"event":"http.request","request_id":"1e63c2f2-f1a2-4182-ba45-0b0b1f810de2","method":"POST","path":"/api/v1/auth/login","status":200,"duration_ms":23}
{"event":"http.request","request_id":"aa29126a-a343-4dd2-8782-33e280ccfac1","method":"GET","path":"/api/v1/me","status":200,"duration_ms":76}
{"event":"http.request","request_id":"9e22d777-a6c5-44a7-8b92-44ba0214eb78","method":"POST","path":"/api/v1/accounts","status":201,"duration_ms":10}
{"event":"http.request","request_id":"26fc4d32-fb39-4d21-8a9a-1415bd64aedd","method":"POST","path":"/api/v1/contents","status":201,"duration_ms":9}
{"event":"http.request","request_id":"9d94f3c9-3da9-4171-bb23-8e4429828023","method":"GET","path":"/api/v1/contents/6ecac903-d8f4-4c24-bec9-f2625485dbc4","status":200,"duration_ms":5}
{"event":"http.request","request_id":"028e25fc-8f8b-4bb0-82ad-abc3f882de23","method":"POST","path":"/api/v1/contents/6ecac903-d8f4-4c24-bec9-f2625485dbc4/revisions","status":201,"duration_ms":9}
{"event":"http.request","request_id":"a006e125-fec4-415f-976e-eb8e14429f76","method":"GET","path":"/api/v1/contents/6ecac903-d8f4-4c24-bec9-f2625485dbc4","status":200,"duration_ms":3}
✔ 人工新建图文后保存逐页文案，再从详情恢复原始快照 (402.6365ms)
{"event":"http.request","request_id":"8adcff97-a619-431d-a594-d1ba63ed918b","method":"POST","path":"/api/v1/contents","status":201,"duration_ms":6}
{"event":"http.request","request_id":"ee721c36-47fd-4ed6-b48d-2664972beb9f","method":"POST","path":"/api/v1/contents/292b33e2-f617-45d6-a9b3-311601f31c72/revisions","status":201,"duration_ms":6}
{"event":"http.request","request_id":"b1156843-ecec-4525-999e-dc18543b199b","method":"POST","path":"/api/v1/contents/292b33e2-f617-45d6-a9b3-311601f31c72/revisions","status":409,"duration_ms":9}
{"event":"http.request","request_id":"d293ec5f-fdc6-43c6-9bb1-cc545ee47d0b","method":"GET","path":"/api/v1/contents/292b33e2-f617-45d6-a9b3-311601f31c72","status":200,"duration_ms":3}
{"event":"http.request","request_id":"d5f61c0a-157d-42d5-94a9-5e933a3a0038","method":"POST","path":"/api/v1/contents/292b33e2-f617-45d6-a9b3-311601f31c72/restore","status":201,"duration_ms":8}
{"event":"http.request","request_id":"9b331b92-b994-4abf-ae34-9919e91462fd","method":"GET","path":"/api/v1/contents/292b33e2-f617-45d6-a9b3-311601f31c72","status":200,"duration_ms":4}
✔ 同一基础版本并发保存只有一个成功，恢复历史版本产生新快照 (38.021833ms)
{"event":"http.request","request_id":"a3477d8b-ddbc-4209-999a-936ba4a211d6","method":"POST","path":"/api/v1/members","status":201,"duration_ms":22}
{"event":"http.request","request_id":"2cacedf4-2a34-4316-8c99-a7037ae4370f","method":"GET","path":"/api/v1/auth/csrf","status":200,"duration_ms":1}
{"event":"http.request","request_id":"8be8dbd4-ccc2-4cb2-a2be-645024c94dc4","method":"POST","path":"/api/v1/auth/accept-invite","status":200,"duration_ms":20}
{"event":"http.request","request_id":"5ad5ceeb-4092-41eb-b81d-97ac73f657e9","method":"GET","path":"/api/v1/auth/csrf","status":200,"duration_ms":1}
{"event":"http.request","request_id":"aa7629e3-4325-4400-93ac-a857ec195748","method":"POST","path":"/api/v1/auth/login","status":200,"duration_ms":20}
{"event":"http.request","request_id":"47c5f14a-67bc-4c9b-8f42-531e7cdaebbc","method":"POST","path":"/api/v1/members","status":201,"duration_ms":23}
{"event":"http.request","request_id":"74c39082-b71d-4cca-83a6-b3b4e8368700","method":"GET","path":"/api/v1/auth/csrf","status":200,"duration_ms":1}
{"event":"http.request","request_id":"004d805d-0fb3-4d7f-91c2-793b8b97273c","method":"POST","path":"/api/v1/auth/accept-invite","status":200,"duration_ms":22}
{"event":"http.request","request_id":"5c5f4a14-1b40-4068-8f63-e019573901f0","method":"GET","path":"/api/v1/auth/csrf","status":200,"duration_ms":4}
{"event":"http.request","request_id":"7446210f-9550-4d62-82d5-47c312232b55","method":"POST","path":"/api/v1/auth/login","status":200,"duration_ms":18}
{"event":"http.request","request_id":"a7b0feb9-0960-49b8-bbf1-f3aefcb41217","method":"POST","path":"/api/v1/contents","status":201,"duration_ms":5}
{"event":"http.request","request_id":"db93c651-1a60-4004-818a-f5b2263f6841","method":"POST","path":"/api/v1/contents/8c7b3840-57be-4563-80df-b1100a272c12/revisions","status":403,"duration_ms":3}
{"event":"http.request","request_id":"d5b1deb3-5894-4839-9cb0-9a1d733aecd9","method":"POST","path":"/api/v1/contents/8c7b3840-57be-4563-80df-b1100a272c12/revisions","status":403,"duration_ms":2}
{"event":"http.request","request_id":"a90e04f8-72bc-4d9d-b75f-513c99878811","method":"POST","path":"/api/v1/contents/8c7b3840-57be-4563-80df-b1100a272c12/revisions","status":201,"duration_ms":5}
✔ 运营只能修改发布文案，不能改逐页制作内容；只读不能保存 (161.227583ms)
{"event":"http.request","request_id":"809d2f10-e5bc-41ad-8e57-66668d8f0b7c","method":"POST","path":"/api/v1/contents","status":201,"duration_ms":5}
{"event":"http.request","request_id":"6d1170bd-53e2-4154-b4c7-2110608319c3","method":"POST","path":"/api/v1/contents/59d0ab28-7d58-4736-ba51-79b51f269db8/revisions","status":422,"duration_ms":4}
{"event":"http.request","request_id":"7b59dd52-a6d0-419c-a85f-4701f73210c3","method":"POST","path":"/api/v1/uploads","status":201,"duration_ms":7}
{"event":"http.request","request_id":"d811042e-d937-41e9-9a17-77e9f8bbc0ad","method":"POST","path":"/api/v1/uploads/232925f9-b2d1-4031-aad1-072e19367cbc/parts","status":200,"duration_ms":4}
{"event":"http.request","request_id":"da1a41d5-74be-4f11-b4cd-97a7a9c74975","method":"PUT","path":"/api/v1/uploads/232925f9-b2d1-4031-aad1-072e19367cbc/parts/1","status":200,"duration_ms":6}
{"event":"http.request","request_id":"93288bdb-537f-4444-9096-5a42c74a224d","method":"POST","path":"/api/v1/uploads/232925f9-b2d1-4031-aad1-072e19367cbc/complete","status":200,"duration_ms":10}
{"event":"http.request","request_id":"2ca41e7e-25a3-4579-833a-fa89ed2b9d4a","method":"POST","path":"/api/v1/contents/59d0ab28-7d58-4736-ba51-79b51f269db8/revisions","status":422,"duration_ms":4}
{"event":"http.request","request_id":"c287035d-d26b-4f44-89f0-918938e488fb","method":"POST","path":"/api/v1/uploads","status":201,"duration_ms":5}
{"event":"http.request","request_id":"eabae784-5cb6-41c5-9607-abb96681aa36","method":"POST","path":"/api/v1/uploads/5ab9b967-7b02-4d87-bac6-1335225ac01f/parts","status":200,"duration_ms":3}
{"event":"http.request","request_id":"8a205b43-e990-461b-bedb-f7600646e623","method":"PUT","path":"/api/v1/uploads/5ab9b967-7b02-4d87-bac6-1335225ac01f/parts/1","status":200,"duration_ms":4}
{"event":"http.request","request_id":"0af00de3-68db-427b-8e89-947d7441988e","method":"POST","path":"/api/v1/uploads/5ab9b967-7b02-4d87-bac6-1335225ac01f/complete","status":200,"duration_ms":9}
{"event":"http.request","request_id":"06b03400-f857-4d11-9dfd-a159cdc9d2a1","method":"POST","path":"/api/v1/contents/59d0ab28-7d58-4736-ba51-79b51f269db8/revisions","status":201,"duration_ms":6}
{"event":"http.request","request_id":"2702fe4b-c0de-47a7-bbff-b3bf8dbf4ab0","method":"GET","path":"/api/v1/contents/59d0ab28-7d58-4736-ba51-79b51f269db8","status":200,"duration_ms":3}
✔ 图文成品只关联同空间已上传PNG原件，无效文件和PDF不能保存为发布图片 (96.926ms)
{"event":"http.request","request_id":"20434975-fcef-4f61-bfef-e2e6c186c8e1","method":"POST","path":"/api/v1/contents","status":201,"duration_ms":4}
{"event":"http.request","request_id":"cdb4dc5e-a9a5-4739-8f30-41a01bf60558","method":"PATCH","path":"/api/v1/contents/13457f8c-8e02-4ca6-8853-dcd42f871d56","status":200,"duration_ms":4}
{"event":"http.request","request_id":"defd0760-4f9b-40ef-9c87-69f10edbd119","method":"GET","path":"/api/v1/contents","status":200,"duration_ms":2}
{"event":"http.request","request_id":"674c4e08-97f3-4033-b6e5-464fb5bf3bf5","method":"GET","path":"/api/v1/contents","status":200,"duration_ms":1}
{"event":"http.request","request_id":"5e801f79-12d4-487e-940a-d9ca4aacefd1","method":"GET","path":"/api/v1/contents","status":422,"duration_ms":1}
✔ 内容列表按形式、状态、负责人和计划时间过滤，非法筛选拒绝 (22.183917ms)
{"event":"http.request","request_id":"e897a079-a2bb-4ae0-b461-964c46ef1a23","method":"POST","path":"/api/v1/contents","status":201,"duration_ms":5}
{"event":"http.request","request_id":"00a1db21-1c8e-4776-9516-790b977546d9","method":"POST","path":"/api/v1/contents/d5a680bf-ef7f-4ac6-bf7f-7b6e7d049b94/submit-review","status":422,"duration_ms":3}
{"event":"http.request","request_id":"1af99682-6373-4699-8770-857301cc7827","method":"POST","path":"/api/v1/uploads","status":201,"duration_ms":5}
{"event":"http.request","request_id":"9ef9820f-9233-42e8-a423-290fc678cdba","method":"POST","path":"/api/v1/uploads/6c7f6bba-4d9f-489a-ac65-22ba7979f6f1/parts","status":200,"duration_ms":3}
{"event":"http.request","request_id":"48b42a36-d895-41aa-bd9a-9cd3a19cf7e1","method":"PUT","path":"/api/v1/uploads/6c7f6bba-4d9f-489a-ac65-22ba7979f6f1/parts/1","status":200,"duration_ms":4}
{"event":"http.request","request_id":"f852b907-e405-45d1-bfa2-c8a0141c438e","method":"POST","path":"/api/v1/uploads/6c7f6bba-4d9f-489a-ac65-22ba7979f6f1/complete","status":200,"duration_ms":8}
{"event":"http.request","request_id":"ea2dec99-52f2-473f-a98e-eb991f56d8e0","method":"POST","path":"/api/v1/contents","status":201,"duration_ms":5}
{"event":"http.request","request_id":"f3488bf3-d797-47d9-9dcc-5bccd9ae5952","method":"POST","path":"/api/v1/contents/6aa7335a-97a2-43ad-b20c-7dbe9dc50304/revisions","status":201,"duration_ms":5}
{"event":"http.request","request_id":"bd27d80e-adcc-41aa-acf4-cd83fed4fc57","method":"POST","path":"/api/v1/contents/6aa7335a-97a2-43ad-b20c-7dbe9dc50304/submit-review","status":201,"duration_ms":5}
{"event":"http.request","request_id":"83eb2aec-2e0f-49ef-b938-7dd2c4b6598d","method":"GET","path":"/api/v1/contents/6aa7335a-97a2-43ad-b20c-7dbe9dc50304","status":200,"duration_ms":2}
{"event":"http.request","request_id":"239a1941-73b6-44f7-8203-f44c7b7cfa38","method":"POST","path":"/api/v1/reviews/e90864d6-e9fd-4229-ab58-5a4696664513/decide","status":200,"duration_ms":10}
{"event":"http.request","request_id":"7f8bb76e-b840-4db6-a98b-cda5ba1bf9ee","method":"GET","path":"/api/v1/contents/6aa7335a-97a2-43ad-b20c-7dbe9dc50304","status":200,"duration_ms":2}
✔ 提交审核拒绝缺失成品，完整PNG图文冻结并由有权成员显式批准 (166.265708ms)
{"event":"http.request","request_id":"2dd1282f-9cf0-4ce7-bf18-07ad2efbeeef","method":"POST","path":"/api/v1/uploads","status":201,"duration_ms":5}
{"event":"http.request","request_id":"1bbdd98e-c51a-4155-a6fe-9a4feefbfe8c","method":"POST","path":"/api/v1/uploads/4d2b1c00-9b84-4fd5-b700-c31ed5956345/parts","status":200,"duration_ms":3}
{"event":"http.request","request_id":"67b10f60-ef23-4b70-8e86-3c937f56417c","method":"PUT","path":"/api/v1/uploads/4d2b1c00-9b84-4fd5-b700-c31ed5956345/parts/1","status":200,"duration_ms":4}
{"event":"http.request","request_id":"6b62e07b-4313-4708-8a4d-e82819159b19","method":"POST","path":"/api/v1/uploads/4d2b1c00-9b84-4fd5-b700-c31ed5956345/complete","status":200,"duration_ms":7}
{"event":"http.request","request_id":"fd9324c2-cf1e-4c45-8973-aa061483340b","method":"POST","path":"/api/v1/contents","status":201,"duration_ms":5}
{"event":"http.request","request_id":"155777b2-8bff-4d49-8911-2f10d7754508","method":"POST","path":"/api/v1/contents/b3f6c792-c958-45d0-bc27-92b66834ea58/revisions","status":201,"duration_ms":5}
{"event":"http.request","request_id":"0f9d4253-41b6-4a9a-a027-35a4e526cc20","method":"POST","path":"/api/v1/contents/b3f6c792-c958-45d0-bc27-92b66834ea58/submit-review","status":201,"duration_ms":4}
{"event":"http.request","request_id":"a379e13f-7a42-4158-a2ff-ccfb48f29d06","method":"GET","path":"/api/v1/contents/b3f6c792-c958-45d0-bc27-92b66834ea58","status":200,"duration_ms":2}
{"event":"http.request","request_id":"6074b43e-832b-4cbf-8210-dbcd934b24a8","method":"POST","path":"/api/v1/contents/b3f6c792-c958-45d0-bc27-92b66834ea58/revisions","status":409,"duration_ms":3}
{"event":"http.request","request_id":"318df3cb-9662-4bab-8284-dbfffd429a51","method":"POST","path":"/api/v1/reviews/c8d48b07-f629-402b-bd71-69eed81843d8/withdraw","status":200,"duration_ms":6}
{"event":"http.request","request_id":"fba1dae1-05ad-4519-89df-7ece1534a627","method":"GET","path":"/api/v1/contents/b3f6c792-c958-45d0-bc27-92b66834ea58","status":200,"duration_ms":2}
{"event":"http.request","request_id":"b685f965-2a0e-42c4-8b75-5bf89cd4c359","method":"POST","path":"/api/v1/contents/b3f6c792-c958-45d0-bc27-92b66834ea58/submit-review","status":201,"duration_ms":4}
{"event":"http.request","request_id":"fbfa2adb-f001-4160-acab-61e0aa9be977","method":"POST","path":"/api/v1/reviews/92c833ae-967c-4157-8bd6-9de17f0b6623/decide","status":200,"duration_ms":7}
{"event":"http.request","request_id":"c56ec968-c23a-42dd-8ca0-26486fdbe9c5","method":"GET","path":"/api/v1/contents/b3f6c792-c958-45d0-bc27-92b66834ea58","status":200,"duration_ms":2}
{"event":"http.request","request_id":"94fdfd48-53b6-4e13-967a-4b05bb6ab46d","method":"POST","path":"/api/v1/contents/b3f6c792-c958-45d0-bc27-92b66834ea58/submit-review","status":201,"duration_ms":4}
{"event":"http.request","request_id":"30d08246-2ffe-414d-8a50-123df78706cb","method":"POST","path":"/api/v1/reviews/5fbb8033-9d61-49c8-a537-f9a3e1d5a0db/decide","status":200,"duration_ms":5}
{"event":"http.request","request_id":"b7b480f6-5999-4b4a-8dc2-92537497e899","method":"GET","path":"/api/v1/contents/b3f6c792-c958-45d0-bc27-92b66834ea58","status":200,"duration_ms":2}
{"event":"http.request","request_id":"ae86d3f1-6601-4d1f-b92d-da1947f63a1d","method":"PATCH","path":"/api/v1/contents/b3f6c792-c958-45d0-bc27-92b66834ea58","status":200,"duration_ms":4}
{"event":"http.request","request_id":"62318151-de38-4f14-890c-6be34292017a","method":"GET","path":"/api/v1/contents/b3f6c792-c958-45d0-bc27-92b66834ea58","status":200,"duration_ms":2}
{"event":"http.request","request_id":"a37c1e86-210b-4da7-b3c1-ea1ab6d47b3f","method":"POST","path":"/api/v1/contents/b3f6c792-c958-45d0-bc27-92b66834ea58/revisions","status":201,"duration_ms":5}
{"event":"http.request","request_id":"00778d60-134b-42d8-813a-bbd4662a084b","method":"GET","path":"/api/v1/contents/b3f6c792-c958-45d0-bc27-92b66834ea58","status":200,"duration_ms":2}
✔ 审核中禁止编辑，撤回和退回派生新稿；批准后改载荷重审，内部备注不使批准失效 (96.91925ms)
{"event":"http.request","request_id":"5bab5258-1575-4763-8202-bce8f4e76e4e","method":"POST","path":"/api/v1/members","status":201,"duration_ms":23}
{"event":"http.request","request_id":"84c4fa0b-e52a-4c5e-a871-9b500b629a4b","method":"GET","path":"/api/v1/auth/csrf","status":200,"duration_ms":1}
{"event":"http.request","request_id":"3c491867-a71d-4af3-9a4c-3c0cdf7349b8","method":"POST","path":"/api/v1/auth/accept-invite","status":200,"duration_ms":19}
{"event":"http.request","request_id":"bea2903d-65c2-4d51-8d8d-bc851221099b","method":"GET","path":"/api/v1/auth/csrf","status":200,"duration_ms":0}
{"event":"http.request","request_id":"fdcda139-7a72-4767-94c3-0c11da7cdfca","method":"POST","path":"/api/v1/auth/login","status":200,"duration_ms":19}
{"event":"http.request","request_id":"a2498b36-906f-4343-bea8-529bb4f0fefa","method":"POST","path":"/api/v1/uploads","status":201,"duration_ms":6}
{"event":"http.request","request_id":"91526c46-8e7d-4621-9b24-10578fdb6c92","method":"POST","path":"/api/v1/uploads/4b694463-a9b1-4142-859a-1b3d943a1837/parts","status":200,"duration_ms":3}
{"event":"http.request","request_id":"49fb558d-59ee-49a0-b9e4-23b92029cfc1","method":"PUT","path":"/api/v1/uploads/4b694463-a9b1-4142-859a-1b3d943a1837/parts/1","status":200,"duration_ms":5}
{"event":"http.request","request_id":"41e565f6-4a58-4004-a986-050af687c02d","method":"POST","path":"/api/v1/uploads/4b694463-a9b1-4142-859a-1b3d943a1837/complete","status":200,"duration_ms":7}
{"event":"http.request","request_id":"958b77c6-5ce8-4751-8c83-e564cbc97df9","method":"POST","path":"/api/v1/contents","status":201,"duration_ms":5}
{"event":"http.request","request_id":"35a60234-0b8e-4c55-9492-35cde84bea31","method":"POST","path":"/api/v1/contents/bd2da704-2744-4401-82f3-e7020c003a83/revisions","status":201,"duration_ms":5}
{"event":"http.request","request_id":"49e71ac4-72b4-4833-903a-e40d6861d97d","method":"POST","path":"/api/v1/contents/bd2da704-2744-4401-82f3-e7020c003a83/submit-review","status":201,"duration_ms":4}
{"event":"http.request","request_id":"cdc3be7f-4d74-4689-aa34-5f37b12da3ae","method":"POST","path":"/api/v1/reviews/9194a0e8-6171-4361-b199-e11dce64831d/decide","status":403,"duration_ms":1}
{"event":"http.request","request_id":"e4512fc5-f3e4-4e20-828b-0d80a77740ff","method":"POST","path":"/api/v1/reviews/9194a0e8-6171-4361-b199-e11dce64831d/decide","status":200,"duration_ms":5}
{"event":"http.request","request_id":"0ef1df60-b648-40f1-9f14-cba245071872","method":"POST","path":"/api/v1/reviews/9194a0e8-6171-4361-b199-e11dce64831d/withdraw","status":409,"duration_ms":5}
✔ 制作角色不能批准，批准与撤回并发只有一个事务成功 (116.883417ms)
{"event":"http.request","request_id":"fa29defe-e914-47bb-9411-966f5bd5bcd0","method":"POST","path":"/api/v1/uploads","status":201,"duration_ms":5}
{"event":"http.request","request_id":"ce681049-d465-49d9-aa8c-c4a7ec09fd72","method":"POST","path":"/api/v1/uploads/818d6e34-6b5e-47cb-bf10-b18e99a7aa19/parts","status":200,"duration_ms":3}
{"event":"http.request","request_id":"16bd25a5-91ef-44a9-8c64-3fc1237f5b36","method":"PUT","path":"/api/v1/uploads/818d6e34-6b5e-47cb-bf10-b18e99a7aa19/parts/1","status":200,"duration_ms":4}
{"event":"http.request","request_id":"df265fb1-447b-4a00-b60e-6a99bc63d380","method":"POST","path":"/api/v1/uploads/818d6e34-6b5e-47cb-bf10-b18e99a7aa19/complete","status":200,"duration_ms":7}
{"event":"http.request","request_id":"a1f97311-8a2f-4881-a489-6ac71ff7fb69","method":"POST","path":"/api/v1/contents","status":201,"duration_ms":5}
{"event":"http.request","request_id":"60129994-31e9-46f7-b0ba-5d4218c41945","method":"POST","path":"/api/v1/contents/6cde7c69-8818-4c23-afb2-a532de0243bd/revisions","status":201,"duration_ms":5}
{"event":"http.request","request_id":"0450727e-016b-44dd-9585-9c9561f0a1f2","method":"POST","path":"/api/v1/assets","status":201,"duration_ms":5}
{"event":"http.request","request_id":"aaa11cf2-ccc7-4861-bf0e-f1e52f61ed08","method":"POST","path":"/api/v1/assets/0b01d376-96ee-498b-8b34-04304fc7c976/confirm","status":200,"duration_ms":5}
{"event":"http.request","request_id":"c219eb36-c16c-49bb-b3fa-6250636c79d0","method":"POST","path":"/api/v1/contents/6cde7c69-8818-4c23-afb2-a532de0243bd/revisions","status":201,"duration_ms":7}
{"event":"http.request","request_id":"38cb2563-0672-4fdb-bc03-a47324547dfc","method":"POST","path":"/api/v1/contents/6cde7c69-8818-4c23-afb2-a532de0243bd/submit-review","status":201,"duration_ms":6}
{"event":"http.request","request_id":"446cd002-0528-42ea-8c7d-ade25aaf208e","method":"POST","path":"/api/v1/assets/0b01d376-96ee-498b-8b34-04304fc7c976/retire","status":200,"duration_ms":4}
{"event":"http.request","request_id":"b86af2fe-34d9-447d-8b7f-6c3843ba1a1d","method":"POST","path":"/api/v1/reviews/e9997d10-a3a0-4b24-989a-e7dad64b9056/decide","status":422,"duration_ms":5}
{"event":"http.request","request_id":"db19d1cd-56b6-4fc1-b323-e8c79aeb4484","method":"POST","path":"/api/v1/reviews/e9997d10-a3a0-4b24-989a-e7dad64b9056/withdraw","status":200,"duration_ms":6}
{"event":"http.request","request_id":"0d7568ec-c384-41f5-a8e6-a4da52e5b0a7","method":"GET","path":"/api/v1/contents/6cde7c69-8818-4c23-afb2-a532de0243bd","status":200,"duration_ms":2}
{"event":"http.request","request_id":"3c6c6ed6-5857-42f2-a51d-0eb09e833fce","method":"POST","path":"/api/v1/contents/6cde7c69-8818-4c23-afb2-a532de0243bd/revisions","status":201,"duration_ms":5}
✔ 素材停用阻止批准但仍能撤回修稿，冻结历史引用保留 (91.545125ms)
{"event":"http.request","request_id":"049a9a72-95eb-4306-b9f1-8f0f5f54459e","method":"POST","path":"/api/v1/contents","status":201,"duration_ms":5}
{"event":"http.request","request_id":"e5c1f967-8044-42be-a3b9-21ee04cdf01b","method":"POST","path":"/api/v1/contents/4da9c3f7-2d42-4ddd-ad81-b5905dbb6ecb/start-production","status":200,"duration_ms":3}
{"event":"http.request","request_id":"f6b51458-6387-4531-aefc-4f0d7ef85894","method":"POST","path":"/api/v1/contents/4da9c3f7-2d42-4ddd-ad81-b5905dbb6ecb/cancel","status":200,"duration_ms":4}
{"event":"http.request","request_id":"8a24e76c-ecc0-4363-8010-f1a09423b0e8","method":"GET","path":"/api/v1/contents/4da9c3f7-2d42-4ddd-ad81-b5905dbb6ecb","status":200,"duration_ms":2}
{"event":"http.request","request_id":"5dde012f-dfdc-4421-bd91-c366e3b78532","method":"POST","path":"/api/v1/contents/4da9c3f7-2d42-4ddd-ad81-b5905dbb6ecb/submit-review","status":409,"duration_ms":3}
✔ 开始制作保存估时，取消保留理由和版本历史且不能再提审 (18.82675ms)
{"event":"http.request","request_id":"5529a547-b00e-496a-9ae7-448a402a5d8d","method":"POST","path":"/api/v1/uploads","status":201,"duration_ms":5}
{"event":"http.request","request_id":"3ffc9b27-e2df-4c34-af3a-b913ad2a338c","method":"POST","path":"/api/v1/uploads/3b237832-e629-4f6e-bf0c-91df1db7c655/parts","status":200,"duration_ms":5}
{"event":"http.request","request_id":"1888f001-cd0a-4ec0-b172-269cd4cd9f67","method":"PUT","path":"/api/v1/uploads/3b237832-e629-4f6e-bf0c-91df1db7c655/parts/1","status":200,"duration_ms":4}
{"event":"http.request","request_id":"935b8af3-08d9-4572-a38d-8f0408fb50d0","method":"POST","path":"/api/v1/uploads/3b237832-e629-4f6e-bf0c-91df1db7c655/complete","status":200,"duration_ms":7}
{"event":"http.request","request_id":"804b551e-9b0d-4a0e-8512-ae5cefb52af8","method":"POST","path":"/api/v1/contents","status":201,"duration_ms":5}
{"event":"http.request","request_id":"3d2485a5-67dc-4047-a55c-446e0518fdde","method":"POST","path":"/api/v1/contents/0f3e0e98-8ee8-42c0-8134-fc37dd68756f/revisions","status":201,"duration_ms":5}
{"event":"http.request","request_id":"a57aae10-8420-4c68-a2f3-3473961ec68a","method":"POST","path":"/api/v1/contents/0f3e0e98-8ee8-42c0-8134-fc37dd68756f/submit-review","status":201,"duration_ms":5}
{"event":"http.request","request_id":"57530b85-f2f5-4274-b8cd-c7b210880850","method":"POST","path":"/api/v1/reviews/16ffa361-6776-411f-961e-6ed82098a7f0/decide","status":200,"duration_ms":5}
{"event":"http.request","request_id":"207fcf3d-7967-43c6-a26c-9a6d8cfbcc78","method":"GET","path":"/api/v1/contents/0f3e0e98-8ee8-42c0-8134-fc37dd68756f","status":200,"duration_ms":2}
{"event":"http.request","request_id":"6c342290-1f6a-428a-81ea-cb97112ac4ac","method":"POST","path":"/api/v1/contents/0f3e0e98-8ee8-42c0-8134-fc37dd68756f/export-package","status":202,"duration_ms":5}
{"event":"http.request","request_id":"982b74bc-2b03-4a31-a035-aaeeb7606717","method":"GET","path":"/api/v1/export-packages/7fbdc7e5-aa2d-4982-b24d-332a042fbe70","status":200,"duration_ms":2}
{"event":"job.claimed","job_id":"d4f8a54c-3d7d-4a3e-a143-b4debe3ff2f1","request_id":"6c342290-1f6a-428a-81ea-cb97112ac4ac","pool":"general","attempt":1}
{"event":"http.request","request_id":"5a2df232-36c2-4f41-ab2c-95b67664fb55","method":"GET","path":"/api/v1/export-packages/7fbdc7e5-aa2d-4982-b24d-332a042fbe70","status":200,"duration_ms":3}
{"event":"http.request","request_id":"ac7dcdae-fe3d-40c1-8e09-ae1ef3737859","method":"GET","path":"/api/v1/export-packages/7fbdc7e5-aa2d-4982-b24d-332a042fbe70/download","status":200,"duration_ms":24}
{"event":"http.request","request_id":"18e8cd75-f5f6-41cc-992d-12066a6c59c9","method":"POST","path":"/api/v1/contents/0f3e0e98-8ee8-42c0-8134-fc37dd68756f/revisions","status":201,"duration_ms":17}
{"event":"http.request","request_id":"1040aca9-7229-4654-972f-3782f6f55b02","method":"GET","path":"/api/v1/export-packages/7fbdc7e5-aa2d-4982-b24d-332a042fbe70/download","status":409,"duration_ms":6}
{"event":"http.request","request_id":"37898777-9acf-47cd-8631-733df745591a","method":"GET","path":"/api/v1/files/b95180a7-4044-44f2-9297-aafdcbdc0b9b/download","status":409,"duration_ms":5}
✔ 发布包异步打包批准版本，下载PNG原件、页序和文案与批准内容一致 (1145.620459ms)
{"event":"http.request","request_id":"e6f398cd-1707-472f-ad48-e4206d0fe0ed","method":"POST","path":"/api/v1/uploads","status":201,"duration_ms":11}
{"event":"http.request","request_id":"2edbc497-0df7-428f-9720-1046fe09a545","method":"POST","path":"/api/v1/uploads/b00c6328-b885-4c9b-bdb9-881ed980f5c2/parts","status":200,"duration_ms":7}
{"event":"http.request","request_id":"e3a00863-eb00-499f-9e6b-1397129fd2a9","method":"PUT","path":"/api/v1/uploads/b00c6328-b885-4c9b-bdb9-881ed980f5c2/parts/1","status":200,"duration_ms":9}
{"event":"http.request","request_id":"b25ac3bc-3c40-4d9b-b758-ed6b94c752c2","method":"POST","path":"/api/v1/uploads/b00c6328-b885-4c9b-bdb9-881ed980f5c2/complete","status":200,"duration_ms":15}
{"event":"http.request","request_id":"91af67ba-8e1a-437e-9170-133a4c42e5d4","method":"POST","path":"/api/v1/contents","status":201,"duration_ms":8}
{"event":"http.request","request_id":"87c2b87f-2a9d-4afc-ad43-10443985b7bc","method":"POST","path":"/api/v1/contents/b5fa8f53-33a0-4722-8b24-8a77d0756b44/revisions","status":201,"duration_ms":8}
{"event":"http.request","request_id":"185d8c62-d0c0-4145-a669-e0f36628db17","method":"POST","path":"/api/v1/contents/b5fa8f53-33a0-4722-8b24-8a77d0756b44/submit-review","status":201,"duration_ms":7}
{"event":"http.request","request_id":"e9f08720-3517-4bd9-a24e-d547f03d06bd","method":"POST","path":"/api/v1/reviews/b23daa7c-dc3b-40c9-ac6f-1730dc3f7392/decide","status":200,"duration_ms":8}
{"event":"http.request","request_id":"b3a5fd16-0929-42e0-9bac-3396146e7e5b","method":"GET","path":"/api/v1/contents/b5fa8f53-33a0-4722-8b24-8a77d0756b44","status":200,"duration_ms":3}
{"event":"http.request","request_id":"84876613-0281-446f-b706-1aa1d71925ca","method":"POST","path":"/api/v1/publication-drafts","status":201,"duration_ms":6}
{"event":"http.request","request_id":"8c229807-a400-4bc5-a166-4f34a1ec0452","method":"GET","path":"/api/v1/contents/b5fa8f53-33a0-4722-8b24-8a77d0756b44","status":200,"duration_ms":3}
{"event":"http.request","request_id":"391801d3-5484-4de2-a48c-46f9ff3041c1","method":"POST","path":"/api/v1/publications","status":422,"duration_ms":5}
{"event":"http.request","request_id":"319deb9d-0593-40b2-a981-7384d30eebf3","method":"POST","path":"/api/v1/publications","status":422,"duration_ms":5}
{"event":"http.request","request_id":"aed708e4-5df6-4db4-b81f-d3f85560b1a2","method":"POST","path":"/api/v1/publications","status":201,"duration_ms":8}
{"event":"http.request","request_id":"a9a0ae95-b5f2-4ca3-8ffb-5f02bd92149a","method":"GET","path":"/api/v1/contents/b5fa8f53-33a0-4722-8b24-8a77d0756b44","status":200,"duration_ms":3}
{"event":"http.request","request_id":"27a637ec-6faf-4856-b8bb-b02afbe9fee0","method":"POST","path":"/api/v1/uploads","status":201,"duration_ms":7}
{"event":"http.request","request_id":"5332e8b1-eb35-4bb4-a4a9-8500f1aaa1b1","method":"POST","path":"/api/v1/uploads/fe480fc7-f5b8-481e-a379-fcf4e8bdec3e/parts","status":200,"duration_ms":5}
{"event":"http.request","request_id":"445dd6de-1ab8-49ee-97d4-d914b81a6031","method":"PUT","path":"/api/v1/uploads/fe480fc7-f5b8-481e-a379-fcf4e8bdec3e/parts/1","status":200,"duration_ms":6}
{"event":"http.request","request_id":"9915a5a2-42cd-4903-bbaf-a71c6f45a971","method":"POST","path":"/api/v1/uploads/fe480fc7-f5b8-481e-a379-fcf4e8bdec3e/complete","status":200,"duration_ms":10}
{"event":"http.request","request_id":"9efc340e-56eb-418f-898c-fb223ba5c2ff","method":"POST","path":"/api/v1/contents","status":201,"duration_ms":6}
{"event":"http.request","request_id":"1109102b-0807-457b-886a-0534f84591b2","method":"POST","path":"/api/v1/contents/4bcdb3a9-d5ae-48ca-a34f-ab72233f5d15/revisions","status":201,"duration_ms":6}
{"event":"http.request","request_id":"9ca7d5fc-e36b-42cd-bf4b-06e261737101","method":"POST","path":"/api/v1/contents/4bcdb3a9-d5ae-48ca-a34f-ab72233f5d15/submit-review","status":201,"duration_ms":5}
{"event":"http.request","request_id":"39b03299-7f70-4e8e-86a8-57d9eea7d98a","method":"POST","path":"/api/v1/reviews/54ccd0b3-b712-4e9a-a9a0-d4ce0789b47e/decide","status":200,"duration_ms":6}
{"event":"http.request","request_id":"8aa72ecd-f597-41de-ab04-e0014e65a53a","method":"GET","path":"/api/v1/contents/4bcdb3a9-d5ae-48ca-a34f-ab72233f5d15","status":200,"duration_ms":2}
{"event":"http.request","request_id":"bd4e2d56-d0e7-4d3f-ab6e-37739162ee26","method":"POST","path":"/api/v1/publications","status":409,"duration_ms":4}
✔ 缺笔记ID暂存不算发布，正式登记锁定批准版本、账号和唯一笔记并持久回收事件 (215.400584ms)
{"event":"http.request","request_id":"e9241bd8-e2a4-48db-a7ca-ffb0715695ec","method":"POST","path":"/api/v1/uploads","status":201,"duration_ms":6}
{"event":"http.request","request_id":"50d2258f-f967-4067-9ccc-9e3a19dc23c6","method":"POST","path":"/api/v1/uploads/4d1b22fc-0e90-4f25-a41b-db817bb9d198/parts","status":200,"duration_ms":3}
{"event":"http.request","request_id":"7cf7e769-082a-4fb3-bcc7-64e9dc60d8bd","method":"PUT","path":"/api/v1/uploads/4d1b22fc-0e90-4f25-a41b-db817bb9d198/parts/1","status":200,"duration_ms":4}
{"event":"http.request","request_id":"323003c3-c854-4c41-b4a4-9badc7a0cae0","method":"POST","path":"/api/v1/uploads/4d1b22fc-0e90-4f25-a41b-db817bb9d198/complete","status":200,"duration_ms":7}
{"event":"http.request","request_id":"dcb7ed3e-e375-4d3b-8d66-dedde9ad13b4","method":"POST","path":"/api/v1/contents","status":201,"duration_ms":5}
{"event":"http.request","request_id":"9d2fc752-5375-4d72-9a27-0481658ac97b","method":"POST","path":"/api/v1/contents/ce5670e4-8905-4342-b7bd-a884873cb8d9/revisions","status":201,"duration_ms":5}
{"event":"http.request","request_id":"7b29ec7a-a62f-45e2-a021-9c67f7c62c41","method":"POST","path":"/api/v1/contents/ce5670e4-8905-4342-b7bd-a884873cb8d9/submit-review","status":201,"duration_ms":4}
{"event":"http.request","request_id":"821b4728-dcb3-4f89-acc5-7f40249b3f79","method":"POST","path":"/api/v1/reviews/7fd8d702-c022-4761-a01b-924a0c528974/decide","status":200,"duration_ms":5}
{"event":"http.request","request_id":"2929117e-5f23-44fe-ad95-784d9304f335","method":"GET","path":"/api/v1/contents/ce5670e4-8905-4342-b7bd-a884873cb8d9","status":200,"duration_ms":2}
{"event":"http.request","request_id":"d6b8e1c2-e07f-477c-a421-d812beb9c65a","method":"POST","path":"/api/v1/publications","status":201,"duration_ms":4}
{"event":"http.request","request_id":"b98810fe-cbb3-4199-88da-9b170972e763","method":"GET","path":"/api/v1/contents/ce5670e4-8905-4342-b7bd-a884873cb8d9","status":200,"duration_ms":2}
{"event":"http.request","request_id":"f3c0956e-b39b-4ab5-ae05-d80929912fa4","method":"POST","path":"/api/v1/contents/ce5670e4-8905-4342-b7bd-a884873cb8d9/create-revision-work-item","status":201,"duration_ms":7}
{"event":"http.request","request_id":"995bae3e-a932-493b-9472-4e77c74acb3e","method":"GET","path":"/api/v1/contents/f369dec7-6f3d-4ea3-89be-35c252648971","status":200,"duration_ms":2}
{"event":"http.request","request_id":"d524db5b-25f8-473d-9a49-b408a4abddc4","method":"GET","path":"/api/v1/contents/ce5670e4-8905-4342-b7bd-a884873cb8d9","status":200,"duration_ms":2}
{"event":"http.request","request_id":"b77dcc62-65d5-4b61-ac1f-0a5e236f697f","method":"GET","path":"/api/v1/publications/041d3885-2926-4bb0-89ac-de8910f6b42f","status":200,"duration_ms":2}
✔ 已发布内容派生独立修订工作项，原稿和文件归档保持不变 (72.881625ms)
{"event":"http.request","request_id":"2aea5c33-7858-439c-86db-2d505cbf4b0f","method":"POST","path":"/api/v1/uploads","status":201,"duration_ms":5}
{"event":"http.request","request_id":"470b9be9-ce77-45c2-9c3e-7c1afe943331","method":"POST","path":"/api/v1/uploads/fe7482cd-bba9-4dda-bd27-59f3711382f0/parts","status":200,"duration_ms":3}
{"event":"http.request","request_id":"b5cf673d-f5c9-4094-a57d-f3e7305bbca2","method":"PUT","path":"/api/v1/uploads/fe7482cd-bba9-4dda-bd27-59f3711382f0/parts/1","status":200,"duration_ms":4}
{"event":"http.request","request_id":"3f34a397-ad4b-480e-92d6-78d76c1fe3f7","method":"POST","path":"/api/v1/uploads/fe7482cd-bba9-4dda-bd27-59f3711382f0/complete","status":200,"duration_ms":16}
{"event":"http.request","request_id":"d22f35f3-29cd-4dac-9f09-04563c508620","method":"POST","path":"/api/v1/contents","status":201,"duration_ms":7}
{"event":"http.request","request_id":"53b8fd86-ccdf-4d15-9502-fbeaf7fef9b5","method":"POST","path":"/api/v1/contents/bb53c9ce-54be-4e81-bcfe-e6c8fb6a1468/revisions","status":201,"duration_ms":5}
{"event":"http.request","request_id":"540b99bf-07a9-41f5-8db6-c2a2838702d9","method":"POST","path":"/api/v1/contents/bb53c9ce-54be-4e81-bcfe-e6c8fb6a1468/submit-review","status":201,"duration_ms":6}
{"event":"http.request","request_id":"02c46836-d9c6-4634-9359-d0ef56eb656c","method":"POST","path":"/api/v1/reviews/433440fb-b4bd-4567-b4a2-1cee21302fa6/decide","status":200,"duration_ms":5}
{"event":"http.request","request_id":"6a315acf-3ab1-468d-ae0f-2d2b9d3ccdcb","method":"GET","path":"/api/v1/contents/bb53c9ce-54be-4e81-bcfe-e6c8fb6a1468","status":200,"duration_ms":2}
{"event":"http.request","request_id":"c01d6112-e06b-4f96-8dd9-36188fb55415","method":"POST","path":"/api/v1/publications","status":201,"duration_ms":4}
{"event":"http.request","request_id":"d25b2c7d-af70-46d4-a83b-74ae1494380f","method":"GET","path":"/api/v1/contents/bb53c9ce-54be-4e81-bcfe-e6c8fb6a1468","status":200,"duration_ms":2}
{"event":"http.request","request_id":"83569c96-eed5-4231-b134-99c213465294","method":"POST","path":"/api/v1/contents/bb53c9ce-54be-4e81-bcfe-e6c8fb6a1468/create-revision-work-item","status":201,"duration_ms":10}
{"event":"http.request","request_id":"2cb1e9c7-6395-45a8-b9c1-2ee4ebc419fd","method":"GET","path":"/api/v1/contents/6921d9b2-605c-438f-8733-f301ff8ded22","status":200,"duration_ms":2}
{"event":"http.request","request_id":"05094db5-2cf3-46df-8b92-706ef8b8b52c","method":"POST","path":"/api/v1/publications/82e9056a-b35b-4657-841c-53df08e74989/changes","status":409,"duration_ms":4}
{"event":"http.request","request_id":"d085179a-bb5a-4868-9bd9-1eef9272c2c8","method":"POST","path":"/api/v1/contents/6921d9b2-605c-438f-8733-f301ff8ded22/revisions","status":201,"duration_ms":6}
{"event":"http.request","request_id":"41e8b286-eaf0-4cd6-8942-c70e34a97ce7","method":"POST","path":"/api/v1/contents/6921d9b2-605c-438f-8733-f301ff8ded22/submit-review","status":201,"duration_ms":4}
{"event":"http.request","request_id":"9a163f20-e130-4c05-b983-2f849fb71029","method":"POST","path":"/api/v1/reviews/acf808c3-c8a8-420c-b78d-bd597614fd78/decide","status":200,"duration_ms":5}
{"event":"http.request","request_id":"d57f530b-6140-4e71-ba0e-551ac8d4328c","method":"GET","path":"/api/v1/contents/6921d9b2-605c-438f-8733-f301ff8ded22","status":200,"duration_ms":2}
{"event":"http.request","request_id":"614419e6-4cb3-4a1b-8c00-cf93b3ef3a80","method":"POST","path":"/api/v1/publications/82e9056a-b35b-4657-841c-53df08e74989/changes","status":201,"duration_ms":6}
{"event":"http.request","request_id":"34adca20-d81d-4f36-b425-49cf1721dcfb","method":"POST","path":"/api/v1/publications/82e9056a-b35b-4657-841c-53df08e74989/changes","status":409,"duration_ms":6}
{"event":"http.request","request_id":"1a88ed32-3a12-4af4-acbb-13453f18a48c","method":"GET","path":"/api/v1/publications/82e9056a-b35b-4657-841c-53df08e74989","status":200,"duration_ms":2}
{"event":"http.request","request_id":"c09646c6-4c54-43ac-b03b-787a48a4f142","method":"GET","path":"/api/v1/contents/6921d9b2-605c-438f-8733-f301ff8ded22","status":200,"duration_ms":2}
{"event":"http.request","request_id":"87579c8b-ba1a-459f-b086-daa119d5ae9c","method":"GET","path":"/api/v1/contents/bb53c9ce-54be-4e81-bcfe-e6c8fb6a1468","status":200,"duration_ms":2}
✔ 外部编辑必须关联重新批准的修订工作项，初次版本不变并拒绝重复并发确认 (128.39325ms)
{"event":"http.request","request_id":"4024a805-30d1-4039-85f0-127d53714ef8","method":"POST","path":"/api/v1/uploads","status":201,"duration_ms":5}
{"event":"http.request","request_id":"95584098-b2b5-4f58-bf55-4ae913989dbb","method":"POST","path":"/api/v1/uploads/a603439a-b80a-48a7-ac80-1373028f683a/parts","status":200,"duration_ms":3}
{"event":"http.request","request_id":"42a5c989-b274-42c9-8352-8e4eb1fbbe74","method":"PUT","path":"/api/v1/uploads/a603439a-b80a-48a7-ac80-1373028f683a/parts/1","status":200,"duration_ms":4}
{"event":"http.request","request_id":"28ac3980-91d6-457e-97f2-6e74200dbafa","method":"POST","path":"/api/v1/uploads/a603439a-b80a-48a7-ac80-1373028f683a/complete","status":200,"duration_ms":7}
{"event":"http.request","request_id":"061f832e-d50c-4bb9-9abb-41b0585b5189","method":"POST","path":"/api/v1/contents","status":201,"duration_ms":5}
{"event":"http.request","request_id":"29aa93ff-f783-470c-b266-7df9b2effd06","method":"POST","path":"/api/v1/contents/2c69b579-f0cd-44dd-9af5-3570daff3ff3/revisions","status":201,"duration_ms":5}
{"event":"http.request","request_id":"a846940b-8394-46b8-b828-ae17f11048bc","method":"POST","path":"/api/v1/contents/2c69b579-f0cd-44dd-9af5-3570daff3ff3/submit-review","status":201,"duration_ms":5}
{"event":"http.request","request_id":"ecad1c26-6e21-4858-8b0f-b135445c465b","method":"POST","path":"/api/v1/reviews/37ec714e-f318-4418-8d28-b41266f195dd/decide","status":200,"duration_ms":5}
{"event":"http.request","request_id":"79849904-ce83-44ed-88fb-df2d315e6b7c","method":"GET","path":"/api/v1/contents/2c69b579-f0cd-44dd-9af5-3570daff3ff3","status":200,"duration_ms":2}
{"event":"http.request","request_id":"6e00876c-3843-4acb-b382-4bd87a6d0c67","method":"POST","path":"/api/v1/publications","status":201,"duration_ms":6}
{"event":"http.request","request_id":"5a1e91c9-7444-4c65-bf5f-920f34c1f81a","method":"POST","path":"/api/v1/publications/ef91c69e-2e52-4922-9a7e-271d5596b561/changes","status":201,"duration_ms":5}
{"event":"http.request","request_id":"743dfd27-76ba-4e2e-af7a-660c2c26024d","method":"GET","path":"/api/v1/publications/ef91c69e-2e52-4922-9a7e-271d5596b561","status":200,"duration_ms":2}
{"event":"http.request","request_id":"569bed72-6a9f-40d0-beec-f3d9e005f740","method":"POST","path":"/api/v1/publications/ef91c69e-2e52-4922-9a7e-271d5596b561/changes","status":409,"duration_ms":3}
{"event":"http.request","request_id":"d127d05f-8713-4e13-8588-1bf2e56dce0e","method":"GET","path":"/api/v1/contents/2c69b579-f0cd-44dd-9af5-3570daff3ff3","status":200,"duration_ms":2}
{"event":"http.request","request_id":"29fadd8b-8efa-4131-be57-d5af9ce0d4b7","method":"POST","path":"/api/v1/contents/2c69b579-f0cd-44dd-9af5-3570daff3ff3/create-revision-work-item","status":201,"duration_ms":7}
{"event":"http.request","request_id":"7967435d-462c-4397-9cc9-3aae28660a1d","method":"GET","path":"/api/v1/contents/3937f156-0753-439b-8a10-ca4c9a760bb6","status":200,"duration_ms":2}
{"event":"http.request","request_id":"48bd805a-88f6-451d-83f0-1d5b6e8c3fd4","method":"POST","path":"/api/v1/contents/3937f156-0753-439b-8a10-ca4c9a760bb6/submit-review","status":201,"duration_ms":4}
{"event":"http.request","request_id":"6e676192-9ce7-4652-9994-ce152096b419","method":"POST","path":"/api/v1/reviews/05c44852-bd75-4f97-9d6f-023fb6bbd12d/decide","status":200,"duration_ms":5}
{"event":"http.request","request_id":"ed12065c-220d-4924-a19f-0c6e58c5a44b","method":"GET","path":"/api/v1/contents/3937f156-0753-439b-8a10-ca4c9a760bb6","status":200,"duration_ms":2}
{"event":"http.request","request_id":"10818d44-5d27-49d7-accc-e4ad97c61b0d","method":"POST","path":"/api/v1/publications","status":201,"duration_ms":5}
{"event":"http.request","request_id":"80c45b35-aa9b-40e9-a26e-60d2791b493a","method":"POST","path":"/api/v1/publications/ef91c69e-2e52-4922-9a7e-271d5596b561/changes","status":422,"duration_ms":3}
{"event":"http.request","request_id":"12d110d2-a676-4ad9-a82d-add0ca0e2f8d","method":"POST","path":"/api/v1/publications/ef91c69e-2e52-4922-9a7e-271d5596b561/changes","status":201,"duration_ms":5}
{"event":"http.request","request_id":"822659a3-b47f-4f42-af7d-39be45d07410","method":"GET","path":"/api/v1/publications/ef91c69e-2e52-4922-9a7e-271d5596b561","status":200,"duration_ms":2}
✔ 删除保留发布历史，重发必须登记同账号新笔记并单独关联 (105.977583ms)
{"event":"http.request","request_id":"e6c350d4-f413-4424-b6ea-08b5b0a293c7","method":"POST","path":"/api/v1/uploads","status":201,"duration_ms":4}
{"event":"http.request","request_id":"c161d486-273b-4a01-8aee-a4f12f2ca31b","method":"POST","path":"/api/v1/uploads/fb598009-1423-451e-aa93-536f7f48451a/parts","status":200,"duration_ms":3}
{"event":"http.request","request_id":"ebaf130c-2f25-4fc6-a465-896229cf16b9","method":"PUT","path":"/api/v1/uploads/fb598009-1423-451e-aa93-536f7f48451a/parts/1","status":200,"duration_ms":4}
{"event":"http.request","request_id":"de907342-4f18-4e94-9532-c0e4cc14eca6","method":"POST","path":"/api/v1/uploads/fb598009-1423-451e-aa93-536f7f48451a/complete","status":200,"duration_ms":7}
{"event":"http.request","request_id":"5ca8e4ea-212e-4a92-96e7-cc177c11ec7f","method":"POST","path":"/api/v1/contents","status":201,"duration_ms":5}
{"event":"http.request","request_id":"ff41f596-b1a0-4a69-86fe-bf307821a30c","method":"POST","path":"/api/v1/contents/806187f6-683f-4726-81df-ab783df45447/revisions","status":201,"duration_ms":5}
{"event":"http.request","request_id":"688596b4-6063-486f-9711-ab6daedc9956","method":"POST","path":"/api/v1/contents/806187f6-683f-4726-81df-ab783df45447/check","status":200,"duration_ms":4}
{"event":"http.request","request_id":"193160ea-5c03-4597-9ee7-aea8a09617c2","method":"GET","path":"/api/v1/contents/806187f6-683f-4726-81df-ab783df45447","status":200,"duration_ms":2}
✔ 品牌辅助检查给出可追溯建议，不改变审核或自动批准 (42.554542ms)
{"event":"http.request","request_id":"573fb2c8-7c81-425e-bb2e-478cd481396f","method":"POST","path":"/api/v1/uploads","status":201,"duration_ms":5}
{"event":"http.request","request_id":"b2ef327a-8fcc-49e7-b579-09e62d678bfc","method":"POST","path":"/api/v1/uploads/20f8d7cb-c631-4b55-a195-118129b1767d/parts","status":200,"duration_ms":3}
{"event":"http.request","request_id":"79266051-4b59-4965-9d55-bd87c1b1be39","method":"PUT","path":"/api/v1/uploads/20f8d7cb-c631-4b55-a195-118129b1767d/parts/1","status":200,"duration_ms":4}
{"event":"http.request","request_id":"ff877a6a-6229-4ac2-84bb-0942ed6e27ae","method":"POST","path":"/api/v1/uploads/20f8d7cb-c631-4b55-a195-118129b1767d/complete","status":200,"duration_ms":7}
{"event":"http.request","request_id":"14485fa0-d06a-4453-87c6-63964eadd074","method":"POST","path":"/api/v1/contents","status":201,"duration_ms":4}
{"event":"http.request","request_id":"8a2ace27-fa57-428d-8ab2-7118d38ad1ce","method":"POST","path":"/api/v1/contents/cb41f216-584c-4f5b-be6a-72e9b01f7271/revisions","status":201,"duration_ms":5}
{"event":"http.request","request_id":"0a47b580-e1b6-4f40-9a76-9f8709ce7161","method":"POST","path":"/api/v1/contents/cb41f216-584c-4f5b-be6a-72e9b01f7271/submit-review","status":201,"duration_ms":5}
{"event":"http.request","request_id":"833e3257-0bfb-48b2-9c43-fcdd1f7788b8","method":"POST","path":"/api/v1/reviews/1c088446-d35a-496c-b544-cd65e8d1714a/decide","status":200,"duration_ms":4}
{"event":"http.request","request_id":"ccba6a56-c175-4006-962e-b6e96c8f396d","method":"GET","path":"/api/v1/contents/cb41f216-584c-4f5b-be6a-72e9b01f7271","status":200,"duration_ms":2}
{"event":"http.request","request_id":"778880dc-5243-4d83-9beb-3833bc70aa29","method":"POST","path":"/api/v1/contents/cb41f216-584c-4f5b-be6a-72e9b01f7271/export-package","status":202,"duration_ms":5}
{"event":"http.request","request_id":"0ed3ddb0-89da-48c2-8cd3-52dbbe469804","method":"POST","path":"/api/v1/jobs/684a69c6-79f3-4a8e-8f5e-995f2d483cc5/cancel","status":200,"duration_ms":4}
{"event":"http.request","request_id":"347dc170-aac5-45c0-95f1-f112779b911d","method":"GET","path":"/api/v1/export-packages/689bf30c-058c-4c76-b14d-8a78649c1ec1","status":200,"duration_ms":2}
{"event":"http.request","request_id":"198c056b-899c-4110-9c7e-707831953102","method":"POST","path":"/api/v1/contents/cb41f216-584c-4f5b-be6a-72e9b01f7271/export-package","status":202,"duration_ms":4}
✖ 取消发布包后可对同一批准版本重新排队，内容取消同时终止待处理导出 (67.027042ms)
ℹ tests 17
ℹ suites 0
ℹ pass 16
ℹ fail 1
ℹ cancelled 0
ℹ skipped 0
ℹ todo 0
ℹ duration_ms 3486.255875

✖ failing tests:

test at tests/production.test.ts:2:32076
✖ 取消发布包后可对同一批准版本重新排队，内容取消同时终止待处理导出 (67.027042ms)
  AssertionError [ERR_ASSERTION]: Expected "actual" to be strictly unequal to:
  
  '684a69c6-79f3-4a8e-8f5e-995f2d483cc5'
      at TestContext.<anonymous> (/Users/junlong/projects/social-mdeida-ops-platform/tests/production.test.ts:178:190)
      at process.processTicksAndRejections (node:internal/process/task_queues:104:5)
      at async Test.run (node:internal/test_runner/test:1125:7)
      at async Test.processPendingSubtests (node:internal/test_runner/test:787:7) {
    generatedMessage: true,
    code: 'ERR_ASSERTION',
    actual: '684a69c6-79f3-4a8e-8f5e-995f2d483cc5',
    expected: '684a69c6-79f3-4a8e-8f5e-995f2d483cc5',
    operator: 'notStrictEqual',
    diff: 'simple'
  }
