{"event":"http.request","request_id":"037ca960-8f83-4a2d-afae-568cfa8a87c1","method":"GET","path":"/api/v1/auth/csrf","status":200,"duration_ms":6}
{"event":"http.request","request_id":"1ee5a7af-f801-4b49-a2ad-48b2560c0494","method":"POST","path":"/api/v1/setup","status":201,"duration_ms":33}
{"event":"http.request","request_id":"d57a010f-145f-4f2a-93a2-b78c8c0d3f49","method":"GET","path":"/api/v1/auth/csrf","status":200,"duration_ms":2}
{"event":"http.request","request_id":"93655202-7b15-4385-817a-882cbf8cf00b","method":"POST","path":"/api/v1/auth/login","status":200,"duration_ms":22}
{"event":"http.request","request_id":"0c879d6d-a29c-4a51-9642-ce42be89095e","method":"GET","path":"/api/v1/me","status":200,"duration_ms":70}
{"event":"http.request","request_id":"05731f58-cc55-4584-98c7-3ba447e698f5","method":"POST","path":"/api/v1/accounts","status":201,"duration_ms":9}
{"event":"http.request","request_id":"2325c5dd-fc56-48d1-9b92-079995e07d74","method":"POST","path":"/api/v1/contents","status":201,"duration_ms":10}
{"event":"http.request","request_id":"088ceeed-31c9-4f6e-bf9f-fae95cedc70f","method":"GET","path":"/api/v1/contents/2a9a35a8-4d98-4f09-98f8-d0b022bd09f8","status":200,"duration_ms":5}
{"event":"http.request","request_id":"f55c5ca8-30f6-4777-a708-674ea45e17f0","method":"POST","path":"/api/v1/contents/2a9a35a8-4d98-4f09-98f8-d0b022bd09f8/revisions","status":201,"duration_ms":8}
{"event":"http.request","request_id":"3fd40ed3-3941-4f04-ad68-368b0ad535ba","method":"GET","path":"/api/v1/contents/2a9a35a8-4d98-4f09-98f8-d0b022bd09f8","status":200,"duration_ms":3}
✔ 人工新建图文后保存逐页文案，再从详情恢复原始快照 (387.465209ms)
{"event":"http.request","request_id":"28a18de7-4082-47ee-aac1-e5659ed64aa3","method":"POST","path":"/api/v1/contents","status":201,"duration_ms":6}
{"event":"http.request","request_id":"5d5fc4e2-f5c9-4833-b9a4-2af5d1bf79ae","method":"POST","path":"/api/v1/contents/3714cf4c-4b75-4a33-b9de-dd5a6c5ae44c/revisions","status":201,"duration_ms":6}
{"event":"http.request","request_id":"e79a0c98-ad7e-4b1e-9612-4e94f16286ba","method":"POST","path":"/api/v1/contents/3714cf4c-4b75-4a33-b9de-dd5a6c5ae44c/revisions","status":409,"duration_ms":9}
{"event":"http.request","request_id":"14ac620e-9481-4194-b7d1-e4d76381c0b4","method":"GET","path":"/api/v1/contents/3714cf4c-4b75-4a33-b9de-dd5a6c5ae44c","status":200,"duration_ms":4}
{"event":"http.request","request_id":"ad1da935-e014-49a8-a785-1b5b751dd3ac","method":"POST","path":"/api/v1/contents/3714cf4c-4b75-4a33-b9de-dd5a6c5ae44c/restore","status":201,"duration_ms":7}
{"event":"http.request","request_id":"6685a6c5-821a-49ae-81db-214713c30bab","method":"GET","path":"/api/v1/contents/3714cf4c-4b75-4a33-b9de-dd5a6c5ae44c","status":200,"duration_ms":3}
✔ 同一基础版本并发保存只有一个成功，恢复历史版本产生新快照 (35.828458ms)
{"event":"http.request","request_id":"724c2825-aea8-4194-954b-f8268bf02fa8","method":"POST","path":"/api/v1/members","status":201,"duration_ms":21}
{"event":"http.request","request_id":"fd0aaf34-80b5-403b-86da-3d676349f021","method":"GET","path":"/api/v1/auth/csrf","status":200,"duration_ms":1}
{"event":"http.request","request_id":"aaba75a5-af4b-401c-a02b-4e6e84fcade5","method":"POST","path":"/api/v1/auth/accept-invite","status":200,"duration_ms":18}
{"event":"http.request","request_id":"02834cd1-fbfb-41ce-986e-1213c0fdf169","method":"GET","path":"/api/v1/auth/csrf","status":200,"duration_ms":1}
{"event":"http.request","request_id":"210b993b-a375-4a91-8b4a-2908212c16b2","method":"POST","path":"/api/v1/auth/login","status":200,"duration_ms":18}
{"event":"http.request","request_id":"64933335-64ed-4a9a-ad82-fbfebbd72514","method":"POST","path":"/api/v1/members","status":201,"duration_ms":23}
{"event":"http.request","request_id":"15afe0b1-3d65-4ae4-9c5f-e37650a6716f","method":"GET","path":"/api/v1/auth/csrf","status":200,"duration_ms":1}
{"event":"http.request","request_id":"714640ad-d7b9-4c78-8a05-3db444f85b41","method":"POST","path":"/api/v1/auth/accept-invite","status":200,"duration_ms":19}
{"event":"http.request","request_id":"59cbd400-ff16-4c93-9e65-0a5e3fbc2364","method":"GET","path":"/api/v1/auth/csrf","status":200,"duration_ms":4}
{"event":"http.request","request_id":"ebe6bcf0-72ba-412f-a1b6-bf382f7ea70e","method":"POST","path":"/api/v1/auth/login","status":200,"duration_ms":19}
{"event":"http.request","request_id":"e79708be-1a24-44ef-b1b4-b944e35d77c6","method":"POST","path":"/api/v1/contents","status":201,"duration_ms":6}
{"event":"http.request","request_id":"a8aabf24-8558-42a9-9564-170256176eae","method":"POST","path":"/api/v1/contents/ed17fa01-1aa1-46dd-a442-1a1751914dd0/revisions","status":403,"duration_ms":3}
{"event":"http.request","request_id":"5f5e916a-bc3f-4d75-b95a-e67afbf397e1","method":"POST","path":"/api/v1/contents/ed17fa01-1aa1-46dd-a442-1a1751914dd0/revisions","status":403,"duration_ms":2}
{"event":"http.request","request_id":"f9fa47d2-dc77-4596-875b-032ac228af71","method":"POST","path":"/api/v1/contents/ed17fa01-1aa1-46dd-a442-1a1751914dd0/revisions","status":201,"duration_ms":5}
✔ 运营只能修改发布文案，不能改逐页制作内容；只读不能保存 (153.337458ms)
{"event":"http.request","request_id":"7393b6c1-6295-46ae-8ff4-703e2bb47a61","method":"POST","path":"/api/v1/contents","status":201,"duration_ms":5}
{"event":"http.request","request_id":"bfc0f2e4-a099-4699-b760-1f52f372c7e7","method":"POST","path":"/api/v1/contents/912d4dbf-17e5-4b49-a929-4966b0390346/revisions","status":422,"duration_ms":4}
{"event":"http.request","request_id":"c2bae094-89cd-4d1e-b48a-1ea267371154","method":"POST","path":"/api/v1/uploads","status":201,"duration_ms":9}
{"event":"http.request","request_id":"7d16d467-6ff8-4e2c-aad4-382624fc0951","method":"POST","path":"/api/v1/uploads/28fb89a8-f085-4cfc-986b-655f66b6e060/parts","status":200,"duration_ms":4}
{"event":"http.request","request_id":"2feef004-5336-4e1e-9127-71d978108c7d","method":"PUT","path":"/api/v1/uploads/28fb89a8-f085-4cfc-986b-655f66b6e060/parts/1","status":200,"duration_ms":6}
{"event":"http.request","request_id":"6cca751a-950b-4f56-b3a0-684d71b51b67","method":"POST","path":"/api/v1/uploads/28fb89a8-f085-4cfc-986b-655f66b6e060/complete","status":200,"duration_ms":10}
{"event":"http.request","request_id":"f45aaf80-084f-4054-b0ef-f398d8097d88","method":"POST","path":"/api/v1/contents/912d4dbf-17e5-4b49-a929-4966b0390346/revisions","status":422,"duration_ms":5}
{"event":"http.request","request_id":"4d29716f-db49-4d54-814e-ae011698275a","method":"POST","path":"/api/v1/uploads","status":201,"duration_ms":8}
{"event":"http.request","request_id":"25a1d938-3c79-4e37-8402-2c894de8ac7f","method":"POST","path":"/api/v1/uploads/39bc0bb7-63bf-4360-b98a-67f2d15890f6/parts","status":200,"duration_ms":5}
{"event":"http.request","request_id":"4a73bc7c-147d-4154-8b58-36ac18c2defb","method":"PUT","path":"/api/v1/uploads/39bc0bb7-63bf-4360-b98a-67f2d15890f6/parts/1","status":200,"duration_ms":5}
{"event":"http.request","request_id":"62f1e232-d8a9-4459-8315-36c2292df770","method":"POST","path":"/api/v1/uploads/39bc0bb7-63bf-4360-b98a-67f2d15890f6/complete","status":200,"duration_ms":8}
{"event":"http.request","request_id":"11fe4864-5ebe-454d-91d6-b79718ecd7e8","method":"POST","path":"/api/v1/contents/912d4dbf-17e5-4b49-a929-4966b0390346/revisions","status":201,"duration_ms":6}
{"event":"http.request","request_id":"5c5cf0f5-a507-4ec5-a946-6cea17adabfd","method":"GET","path":"/api/v1/contents/912d4dbf-17e5-4b49-a929-4966b0390346","status":200,"duration_ms":3}
✔ 图文成品只关联同空间已上传PNG原件，无效文件和PDF不能保存为发布图片 (108.375208ms)
{"event":"http.request","request_id":"b66258cf-df31-4c3c-ac58-328c83cb74f6","method":"POST","path":"/api/v1/contents","status":201,"duration_ms":4}
{"event":"http.request","request_id":"2f1ec327-c45a-40fe-bb26-51540143f39b","method":"PATCH","path":"/api/v1/contents/889405dd-5a10-45d6-8e32-303bfc6f6eff","status":200,"duration_ms":4}
{"event":"http.request","request_id":"9790ce01-913f-4444-a1a3-bd7d87a0dd04","method":"GET","path":"/api/v1/contents","status":200,"duration_ms":2}
{"event":"http.request","request_id":"fb02effc-b6ae-49e9-bf16-26d2c9138e7d","method":"GET","path":"/api/v1/contents","status":200,"duration_ms":1}
{"event":"http.request","request_id":"d0c53a73-f68b-49e5-ac88-c3d69bac8beb","method":"GET","path":"/api/v1/contents","status":422,"duration_ms":1}
✔ 内容列表按形式、状态、负责人和计划时间过滤，非法筛选拒绝 (22.402334ms)
{"event":"http.request","request_id":"4b112e76-06d4-4816-a9f5-01c9e4cbc4f7","method":"POST","path":"/api/v1/contents","status":201,"duration_ms":5}
{"event":"http.request","request_id":"05b65190-502b-4267-9513-381b43360a2c","method":"POST","path":"/api/v1/contents/b6bc863e-894d-4da0-85d7-44f6cbc0f192/submit-review","status":422,"duration_ms":4}
✖ 提交审核拒绝缺失成品，完整PNG图文冻结并由有权成员显式批准 (29.93025ms)
✖ 审核中禁止编辑，撤回和退回派生新稿；批准后改载荷重审，内部备注不使批准失效 (1.383584ms)
{"event":"http.request","request_id":"c6fb1d7d-2394-4576-824b-a158278cff3d","method":"POST","path":"/api/v1/members","status":201,"duration_ms":21}
{"event":"http.request","request_id":"16df41e9-936f-47ac-8abb-7adaccdf05c4","method":"GET","path":"/api/v1/auth/csrf","status":200,"duration_ms":1}
{"event":"http.request","request_id":"03046bb3-6f09-4ae9-8352-6b4bf60ee514","method":"POST","path":"/api/v1/auth/accept-invite","status":200,"duration_ms":18}
{"event":"http.request","request_id":"466a6f86-48a4-494a-8571-f2229f36b7fd","method":"GET","path":"/api/v1/auth/csrf","status":200,"duration_ms":1}
{"event":"http.request","request_id":"f7a16b99-5204-400e-a69b-fcd0586fdba4","method":"POST","path":"/api/v1/auth/login","status":200,"duration_ms":21}
✖ 制作角色不能批准，批准与撤回并发只有一个事务成功 (64.667ms)
✖ 素材停用阻止批准但仍能撤回修稿，冻结历史引用保留 (1.446292ms)
{"event":"http.request","request_id":"b6974718-3830-407b-9538-09447aa10833","method":"POST","path":"/api/v1/contents","status":201,"duration_ms":5}
{"event":"http.request","request_id":"9a0a371e-e63e-49af-83b8-bd0ecc2c3ce5","method":"POST","path":"/api/v1/contents/0335eb77-acf4-4cb5-94d6-308892225518/start-production","status":200,"duration_ms":4}
{"event":"http.request","request_id":"67f21c2f-76c3-40b9-bcc9-bd0e06164c63","method":"POST","path":"/api/v1/contents/0335eb77-acf4-4cb5-94d6-308892225518/cancel","status":200,"duration_ms":5}
{"event":"http.request","request_id":"0782c299-635e-4c14-9bc0-919e9febcf17","method":"GET","path":"/api/v1/contents/0335eb77-acf4-4cb5-94d6-308892225518","status":200,"duration_ms":2}
{"event":"http.request","request_id":"10f8e777-4194-4edd-b4cb-e10da6db79c9","method":"POST","path":"/api/v1/contents/0335eb77-acf4-4cb5-94d6-308892225518/submit-review","status":409,"duration_ms":3}
✔ 开始制作保存估时，取消保留理由和版本历史且不能再提审 (21.704958ms)
✖ 发布包异步打包批准版本，下载PNG原件、页序和文案与批准内容一致 (1.325833ms)
✖ 缺笔记ID暂存不算发布，正式登记锁定批准版本、账号和唯一笔记并持久回收事件 (0.880209ms)
ℹ tests 12
ℹ suites 0
ℹ pass 6
ℹ fail 6
ℹ cancelled 0
ℹ skipped 0
ℹ todo 0
ℹ duration_ms 1188.139625

✖ failing tests:

test at tests/production.test.ts:2:10794
✖ 提交审核拒绝缺失成品，完整PNG图文冻结并由有权成员显式批准 (29.93025ms)
  Error: Transform failed with 1 error:
  /Users/junlong/projects/social-mdeida-ops-platform/packages/domain/src/jobs.ts:16:99: ERROR: Expected ")" but found "publication"
      at failureErrorWithLog (/Users/junlong/projects/social-mdeida-ops-platform/node_modules/.pnpm/esbuild@0.25.12/node_modules/esbuild/lib/main.js:1467:15)
      at /Users/junlong/projects/social-mdeida-ops-platform/node_modules/.pnpm/esbuild@0.25.12/node_modules/esbuild/lib/main.js:736:50
      at responseCallbacks.<computed> (/Users/junlong/projects/social-mdeida-ops-platform/node_modules/.pnpm/esbuild@0.25.12/node_modules/esbuild/lib/main.js:603:9)
      at handleIncomingPacket (/Users/junlong/projects/social-mdeida-ops-platform/node_modules/.pnpm/esbuild@0.25.12/node_modules/esbuild/lib/main.js:658:12)
      at Socket.readFromStdout (/Users/junlong/projects/social-mdeida-ops-platform/node_modules/.pnpm/esbuild@0.25.12/node_modules/esbuild/lib/main.js:581:7)
      at Socket.emit (node:events:508:28)
      at addChunk (node:internal/streams/readable:563:12)
      at readableAddChunkPushByteMode (node:internal/streams/readable:514:3)
      at Readable.push (node:internal/streams/readable:394:5)
      at Pipe.onStreamRead (node:internal/stream_base_commons:189:23) {
    name: 'TransformError'
  }

test at tests/production.test.ts:2:13449
✖ 审核中禁止编辑，撤回和退回派生新稿；批准后改载荷重审，内部备注不使批准失效 (1.383584ms)
  Error: Transform failed with 1 error:
  /Users/junlong/projects/social-mdeida-ops-platform/packages/domain/src/jobs.ts:16:99: ERROR: Expected ")" but found "publication"
      at failureErrorWithLog (/Users/junlong/projects/social-mdeida-ops-platform/node_modules/.pnpm/esbuild@0.25.12/node_modules/esbuild/lib/main.js:1467:15)
      at /Users/junlong/projects/social-mdeida-ops-platform/node_modules/.pnpm/esbuild@0.25.12/node_modules/esbuild/lib/main.js:736:50
      at responseCallbacks.<computed> (/Users/junlong/projects/social-mdeida-ops-platform/node_modules/.pnpm/esbuild@0.25.12/node_modules/esbuild/lib/main.js:603:9)
      at handleIncomingPacket (/Users/junlong/projects/social-mdeida-ops-platform/node_modules/.pnpm/esbuild@0.25.12/node_modules/esbuild/lib/main.js:658:12)
      at Socket.readFromStdout (/Users/junlong/projects/social-mdeida-ops-platform/node_modules/.pnpm/esbuild@0.25.12/node_modules/esbuild/lib/main.js:581:7)
      at Socket.emit (node:events:508:28)
      at addChunk (node:internal/streams/readable:563:12)
      at readableAddChunkPushByteMode (node:internal/streams/readable:514:3)
      at Readable.push (node:internal/streams/readable:394:5)
      at Pipe.onStreamRead (node:internal/stream_base_commons:189:23) {
    name: 'TransformError'
  }

test at tests/production.test.ts:2:16002
✖ 制作角色不能批准，批准与撤回并发只有一个事务成功 (64.667ms)
  Error: Transform failed with 1 error:
  /Users/junlong/projects/social-mdeida-ops-platform/packages/domain/src/jobs.ts:16:99: ERROR: Expected ")" but found "publication"
      at failureErrorWithLog (/Users/junlong/projects/social-mdeida-ops-platform/node_modules/.pnpm/esbuild@0.25.12/node_modules/esbuild/lib/main.js:1467:15)
      at /Users/junlong/projects/social-mdeida-ops-platform/node_modules/.pnpm/esbuild@0.25.12/node_modules/esbuild/lib/main.js:736:50
      at responseCallbacks.<computed> (/Users/junlong/projects/social-mdeida-ops-platform/node_modules/.pnpm/esbuild@0.25.12/node_modules/esbuild/lib/main.js:603:9)
      at handleIncomingPacket (/Users/junlong/projects/social-mdeida-ops-platform/node_modules/.pnpm/esbuild@0.25.12/node_modules/esbuild/lib/main.js:658:12)
      at Socket.readFromStdout (/Users/junlong/projects/social-mdeida-ops-platform/node_modules/.pnpm/esbuild@0.25.12/node_modules/esbuild/lib/main.js:581:7)
      at Socket.emit (node:events:508:28)
      at addChunk (node:internal/streams/readable:563:12)
      at readableAddChunkPushByteMode (node:internal/streams/readable:514:3)
      at Readable.push (node:internal/streams/readable:394:5)
      at Pipe.onStreamRead (node:internal/stream_base_commons:189:23) {
    name: 'TransformError'
  }

test at tests/production.test.ts:2:16976
✖ 素材停用阻止批准但仍能撤回修稿，冻结历史引用保留 (1.446292ms)
  Error: Transform failed with 1 error:
  /Users/junlong/projects/social-mdeida-ops-platform/packages/domain/src/jobs.ts:16:99: ERROR: Expected ")" but found "publication"
      at failureErrorWithLog (/Users/junlong/projects/social-mdeida-ops-platform/node_modules/.pnpm/esbuild@0.25.12/node_modules/esbuild/lib/main.js:1467:15)
      at /Users/junlong/projects/social-mdeida-ops-platform/node_modules/.pnpm/esbuild@0.25.12/node_modules/esbuild/lib/main.js:736:50
      at responseCallbacks.<computed> (/Users/junlong/projects/social-mdeida-ops-platform/node_modules/.pnpm/esbuild@0.25.12/node_modules/esbuild/lib/main.js:603:9)
      at handleIncomingPacket (/Users/junlong/projects/social-mdeida-ops-platform/node_modules/.pnpm/esbuild@0.25.12/node_modules/esbuild/lib/main.js:658:12)
      at Socket.readFromStdout (/Users/junlong/projects/social-mdeida-ops-platform/node_modules/.pnpm/esbuild@0.25.12/node_modules/esbuild/lib/main.js:581:7)
      at Socket.emit (node:events:508:28)
      at addChunk (node:internal/streams/readable:563:12)
      at readableAddChunkPushByteMode (node:internal/streams/readable:514:3)
      at Readable.push (node:internal/streams/readable:394:5)
      at Pipe.onStreamRead (node:internal/stream_base_commons:189:23) {
    name: 'TransformError'
  }

test at tests/production.test.ts:2:20186
✖ 发布包异步打包批准版本，下载PNG原件、页序和文案与批准内容一致 (1.325833ms)
  Error: Transform failed with 1 error:
  /Users/junlong/projects/social-mdeida-ops-platform/packages/domain/src/jobs.ts:16:99: ERROR: Expected ")" but found "publication"
      at failureErrorWithLog (/Users/junlong/projects/social-mdeida-ops-platform/node_modules/.pnpm/esbuild@0.25.12/node_modules/esbuild/lib/main.js:1467:15)
      at /Users/junlong/projects/social-mdeida-ops-platform/node_modules/.pnpm/esbuild@0.25.12/node_modules/esbuild/lib/main.js:736:50
      at responseCallbacks.<computed> (/Users/junlong/projects/social-mdeida-ops-platform/node_modules/.pnpm/esbuild@0.25.12/node_modules/esbuild/lib/main.js:603:9)
      at handleIncomingPacket (/Users/junlong/projects/social-mdeida-ops-platform/node_modules/.pnpm/esbuild@0.25.12/node_modules/esbuild/lib/main.js:658:12)
      at Socket.readFromStdout (/Users/junlong/projects/social-mdeida-ops-platform/node_modules/.pnpm/esbuild@0.25.12/node_modules/esbuild/lib/main.js:581:7)
      at Socket.emit (node:events:508:28)
      at addChunk (node:internal/streams/readable:563:12)
      at readableAddChunkPushByteMode (node:internal/streams/readable:514:3)
      at Readable.push (node:internal/streams/readable:394:5)
      at Pipe.onStreamRead (node:internal/stream_base_commons:189:23) {
    name: 'TransformError'
  }

test at tests/production.test.ts:2:22495
✖ 缺笔记ID暂存不算发布，正式登记锁定批准版本、账号和唯一笔记并持久回收事件 (0.880209ms)
  Error: Transform failed with 1 error:
  /Users/junlong/projects/social-mdeida-ops-platform/packages/domain/src/jobs.ts:16:99: ERROR: Expected ")" but found "publication"
      at failureErrorWithLog (/Users/junlong/projects/social-mdeida-ops-platform/node_modules/.pnpm/esbuild@0.25.12/node_modules/esbuild/lib/main.js:1467:15)
      at /Users/junlong/projects/social-mdeida-ops-platform/node_modules/.pnpm/esbuild@0.25.12/node_modules/esbuild/lib/main.js:736:50
      at responseCallbacks.<computed> (/Users/junlong/projects/social-mdeida-ops-platform/node_modules/.pnpm/esbuild@0.25.12/node_modules/esbuild/lib/main.js:603:9)
      at handleIncomingPacket (/Users/junlong/projects/social-mdeida-ops-platform/node_modules/.pnpm/esbuild@0.25.12/node_modules/esbuild/lib/main.js:658:12)
      at Socket.readFromStdout (/Users/junlong/projects/social-mdeida-ops-platform/node_modules/.pnpm/esbuild@0.25.12/node_modules/esbuild/lib/main.js:581:7)
      at Socket.emit (node:events:508:28)
      at addChunk (node:internal/streams/readable:563:12)
      at readableAddChunkPushByteMode (node:internal/streams/readable:514:3)
      at Readable.push (node:internal/streams/readable:394:5)
      at Pipe.onStreamRead (node:internal/stream_base_commons:189:23) {
    name: 'TransformError'
  }
