Applied 023-published-work-items.sql
{"event":"http.request","request_id":"d7718733-c412-4b57-b614-676b62ab44e0","method":"GET","path":"/api/v1/auth/csrf","status":200,"duration_ms":6}
{"event":"http.request","request_id":"cae44c30-c0ee-49df-9cb0-38dbf48884c7","method":"POST","path":"/api/v1/setup","status":201,"duration_ms":36}
{"event":"http.request","request_id":"44937e17-7b84-4904-973d-5a7cf40f8bdb","method":"GET","path":"/api/v1/auth/csrf","status":200,"duration_ms":1}
{"event":"http.request","request_id":"9fce8f3e-6438-4078-b0f8-49db586b9462","method":"POST","path":"/api/v1/auth/login","status":200,"duration_ms":23}
{"event":"http.request","request_id":"7244e25e-a489-4059-8e2e-8ac07d5ff7e0","method":"GET","path":"/api/v1/me","status":200,"duration_ms":68}
{"event":"http.request","request_id":"852d48b0-57c1-4ddf-9818-4fc92b3e4f2c","method":"POST","path":"/api/v1/accounts","status":201,"duration_ms":9}
{"event":"http.request","request_id":"b04723b7-e792-4824-9b1c-8a9d7aa10442","method":"POST","path":"/api/v1/contents","status":201,"duration_ms":11}
{"event":"http.request","request_id":"e16a5e2b-b5da-41f2-a1a3-928225fd6fb3","method":"GET","path":"/api/v1/contents/5c335b8e-65ae-48c8-9c8c-60beb2d2a017","status":200,"duration_ms":5}
{"event":"http.request","request_id":"37e9767b-56ed-455e-ac59-e3370d2e2a12","method":"POST","path":"/api/v1/contents/5c335b8e-65ae-48c8-9c8c-60beb2d2a017/revisions","status":201,"duration_ms":10}
{"event":"http.request","request_id":"843a1fb7-01dc-4da7-99e2-ef557fe6cf32","method":"GET","path":"/api/v1/contents/5c335b8e-65ae-48c8-9c8c-60beb2d2a017","status":200,"duration_ms":4}
✔ 人工新建图文后保存逐页文案，再从详情恢复原始快照 (390.610083ms)
{"event":"http.request","request_id":"5a7520b9-1a11-4b5b-ae9b-78e9a4815a64","method":"POST","path":"/api/v1/contents","status":201,"duration_ms":5}
{"event":"http.request","request_id":"01814032-908d-4d1f-a8af-218bbbe9a05d","method":"POST","path":"/api/v1/contents/00a8ce4b-45fe-4a04-8233-455c8085e7f1/revisions","status":201,"duration_ms":6}
{"event":"http.request","request_id":"4c7aa1fd-c5a1-4ed8-a662-d97f5c86a820","method":"POST","path":"/api/v1/contents/00a8ce4b-45fe-4a04-8233-455c8085e7f1/revisions","status":409,"duration_ms":10}
{"event":"http.request","request_id":"d0261f35-659b-45bb-a903-c3d3ab705980","method":"GET","path":"/api/v1/contents/00a8ce4b-45fe-4a04-8233-455c8085e7f1","status":200,"duration_ms":3}
{"event":"http.request","request_id":"4133905a-323c-4a36-9624-235af52b6c7f","method":"POST","path":"/api/v1/contents/00a8ce4b-45fe-4a04-8233-455c8085e7f1/restore","status":201,"duration_ms":7}
{"event":"http.request","request_id":"a6ea1675-9b39-4f7f-bd82-e2f611593361","method":"GET","path":"/api/v1/contents/00a8ce4b-45fe-4a04-8233-455c8085e7f1","status":200,"duration_ms":3}
✔ 同一基础版本并发保存只有一个成功，恢复历史版本产生新快照 (37.039292ms)
{"event":"http.request","request_id":"a753855f-74f0-49b7-a853-974ecfaa1f32","method":"POST","path":"/api/v1/members","status":201,"duration_ms":22}
{"event":"http.request","request_id":"94079041-9d7d-407c-b0dc-291d60f6ac80","method":"GET","path":"/api/v1/auth/csrf","status":200,"duration_ms":1}
{"event":"http.request","request_id":"f36e4edc-155f-49a9-97da-6ffdba9f3115","method":"POST","path":"/api/v1/auth/accept-invite","status":200,"duration_ms":20}
{"event":"http.request","request_id":"fcc3c393-2554-45c7-8959-7057425d04eb","method":"GET","path":"/api/v1/auth/csrf","status":200,"duration_ms":0}
{"event":"http.request","request_id":"3af8aa79-0bc9-4edb-b942-13f547a2dd4e","method":"POST","path":"/api/v1/auth/login","status":200,"duration_ms":18}
{"event":"http.request","request_id":"bff161ad-a4c2-41db-bec3-7e82ebc8cbc6","method":"POST","path":"/api/v1/members","status":201,"duration_ms":23}
{"event":"http.request","request_id":"dcd78888-410e-4fa9-b1d9-6321fc5aff1b","method":"GET","path":"/api/v1/auth/csrf","status":200,"duration_ms":1}
{"event":"http.request","request_id":"a8dde01f-c936-415c-b4b0-695a6368ac30","method":"POST","path":"/api/v1/auth/accept-invite","status":200,"duration_ms":20}
{"event":"http.request","request_id":"0ec89774-e966-4b0c-861c-53a63af5c262","method":"GET","path":"/api/v1/auth/csrf","status":200,"duration_ms":4}
{"event":"http.request","request_id":"5891d3fc-b415-4de1-92da-9591f1b5b277","method":"POST","path":"/api/v1/auth/login","status":200,"duration_ms":19}
{"event":"http.request","request_id":"f9a812b6-a631-450b-a847-2f5fa0d11dd2","method":"POST","path":"/api/v1/contents","status":201,"duration_ms":6}
{"event":"http.request","request_id":"850f9fb8-f73c-44f7-9151-6b2e5ece3d1f","method":"POST","path":"/api/v1/contents/88ed07b3-4dd9-4255-b7a2-621a157f4473/revisions","status":403,"duration_ms":4}
{"event":"http.request","request_id":"39c7f6cd-9fbe-4921-82d2-8ee6ead8a48a","method":"POST","path":"/api/v1/contents/88ed07b3-4dd9-4255-b7a2-621a157f4473/revisions","status":403,"duration_ms":3}
{"event":"http.request","request_id":"bb1b1b8d-46a5-418e-9fac-9670f1e4c180","method":"POST","path":"/api/v1/contents/88ed07b3-4dd9-4255-b7a2-621a157f4473/revisions","status":201,"duration_ms":5}
✔ 运营只能修改发布文案，不能改逐页制作内容；只读不能保存 (158.420875ms)
{"event":"http.request","request_id":"72166f2c-667a-44a5-ad37-64e6976ebcab","method":"POST","path":"/api/v1/contents","status":201,"duration_ms":6}
{"event":"http.request","request_id":"fab35539-b973-4fc7-9a17-76e7abba6022","method":"POST","path":"/api/v1/contents/65c259d4-454a-490f-8a7b-71e74d651645/revisions","status":422,"duration_ms":4}
{"event":"http.request","request_id":"60a39083-f1d8-4889-89bb-c4d7d2a8025a","method":"POST","path":"/api/v1/uploads","status":201,"duration_ms":8}
{"event":"http.request","request_id":"c31595a9-be62-40fa-a3b9-f1fd5cfd3598","method":"POST","path":"/api/v1/uploads/a4ed2063-9167-4484-af91-f10cecd0a976/parts","status":200,"duration_ms":10}
{"event":"http.request","request_id":"d6180407-bda5-46be-9df1-14463b61ae26","method":"PUT","path":"/api/v1/uploads/a4ed2063-9167-4484-af91-f10cecd0a976/parts/1","status":200,"duration_ms":9}
{"event":"http.request","request_id":"20bed736-00d4-4fdc-be4a-2f62cea60601","method":"POST","path":"/api/v1/uploads/a4ed2063-9167-4484-af91-f10cecd0a976/complete","status":200,"duration_ms":11}
{"event":"http.request","request_id":"2bde2af7-8f92-4b63-a38b-db422afdd5b3","method":"POST","path":"/api/v1/contents/65c259d4-454a-490f-8a7b-71e74d651645/revisions","status":422,"duration_ms":5}
{"event":"http.request","request_id":"0ecae056-95c8-4d78-b3ef-8e083a70226d","method":"POST","path":"/api/v1/uploads","status":201,"duration_ms":6}
{"event":"http.request","request_id":"7f04a72c-1d68-4429-82a1-6b2938723292","method":"POST","path":"/api/v1/uploads/1983c372-1be4-422c-9eb7-d68759e7eaa2/parts","status":200,"duration_ms":3}
{"event":"http.request","request_id":"583bf7a8-d7ac-46e5-acc5-63b1b9772953","method":"PUT","path":"/api/v1/uploads/1983c372-1be4-422c-9eb7-d68759e7eaa2/parts/1","status":200,"duration_ms":5}
{"event":"http.request","request_id":"153a14ec-4990-4c62-a4e7-b6c4565fa688","method":"POST","path":"/api/v1/uploads/1983c372-1be4-422c-9eb7-d68759e7eaa2/complete","status":200,"duration_ms":8}
{"event":"http.request","request_id":"dc8d9a70-d75f-4611-a774-99b0902cdfb3","method":"POST","path":"/api/v1/contents/65c259d4-454a-490f-8a7b-71e74d651645/revisions","status":201,"duration_ms":6}
{"event":"http.request","request_id":"0638e13a-124e-4eea-81e9-c7d9240ca670","method":"GET","path":"/api/v1/contents/65c259d4-454a-490f-8a7b-71e74d651645","status":200,"duration_ms":3}
✔ 图文成品只关联同空间已上传PNG原件，无效文件和PDF不能保存为发布图片 (110.664083ms)
{"event":"http.request","request_id":"c65828c2-819b-47d0-a11c-e5c25bf5f87d","method":"POST","path":"/api/v1/contents","status":201,"duration_ms":4}
{"event":"http.request","request_id":"92a6cc67-1127-4fa8-83ad-8cda8edf225b","method":"PATCH","path":"/api/v1/contents/dbbad67d-3508-4945-8e86-a909bad4849c","status":200,"duration_ms":4}
{"event":"http.request","request_id":"2f1f3664-e1b0-4ead-8ec9-8cbfd350f0e8","method":"GET","path":"/api/v1/contents","status":200,"duration_ms":2}
{"event":"http.request","request_id":"d4ac492e-237b-4312-8e5f-9bdc6b20f9f6","method":"GET","path":"/api/v1/contents","status":200,"duration_ms":1}
{"event":"http.request","request_id":"c8c7396d-5ffd-44d1-9366-14657c9a0a00","method":"GET","path":"/api/v1/contents","status":422,"duration_ms":1}
✔ 内容列表按形式、状态、负责人和计划时间过滤，非法筛选拒绝 (21.705625ms)
{"event":"http.request","request_id":"657c0c12-5ff0-4ca7-a154-745b4b3b1e69","method":"POST","path":"/api/v1/contents","status":201,"duration_ms":5}
{"event":"http.request","request_id":"f3bcbae6-35b6-47b3-8cd8-24ce29c3f4fe","method":"POST","path":"/api/v1/contents/0445e05f-7d3a-4835-9179-e2b0e7871d96/submit-review","status":422,"duration_ms":4}
{"event":"http.request","request_id":"2b15b981-e598-44ae-aed5-9e189a017dfc","method":"POST","path":"/api/v1/uploads","status":201,"duration_ms":5}
{"event":"http.request","request_id":"7daf21a3-b8f6-4a4c-9aae-f4e97ba6bcf1","method":"POST","path":"/api/v1/uploads/329abd81-2db9-441b-bc6b-abe0a142967e/parts","status":200,"duration_ms":3}
{"event":"http.request","request_id":"6bf25243-bef7-43be-9f9b-5d580df872b3","method":"PUT","path":"/api/v1/uploads/329abd81-2db9-441b-bc6b-abe0a142967e/parts/1","status":200,"duration_ms":4}
{"event":"http.request","request_id":"ed3ef1e4-98da-452a-92f9-55e1623f0139","method":"POST","path":"/api/v1/uploads/329abd81-2db9-441b-bc6b-abe0a142967e/complete","status":200,"duration_ms":7}
{"event":"http.request","request_id":"3318a9d9-9f82-49bf-9fe9-c03721acd109","method":"POST","path":"/api/v1/contents","status":201,"duration_ms":5}
{"event":"http.request","request_id":"b55ba19b-b810-4275-8fc0-48c36c1b2d48","method":"POST","path":"/api/v1/contents/3a743ead-bb60-4444-bc61-6d11c5dbb9cb/revisions","status":201,"duration_ms":5}
{"event":"http.request","request_id":"9bbb1347-5e31-416d-9738-1d77921b98df","method":"POST","path":"/api/v1/contents/3a743ead-bb60-4444-bc61-6d11c5dbb9cb/submit-review","status":201,"duration_ms":4}
{"event":"http.request","request_id":"e121854a-98b1-480b-8f29-4cdcaf12b2e0","method":"GET","path":"/api/v1/contents/3a743ead-bb60-4444-bc61-6d11c5dbb9cb","status":200,"duration_ms":2}
{"event":"http.request","request_id":"a1204cd4-5a41-42ee-8b47-71fe2e862275","method":"POST","path":"/api/v1/reviews/0567077e-11d6-49e5-bfc0-f12c6294909b/decide","status":200,"duration_ms":10}
{"event":"http.request","request_id":"f172092c-bf9c-44c9-9759-49bff56bb932","method":"GET","path":"/api/v1/contents/3a743ead-bb60-4444-bc61-6d11c5dbb9cb","status":200,"duration_ms":2}
✔ 提交审核拒绝缺失成品，完整PNG图文冻结并由有权成员显式批准 (160.439ms)
{"event":"http.request","request_id":"e26eb1b1-1122-4bde-9463-62bc1f7bf269","method":"POST","path":"/api/v1/uploads","status":201,"duration_ms":6}
{"event":"http.request","request_id":"afa1d884-b696-46d2-93a2-9105400f99f4","method":"POST","path":"/api/v1/uploads/171c3d45-045f-42f6-9004-04e21c7e09e5/parts","status":200,"duration_ms":4}
{"event":"http.request","request_id":"36b63af6-7dc0-4e9b-a6c8-524e9ee3e618","method":"PUT","path":"/api/v1/uploads/171c3d45-045f-42f6-9004-04e21c7e09e5/parts/1","status":200,"duration_ms":4}
{"event":"http.request","request_id":"ebf8f0f0-ea8e-4109-80fb-365e901f6689","method":"POST","path":"/api/v1/uploads/171c3d45-045f-42f6-9004-04e21c7e09e5/complete","status":200,"duration_ms":7}
{"event":"http.request","request_id":"9a2c0331-0225-48c8-8870-8a441e1c95ac","method":"POST","path":"/api/v1/contents","status":201,"duration_ms":4}
{"event":"http.request","request_id":"7abc651c-28fb-49f4-b1dd-46cadcef28db","method":"POST","path":"/api/v1/contents/9ad338e8-eed2-451f-9228-dfa82eca638a/revisions","status":201,"duration_ms":5}
{"event":"http.request","request_id":"b65ea952-9482-434a-96fe-98014ef63f6e","method":"POST","path":"/api/v1/contents/9ad338e8-eed2-451f-9228-dfa82eca638a/submit-review","status":201,"duration_ms":4}
{"event":"http.request","request_id":"20985d67-c43e-46eb-9159-f0f5867214a0","method":"GET","path":"/api/v1/contents/9ad338e8-eed2-451f-9228-dfa82eca638a","status":200,"duration_ms":2}
{"event":"http.request","request_id":"eba04e0b-da81-45f6-8ca4-f9f41ed9b730","method":"POST","path":"/api/v1/contents/9ad338e8-eed2-451f-9228-dfa82eca638a/revisions","status":409,"duration_ms":3}
{"event":"http.request","request_id":"7f50da28-fe42-4283-af23-547b27e97b4b","method":"POST","path":"/api/v1/reviews/f5bd9401-7824-43e3-ae08-216c8261427d/withdraw","status":200,"duration_ms":6}
{"event":"http.request","request_id":"9d6b33c5-2893-43a4-9e83-9a0fea25e052","method":"GET","path":"/api/v1/contents/9ad338e8-eed2-451f-9228-dfa82eca638a","status":200,"duration_ms":3}
{"event":"http.request","request_id":"69888628-bd5b-4255-91d0-77f97914a70c","method":"POST","path":"/api/v1/contents/9ad338e8-eed2-451f-9228-dfa82eca638a/submit-review","status":201,"duration_ms":4}
{"event":"http.request","request_id":"f3b9c40a-6079-4545-b87c-cd3a5ef2fa18","method":"POST","path":"/api/v1/reviews/2db8b5ee-c864-4e0e-bdd4-207eaf154437/decide","status":200,"duration_ms":6}
{"event":"http.request","request_id":"8f44a855-9a80-47d7-8d37-ee51d6c65ce8","method":"GET","path":"/api/v1/contents/9ad338e8-eed2-451f-9228-dfa82eca638a","status":200,"duration_ms":3}
{"event":"http.request","request_id":"d0fbef13-b30a-4884-959e-392ba68d27f5","method":"POST","path":"/api/v1/contents/9ad338e8-eed2-451f-9228-dfa82eca638a/submit-review","status":201,"duration_ms":4}
{"event":"http.request","request_id":"3dc42eb8-c157-4559-90bc-a9b7e45ffa73","method":"POST","path":"/api/v1/reviews/3a7d5a72-703e-41c1-b420-8c7dcfc20890/decide","status":200,"duration_ms":5}
{"event":"http.request","request_id":"cec5c987-6dd4-48c1-9fe6-e362ea3e4ec4","method":"GET","path":"/api/v1/contents/9ad338e8-eed2-451f-9228-dfa82eca638a","status":200,"duration_ms":2}
{"event":"http.request","request_id":"293fe3fe-9dbb-4fa6-b678-0081214c13bf","method":"PATCH","path":"/api/v1/contents/9ad338e8-eed2-451f-9228-dfa82eca638a","status":200,"duration_ms":3}
{"event":"http.request","request_id":"82a0ded7-0f89-4a06-b45c-08d4a548d76b","method":"GET","path":"/api/v1/contents/9ad338e8-eed2-451f-9228-dfa82eca638a","status":200,"duration_ms":2}
{"event":"http.request","request_id":"4c76a6aa-1d3d-4361-a853-73b3b094b10e","method":"POST","path":"/api/v1/contents/9ad338e8-eed2-451f-9228-dfa82eca638a/revisions","status":201,"duration_ms":5}
{"event":"http.request","request_id":"049c4e71-e4dd-4595-a39b-5fb91fd263de","method":"GET","path":"/api/v1/contents/9ad338e8-eed2-451f-9228-dfa82eca638a","status":200,"duration_ms":2}
✔ 审核中禁止编辑，撤回和退回派生新稿；批准后改载荷重审，内部备注不使批准失效 (96.619458ms)
{"event":"http.request","request_id":"aa4523f4-a311-42da-9cdd-5982cc1d6bc4","method":"POST","path":"/api/v1/members","status":201,"duration_ms":22}
{"event":"http.request","request_id":"63a37edd-96cc-4f1b-9374-9853a4db1976","method":"GET","path":"/api/v1/auth/csrf","status":200,"duration_ms":1}
{"event":"http.request","request_id":"32ae0a48-03e0-4d0d-9f86-898f6cb335e5","method":"POST","path":"/api/v1/auth/accept-invite","status":200,"duration_ms":19}
{"event":"http.request","request_id":"a49afce6-d7c1-4e23-a8bf-bdb0624f479a","method":"GET","path":"/api/v1/auth/csrf","status":200,"duration_ms":1}
{"event":"http.request","request_id":"9b3b47ff-4228-4f6c-b088-66b43f8520d8","method":"POST","path":"/api/v1/auth/login","status":200,"duration_ms":19}
{"event":"http.request","request_id":"82d1e2de-79be-48ec-b272-311177b0957c","method":"POST","path":"/api/v1/uploads","status":201,"duration_ms":5}
{"event":"http.request","request_id":"77095c65-71f9-4713-b901-29c86bb85c58","method":"POST","path":"/api/v1/uploads/0ed1bceb-1fd8-4335-9f1d-c6fe48443c96/parts","status":200,"duration_ms":3}
{"event":"http.request","request_id":"eb5025a0-598a-415f-9f06-319023930895","method":"PUT","path":"/api/v1/uploads/0ed1bceb-1fd8-4335-9f1d-c6fe48443c96/parts/1","status":200,"duration_ms":4}
{"event":"http.request","request_id":"9a5381a8-33ad-489d-bf85-e023e0a73754","method":"POST","path":"/api/v1/uploads/0ed1bceb-1fd8-4335-9f1d-c6fe48443c96/complete","status":200,"duration_ms":7}
{"event":"http.request","request_id":"9e06ada1-57b1-4271-8c95-fefd28204db6","method":"POST","path":"/api/v1/contents","status":201,"duration_ms":5}
{"event":"http.request","request_id":"ad189a97-13c1-42aa-8727-77e3e7f38550","method":"POST","path":"/api/v1/contents/ef753570-ae92-449a-912f-741202a7fb26/revisions","status":201,"duration_ms":5}
{"event":"http.request","request_id":"b5bac6ed-ecde-48f5-ba4b-aac9aa9092e9","method":"POST","path":"/api/v1/contents/ef753570-ae92-449a-912f-741202a7fb26/submit-review","status":201,"duration_ms":4}
{"event":"http.request","request_id":"5f6ca2df-0106-4eed-8526-4146512b58b6","method":"POST","path":"/api/v1/reviews/efdb926c-edca-41d3-82a9-d32eacc3e9b7/decide","status":403,"duration_ms":2}
{"event":"http.request","request_id":"e70f5ad7-2a42-4a38-bde8-827d2829b656","method":"POST","path":"/api/v1/reviews/efdb926c-edca-41d3-82a9-d32eacc3e9b7/decide","status":200,"duration_ms":5}
{"event":"http.request","request_id":"351d2323-8963-4b37-84b9-53859600ad1d","method":"POST","path":"/api/v1/reviews/efdb926c-edca-41d3-82a9-d32eacc3e9b7/withdraw","status":409,"duration_ms":5}
✔ 制作角色不能批准，批准与撤回并发只有一个事务成功 (113.696792ms)
{"event":"http.request","request_id":"49a6726a-f0cd-4fc7-b52e-75cecbe6b157","method":"POST","path":"/api/v1/uploads","status":201,"duration_ms":6}
{"event":"http.request","request_id":"c97cdb09-1138-4881-90e2-0bf25209b46f","method":"POST","path":"/api/v1/uploads/82e82fa5-5029-4066-9689-b8c38a3ab13f/parts","status":200,"duration_ms":3}
{"event":"http.request","request_id":"3c557d11-e56f-4ba0-9934-96e4fda9691b","method":"PUT","path":"/api/v1/uploads/82e82fa5-5029-4066-9689-b8c38a3ab13f/parts/1","status":200,"duration_ms":4}
{"event":"http.request","request_id":"287c4d2b-9d81-41c5-9177-284140f44f84","method":"POST","path":"/api/v1/uploads/82e82fa5-5029-4066-9689-b8c38a3ab13f/complete","status":200,"duration_ms":7}
{"event":"http.request","request_id":"df435874-8a25-4c28-8b53-499109395a67","method":"POST","path":"/api/v1/contents","status":201,"duration_ms":5}
{"event":"http.request","request_id":"41ee517a-0120-441e-b1b1-80df036f982e","method":"POST","path":"/api/v1/contents/c2828b77-78ea-421a-b010-c1ab7797d258/revisions","status":201,"duration_ms":5}
{"event":"http.request","request_id":"fcceac7f-44a3-4a08-a296-90711f536d77","method":"POST","path":"/api/v1/assets","status":201,"duration_ms":4}
{"event":"http.request","request_id":"746b905b-aa33-4b7b-8b37-cb81b8f8a458","method":"POST","path":"/api/v1/assets/16339142-1877-4b22-80e1-dd62c8bcdbb5/confirm","status":200,"duration_ms":6}
{"event":"http.request","request_id":"c0cd9d3c-2fe2-4f79-881d-09bd96e31eb3","method":"POST","path":"/api/v1/contents/c2828b77-78ea-421a-b010-c1ab7797d258/revisions","status":201,"duration_ms":7}
{"event":"http.request","request_id":"95f1cff6-baeb-40e3-93ea-4db1b4312b79","method":"POST","path":"/api/v1/contents/c2828b77-78ea-421a-b010-c1ab7797d258/submit-review","status":201,"duration_ms":4}
{"event":"http.request","request_id":"94271b5d-f90c-402b-87a9-87f9ced699a7","method":"POST","path":"/api/v1/assets/16339142-1877-4b22-80e1-dd62c8bcdbb5/retire","status":200,"duration_ms":3}
{"event":"http.request","request_id":"f2e602e5-2f46-4c62-9411-c2ad750aa6ba","method":"POST","path":"/api/v1/reviews/3eff9221-6119-4bed-8ddd-f142c3bb917b/decide","status":422,"duration_ms":4}
{"event":"http.request","request_id":"d25710af-beda-484e-bc3d-f8af38ca0858","method":"POST","path":"/api/v1/reviews/3eff9221-6119-4bed-8ddd-f142c3bb917b/withdraw","status":200,"duration_ms":6}
{"event":"http.request","request_id":"a4a0fa72-6227-4e02-8547-c67ed9cd653d","method":"GET","path":"/api/v1/contents/c2828b77-78ea-421a-b010-c1ab7797d258","status":200,"duration_ms":2}
{"event":"http.request","request_id":"257e9e55-67be-40f3-9388-e6b4a2f422f9","method":"POST","path":"/api/v1/contents/c2828b77-78ea-421a-b010-c1ab7797d258/revisions","status":201,"duration_ms":5}
✔ 素材停用阻止批准但仍能撤回修稿，冻结历史引用保留 (92.754792ms)
{"event":"http.request","request_id":"856b49eb-24d9-4f05-a6f5-e7dd0f482877","method":"POST","path":"/api/v1/contents","status":201,"duration_ms":4}
{"event":"http.request","request_id":"56cade44-acad-4c0c-ab01-e863667a891d","method":"POST","path":"/api/v1/contents/8def62d3-58a9-48c6-af53-45b3f33edc7f/start-production","status":200,"duration_ms":4}
{"event":"http.request","request_id":"ca40f98f-2da3-4b8f-b9a8-b48f2d805c29","method":"POST","path":"/api/v1/contents/8def62d3-58a9-48c6-af53-45b3f33edc7f/cancel","status":200,"duration_ms":5}
{"event":"http.request","request_id":"a6ea738a-e556-4c5b-b21e-9b7d2d59f44a","method":"GET","path":"/api/v1/contents/8def62d3-58a9-48c6-af53-45b3f33edc7f","status":200,"duration_ms":2}
{"event":"http.request","request_id":"2d1c3b3d-d191-4076-8904-fe895e47e522","method":"POST","path":"/api/v1/contents/8def62d3-58a9-48c6-af53-45b3f33edc7f/submit-review","status":409,"duration_ms":2}
✔ 开始制作保存估时，取消保留理由和版本历史且不能再提审 (18.855875ms)
{"event":"http.request","request_id":"db6ba761-6aba-45f6-864b-3436647eea88","method":"POST","path":"/api/v1/uploads","status":201,"duration_ms":9}
{"event":"http.request","request_id":"9f0bca10-4d94-40f9-ad3b-1d72b72ad805","method":"POST","path":"/api/v1/uploads/3e0dc375-3bf0-4f67-8fe7-0ad1cba8fe10/parts","status":200,"duration_ms":3}
{"event":"http.request","request_id":"1e1d14ff-9ed9-4b57-9b0e-db0eaf0ffc2c","method":"PUT","path":"/api/v1/uploads/3e0dc375-3bf0-4f67-8fe7-0ad1cba8fe10/parts/1","status":200,"duration_ms":4}
{"event":"http.request","request_id":"868165a4-1fbe-4756-bd14-3aa7399f24f0","method":"POST","path":"/api/v1/uploads/3e0dc375-3bf0-4f67-8fe7-0ad1cba8fe10/complete","status":200,"duration_ms":7}
{"event":"http.request","request_id":"557f1b1b-7f31-434c-84ac-586f18619b8f","method":"POST","path":"/api/v1/contents","status":201,"duration_ms":4}
{"event":"http.request","request_id":"5e090a76-42f1-4975-b7cb-f0501875b07e","method":"POST","path":"/api/v1/contents/b5ebae49-35b8-474c-9b5c-767c63cb3a27/revisions","status":201,"duration_ms":5}
{"event":"http.request","request_id":"22ea5cad-26e2-46e7-8169-50f8ac9b364a","method":"POST","path":"/api/v1/contents/b5ebae49-35b8-474c-9b5c-767c63cb3a27/submit-review","status":201,"duration_ms":5}
{"event":"http.request","request_id":"e4d9359d-e2b6-4801-bd0e-ecfd4b624107","method":"POST","path":"/api/v1/reviews/c607edf2-56b6-4f04-8cbb-71488363cb73/decide","status":200,"duration_ms":4}
{"event":"http.request","request_id":"26e7d82b-1844-4d43-af30-34ca9e4c20fe","method":"GET","path":"/api/v1/contents/b5ebae49-35b8-474c-9b5c-767c63cb3a27","status":200,"duration_ms":2}
{"event":"http.request","request_id":"6176e811-c23e-4d7b-80a2-da99d9fa6e7a","method":"POST","path":"/api/v1/contents/b5ebae49-35b8-474c-9b5c-767c63cb3a27/export-package","status":202,"duration_ms":5}
{"event":"http.request","request_id":"420fd18a-2968-4bc8-adda-0c407a69c1a6","method":"GET","path":"/api/v1/export-packages/f6896079-ba58-499a-a883-b1594437ac34","status":200,"duration_ms":1}
{"event":"job.claimed","job_id":"60b9c39f-3c4e-4fe2-b192-da5b2f049a89","request_id":"6176e811-c23e-4d7b-80a2-da99d9fa6e7a","pool":"general","attempt":1}
{"event":"http.request","request_id":"0b893e91-945b-4b34-8768-a871e516fa50","method":"GET","path":"/api/v1/export-packages/f6896079-ba58-499a-a883-b1594437ac34","status":200,"duration_ms":3}
{"event":"http.request","request_id":"20a281f1-4e6f-4832-813a-c53c813e7853","method":"GET","path":"/api/v1/export-packages/f6896079-ba58-499a-a883-b1594437ac34/download","status":200,"duration_ms":21}
{"event":"http.request","request_id":"5aebdbcd-cf74-41b9-abb5-4617b0193d57","method":"POST","path":"/api/v1/contents/b5ebae49-35b8-474c-9b5c-767c63cb3a27/revisions","status":201,"duration_ms":13}
{"event":"http.request","request_id":"161dcf0a-4059-4ef1-b578-b194280f941d","method":"GET","path":"/api/v1/export-packages/f6896079-ba58-499a-a883-b1594437ac34/download","status":409,"duration_ms":5}
{"event":"http.request","request_id":"b4639990-5d5b-484b-beb5-534f96810647","method":"GET","path":"/api/v1/files/fa38c1e6-3b64-4e38-8d48-7a0097dc341e/download","status":409,"duration_ms":7}
✔ 发布包异步打包批准版本，下载PNG原件、页序和文案与批准内容一致 (1133.634042ms)
{"event":"http.request","request_id":"2b9ccb07-d883-49b5-9bd8-10c2613226a5","method":"POST","path":"/api/v1/uploads","status":201,"duration_ms":9}
{"event":"http.request","request_id":"22fdf8eb-0569-43f8-8a6e-aa27ab33d032","method":"POST","path":"/api/v1/uploads/25d39953-a196-44ee-a331-3fac9c189b87/parts","status":200,"duration_ms":10}
{"event":"http.request","request_id":"62979d72-1793-4dd5-85b2-6b05fc54dad2","method":"PUT","path":"/api/v1/uploads/25d39953-a196-44ee-a331-3fac9c189b87/parts/1","status":200,"duration_ms":6}
{"event":"http.request","request_id":"76f0df2c-b37b-43ac-8c7d-62bdf6ef5944","method":"POST","path":"/api/v1/uploads/25d39953-a196-44ee-a331-3fac9c189b87/complete","status":200,"duration_ms":12}
{"event":"http.request","request_id":"2c7ada26-7598-4049-ab78-ce4376ab9bf3","method":"POST","path":"/api/v1/contents","status":201,"duration_ms":5}
{"event":"http.request","request_id":"f4a15646-c1ff-46cb-829d-359346f017b6","method":"POST","path":"/api/v1/contents/ce0c5617-c03c-40b2-94d4-2b4e84b65188/revisions","status":201,"duration_ms":6}
{"event":"http.request","request_id":"c33e6843-865d-42a4-b85a-1e6aa8cad2c7","method":"POST","path":"/api/v1/contents/ce0c5617-c03c-40b2-94d4-2b4e84b65188/submit-review","status":201,"duration_ms":5}
{"event":"http.request","request_id":"6bbe9e1f-0868-4b11-a6fa-3215c1cfeed4","method":"POST","path":"/api/v1/reviews/8773201e-0d2f-402b-b670-0b990e11835f/decide","status":200,"duration_ms":5}
{"event":"http.request","request_id":"081ece0f-5aeb-45cb-b5c8-609b4006947b","method":"GET","path":"/api/v1/contents/ce0c5617-c03c-40b2-94d4-2b4e84b65188","status":200,"duration_ms":3}
{"event":"http.request","request_id":"e8ceab5f-bbfa-40eb-915a-6c1ed6e75078","method":"POST","path":"/api/v1/publication-drafts","status":201,"duration_ms":5}
{"event":"http.request","request_id":"0baebe3f-4671-44b7-8203-833730ce31b6","method":"GET","path":"/api/v1/contents/ce0c5617-c03c-40b2-94d4-2b4e84b65188","status":200,"duration_ms":3}
{"event":"http.request","request_id":"b4612b8e-219b-4fe6-a9bf-94a6cb5089ce","method":"POST","path":"/api/v1/publications","status":422,"duration_ms":3}
{"event":"http.request","request_id":"5e35ac48-7796-4042-9c37-f1e0ff9d288a","method":"POST","path":"/api/v1/publications","status":422,"duration_ms":3}
{"event":"http.request","request_id":"a20447d9-c061-4f31-a6a4-1b7d3cd3dee5","method":"POST","path":"/api/v1/publications","status":201,"duration_ms":5}
{"event":"http.request","request_id":"0423f6e1-3d17-4d52-a4e4-7a41674c1830","method":"GET","path":"/api/v1/contents/ce0c5617-c03c-40b2-94d4-2b4e84b65188","status":200,"duration_ms":2}
{"event":"http.request","request_id":"3854c786-ed29-4442-9efc-e8dadf59d346","method":"POST","path":"/api/v1/uploads","status":201,"duration_ms":5}
{"event":"http.request","request_id":"13caaf97-2da3-413b-afbb-3176745e2348","method":"POST","path":"/api/v1/uploads/3cee966d-4a29-47c8-9e1b-ace4a2562136/parts","status":200,"duration_ms":3}
{"event":"http.request","request_id":"9a98a193-9cc8-48b6-9252-6d8a8a72836f","method":"PUT","path":"/api/v1/uploads/3cee966d-4a29-47c8-9e1b-ace4a2562136/parts/1","status":200,"duration_ms":4}
{"event":"http.request","request_id":"5872f99a-6a62-4c57-bf56-36937b07b9c5","method":"POST","path":"/api/v1/uploads/3cee966d-4a29-47c8-9e1b-ace4a2562136/complete","status":200,"duration_ms":8}
{"event":"http.request","request_id":"3233f9d4-ae2f-4343-b3e6-ee8b1dead5e1","method":"POST","path":"/api/v1/contents","status":201,"duration_ms":5}
{"event":"http.request","request_id":"12e6f556-8b2c-417b-b2dc-4fd5cbe1c5ee","method":"POST","path":"/api/v1/contents/45f9a052-5867-42da-8d52-1e4f8ff7447a/revisions","status":201,"duration_ms":5}
{"event":"http.request","request_id":"aa3ed86d-ae54-4348-8d31-f368d4250401","method":"POST","path":"/api/v1/contents/45f9a052-5867-42da-8d52-1e4f8ff7447a/submit-review","status":201,"duration_ms":4}
{"event":"http.request","request_id":"06922f1b-ce99-47bb-b80d-f17158032679","method":"POST","path":"/api/v1/reviews/b4965d5c-cd6b-4bb3-83cc-711576086dcc/decide","status":200,"duration_ms":4}
{"event":"http.request","request_id":"102a5c49-708d-4b26-9171-e37439f189c3","method":"GET","path":"/api/v1/contents/45f9a052-5867-42da-8d52-1e4f8ff7447a","status":200,"duration_ms":2}
{"event":"http.request","request_id":"d32cc9e2-3ad2-49b2-ae70-796526543294","method":"POST","path":"/api/v1/publications","status":409,"duration_ms":4}
✔ 缺笔记ID暂存不算发布，正式登记锁定批准版本、账号和唯一笔记并持久回收事件 (160.488167ms)
{"event":"http.request","request_id":"0fa3c67a-5b65-4134-97c2-1c6890fc512f","method":"POST","path":"/api/v1/uploads","status":201,"duration_ms":5}
{"event":"http.request","request_id":"5d1bc60c-0db9-4812-971e-4704d3f557b1","method":"POST","path":"/api/v1/uploads/375dab9a-ed0b-4252-83e7-c934d8bcd46a/parts","status":200,"duration_ms":3}
{"event":"http.request","request_id":"6dad7528-ba01-4f6d-968f-542768790a11","method":"PUT","path":"/api/v1/uploads/375dab9a-ed0b-4252-83e7-c934d8bcd46a/parts/1","status":200,"duration_ms":4}
{"event":"http.request","request_id":"297ed06b-04f9-4165-a87e-365ca095b01a","method":"POST","path":"/api/v1/uploads/375dab9a-ed0b-4252-83e7-c934d8bcd46a/complete","status":200,"duration_ms":8}
{"event":"http.request","request_id":"6236289d-b107-436b-8c1b-ef8cc51b9540","method":"POST","path":"/api/v1/contents","status":201,"duration_ms":5}
{"event":"http.request","request_id":"1bbf3278-f1e5-41dc-8741-adac501f6aca","method":"POST","path":"/api/v1/contents/74f0e5cf-df45-4fd2-af50-60f439315389/revisions","status":201,"duration_ms":5}
{"event":"http.request","request_id":"c5d80d18-c691-4b90-8008-66dbeaf54375","method":"POST","path":"/api/v1/contents/74f0e5cf-df45-4fd2-af50-60f439315389/submit-review","status":201,"duration_ms":4}
{"event":"http.request","request_id":"ea270698-2845-4a8d-a9c0-c6aa1c5a7fa6","method":"POST","path":"/api/v1/reviews/122d5f6c-5bdf-4d4a-9c48-3a4aeff56663/decide","status":200,"duration_ms":4}
{"event":"http.request","request_id":"07cc63b5-a477-40f8-93f4-5e207eed9772","method":"GET","path":"/api/v1/contents/74f0e5cf-df45-4fd2-af50-60f439315389","status":200,"duration_ms":2}
{"event":"http.request","request_id":"5acd24d2-3280-49ba-9eb9-abec5f9c215f","method":"POST","path":"/api/v1/publications","status":201,"duration_ms":5}
{"event":"http.request","request_id":"47b690ce-3a55-454f-8d0a-26bed59790ca","method":"GET","path":"/api/v1/contents/74f0e5cf-df45-4fd2-af50-60f439315389","status":200,"duration_ms":2}
{"event":"http.request","request_id":"7d6b8d97-4e4c-4dc9-9500-8ee2e66f0455","method":"POST","path":"/api/v1/contents/74f0e5cf-df45-4fd2-af50-60f439315389/create-revision-work-item","status":201,"duration_ms":7}
{"event":"http.request","request_id":"75d5b332-f84a-4c04-af0e-a75dbdfebdcd","method":"GET","path":"/api/v1/contents/f7f206ad-c3bd-4845-b7b6-19f15039ef0a","status":200,"duration_ms":2}
{"event":"http.request","request_id":"8abd9a8f-ed80-423a-8e7b-70f62536300f","method":"GET","path":"/api/v1/contents/74f0e5cf-df45-4fd2-af50-60f439315389","status":200,"duration_ms":2}
{"event":"http.request","request_id":"cc214086-6935-4312-ba86-19da5ec649ff","method":"GET","path":"/api/v1/publications/334389f2-b07c-431a-a7b0-a9b92c8f64f3","status":200,"duration_ms":2}
✔ 已发布内容派生独立修订工作项，原稿和文件归档保持不变 (72.845375ms)
ℹ tests 13
ℹ suites 0
ℹ pass 13
ℹ fail 0
ℹ cancelled 0
ℹ skipped 0
ℹ todo 0
ℹ duration_ms 2967.9165
