{"event":"http.request","request_id":"a86c2783-8531-4a6c-864f-35c2f3e6bcac","method":"GET","path":"/api/v1/auth/csrf","status":200,"duration_ms":7}
{"event":"http.request","request_id":"b0ead052-4498-48d0-b361-579cb51ea8c7","method":"POST","path":"/api/v1/setup","status":201,"duration_ms":55}
{"event":"http.request","request_id":"4e2b27cf-27d3-4f25-8c19-cdf1ba8e5c9f","method":"GET","path":"/api/v1/auth/csrf","status":200,"duration_ms":2}
{"event":"http.request","request_id":"39084de0-3012-4db9-b4a4-65f6e36c42f5","method":"POST","path":"/api/v1/auth/login","status":200,"duration_ms":25}
{"event":"http.request","request_id":"fdfaa153-7d25-4ae0-9764-d3d7af4c8b4c","method":"GET","path":"/api/v1/me","status":200,"duration_ms":80}
{"event":"http.request","request_id":"f69e8257-573b-4843-9d96-82722ad966e7","method":"POST","path":"/api/v1/accounts","status":201,"duration_ms":10}
{"event":"http.request","request_id":"f45237ed-7551-43ad-b277-12ec4ac7f9e9","method":"POST","path":"/api/v1/contents","status":201,"duration_ms":9}
{"event":"http.request","request_id":"439688a8-4ccf-4d53-9564-455bdc4262ee","method":"GET","path":"/api/v1/contents/d6b4f7bc-bdc6-4b65-a1ce-5d67237520bf","status":200,"duration_ms":5}
{"event":"http.request","request_id":"871a5ac0-a1ed-49ef-ad6d-ad4d7bfa4dc0","method":"POST","path":"/api/v1/contents/d6b4f7bc-bdc6-4b65-a1ce-5d67237520bf/revisions","status":201,"duration_ms":9}
{"event":"http.request","request_id":"18c7b4d0-e856-4949-9a1f-15532a70ef3c","method":"GET","path":"/api/v1/contents/d6b4f7bc-bdc6-4b65-a1ce-5d67237520bf","status":200,"duration_ms":3}
✔ 人工新建图文后保存逐页文案，再从详情恢复原始快照 (483.632083ms)
{"event":"http.request","request_id":"5934f298-2b66-48d1-815f-004e17c969ef","method":"POST","path":"/api/v1/contents","status":201,"duration_ms":6}
{"event":"http.request","request_id":"42b2798a-6eeb-4000-93f2-08499cb9db16","method":"POST","path":"/api/v1/contents/ed370a68-ed9f-492e-a939-711129e96fd8/revisions","status":201,"duration_ms":6}
{"event":"http.request","request_id":"f3ac2616-3d0f-490c-9ca5-7f62fb0f7a76","method":"POST","path":"/api/v1/contents/ed370a68-ed9f-492e-a939-711129e96fd8/revisions","status":409,"duration_ms":9}
{"event":"http.request","request_id":"00950359-11ff-4ab4-916c-8aff4ec79727","method":"GET","path":"/api/v1/contents/ed370a68-ed9f-492e-a939-711129e96fd8","status":200,"duration_ms":4}
{"event":"http.request","request_id":"3bed24da-1572-42ba-9c67-1bf0ac2f57e7","method":"POST","path":"/api/v1/contents/ed370a68-ed9f-492e-a939-711129e96fd8/restore","status":201,"duration_ms":7}
{"event":"http.request","request_id":"e05be5e9-f400-44d4-b2c2-c173be1be586","method":"GET","path":"/api/v1/contents/ed370a68-ed9f-492e-a939-711129e96fd8","status":200,"duration_ms":3}
✔ 同一基础版本并发保存只有一个成功，恢复历史版本产生新快照 (36.250416ms)
{"event":"http.request","request_id":"b03a13b6-cf13-4629-8d68-98c735b11d6f","method":"POST","path":"/api/v1/members","status":201,"duration_ms":22}
{"event":"http.request","request_id":"b23dd0dd-4ef4-4cc0-9119-1fd89de0bf0b","method":"GET","path":"/api/v1/auth/csrf","status":200,"duration_ms":1}
{"event":"http.request","request_id":"c5125261-cabc-4bb2-afb1-a8f50fa3bea4","method":"POST","path":"/api/v1/auth/accept-invite","status":200,"duration_ms":19}
{"event":"http.request","request_id":"f7843e2c-6260-4322-bbc3-5867c40a2c4c","method":"GET","path":"/api/v1/auth/csrf","status":200,"duration_ms":1}
{"event":"http.request","request_id":"a2a67c5c-985f-4763-aa2f-7c1b60d0814a","method":"POST","path":"/api/v1/auth/login","status":200,"duration_ms":19}
{"event":"http.request","request_id":"ded9afe9-ebef-4e6d-9cb0-7dad8547b8a3","method":"POST","path":"/api/v1/members","status":201,"duration_ms":22}
{"event":"http.request","request_id":"f57caa20-c753-4f47-b1db-04d395213227","method":"GET","path":"/api/v1/auth/csrf","status":200,"duration_ms":0}
{"event":"http.request","request_id":"4c71b8ff-3e6a-4d47-a277-247c03251c72","method":"POST","path":"/api/v1/auth/accept-invite","status":200,"duration_ms":18}
{"event":"http.request","request_id":"1cf42286-ac28-4f6c-8e7b-49adf87f994b","method":"GET","path":"/api/v1/auth/csrf","status":200,"duration_ms":2}
{"event":"http.request","request_id":"ef2c4853-b495-4242-ad3c-073132d4a83f","method":"POST","path":"/api/v1/auth/login","status":200,"duration_ms":18}
{"event":"http.request","request_id":"3ecd26ec-b75e-4080-8cf8-5298eadbbb5c","method":"POST","path":"/api/v1/contents","status":201,"duration_ms":6}
{"event":"http.request","request_id":"2447135a-3b8d-4574-9dff-f106f72e7d87","method":"POST","path":"/api/v1/contents/ccd8f3c3-e846-4e6a-be28-0dadc89a9637/revisions","status":403,"duration_ms":4}
{"event":"http.request","request_id":"64e26ba7-0f8d-4b26-9bb7-3b9f7925f57a","method":"POST","path":"/api/v1/contents/ccd8f3c3-e846-4e6a-be28-0dadc89a9637/revisions","status":403,"duration_ms":2}
{"event":"http.request","request_id":"c316179a-9e3a-4c39-9d78-603db1d61ae9","method":"POST","path":"/api/v1/contents/ccd8f3c3-e846-4e6a-be28-0dadc89a9637/revisions","status":201,"duration_ms":5}
✔ 运营只能修改发布文案，不能改逐页制作内容；只读不能保存 (152.248333ms)
{"event":"http.request","request_id":"59e4cac6-f781-4854-bc35-33066fc429a0","method":"POST","path":"/api/v1/contents","status":201,"duration_ms":7}
{"event":"http.request","request_id":"63b058f0-6e3b-4a85-a592-2edd3e941377","method":"POST","path":"/api/v1/contents/efe4e1b8-55f3-4d2d-94d1-436327982132/revisions","status":422,"duration_ms":12}
{"event":"http.request","request_id":"12fb7ce0-6dfb-4586-b86e-2fb6dd0040d8","method":"POST","path":"/api/v1/uploads","status":201,"duration_ms":14}
{"event":"http.request","request_id":"12b6e938-e197-4f7e-aa08-dd47193fc1d3","method":"POST","path":"/api/v1/uploads/8651a725-f8bb-4ad9-8964-142944ccd7ec/parts","status":200,"duration_ms":8}
{"event":"http.request","request_id":"07e73ae8-5443-42d2-818d-98cce07b5199","method":"PUT","path":"/api/v1/uploads/8651a725-f8bb-4ad9-8964-142944ccd7ec/parts/1","status":200,"duration_ms":10}
{"event":"http.request","request_id":"aae4f531-361c-4336-820b-4c52271536c6","method":"POST","path":"/api/v1/uploads/8651a725-f8bb-4ad9-8964-142944ccd7ec/complete","status":200,"duration_ms":19}
{"event":"http.request","request_id":"869d17d1-7998-4463-babd-9e728f45b0b5","method":"POST","path":"/api/v1/contents/efe4e1b8-55f3-4d2d-94d1-436327982132/revisions","status":422,"duration_ms":5}
{"event":"http.request","request_id":"2cea4f64-70a3-4495-af27-242812568780","method":"POST","path":"/api/v1/uploads","status":201,"duration_ms":6}
{"event":"http.request","request_id":"b5cc44f4-49f6-43d3-b87f-9ab5b28f1b8b","method":"POST","path":"/api/v1/uploads/3b9f3b5f-a2ec-40ea-85d0-9d0a1941790f/parts","status":200,"duration_ms":4}
{"event":"http.request","request_id":"caae6f48-dd2f-4475-bedc-b5a46dad87c3","method":"PUT","path":"/api/v1/uploads/3b9f3b5f-a2ec-40ea-85d0-9d0a1941790f/parts/1","status":200,"duration_ms":5}
{"event":"http.request","request_id":"ebf706d4-2e28-4d47-a65f-20837138e257","method":"POST","path":"/api/v1/uploads/3b9f3b5f-a2ec-40ea-85d0-9d0a1941790f/complete","status":200,"duration_ms":8}
{"event":"http.request","request_id":"69b4a0c5-073e-4262-9ef0-8f1957806275","method":"POST","path":"/api/v1/contents/efe4e1b8-55f3-4d2d-94d1-436327982132/revisions","status":201,"duration_ms":5}
{"event":"http.request","request_id":"0fc5c439-8a11-486c-a742-1afe85ba96f1","method":"GET","path":"/api/v1/contents/efe4e1b8-55f3-4d2d-94d1-436327982132","status":200,"duration_ms":2}
✔ 图文成品只关联同空间已上传PNG原件，无效文件和PDF不能保存为发布图片 (139.627625ms)
{"event":"http.request","request_id":"e006c276-64bc-4aa1-be71-df5beac39116","method":"POST","path":"/api/v1/contents","status":201,"duration_ms":5}
{"event":"http.request","request_id":"8f9bf3b4-cbdd-4202-8da7-337259409fa9","method":"PATCH","path":"/api/v1/contents/b39871a8-5281-4853-b397-71f13b9b96bd","status":200,"duration_ms":4}
{"event":"http.request","request_id":"a33a3e87-1c98-4286-81fa-4139831eac30","method":"GET","path":"/api/v1/contents","status":200,"duration_ms":2}
{"event":"http.request","request_id":"b66a6e0e-095b-413b-810b-dbddf1982228","method":"GET","path":"/api/v1/contents","status":200,"duration_ms":2}
{"event":"http.request","request_id":"5d07f83d-e488-4016-ab48-f33465c9f5fc","method":"GET","path":"/api/v1/contents","status":422,"duration_ms":1}
✔ 内容列表按形式、状态、负责人和计划时间过滤，非法筛选拒绝 (23.186708ms)
{"event":"http.request","request_id":"30f4d430-b7d7-4368-9d5c-b2cb7db577f2","method":"POST","path":"/api/v1/contents","status":201,"duration_ms":6}
{"event":"http.request","request_id":"3bfdff02-3d6b-4eb3-bb3f-b6eddaf8591b","method":"POST","path":"/api/v1/contents/20a681cd-0401-4359-8257-182fc7db26c5/submit-review","status":422,"duration_ms":4}
{"event":"http.request","request_id":"597b4487-5c54-42a0-a30a-aed0fd1a93ef","method":"POST","path":"/api/v1/uploads","status":201,"duration_ms":5}
{"event":"http.request","request_id":"6d7c513e-25ab-4c4b-8161-9e205f4a708f","method":"POST","path":"/api/v1/uploads/57b23a5a-58e5-4695-867a-1ac87da6cba9/parts","status":200,"duration_ms":4}
{"event":"http.request","request_id":"f7eaa0e9-82e6-4e20-9ad6-9335d9fad9dd","method":"PUT","path":"/api/v1/uploads/57b23a5a-58e5-4695-867a-1ac87da6cba9/parts/1","status":200,"duration_ms":6}
{"event":"http.request","request_id":"c84fafa6-1d88-4e2d-937e-1793071e00c8","method":"POST","path":"/api/v1/uploads/57b23a5a-58e5-4695-867a-1ac87da6cba9/complete","status":200,"duration_ms":9}
{"event":"http.request","request_id":"12c41bde-2722-432a-82f1-72a6beb4b19d","method":"POST","path":"/api/v1/contents","status":201,"duration_ms":5}
{"event":"http.request","request_id":"d5bd1ece-455f-428e-94d4-c3bf4d0b8c2a","method":"POST","path":"/api/v1/contents/ed23b532-8c41-4f6f-a00f-38f7e679eaeb/revisions","status":201,"duration_ms":6}
{"event":"http.request","request_id":"dda003cb-65b0-439b-aec7-5fa771ea2b92","method":"POST","path":"/api/v1/contents/ed23b532-8c41-4f6f-a00f-38f7e679eaeb/submit-review","status":201,"duration_ms":5}
{"event":"http.request","request_id":"739c1f04-bdc3-401a-abb1-84180c112320","method":"GET","path":"/api/v1/contents/ed23b532-8c41-4f6f-a00f-38f7e679eaeb","status":200,"duration_ms":2}
{"event":"http.request","request_id":"d10a757e-b21d-4508-b084-1ec453e05496","method":"POST","path":"/api/v1/reviews/6aad6b8a-4479-444f-a816-3ec5b891505b/decide","status":200,"duration_ms":12}
{"event":"http.request","request_id":"630984bc-0b2e-4017-97e4-1da836c3ed5d","method":"GET","path":"/api/v1/contents/ed23b532-8c41-4f6f-a00f-38f7e679eaeb","status":200,"duration_ms":3}
✔ 提交审核拒绝缺失成品，完整PNG图文冻结并由有权成员显式批准 (185.18425ms)
{"event":"http.request","request_id":"59caeb7c-8031-4b31-b52e-6611adba5ce4","method":"POST","path":"/api/v1/uploads","status":201,"duration_ms":5}
{"event":"http.request","request_id":"5724f44e-fb55-4821-806a-700f1c0728a9","method":"POST","path":"/api/v1/uploads/6d8c8dbc-f678-41c1-8118-338c81830b67/parts","status":200,"duration_ms":4}
{"event":"http.request","request_id":"606f834a-e6d2-468c-b8ea-93a3f486274b","method":"PUT","path":"/api/v1/uploads/6d8c8dbc-f678-41c1-8118-338c81830b67/parts/1","status":200,"duration_ms":4}
{"event":"http.request","request_id":"dd8fc005-5537-4652-8cb0-60905424fc70","method":"POST","path":"/api/v1/uploads/6d8c8dbc-f678-41c1-8118-338c81830b67/complete","status":200,"duration_ms":7}
{"event":"http.request","request_id":"588060d7-e4af-44e0-8254-cd3f978acbdc","method":"POST","path":"/api/v1/contents","status":201,"duration_ms":4}
{"event":"http.request","request_id":"b1405f2c-6081-417c-83a5-f42f44828f74","method":"POST","path":"/api/v1/contents/b135afd7-c4ce-4777-a63e-ff4b0d7174ad/revisions","status":201,"duration_ms":5}
{"event":"http.request","request_id":"85ab7f9f-1fbd-4ded-8915-9b99ae3e4fbb","method":"POST","path":"/api/v1/contents/b135afd7-c4ce-4777-a63e-ff4b0d7174ad/submit-review","status":201,"duration_ms":5}
{"event":"http.request","request_id":"b113704f-7f1d-417d-9733-a3c55fc50439","method":"GET","path":"/api/v1/contents/b135afd7-c4ce-4777-a63e-ff4b0d7174ad","status":200,"duration_ms":3}
{"event":"http.request","request_id":"06af51be-4afd-432c-9a1a-cbbc078e0a39","method":"POST","path":"/api/v1/contents/b135afd7-c4ce-4777-a63e-ff4b0d7174ad/revisions","status":409,"duration_ms":3}
{"event":"http.request","request_id":"0a758df1-2e02-4c9c-bae9-745ed8c5d90d","method":"POST","path":"/api/v1/reviews/916e1f18-6edc-4001-8b63-ebb7d2325f5e/withdraw","status":200,"duration_ms":5}
{"event":"http.request","request_id":"166cad66-3a89-4700-b4ab-233aeb2e3741","method":"GET","path":"/api/v1/contents/b135afd7-c4ce-4777-a63e-ff4b0d7174ad","status":200,"duration_ms":2}
{"event":"http.request","request_id":"458d3d7e-c361-4769-ab4e-b7bc7baeebe6","method":"POST","path":"/api/v1/contents/b135afd7-c4ce-4777-a63e-ff4b0d7174ad/submit-review","status":201,"duration_ms":4}
{"event":"http.request","request_id":"69940537-0a8e-4226-89e3-6bd6fe3b4bba","method":"POST","path":"/api/v1/reviews/41bb6b73-e5c3-47f4-9c42-26aedd691bab/decide","status":200,"duration_ms":5}
{"event":"http.request","request_id":"7809e3cf-3f1a-4692-aec1-d9b4043c7e22","method":"GET","path":"/api/v1/contents/b135afd7-c4ce-4777-a63e-ff4b0d7174ad","status":200,"duration_ms":2}
{"event":"http.request","request_id":"aecc7633-1abc-4408-9db1-a6e98292c894","method":"POST","path":"/api/v1/contents/b135afd7-c4ce-4777-a63e-ff4b0d7174ad/submit-review","status":201,"duration_ms":4}
{"event":"http.request","request_id":"2df41e8c-bf54-484b-8d2c-5620933f6475","method":"POST","path":"/api/v1/reviews/ff667525-72a1-4a24-94cd-82485e3ec1ac/decide","status":200,"duration_ms":5}
{"event":"http.request","request_id":"af7b1b7c-e81d-4d98-a7ec-9a74e25dfa7c","method":"GET","path":"/api/v1/contents/b135afd7-c4ce-4777-a63e-ff4b0d7174ad","status":200,"duration_ms":2}
{"event":"http.request","request_id":"3009bcbd-2d81-472c-a879-3732cd90b2ab","method":"PATCH","path":"/api/v1/contents/b135afd7-c4ce-4777-a63e-ff4b0d7174ad","status":200,"duration_ms":3}
{"event":"http.request","request_id":"c316f45a-c88d-4fe8-8c2d-e784a074b278","method":"GET","path":"/api/v1/contents/b135afd7-c4ce-4777-a63e-ff4b0d7174ad","status":200,"duration_ms":3}
{"event":"http.request","request_id":"ffbb022d-ff5a-4157-afe1-ee00a2f63a44","method":"POST","path":"/api/v1/contents/b135afd7-c4ce-4777-a63e-ff4b0d7174ad/revisions","status":201,"duration_ms":6}
{"event":"http.request","request_id":"33c8ca60-8da1-465b-b44d-48c71b7a21e0","method":"GET","path":"/api/v1/contents/b135afd7-c4ce-4777-a63e-ff4b0d7174ad","status":200,"duration_ms":2}
✔ 审核中禁止编辑，撤回和退回派生新稿；批准后改载荷重审，内部备注不使批准失效 (100.376292ms)
{"event":"http.request","request_id":"a22a1ec8-e3e6-403b-859d-f0df0a192731","method":"POST","path":"/api/v1/members","status":201,"duration_ms":22}
{"event":"http.request","request_id":"7124b961-6851-436e-9798-9f460fd309e6","method":"GET","path":"/api/v1/auth/csrf","status":200,"duration_ms":1}
{"event":"http.request","request_id":"092527ab-acfe-491d-abf0-36e35ba51da6","method":"POST","path":"/api/v1/auth/accept-invite","status":200,"duration_ms":20}
{"event":"http.request","request_id":"224d9b83-6afb-4c1b-8248-df517d35103c","method":"GET","path":"/api/v1/auth/csrf","status":200,"duration_ms":1}
{"event":"http.request","request_id":"ba563fd7-c875-4195-a0c0-5567b853252f","method":"POST","path":"/api/v1/auth/login","status":200,"duration_ms":19}
{"event":"http.request","request_id":"70823f7a-473e-4cfc-8816-4995c5c118de","method":"POST","path":"/api/v1/uploads","status":201,"duration_ms":5}
{"event":"http.request","request_id":"d701e800-3929-4d19-916d-879ccceaf520","method":"POST","path":"/api/v1/uploads/6a54c8dd-8481-4618-b175-415317d401fc/parts","status":200,"duration_ms":3}
{"event":"http.request","request_id":"013d6b94-a175-4535-b45f-acf685cb2e29","method":"PUT","path":"/api/v1/uploads/6a54c8dd-8481-4618-b175-415317d401fc/parts/1","status":200,"duration_ms":4}
{"event":"http.request","request_id":"892ed364-0d3d-49cb-9074-064459a9f9be","method":"POST","path":"/api/v1/uploads/6a54c8dd-8481-4618-b175-415317d401fc/complete","status":200,"duration_ms":8}
{"event":"http.request","request_id":"86836a27-1af0-4891-be1d-88fdcc468f85","method":"POST","path":"/api/v1/contents","status":201,"duration_ms":5}
{"event":"http.request","request_id":"f4578bb5-ae45-4101-b9b1-2b9ba46bd301","method":"POST","path":"/api/v1/contents/bef34a64-56e2-45ee-a486-dd268c0a24e8/revisions","status":201,"duration_ms":5}
{"event":"http.request","request_id":"5e589a75-3267-49d6-858f-6ee1f3f1c89b","method":"POST","path":"/api/v1/contents/bef34a64-56e2-45ee-a486-dd268c0a24e8/submit-review","status":201,"duration_ms":5}
{"event":"http.request","request_id":"d4400187-5276-4aac-9885-c3636ce23f15","method":"POST","path":"/api/v1/reviews/3eed7ede-a8e1-4a75-9285-3212a3b3b052/decide","status":403,"duration_ms":2}
{"event":"http.request","request_id":"17c2ab35-c407-431b-b6dd-a2005477882d","method":"POST","path":"/api/v1/reviews/3eed7ede-a8e1-4a75-9285-3212a3b3b052/decide","status":200,"duration_ms":5}
{"event":"http.request","request_id":"f1623450-e014-476c-bbcb-0d6d84adf45c","method":"POST","path":"/api/v1/reviews/3eed7ede-a8e1-4a75-9285-3212a3b3b052/withdraw","status":409,"duration_ms":6}
✔ 制作角色不能批准，批准与撤回并发只有一个事务成功 (113.563667ms)
{"event":"http.request","request_id":"b26297bc-84c4-4b80-af48-b91a28b0e2f4","method":"POST","path":"/api/v1/uploads","status":201,"duration_ms":5}
{"event":"http.request","request_id":"bf1c848c-df0f-4295-a55e-fb68a355713b","method":"POST","path":"/api/v1/uploads/488a07a2-ffd0-4f10-8a88-e91bd6556bda/parts","status":200,"duration_ms":3}
{"event":"http.request","request_id":"8ad0999c-5de8-454d-9cf8-ded284efbfef","method":"PUT","path":"/api/v1/uploads/488a07a2-ffd0-4f10-8a88-e91bd6556bda/parts/1","status":200,"duration_ms":4}
{"event":"http.request","request_id":"3fb30c80-65bd-4568-86d5-27067ba5fcb2","method":"POST","path":"/api/v1/uploads/488a07a2-ffd0-4f10-8a88-e91bd6556bda/complete","status":200,"duration_ms":7}
{"event":"http.request","request_id":"32fd75c0-1df0-43d7-a953-0676e08576b7","method":"POST","path":"/api/v1/contents","status":201,"duration_ms":4}
{"event":"http.request","request_id":"e3760a49-340d-4f98-b2bf-2d4097408791","method":"POST","path":"/api/v1/contents/5962361e-584e-4a51-8f72-4ad4e0d3291d/revisions","status":201,"duration_ms":5}
{"event":"http.request","request_id":"c5038f06-7707-48a9-97a1-0ea2c4d9d0cb","method":"POST","path":"/api/v1/assets","status":201,"duration_ms":5}
{"event":"http.request","request_id":"84c2d631-f1d2-4df6-a8fc-dbfb1f053c98","method":"POST","path":"/api/v1/assets/93762624-8f0e-46a8-a27d-9607d9449881/confirm","status":200,"duration_ms":5}
{"event":"http.request","request_id":"2650ba7a-9b02-4ac9-b248-b3ab917a8c6b","method":"POST","path":"/api/v1/contents/5962361e-584e-4a51-8f72-4ad4e0d3291d/revisions","status":201,"duration_ms":6}
{"event":"http.request","request_id":"ea1ef847-9c28-431c-8706-0ba8c2b00feb","method":"POST","path":"/api/v1/contents/5962361e-584e-4a51-8f72-4ad4e0d3291d/submit-review","status":201,"duration_ms":6}
{"event":"http.request","request_id":"8de8465f-bf2b-431a-b2a1-1c437f3fd396","method":"POST","path":"/api/v1/assets/93762624-8f0e-46a8-a27d-9607d9449881/retire","status":200,"duration_ms":4}
{"event":"http.request","request_id":"dd71c5e3-89ef-4043-b61a-6223b252e6df","method":"POST","path":"/api/v1/reviews/134e3b6f-6367-4aa4-bd16-8bcfdd0a5f8a/decide","status":422,"duration_ms":4}
{"event":"http.request","request_id":"16cc5ea9-92d5-4af6-9697-42e2924994fd","method":"POST","path":"/api/v1/reviews/134e3b6f-6367-4aa4-bd16-8bcfdd0a5f8a/withdraw","status":200,"duration_ms":7}
{"event":"http.request","request_id":"2f02d744-fbf1-44f7-abc9-c1942374fa59","method":"GET","path":"/api/v1/contents/5962361e-584e-4a51-8f72-4ad4e0d3291d","status":200,"duration_ms":2}
{"event":"http.request","request_id":"6100c048-2969-4910-bd2e-3f730d763226","method":"POST","path":"/api/v1/contents/5962361e-584e-4a51-8f72-4ad4e0d3291d/revisions","status":201,"duration_ms":5}
✔ 素材停用阻止批准但仍能撤回修稿，冻结历史引用保留 (92.966834ms)
{"event":"http.request","request_id":"1408a06c-9dd7-4841-ba21-71d51b57c9eb","method":"POST","path":"/api/v1/contents","status":201,"duration_ms":5}
{"event":"http.request","request_id":"0a5af760-457f-4b41-87b9-083df98c2ef8","method":"POST","path":"/api/v1/contents/c76f41ed-88c5-4f8e-a8c6-caf57a42eb0e/start-production","status":200,"duration_ms":4}
{"event":"http.request","request_id":"e41770a0-5058-4b27-896f-89bb2609be02","method":"POST","path":"/api/v1/contents/c76f41ed-88c5-4f8e-a8c6-caf57a42eb0e/cancel","status":200,"duration_ms":6}
{"event":"http.request","request_id":"6d6ddc1b-7c88-49e6-a24e-11a0127675ac","method":"GET","path":"/api/v1/contents/c76f41ed-88c5-4f8e-a8c6-caf57a42eb0e","status":200,"duration_ms":3}
{"event":"http.request","request_id":"32699238-e80f-4b86-8caf-ea0836b28aeb","method":"POST","path":"/api/v1/contents/c76f41ed-88c5-4f8e-a8c6-caf57a42eb0e/submit-review","status":409,"duration_ms":3}
✔ 开始制作保存估时，取消保留理由和版本历史且不能再提审 (22.109208ms)
{"event":"http.request","request_id":"93270431-15a0-4540-8fa4-9d19eed7e616","method":"POST","path":"/api/v1/uploads","status":201,"duration_ms":9}
{"event":"http.request","request_id":"3f876726-3e87-4870-ba45-8e88533d1ecd","method":"POST","path":"/api/v1/uploads/b57da7ce-f9f5-4a62-8a6f-5b5e49a660c8/parts","status":200,"duration_ms":4}
{"event":"http.request","request_id":"ce1a51dd-90c1-4ac0-a42e-91ef340ae8d5","method":"PUT","path":"/api/v1/uploads/b57da7ce-f9f5-4a62-8a6f-5b5e49a660c8/parts/1","status":200,"duration_ms":5}
{"event":"http.request","request_id":"c595baa7-ccd2-4ef9-8507-3971f55e299e","method":"POST","path":"/api/v1/uploads/b57da7ce-f9f5-4a62-8a6f-5b5e49a660c8/complete","status":200,"duration_ms":7}
{"event":"http.request","request_id":"6af599e2-861b-4769-a178-4eb40365c19b","method":"POST","path":"/api/v1/contents","status":201,"duration_ms":6}
{"event":"http.request","request_id":"f898867c-5c3b-4cff-a77b-a8ccc2507e34","method":"POST","path":"/api/v1/contents/81689151-43e2-43b4-be41-639558eda596/revisions","status":201,"duration_ms":8}
{"event":"http.request","request_id":"5ce87b1e-f131-4dbc-9075-c59226aba97a","method":"POST","path":"/api/v1/contents/81689151-43e2-43b4-be41-639558eda596/submit-review","status":201,"duration_ms":5}
{"event":"http.request","request_id":"911c854a-8f8d-418c-beb8-6bc58a9d70eb","method":"POST","path":"/api/v1/reviews/05ec1e05-b3c9-44bd-8c5a-19f438956bfb/decide","status":200,"duration_ms":5}
{"event":"http.request","request_id":"0e911feb-0eb0-4919-98f4-4e7f5d199786","method":"GET","path":"/api/v1/contents/81689151-43e2-43b4-be41-639558eda596","status":200,"duration_ms":3}
{"event":"http.request","request_id":"f3cc863b-8658-4bf1-afc9-02b3b5d35534","method":"POST","path":"/api/v1/contents/81689151-43e2-43b4-be41-639558eda596/export-package","status":202,"duration_ms":6}
{"event":"job.claimed","job_id":"4341bf70-1e9a-4562-9688-f561cdcda759","request_id":"f3cc863b-8658-4bf1-afc9-02b3b5d35534","pool":"general","attempt":1}
{"event":"http.request","request_id":"23dd08e7-8599-4392-bae9-aec77ea81ce2","method":"GET","path":"/api/v1/export-packages/d4cb346e-bbd9-4329-8ed4-9cb2ec2c9390","status":200,"duration_ms":3}
{"event":"http.request","request_id":"bee6ed02-f09d-45bc-8bcc-e96f33e7e2fb","method":"GET","path":"/api/v1/export-packages/d4cb346e-bbd9-4329-8ed4-9cb2ec2c9390","status":200,"duration_ms":3}
{"event":"http.request","request_id":"4d345611-4925-4905-b240-af2e69e70be3","method":"GET","path":"/api/v1/export-packages/d4cb346e-bbd9-4329-8ed4-9cb2ec2c9390/download","status":200,"duration_ms":25}
{"event":"http.request","request_id":"1b671e84-6666-4bb8-9ee5-c53986280f7b","method":"POST","path":"/api/v1/contents/81689151-43e2-43b4-be41-639558eda596/revisions","status":201,"duration_ms":17}
{"event":"http.request","request_id":"7a0d0287-c069-4a13-bc3a-60763aadbff1","method":"GET","path":"/api/v1/export-packages/d4cb346e-bbd9-4329-8ed4-9cb2ec2c9390/download","status":409,"duration_ms":5}
{"event":"http.request","request_id":"e09a3b44-70f2-42ab-82fb-4ec8285916d9","method":"GET","path":"/api/v1/files/2418143c-6e74-4ea5-9684-27a249fc8b7b/download","status":409,"duration_ms":5}
✔ 发布包异步打包批准版本，下载PNG原件、页序和文案与批准内容一致 (1158.732459ms)
{"event":"http.request","request_id":"a6521726-9b61-4862-be3f-d221ebc82359","method":"POST","path":"/api/v1/uploads","status":201,"duration_ms":11}
{"event":"http.request","request_id":"c632017f-b5fe-46c9-b9ab-d2e4ca210ae2","method":"POST","path":"/api/v1/uploads/c525056e-c2ec-4e70-9adf-635b208b1402/parts","status":200,"duration_ms":7}
{"event":"http.request","request_id":"420e4c81-ccc1-4183-b0eb-ac53a224d8b8","method":"PUT","path":"/api/v1/uploads/c525056e-c2ec-4e70-9adf-635b208b1402/parts/1","status":200,"duration_ms":9}
{"event":"http.request","request_id":"39755b93-55b2-4041-9b64-34a4617d7c9c","method":"POST","path":"/api/v1/uploads/c525056e-c2ec-4e70-9adf-635b208b1402/complete","status":200,"duration_ms":15}
{"event":"http.request","request_id":"586e0b9d-5689-4c70-b2e2-fe5760f219eb","method":"POST","path":"/api/v1/contents","status":201,"duration_ms":8}
{"event":"http.request","request_id":"3a4ce9a4-5dd0-4f44-a375-17ea462bdfff","method":"POST","path":"/api/v1/contents/8d13658f-aace-4e07-8d6d-7cdd2342fa0c/revisions","status":201,"duration_ms":9}
{"event":"http.request","request_id":"7288e607-c11d-44f7-8bda-6e3de5b73535","method":"POST","path":"/api/v1/contents/8d13658f-aace-4e07-8d6d-7cdd2342fa0c/submit-review","status":201,"duration_ms":8}
{"event":"http.request","request_id":"fe04b6b9-1da0-4cd0-82c0-dd9ca7577b77","method":"POST","path":"/api/v1/reviews/0a5d7a41-cae0-4667-82c5-6c38c9fa89ee/decide","status":200,"duration_ms":7}
{"event":"http.request","request_id":"1859681c-e306-4432-aded-5720df04d8d5","method":"GET","path":"/api/v1/contents/8d13658f-aace-4e07-8d6d-7cdd2342fa0c","status":200,"duration_ms":4}
{"event":"http.request","request_id":"029897ec-8254-4329-87b7-f44cbe60e67e","method":"POST","path":"/api/v1/publication-drafts","status":201,"duration_ms":6}
{"event":"http.request","request_id":"363698c7-ab66-4562-89f0-2c768d4a268d","method":"GET","path":"/api/v1/contents/8d13658f-aace-4e07-8d6d-7cdd2342fa0c","status":200,"duration_ms":3}
{"event":"http.request","request_id":"5509190a-266b-47af-b156-f39314c60155","method":"POST","path":"/api/v1/publications","status":422,"duration_ms":4}
{"event":"http.request","request_id":"d848e21a-1734-4e68-b63b-e8d06779b996","method":"POST","path":"/api/v1/publications","status":422,"duration_ms":4}
{"event":"http.request","request_id":"a2c3ec2a-4f09-42df-a4d8-4c84e73ff39e","method":"POST","path":"/api/v1/publications","status":201,"duration_ms":6}
{"event":"http.request","request_id":"f17df715-aa2d-42ce-b20e-8ae727f7a53a","method":"GET","path":"/api/v1/contents/8d13658f-aace-4e07-8d6d-7cdd2342fa0c","status":200,"duration_ms":2}
{"event":"http.request","request_id":"31262d36-f00d-48ed-a48f-c6c7676edc9e","method":"POST","path":"/api/v1/uploads","status":201,"duration_ms":6}
{"event":"http.request","request_id":"7ea71a1f-3b16-4fdf-a150-70e9e7324175","method":"POST","path":"/api/v1/uploads/86543f15-419b-41fe-be09-ef363c08efef/parts","status":200,"duration_ms":4}
{"event":"http.request","request_id":"cdacbbd2-6c88-4467-9be5-1fa9ba87425e","method":"PUT","path":"/api/v1/uploads/86543f15-419b-41fe-be09-ef363c08efef/parts/1","status":200,"duration_ms":5}
{"event":"http.request","request_id":"fe718e23-2d86-47c0-bc53-163c41bab00f","method":"POST","path":"/api/v1/uploads/86543f15-419b-41fe-be09-ef363c08efef/complete","status":200,"duration_ms":9}
{"event":"http.request","request_id":"51b4feb7-351f-45f7-9e4a-0613acab69ab","method":"POST","path":"/api/v1/contents","status":201,"duration_ms":5}
{"event":"http.request","request_id":"ba0efcf2-41cb-48d6-8e41-07419af41264","method":"POST","path":"/api/v1/contents/2d420083-def7-4a8b-8537-bd0152117d9c/revisions","status":201,"duration_ms":5}
{"event":"http.request","request_id":"6b0d3b2c-5c43-40dd-a9e3-4aca84bf0341","method":"POST","path":"/api/v1/contents/2d420083-def7-4a8b-8537-bd0152117d9c/submit-review","status":201,"duration_ms":4}
{"event":"http.request","request_id":"4c0a1097-8ff3-49f1-a40c-820f5460a2e1","method":"POST","path":"/api/v1/reviews/fa108542-a82d-445d-8223-2991fd2d5110/decide","status":200,"duration_ms":5}
{"event":"http.request","request_id":"af140edd-d0ef-4653-bf34-e1c35db81219","method":"GET","path":"/api/v1/contents/2d420083-def7-4a8b-8537-bd0152117d9c","status":200,"duration_ms":2}
{"event":"http.request","request_id":"3e53acca-df0b-49ad-a54c-be2a1ee0a8fa","method":"POST","path":"/api/v1/publications","status":409,"duration_ms":4}
✔ 缺笔记ID暂存不算发布，正式登记锁定批准版本、账号和唯一笔记并持久回收事件 (192.787625ms)
{"event":"http.request","request_id":"6dfdc320-119e-42a0-b6ba-bbeac0ed2826","method":"POST","path":"/api/v1/uploads","status":201,"duration_ms":5}
{"event":"http.request","request_id":"d4e10c26-aeff-4fc4-adca-bbc10b4bd254","method":"POST","path":"/api/v1/uploads/fa227e82-9db4-4e39-ae16-5983b181937f/parts","status":200,"duration_ms":3}
{"event":"http.request","request_id":"6d7aef42-0a3a-4b1b-8d8f-b2661eb8bc92","method":"PUT","path":"/api/v1/uploads/fa227e82-9db4-4e39-ae16-5983b181937f/parts/1","status":200,"duration_ms":4}
{"event":"http.request","request_id":"831c52b6-91bd-443f-92d9-517ef113072d","method":"POST","path":"/api/v1/uploads/fa227e82-9db4-4e39-ae16-5983b181937f/complete","status":200,"duration_ms":8}
{"event":"http.request","request_id":"8c2f46cc-43c7-4be5-8e6b-472b051a8c29","method":"POST","path":"/api/v1/contents","status":201,"duration_ms":4}
{"event":"http.request","request_id":"f9ebe9f9-4d62-4cfc-ba92-f427552817de","method":"POST","path":"/api/v1/contents/a4cd3328-dc2d-4f4f-84e7-6062e83e2dd7/revisions","status":201,"duration_ms":5}
{"event":"http.request","request_id":"c491e7b9-476f-432b-a535-58d352852c1e","method":"POST","path":"/api/v1/contents/a4cd3328-dc2d-4f4f-84e7-6062e83e2dd7/submit-review","status":201,"duration_ms":4}
{"event":"http.request","request_id":"68672e16-9dba-4ed0-abce-92da528b450b","method":"POST","path":"/api/v1/reviews/4b49d669-e661-481f-82c3-1337d2129a1c/decide","status":200,"duration_ms":6}
{"event":"http.request","request_id":"907d4cd5-dbd1-4352-9dd0-ff2d2dc68881","method":"GET","path":"/api/v1/contents/a4cd3328-dc2d-4f4f-84e7-6062e83e2dd7","status":200,"duration_ms":3}
{"event":"http.request","request_id":"00a2ba70-25e6-4fbf-a52f-ebab5fae5572","method":"POST","path":"/api/v1/publications","status":201,"duration_ms":5}
{"event":"http.request","request_id":"36555cbe-73a9-4b90-b658-3018933edca4","method":"GET","path":"/api/v1/contents/a4cd3328-dc2d-4f4f-84e7-6062e83e2dd7","status":200,"duration_ms":3}
{"event":"http.request","request_id":"902176ba-f56e-4643-9a78-e2e9a1461e62","method":"POST","path":"/api/v1/contents/a4cd3328-dc2d-4f4f-84e7-6062e83e2dd7/create-revision-work-item","status":201,"duration_ms":8}
{"event":"http.request","request_id":"559c5547-fa46-4337-ad05-17f3ab2870ee","method":"GET","path":"/api/v1/contents/9736ff76-d423-4206-9db7-3d3513486328","status":200,"duration_ms":3}
{"event":"http.request","request_id":"6e1ecc86-ce4d-475e-8eb3-392413f9bcdc","method":"GET","path":"/api/v1/contents/a4cd3328-dc2d-4f4f-84e7-6062e83e2dd7","status":200,"duration_ms":4}
{"event":"http.request","request_id":"59655438-48ad-4f78-a2e0-e77b96e725c5","method":"GET","path":"/api/v1/publications/8d22cf61-b636-4555-8290-b5f255506c38","status":200,"duration_ms":3}
✔ 已发布内容派生独立修订工作项，原稿和文件归档保持不变 (79.445542ms)
{"event":"http.request","request_id":"27f93ad2-29e2-4ccd-b794-8f6729322946","method":"POST","path":"/api/v1/uploads","status":201,"duration_ms":5}
{"event":"http.request","request_id":"18f62bfe-e27b-4e99-bf14-8fed22abbc7b","method":"POST","path":"/api/v1/uploads/ac802fff-f3c2-43b3-88cd-e76c206e7f7c/parts","status":200,"duration_ms":3}
{"event":"http.request","request_id":"35926052-500c-495b-b95c-8cd0409da59d","method":"PUT","path":"/api/v1/uploads/ac802fff-f3c2-43b3-88cd-e76c206e7f7c/parts/1","status":200,"duration_ms":11}
{"event":"http.request","request_id":"bbf7064e-a9c6-4d1b-8912-97989d4653a7","method":"POST","path":"/api/v1/uploads/ac802fff-f3c2-43b3-88cd-e76c206e7f7c/complete","status":200,"duration_ms":8}
{"event":"http.request","request_id":"d9d213c3-2583-4eca-9d01-391cda810a3b","method":"POST","path":"/api/v1/contents","status":201,"duration_ms":5}
{"event":"http.request","request_id":"f6223885-13c2-4761-93df-661376fa1aa5","method":"POST","path":"/api/v1/contents/d677b074-5b05-40ac-922f-2b30f05122e4/revisions","status":201,"duration_ms":5}
{"event":"http.request","request_id":"85171b14-717b-43a5-afde-a8638e829746","method":"POST","path":"/api/v1/contents/d677b074-5b05-40ac-922f-2b30f05122e4/submit-review","status":201,"duration_ms":5}
{"event":"http.request","request_id":"ab7ec793-7db6-4f43-a5e5-b3f9b9744a3d","method":"POST","path":"/api/v1/reviews/31961e76-9c94-4f75-a2a4-57d11116ef82/decide","status":200,"duration_ms":5}
{"event":"http.request","request_id":"0d0dbb79-0c07-4557-8c89-3654b895f6e6","method":"GET","path":"/api/v1/contents/d677b074-5b05-40ac-922f-2b30f05122e4","status":200,"duration_ms":2}
{"event":"http.request","request_id":"09929a6c-cb7b-40c8-a864-0cb7fec0e05e","method":"POST","path":"/api/v1/publications","status":201,"duration_ms":5}
{"event":"http.request","request_id":"fcd6d4cc-15af-48a3-8e20-15d0b94f40eb","method":"GET","path":"/api/v1/contents/d677b074-5b05-40ac-922f-2b30f05122e4","status":200,"duration_ms":2}
{"event":"http.request","request_id":"2e9689c5-f1ef-4cda-85a3-986f76eb2b7c","method":"POST","path":"/api/v1/contents/d677b074-5b05-40ac-922f-2b30f05122e4/create-revision-work-item","status":201,"duration_ms":7}
{"event":"http.request","request_id":"5a2aaff0-d460-4644-b7d6-048f59c0dfbf","method":"GET","path":"/api/v1/contents/e8a88f9f-da70-481e-a4c0-4c75a50d3c3f","status":200,"duration_ms":3}
{"event":"http.request","request_id":"146d86d9-d84d-4608-85e2-aab57b3c9953","method":"POST","path":"/api/v1/publications/1942ca68-9bf8-4dbf-b80f-1e2eab873e7a/changes","status":409,"duration_ms":5}
{"event":"http.request","request_id":"a0040032-2835-4cd5-aec5-8801b9f143e4","method":"POST","path":"/api/v1/contents/e8a88f9f-da70-481e-a4c0-4c75a50d3c3f/revisions","status":201,"duration_ms":5}
{"event":"http.request","request_id":"5f56a830-8a25-4d82-9bcc-5604bb7a058b","method":"POST","path":"/api/v1/contents/e8a88f9f-da70-481e-a4c0-4c75a50d3c3f/submit-review","status":201,"duration_ms":4}
{"event":"http.request","request_id":"a0ca3ffa-fa59-4087-91f0-7b9717722290","method":"POST","path":"/api/v1/reviews/0e261057-ec91-42aa-bbe9-a43d5fefebfc/decide","status":200,"duration_ms":6}
{"event":"http.request","request_id":"5f785f19-dd72-458b-a6c1-f11ccf936aa2","method":"GET","path":"/api/v1/contents/e8a88f9f-da70-481e-a4c0-4c75a50d3c3f","status":200,"duration_ms":3}
{"event":"http.request","request_id":"cae26888-9f71-41ab-b270-057e8e59f53f","method":"POST","path":"/api/v1/publications/1942ca68-9bf8-4dbf-b80f-1e2eab873e7a/changes","status":201,"duration_ms":6}
{"event":"http.request","request_id":"fb1d6c2d-ccd9-4f6c-9bc2-cdeafde57455","method":"POST","path":"/api/v1/publications/1942ca68-9bf8-4dbf-b80f-1e2eab873e7a/changes","status":409,"duration_ms":7}
{"event":"http.request","request_id":"4070ba0f-6d81-46a1-9e40-b194dbf4f90f","method":"GET","path":"/api/v1/publications/1942ca68-9bf8-4dbf-b80f-1e2eab873e7a","status":200,"duration_ms":2}
{"event":"http.request","request_id":"810cd815-1a50-4a59-b1a7-495afc184e94","method":"GET","path":"/api/v1/contents/e8a88f9f-da70-481e-a4c0-4c75a50d3c3f","status":200,"duration_ms":3}
{"event":"http.request","request_id":"9d5a6e04-8d30-464e-bf49-d2260fcf9518","method":"GET","path":"/api/v1/contents/d677b074-5b05-40ac-922f-2b30f05122e4","status":200,"duration_ms":2}
✔ 外部编辑必须关联重新批准的修订工作项，初次版本不变并拒绝重复并发确认 (121.008708ms)
{"event":"http.request","request_id":"a6916337-9823-4060-a07f-af0a1b28c0c8","method":"POST","path":"/api/v1/uploads","status":201,"duration_ms":5}
{"event":"http.request","request_id":"d4830926-0ee3-490e-9b45-aa17bb5b06d6","method":"POST","path":"/api/v1/uploads/65f334cc-e4a6-4641-b908-f08e1acc8ba0/parts","status":200,"duration_ms":4}
{"event":"http.request","request_id":"9a82ed5f-a6f9-45d4-bc18-de2627abc117","method":"PUT","path":"/api/v1/uploads/65f334cc-e4a6-4641-b908-f08e1acc8ba0/parts/1","status":200,"duration_ms":4}
{"event":"http.request","request_id":"8ea0865d-67c7-4fc0-92e1-b92d211b3135","method":"POST","path":"/api/v1/uploads/65f334cc-e4a6-4641-b908-f08e1acc8ba0/complete","status":200,"duration_ms":7}
{"event":"http.request","request_id":"dfec229e-244b-4a28-8677-965d18d008f7","method":"POST","path":"/api/v1/contents","status":201,"duration_ms":5}
{"event":"http.request","request_id":"6a7804d9-bd93-4db5-9a2f-40b01a38cf3c","method":"POST","path":"/api/v1/contents/ce504bd6-b005-43b9-99ae-30c50f540fce/revisions","status":201,"duration_ms":6}
{"event":"http.request","request_id":"6fd51626-e29c-447f-9dc1-7757cf7aa869","method":"POST","path":"/api/v1/contents/ce504bd6-b005-43b9-99ae-30c50f540fce/submit-review","status":201,"duration_ms":5}
{"event":"http.request","request_id":"46d40ed7-b727-47c9-ad5a-8c758ee54457","method":"POST","path":"/api/v1/reviews/7d38245f-2c8c-405c-8904-21ae3c251e65/decide","status":200,"duration_ms":5}
{"event":"http.request","request_id":"723360f4-7591-4982-93a7-7ad59654fa00","method":"GET","path":"/api/v1/contents/ce504bd6-b005-43b9-99ae-30c50f540fce","status":200,"duration_ms":2}
{"event":"http.request","request_id":"7c81b736-9a41-4769-af43-24369063d585","method":"POST","path":"/api/v1/publications","status":201,"duration_ms":5}
{"event":"http.request","request_id":"eaf9afe6-e176-47de-9f6a-50fc86ca5505","method":"POST","path":"/api/v1/publications/f3061a05-c693-4d72-b568-2b5ed440eff9/changes","status":201,"duration_ms":5}
{"event":"http.request","request_id":"ca9849a0-fbbb-4c9c-a2e0-a3c3b9e5cdfa","method":"GET","path":"/api/v1/publications/f3061a05-c693-4d72-b568-2b5ed440eff9","status":200,"duration_ms":2}
{"event":"http.request","request_id":"497c38cf-3cda-454c-a2e8-14e0d17d8e79","method":"POST","path":"/api/v1/publications/f3061a05-c693-4d72-b568-2b5ed440eff9/changes","status":409,"duration_ms":4}
{"event":"http.request","request_id":"d1278b11-3896-4b5d-8c3c-d80260c50a20","method":"GET","path":"/api/v1/contents/ce504bd6-b005-43b9-99ae-30c50f540fce","status":200,"duration_ms":2}
{"event":"http.request","request_id":"1d69d71a-4543-4716-9ce5-90a62b976713","method":"POST","path":"/api/v1/contents/ce504bd6-b005-43b9-99ae-30c50f540fce/create-revision-work-item","status":201,"duration_ms":7}
{"event":"http.request","request_id":"81dd625b-dedc-4729-aa37-db161e49c8e9","method":"GET","path":"/api/v1/contents/862e8bfa-bb3f-4622-b10a-36fa4cc25888","status":200,"duration_ms":2}
{"event":"http.request","request_id":"33934456-a0ad-4f17-9d14-abcb130c9696","method":"POST","path":"/api/v1/contents/862e8bfa-bb3f-4622-b10a-36fa4cc25888/submit-review","status":201,"duration_ms":4}
{"event":"http.request","request_id":"1c9fd6fe-14eb-4fcd-b48d-9111da7425a4","method":"POST","path":"/api/v1/reviews/562f84b6-6fd6-4016-a946-609c9e6be89e/decide","status":200,"duration_ms":4}
{"event":"http.request","request_id":"a446a3ac-1159-4a0e-96dc-4f2227405196","method":"GET","path":"/api/v1/contents/862e8bfa-bb3f-4622-b10a-36fa4cc25888","status":200,"duration_ms":3}
{"event":"http.request","request_id":"c19125df-4964-46fe-9177-afe85ffc7963","method":"POST","path":"/api/v1/publications","status":201,"duration_ms":5}
{"event":"http.request","request_id":"d8c28ca7-1e47-4f2e-91a5-d04e63c89e24","method":"POST","path":"/api/v1/publications/f3061a05-c693-4d72-b568-2b5ed440eff9/changes","status":422,"duration_ms":4}
{"event":"http.request","request_id":"93516e0b-0fb1-4266-bcd6-0296dc7645e3","method":"POST","path":"/api/v1/publications/f3061a05-c693-4d72-b568-2b5ed440eff9/changes","status":201,"duration_ms":5}
{"event":"http.request","request_id":"9aaf98cf-03f6-4d9c-bc23-ebb029a2534c","method":"GET","path":"/api/v1/publications/f3061a05-c693-4d72-b568-2b5ed440eff9","status":200,"duration_ms":2}
✔ 删除保留发布历史，重发必须登记同账号新笔记并单独关联 (113.513875ms)
{"event":"http.request","request_id":"aa754073-b3aa-4be1-8ec0-0d03c633cc5a","method":"POST","path":"/api/v1/uploads","status":201,"duration_ms":6}
{"event":"http.request","request_id":"fa0a649a-e93d-4c4d-95e3-316529274440","method":"POST","path":"/api/v1/uploads/81e0aeec-d3d5-4ffd-9335-d5e010e8c9d5/parts","status":200,"duration_ms":4}
{"event":"http.request","request_id":"7e27c814-8ec0-40f8-8841-6aafcc32d1fc","method":"PUT","path":"/api/v1/uploads/81e0aeec-d3d5-4ffd-9335-d5e010e8c9d5/parts/1","status":200,"duration_ms":4}
{"event":"http.request","request_id":"4169c294-aaab-4cc0-a74a-bd504b737d1a","method":"POST","path":"/api/v1/uploads/81e0aeec-d3d5-4ffd-9335-d5e010e8c9d5/complete","status":200,"duration_ms":7}
{"event":"http.request","request_id":"6c16068b-bdf2-45a6-bc4a-c6c55423cb33","method":"POST","path":"/api/v1/contents","status":201,"duration_ms":4}
{"event":"http.request","request_id":"aed800c6-b1c4-4ed0-baac-60a8c2553227","method":"POST","path":"/api/v1/contents/da4672ea-77fd-44a3-82ba-8f38824add72/revisions","status":201,"duration_ms":5}
{"event":"http.request","request_id":"0f07a206-4cbe-438b-b927-6e623a520726","method":"POST","path":"/api/v1/contents/da4672ea-77fd-44a3-82ba-8f38824add72/check","status":200,"duration_ms":4}
{"event":"http.request","request_id":"7cd2f9b3-fc11-4ef9-ad86-c7beb6de5d70","method":"GET","path":"/api/v1/contents/da4672ea-77fd-44a3-82ba-8f38824add72","status":200,"duration_ms":3}
✔ 品牌辅助检查给出可追溯建议，不改变审核或自动批准 (46.020125ms)
{"event":"http.request","request_id":"3e06af70-15ee-42bc-bbce-73b38053e143","method":"POST","path":"/api/v1/uploads","status":201,"duration_ms":6}
{"event":"http.request","request_id":"09c33d8e-c59d-42e2-8283-f0537c9eef99","method":"POST","path":"/api/v1/uploads/97fd1a3d-9951-479c-a589-b7fc3e9b107e/parts","status":200,"duration_ms":3}
{"event":"http.request","request_id":"809d2bdd-c550-4dd4-a8bb-c3425d75cd13","method":"PUT","path":"/api/v1/uploads/97fd1a3d-9951-479c-a589-b7fc3e9b107e/parts/1","status":200,"duration_ms":4}
{"event":"http.request","request_id":"49fafe35-13ae-4afc-aeb8-eca8d73243a7","method":"POST","path":"/api/v1/uploads/97fd1a3d-9951-479c-a589-b7fc3e9b107e/complete","status":200,"duration_ms":7}
{"event":"http.request","request_id":"0d2e0838-fc27-4fd2-8014-9fc05895fcdb","method":"POST","path":"/api/v1/contents","status":201,"duration_ms":5}
{"event":"http.request","request_id":"40cfb69e-7583-41f4-b8b3-323138f0ece3","method":"POST","path":"/api/v1/contents/c4c7bd60-3047-447b-8027-14f4a99b5e14/revisions","status":201,"duration_ms":5}
{"event":"http.request","request_id":"5ccd13cf-398f-429f-a4f7-5e7b7e2a81d0","method":"POST","path":"/api/v1/contents/c4c7bd60-3047-447b-8027-14f4a99b5e14/submit-review","status":201,"duration_ms":4}
{"event":"http.request","request_id":"caa15cb8-fe07-4325-8aea-ff8372346634","method":"POST","path":"/api/v1/reviews/3c3a231a-cf34-4dce-a72d-be4a51d195d6/decide","status":200,"duration_ms":5}
{"event":"http.request","request_id":"ca55645d-bc40-42a2-bb97-b272178baa23","method":"GET","path":"/api/v1/contents/c4c7bd60-3047-447b-8027-14f4a99b5e14","status":200,"duration_ms":3}
{"event":"http.request","request_id":"88391137-e561-4c0b-8523-db92939741be","method":"POST","path":"/api/v1/contents/c4c7bd60-3047-447b-8027-14f4a99b5e14/export-package","status":202,"duration_ms":5}
{"event":"http.request","request_id":"34d2b831-d33a-4f38-91a9-abba2a6f812a","method":"POST","path":"/api/v1/jobs/9307936b-5c2b-4cd7-844d-76010d736b9c/cancel","status":200,"duration_ms":3}
{"event":"http.request","request_id":"f0c40dd6-c8ab-4000-9a9a-ad6e13e2dd1b","method":"GET","path":"/api/v1/export-packages/0fc6dbd9-d782-41a1-bb25-58e56597333d","status":200,"duration_ms":2}
{"event":"http.request","request_id":"d90a5595-4067-4796-a20b-c70e8ec753dc","method":"POST","path":"/api/v1/contents/c4c7bd60-3047-447b-8027-14f4a99b5e14/export-package","status":202,"duration_ms":5}
{"event":"http.request","request_id":"84f9adee-ea7a-4e48-a527-a4ba55052c74","method":"GET","path":"/api/v1/jobs/6ef88cfd-e449-480d-b111-adf707f204a5","status":200,"duration_ms":2}
{"event":"http.request","request_id":"31951875-b103-46b8-9fb0-f6db5ef25317","method":"POST","path":"/api/v1/contents/c4c7bd60-3047-447b-8027-14f4a99b5e14/cancel","status":200,"duration_ms":5}
{"event":"http.request","request_id":"473ac11e-7924-442d-ba98-fd14e19d134f","method":"GET","path":"/api/v1/jobs/6ef88cfd-e449-480d-b111-adf707f204a5","status":200,"duration_ms":1}
{"event":"http.request","request_id":"652a2941-6b3c-435c-ad2f-0550cfcfae1d","method":"POST","path":"/api/v1/contents/c4c7bd60-3047-447b-8027-14f4a99b5e14/export-package","status":409,"duration_ms":3}
✔ 取消发布包后可对同一批准版本重新排队，内容取消同时终止待处理导出 (88.800625ms)
{"event":"http.request","request_id":"f94178a5-0ed0-4324-9369-e2c1a3577647","method":"POST","path":"/api/v1/uploads","status":201,"duration_ms":4}
{"event":"http.request","request_id":"19ce9a84-571b-4ff4-9fb0-51452a368dab","method":"POST","path":"/api/v1/uploads/7ae3d168-b799-4d32-b22f-e6d7e1c04fa1/parts","status":200,"duration_ms":3}
{"event":"http.request","request_id":"aaa9d6e8-197a-4118-985c-1e7443027307","method":"PUT","path":"/api/v1/uploads/7ae3d168-b799-4d32-b22f-e6d7e1c04fa1/parts/1","status":200,"duration_ms":4}
{"event":"http.request","request_id":"7fbdde93-2e33-4227-9070-81abfcaccf6c","method":"POST","path":"/api/v1/uploads/7ae3d168-b799-4d32-b22f-e6d7e1c04fa1/complete","status":200,"duration_ms":7}
{"event":"http.request","request_id":"f3aeed65-067b-410f-b3c8-7ff0f791b305","method":"POST","path":"/api/v1/contents","status":201,"duration_ms":4}
{"event":"http.request","request_id":"de31e598-faa2-4da0-988d-c8fd512d9312","method":"POST","path":"/api/v1/contents/1c9c839e-56b5-4ec2-b0f1-da0e474c7016/revisions","status":201,"duration_ms":5}
{"event":"http.request","request_id":"225d7423-4805-48a9-8af2-54e283c2df1b","method":"POST","path":"/api/v1/assets","status":201,"duration_ms":4}
{"event":"http.request","request_id":"938f1ae7-f13a-4127-bad2-39ab996432ac","method":"POST","path":"/api/v1/assets/7314b8cb-7885-4cdc-9ef1-d5d7fb0cde55/confirm","status":200,"duration_ms":4}
{"event":"http.request","request_id":"400dd875-f4eb-452c-8502-b2494f6b8ae9","method":"POST","path":"/api/v1/assets/7314b8cb-7885-4cdc-9ef1-d5d7fb0cde55/versions","status":201,"duration_ms":4}
{"event":"http.request","request_id":"cb497699-77ba-4d72-a3ca-df1a8113bd21","method":"POST","path":"/api/v1/contents/1c9c839e-56b5-4ec2-b0f1-da0e474c7016/revisions","status":201,"duration_ms":6}
{"event":"http.request","request_id":"b2e74893-0009-4f33-8485-f38ebe7da087","method":"POST","path":"/api/v1/contents/1c9c839e-56b5-4ec2-b0f1-da0e474c7016/submit-review","status":201,"duration_ms":5}
{"event":"http.request","request_id":"55770ca2-8169-490c-8eec-22acdf8c6eb4","method":"POST","path":"/api/v1/reviews/f129eb2a-ab25-4ca4-8af4-1145a04fcb37/decide","status":200,"duration_ms":5}
{"event":"http.request","request_id":"f63caece-cd47-436b-8e05-86be5b9cec5e","method":"GET","path":"/api/v1/contents/1c9c839e-56b5-4ec2-b0f1-da0e474c7016","status":200,"duration_ms":3}
✔ 当前素材新版本待确认时，已确认且未过期的历史版本仍可用于审核 (70.917958ms)
ℹ tests 18
ℹ suites 0
ℹ pass 18
ℹ fail 0
ℹ cancelled 0
ℹ skipped 0
ℹ todo 0
ℹ duration_ms 4004.332584
