Applied 020-content-cancellation.sql
{"event":"http.request","request_id":"dbddd07e-5cac-417b-807c-a6aa31f5630c","method":"GET","path":"/api/v1/auth/csrf","status":200,"duration_ms":4}
{"event":"http.request","request_id":"f63a396b-5775-40a9-8fe9-19a018173011","method":"POST","path":"/api/v1/setup","status":201,"duration_ms":29}
{"event":"http.request","request_id":"7091b7fd-245b-422f-a263-8eb6aa73eab8","method":"GET","path":"/api/v1/auth/csrf","status":200,"duration_ms":1}
{"event":"http.request","request_id":"09eeb372-092d-4977-9ca8-6d2a15e3a631","method":"POST","path":"/api/v1/auth/login","status":200,"duration_ms":22}
{"event":"http.request","request_id":"63edf0a1-0ed2-4701-8035-e89815dbb256","method":"GET","path":"/api/v1/me","status":200,"duration_ms":80}
{"event":"http.request","request_id":"6204efd4-1b8a-484f-8a14-9a6c43f9820e","method":"POST","path":"/api/v1/accounts","status":201,"duration_ms":10}
{"event":"http.request","request_id":"13a0100f-396c-4ce6-af61-8a3ec6c4c6bf","method":"POST","path":"/api/v1/contents","status":201,"duration_ms":10}
{"event":"http.request","request_id":"3b5f1238-0bf1-4ee8-a5af-6200e0dda323","method":"GET","path":"/api/v1/contents/2b74f4c8-5307-4902-8801-cacfafb29733","status":200,"duration_ms":3}
{"event":"http.request","request_id":"9c58a9d8-ec5f-46e5-bfcc-1c8d32694069","method":"POST","path":"/api/v1/contents/2b74f4c8-5307-4902-8801-cacfafb29733/revisions","status":201,"duration_ms":8}
{"event":"http.request","request_id":"38ca72fd-4679-462f-928f-1dd3c746c4a4","method":"GET","path":"/api/v1/contents/2b74f4c8-5307-4902-8801-cacfafb29733","status":200,"duration_ms":5}
✔ 人工新建图文后保存逐页文案，再从详情恢复原始快照 (400.243125ms)
{"event":"http.request","request_id":"0a4d0cf5-61e4-43e0-9388-c832cf784bfb","method":"POST","path":"/api/v1/contents","status":201,"duration_ms":6}
{"event":"http.request","request_id":"57b7c457-4ff2-4c09-9c25-577c32a31cc5","method":"POST","path":"/api/v1/contents/270924b3-909c-4eb9-adab-e33d3b2224a9/revisions","status":201,"duration_ms":7}
{"event":"http.request","request_id":"ba186421-f90f-4596-9a75-e088d93c5561","method":"POST","path":"/api/v1/contents/270924b3-909c-4eb9-adab-e33d3b2224a9/revisions","status":409,"duration_ms":9}
{"event":"http.request","request_id":"08f87568-206f-41fe-b888-37408653f06a","method":"GET","path":"/api/v1/contents/270924b3-909c-4eb9-adab-e33d3b2224a9","status":200,"duration_ms":4}
{"event":"http.request","request_id":"0fcedc15-fd7a-431d-9ada-809d8541ee7d","method":"POST","path":"/api/v1/contents/270924b3-909c-4eb9-adab-e33d3b2224a9/restore","status":201,"duration_ms":7}
{"event":"http.request","request_id":"a38518e5-ac45-452b-be0c-6b55af8cd6e6","method":"GET","path":"/api/v1/contents/270924b3-909c-4eb9-adab-e33d3b2224a9","status":200,"duration_ms":3}
✔ 同一基础版本并发保存只有一个成功，恢复历史版本产生新快照 (36.502ms)
{"event":"http.request","request_id":"c49103e8-79a4-4861-87fd-efa70f2ef8a6","method":"POST","path":"/api/v1/members","status":201,"duration_ms":22}
{"event":"http.request","request_id":"d859ff77-275e-4f25-8ab1-23e9f09714c5","method":"GET","path":"/api/v1/auth/csrf","status":200,"duration_ms":1}
{"event":"http.request","request_id":"84cc9087-9c5e-4bf9-acb9-84c809169607","method":"POST","path":"/api/v1/auth/accept-invite","status":200,"duration_ms":20}
{"event":"http.request","request_id":"a30dcae7-bf13-42af-9456-4d2934d445e7","method":"GET","path":"/api/v1/auth/csrf","status":200,"duration_ms":1}
{"event":"http.request","request_id":"00336496-45ed-4922-84e3-4d5318ecdf50","method":"POST","path":"/api/v1/auth/login","status":200,"duration_ms":19}
{"event":"http.request","request_id":"2a1d5fe7-071a-40e0-8775-984e5bea2e83","method":"POST","path":"/api/v1/members","status":201,"duration_ms":24}
{"event":"http.request","request_id":"69fba875-4770-4e27-819d-9094473bba62","method":"GET","path":"/api/v1/auth/csrf","status":200,"duration_ms":0}
{"event":"http.request","request_id":"fd38228f-e7e8-4250-8538-72dead6186ef","method":"POST","path":"/api/v1/auth/accept-invite","status":200,"duration_ms":18}
{"event":"http.request","request_id":"0e4c9b53-3a79-4c39-bf76-f441cf937dec","method":"GET","path":"/api/v1/auth/csrf","status":200,"duration_ms":1}
{"event":"http.request","request_id":"11467b43-84e1-4d77-88d8-112faeadfd72","method":"POST","path":"/api/v1/auth/login","status":200,"duration_ms":18}
{"event":"http.request","request_id":"ddbcb040-ad51-4307-81d1-d77f5304f447","method":"POST","path":"/api/v1/contents","status":201,"duration_ms":5}
{"event":"http.request","request_id":"af905ae9-0254-443e-a778-e072413cdd26","method":"POST","path":"/api/v1/contents/1788973d-2925-4ef2-9516-3f4ed3c42942/revisions","status":403,"duration_ms":3}
{"event":"http.request","request_id":"4401af14-8d7c-480b-ab2a-b1ee71aeda86","method":"POST","path":"/api/v1/contents/1788973d-2925-4ef2-9516-3f4ed3c42942/revisions","status":403,"duration_ms":2}
{"event":"http.request","request_id":"20f7ba01-45b6-46c3-9336-31b2400175aa","method":"POST","path":"/api/v1/contents/1788973d-2925-4ef2-9516-3f4ed3c42942/revisions","status":201,"duration_ms":5}
✔ 运营只能修改发布文案，不能改逐页制作内容；只读不能保存 (156.487292ms)
{"event":"http.request","request_id":"37cf49f2-e677-4639-8e97-ef1d2238fcc6","method":"POST","path":"/api/v1/contents","status":201,"duration_ms":6}
{"event":"http.request","request_id":"78c4ef93-de1e-4aaf-8002-425ede97f2a5","method":"POST","path":"/api/v1/contents/b4258ef4-072a-4d54-afeb-87a460298404/revisions","status":422,"duration_ms":4}
{"event":"http.request","request_id":"697aaef1-c56d-40ff-ad64-b5a7f6271175","method":"POST","path":"/api/v1/uploads","status":201,"duration_ms":9}
{"event":"http.request","request_id":"8440a470-c4ed-450c-9a56-8648cbf80e59","method":"POST","path":"/api/v1/uploads/29074a94-756f-4142-a835-c37387171271/parts","status":200,"duration_ms":5}
{"event":"http.request","request_id":"e205e37f-f836-4bb6-80b2-75822b0f6094","method":"PUT","path":"/api/v1/uploads/29074a94-756f-4142-a835-c37387171271/parts/1","status":200,"duration_ms":11}
{"event":"http.request","request_id":"a1f20298-b504-4baa-b788-bd713c6941f6","method":"POST","path":"/api/v1/uploads/29074a94-756f-4142-a835-c37387171271/complete","status":200,"duration_ms":11}
{"event":"http.request","request_id":"9b700696-a3e7-4166-92fb-78f91161ebbe","method":"POST","path":"/api/v1/contents/b4258ef4-072a-4d54-afeb-87a460298404/revisions","status":422,"duration_ms":5}
{"event":"http.request","request_id":"c3854116-80af-457b-9b87-74d232b7400f","method":"POST","path":"/api/v1/uploads","status":201,"duration_ms":5}
{"event":"http.request","request_id":"5e503c46-0935-4630-82c0-529ed1cd6832","method":"POST","path":"/api/v1/uploads/1aaf8fcb-0c7d-4b9d-a49c-cbdb4cefd586/parts","status":200,"duration_ms":4}
{"event":"http.request","request_id":"f7c828db-b1ca-4564-ba15-87a7b1b43e25","method":"PUT","path":"/api/v1/uploads/1aaf8fcb-0c7d-4b9d-a49c-cbdb4cefd586/parts/1","status":200,"duration_ms":5}
{"event":"http.request","request_id":"2b54d081-d5bc-437f-9b3b-56c8f2294e5d","method":"POST","path":"/api/v1/uploads/1aaf8fcb-0c7d-4b9d-a49c-cbdb4cefd586/complete","status":200,"duration_ms":9}
{"event":"http.request","request_id":"fd0eb716-c184-40d1-ac02-76c5bf40dde8","method":"POST","path":"/api/v1/contents/b4258ef4-072a-4d54-afeb-87a460298404/revisions","status":201,"duration_ms":6}
{"event":"http.request","request_id":"fe1c6b82-0583-4319-adee-5233b242c401","method":"GET","path":"/api/v1/contents/b4258ef4-072a-4d54-afeb-87a460298404","status":200,"duration_ms":3}
✔ 图文成品只关联同空间已上传PNG原件，无效文件和PDF不能保存为发布图片 (111.398791ms)
{"event":"http.request","request_id":"1e06ab9e-53a9-4ead-a54a-2df7621c0796","method":"POST","path":"/api/v1/contents","status":201,"duration_ms":4}
{"event":"http.request","request_id":"e8870c31-2625-438d-bd63-5b8ab50106c2","method":"PATCH","path":"/api/v1/contents/5b1ce0fc-5127-49d4-ae6e-43026b2f179e","status":200,"duration_ms":4}
{"event":"http.request","request_id":"12fdc3b0-72aa-4508-a288-580ee18b0cc2","method":"GET","path":"/api/v1/contents","status":200,"duration_ms":2}
{"event":"http.request","request_id":"4d521dc6-a179-4390-bc35-3b92d02e00d9","method":"GET","path":"/api/v1/contents","status":200,"duration_ms":2}
{"event":"http.request","request_id":"2b7c5819-ce23-470c-817b-faf51aac8172","method":"GET","path":"/api/v1/contents","status":422,"duration_ms":1}
✔ 内容列表按形式、状态、负责人和计划时间过滤，非法筛选拒绝 (22.798125ms)
{"event":"http.request","request_id":"4f6d6039-812f-4371-a7cc-455f63420856","method":"POST","path":"/api/v1/contents","status":201,"duration_ms":5}
{"event":"http.request","request_id":"5d2888d6-94c5-4b97-9068-88e73f42fe81","method":"POST","path":"/api/v1/contents/5e5347b2-6078-469a-a15c-305563556d60/submit-review","status":422,"duration_ms":4}
{"event":"http.request","request_id":"560a9742-1c0f-4fa6-b2ea-9470212848f2","method":"POST","path":"/api/v1/uploads","status":201,"duration_ms":6}
{"event":"http.request","request_id":"a0933523-3c39-473f-ae12-4cfb96035137","method":"POST","path":"/api/v1/uploads/0db1f1b1-99d5-4941-8f6b-b90f76068474/parts","status":200,"duration_ms":4}
{"event":"http.request","request_id":"4d12ac97-a6d0-42ba-8188-035c581334af","method":"PUT","path":"/api/v1/uploads/0db1f1b1-99d5-4941-8f6b-b90f76068474/parts/1","status":200,"duration_ms":5}
{"event":"http.request","request_id":"40ffcacb-f514-49b3-9662-801da41f83af","method":"POST","path":"/api/v1/uploads/0db1f1b1-99d5-4941-8f6b-b90f76068474/complete","status":200,"duration_ms":9}
{"event":"http.request","request_id":"3a89becf-88fe-4f59-986f-ae3d098b8e7a","method":"POST","path":"/api/v1/contents","status":201,"duration_ms":5}
{"event":"http.request","request_id":"a664d124-b3a6-4a7f-a7ff-f5a8cafa09bf","method":"POST","path":"/api/v1/contents/cf5f009b-1b2e-4649-b1e2-ee4597a69fbf/revisions","status":201,"duration_ms":5}
{"event":"http.request","request_id":"98e71266-1990-4008-bc11-9797de20d11b","method":"POST","path":"/api/v1/contents/cf5f009b-1b2e-4649-b1e2-ee4597a69fbf/submit-review","status":201,"duration_ms":4}
{"event":"http.request","request_id":"2ef359e6-12c8-46fe-ac40-86510382ffa4","method":"GET","path":"/api/v1/contents/cf5f009b-1b2e-4649-b1e2-ee4597a69fbf","status":200,"duration_ms":2}
{"event":"http.request","request_id":"7a81666e-b593-461e-8dac-bdfae99d17f6","method":"POST","path":"/api/v1/reviews/8c681b7a-ca88-4609-92e9-68a72b711ed9/decide","status":200,"duration_ms":6}
{"event":"http.request","request_id":"3708ca90-fb02-4d7a-8dc9-3d05c45ef67b","method":"GET","path":"/api/v1/contents/cf5f009b-1b2e-4649-b1e2-ee4597a69fbf","status":200,"duration_ms":2}
✔ 提交审核拒绝缺失成品，完整PNG图文冻结并由有权成员显式批准 (176.021541ms)
{"event":"http.request","request_id":"366f88dc-f6aa-4760-b911-801bd71a0bbd","method":"POST","path":"/api/v1/uploads","status":201,"duration_ms":6}
{"event":"http.request","request_id":"9a5396c4-c17f-46f2-98b9-9874556fdabe","method":"POST","path":"/api/v1/uploads/59c47589-c165-46ab-8215-e9afb101ea88/parts","status":200,"duration_ms":4}
{"event":"http.request","request_id":"95c1126a-10af-4607-98c9-e4a16666f9e0","method":"PUT","path":"/api/v1/uploads/59c47589-c165-46ab-8215-e9afb101ea88/parts/1","status":200,"duration_ms":4}
{"event":"http.request","request_id":"94f95d0e-a7fe-45e7-92d8-a80642084582","method":"POST","path":"/api/v1/uploads/59c47589-c165-46ab-8215-e9afb101ea88/complete","status":200,"duration_ms":8}
{"event":"http.request","request_id":"a48e1da7-284c-4a8c-9ec6-fdec02f30b0d","method":"POST","path":"/api/v1/contents","status":201,"duration_ms":5}
{"event":"http.request","request_id":"2d41e1ee-8841-414a-9776-386b5f664ebf","method":"POST","path":"/api/v1/contents/a38a30ef-cdbc-4985-994a-b194fd0d1cb2/revisions","status":201,"duration_ms":6}
{"event":"http.request","request_id":"c62ed46f-8cba-4754-8a5b-bdfe94c89281","method":"POST","path":"/api/v1/contents/a38a30ef-cdbc-4985-994a-b194fd0d1cb2/submit-review","status":201,"duration_ms":5}
{"event":"http.request","request_id":"3a216720-efc9-4df9-9cff-fae3a16b9128","method":"GET","path":"/api/v1/contents/a38a30ef-cdbc-4985-994a-b194fd0d1cb2","status":200,"duration_ms":2}
{"event":"http.request","request_id":"2f2a3b58-9a61-4a4b-a5da-a41f76d2fd29","method":"POST","path":"/api/v1/contents/a38a30ef-cdbc-4985-994a-b194fd0d1cb2/revisions","status":409,"duration_ms":3}
{"event":"http.request","request_id":"edbb3f75-d379-4f53-8e4a-a4c4c942a623","method":"POST","path":"/api/v1/reviews/9e205a8a-2537-45cf-9d16-2cd21177c8fb/withdraw","status":200,"duration_ms":6}
{"event":"http.request","request_id":"38ac60c6-6644-4e92-8d4f-99c6bfab5e15","method":"GET","path":"/api/v1/contents/a38a30ef-cdbc-4985-994a-b194fd0d1cb2","status":200,"duration_ms":3}
{"event":"http.request","request_id":"cbc4d6ea-3c42-4776-83b7-30230ea366bb","method":"POST","path":"/api/v1/contents/a38a30ef-cdbc-4985-994a-b194fd0d1cb2/submit-review","status":201,"duration_ms":5}
{"event":"http.request","request_id":"c8fc0d22-88e8-4239-be6c-6a7d484cd343","method":"POST","path":"/api/v1/reviews/baa17d19-9a7f-4f6b-8c37-befb899f19ae/decide","status":200,"duration_ms":6}
{"event":"http.request","request_id":"6970f54e-a9fe-4cfb-ba54-1e66a363c232","method":"GET","path":"/api/v1/contents/a38a30ef-cdbc-4985-994a-b194fd0d1cb2","status":200,"duration_ms":2}
{"event":"http.request","request_id":"c39bc92d-10b4-46e1-8108-db8a70dc5184","method":"POST","path":"/api/v1/contents/a38a30ef-cdbc-4985-994a-b194fd0d1cb2/submit-review","status":201,"duration_ms":4}
{"event":"http.request","request_id":"360191f2-5d92-4839-b86d-a60f7c35301b","method":"POST","path":"/api/v1/reviews/567ab0af-236f-415a-91de-6198729d8abe/decide","status":200,"duration_ms":5}
{"event":"http.request","request_id":"7bea9ff4-8b30-4a02-a320-9f0866d511d1","method":"GET","path":"/api/v1/contents/a38a30ef-cdbc-4985-994a-b194fd0d1cb2","status":200,"duration_ms":2}
{"event":"http.request","request_id":"be1fcb48-492b-4f44-91ae-64e94ffe3855","method":"PATCH","path":"/api/v1/contents/a38a30ef-cdbc-4985-994a-b194fd0d1cb2","status":200,"duration_ms":4}
{"event":"http.request","request_id":"48eaccd0-89db-46c2-b019-5713205f0a8c","method":"GET","path":"/api/v1/contents/a38a30ef-cdbc-4985-994a-b194fd0d1cb2","status":200,"duration_ms":3}
{"event":"http.request","request_id":"9182e714-bd36-4c19-a94d-a63e43bc6e96","method":"POST","path":"/api/v1/contents/a38a30ef-cdbc-4985-994a-b194fd0d1cb2/revisions","status":201,"duration_ms":5}
{"event":"http.request","request_id":"d097f754-5a5b-493f-abbc-1e1520abd0ca","method":"GET","path":"/api/v1/contents/a38a30ef-cdbc-4985-994a-b194fd0d1cb2","status":200,"duration_ms":2}
✔ 审核中禁止编辑，撤回和退回派生新稿；批准后改载荷重审，内部备注不使批准失效 (103.423ms)
{"event":"http.request","request_id":"02350476-b06b-4957-b361-e5815622275a","method":"POST","path":"/api/v1/members","status":201,"duration_ms":24}
{"event":"http.request","request_id":"3c268da3-1a8d-4f80-9e2d-18d4c8490595","method":"GET","path":"/api/v1/auth/csrf","status":200,"duration_ms":1}
{"event":"http.request","request_id":"807f19c5-3e6e-45ba-ab9d-ae3804ec5de3","method":"POST","path":"/api/v1/auth/accept-invite","status":200,"duration_ms":20}
{"event":"http.request","request_id":"be8cf304-5884-4cb6-9e8c-04670ebc582b","method":"GET","path":"/api/v1/auth/csrf","status":200,"duration_ms":1}
{"event":"http.request","request_id":"35a7927d-6030-44dd-a9f5-6136758f2791","method":"POST","path":"/api/v1/auth/login","status":200,"duration_ms":19}
{"event":"http.request","request_id":"16b4a4c2-6cad-48c9-a7d9-2c81882cd120","method":"POST","path":"/api/v1/uploads","status":201,"duration_ms":5}
{"event":"http.request","request_id":"9e7b90ca-dc5a-4ce9-8377-d9b889e77456","method":"POST","path":"/api/v1/uploads/0b438d05-0c96-4f13-ad58-4fbc9c7c0a4e/parts","status":200,"duration_ms":4}
{"event":"http.request","request_id":"7fd12a68-91f8-44fb-9c49-1290f69df9da","method":"PUT","path":"/api/v1/uploads/0b438d05-0c96-4f13-ad58-4fbc9c7c0a4e/parts/1","status":200,"duration_ms":4}
{"event":"http.request","request_id":"536f2cd8-a98f-4014-b49d-31a79b8cf871","method":"POST","path":"/api/v1/uploads/0b438d05-0c96-4f13-ad58-4fbc9c7c0a4e/complete","status":200,"duration_ms":7}
{"event":"http.request","request_id":"032df564-0b8a-42e7-b808-a2f34b1d1c94","method":"POST","path":"/api/v1/contents","status":201,"duration_ms":5}
{"event":"http.request","request_id":"b923b54f-dd35-49b7-8297-6beb7da03ab2","method":"POST","path":"/api/v1/contents/089ced61-ea2f-401b-9777-d6d0104a335f/revisions","status":201,"duration_ms":5}
{"event":"http.request","request_id":"48fbb225-e10f-49ec-9253-6d753170220d","method":"POST","path":"/api/v1/contents/089ced61-ea2f-401b-9777-d6d0104a335f/submit-review","status":201,"duration_ms":4}
{"event":"http.request","request_id":"3d62f244-ab3f-4d07-94c5-75ad75a017f3","method":"POST","path":"/api/v1/reviews/f8fe2206-a0eb-4e3b-845a-5bf83a40fb96/decide","status":403,"duration_ms":2}
{"event":"http.request","request_id":"94184b9c-0ff7-48a0-a3ff-e6f5dca74238","method":"POST","path":"/api/v1/reviews/f8fe2206-a0eb-4e3b-845a-5bf83a40fb96/decide","status":200,"duration_ms":5}
{"event":"http.request","request_id":"a95e01d0-77de-4335-8edb-b228c3adeb3f","method":"POST","path":"/api/v1/reviews/f8fe2206-a0eb-4e3b-845a-5bf83a40fb96/withdraw","status":409,"duration_ms":6}
✔ 制作角色不能批准，批准与撤回并发只有一个事务成功 (119.703542ms)
{"event":"http.request","request_id":"46539324-514d-4ffb-a3ff-84800250cd39","method":"POST","path":"/api/v1/uploads","status":201,"duration_ms":6}
{"event":"http.request","request_id":"8e1a21cd-8326-4642-89a9-9d17e4a31ded","method":"POST","path":"/api/v1/uploads/3281db09-6537-4b4d-9de4-fc4eb060c2bc/parts","status":200,"duration_ms":4}
{"event":"http.request","request_id":"7b24b342-0acb-4a7a-910a-2758f0a9a06a","method":"PUT","path":"/api/v1/uploads/3281db09-6537-4b4d-9de4-fc4eb060c2bc/parts/1","status":200,"duration_ms":4}
{"event":"http.request","request_id":"58d5f6ac-21d0-472b-b1aa-71568e893112","method":"POST","path":"/api/v1/uploads/3281db09-6537-4b4d-9de4-fc4eb060c2bc/complete","status":200,"duration_ms":7}
{"event":"http.request","request_id":"5d423fb6-e86f-4eba-8c33-829fa9d31432","method":"POST","path":"/api/v1/contents","status":201,"duration_ms":5}
{"event":"http.request","request_id":"e27e6f0d-8d66-4517-ac4c-d0f2e0d8e5be","method":"POST","path":"/api/v1/contents/06907a26-33c0-4393-9193-5bbedfbd5241/revisions","status":201,"duration_ms":5}
{"event":"http.request","request_id":"cb52ce3c-2b0d-4682-bcd2-17953873a6fb","method":"POST","path":"/api/v1/assets","status":201,"duration_ms":5}
{"event":"http.request","request_id":"7cbd6e0e-8f0d-498e-8ddb-42a6505a92ad","method":"POST","path":"/api/v1/assets/10bcaf94-2b52-4d5b-9239-99d55f29d755/confirm","status":200,"duration_ms":5}
{"event":"http.request","request_id":"be4b9668-9469-44d4-b554-3e4a68f8c0e4","method":"POST","path":"/api/v1/contents/06907a26-33c0-4393-9193-5bbedfbd5241/revisions","status":201,"duration_ms":7}
{"event":"http.request","request_id":"ac294160-3252-4d3b-9f04-a501814b5b8d","method":"POST","path":"/api/v1/contents/06907a26-33c0-4393-9193-5bbedfbd5241/submit-review","status":201,"duration_ms":5}
{"event":"http.request","request_id":"8a807910-8738-4771-98e9-31ab92cd35bc","method":"POST","path":"/api/v1/assets/10bcaf94-2b52-4d5b-9239-99d55f29d755/retire","status":200,"duration_ms":3}
{"event":"http.request","request_id":"0a6294e1-6c6c-4770-b0da-283d7987d794","method":"POST","path":"/api/v1/reviews/79e53ce9-8547-41d4-aea9-7bdfdd0b75ec/decide","status":422,"duration_ms":4}
{"event":"http.request","request_id":"6f0bb87b-111d-4250-8419-f566bcd09a14","method":"POST","path":"/api/v1/reviews/79e53ce9-8547-41d4-aea9-7bdfdd0b75ec/withdraw","status":200,"duration_ms":5}
{"event":"http.request","request_id":"f0dd78d2-c995-41c7-92af-9a4e93a16e2b","method":"GET","path":"/api/v1/contents/06907a26-33c0-4393-9193-5bbedfbd5241","status":200,"duration_ms":2}
{"event":"http.request","request_id":"a213a35c-9bda-4c38-b1b2-e81b53b7cec3","method":"POST","path":"/api/v1/contents/06907a26-33c0-4393-9193-5bbedfbd5241/revisions","status":201,"duration_ms":5}
✔ 素材停用阻止批准但仍能撤回修稿，冻结历史引用保留 (94.412792ms)
{"event":"http.request","request_id":"084820ec-d222-4b7c-8fe8-e197cc225698","method":"POST","path":"/api/v1/contents","status":201,"duration_ms":5}
{"event":"http.request","request_id":"d69d6098-e58a-42c3-b0dd-4f6b709ac0ea","method":"POST","path":"/api/v1/contents/8b2815f4-6143-4292-8a12-113bcd473f6e/start-production","status":200,"duration_ms":4}
{"event":"request.failed","request_id":"9e992088-2d02-4ecb-a989-431e1e88e870","error_code":"42703"}
{"event":"http.request","request_id":"9e992088-2d02-4ecb-a989-431e1e88e870","method":"POST","path":"/api/v1/contents/8b2815f4-6143-4292-8a12-113bcd473f6e/cancel","status":500,"duration_ms":4}
✖ 开始制作保存估时，取消保留理由和版本历史且不能再提审 (14.327083ms)
ℹ tests 10
ℹ suites 0
ℹ pass 9
ℹ fail 1
ℹ cancelled 0
ℹ skipped 0
ℹ todo 0
ℹ duration_ms 1631.013791

✖ failing tests:

test at tests/production.test.ts:2:18926
✖ 开始制作保存估时，取消保留理由和版本历史且不能再提审 (14.327083ms)
  AssertionError [ERR_ASSERTION]: Expected values to be strictly equal:
  
  500 !== 200
  
      at TestContext.<anonymous> (/Users/junlong/projects/social-mdeida-ops-platform/tests/production.test.ts:106:9)
      at process.processTicksAndRejections (node:internal/process/task_queues:104:5)
      at async Test.run (node:internal/test_runner/test:1125:7)
      at async Test.processPendingSubtests (node:internal/test_runner/test:787:7) {
    generatedMessage: true,
    code: 'ERR_ASSERTION',
    actual: 500,
    expected: 200,
    operator: 'strictEqual',
    diff: 'simple'
  }
