[2m[WebServer] [22m(node:74128) Warning: The 'NO_COLOR' env is ignored due to the 'FORCE_COLOR' env being set.
[2m[WebServer] [22m(Use `node --trace-warnings ...` to show where the warning was created)
[2m[WebServer] [22m(node:74129) Warning: The 'NO_COLOR' env is ignored due to the 'FORCE_COLOR' env being set.
[2m[WebServer] [22m(Use `node --trace-warnings ...` to show where the warning was created)
[2m[WebServer] [22m(node:74135) Warning: The 'NO_COLOR' env is ignored due to the 'FORCE_COLOR' env being set.
[2m[WebServer] [22m(Use `node --trace-warnings ...` to show where the warning was created)
[2m[WebServer] [22m(node:74135) Warning: The 'NO_COLOR' env is ignored due to the 'FORCE_COLOR' env being set.
[2m[WebServer] [22m(Use `node --trace-warnings ...` to show where the warning was created)

Running 3 tests using 1 worker

(node:74166) Warning: The 'NO_COLOR' env is ignored due to the 'FORCE_COLOR' env being set.
(Use `node --trace-warnings ...` to show where the warning was created)
(node:74166) Warning: The 'NO_COLOR' env is ignored due to the 'FORCE_COLOR' env being set.
(Use `node --trace-warnings ...` to show where the warning was created)
  ✓  1 tests/production-browser.spec.ts:3:5 › 图文人工新建、逐页保存排序、刷新恢复与历史快照比较 (1.2s)
  ✓  2 tests/production-browser.spec.ts:14:5 › 逐页PNG成品上传预览、素材引用及未保存离开提示 (1.1s)
  ✘  3 tests/production-browser.spec.ts:24:5 › 人工上传成品后显式提交审核并逐项确认批准 (30.1s)


  1) tests/production-browser.spec.ts:24:5 › 人工上传成品后显式提交审核并逐项确认批准 ──────────────────────────────────

    [31mTest timeout of 30000ms exceeded.[39m

    Error: locator.click: Test timeout of 30000ms exceeded.
    Call log:
    [2m  - waiting for getByRole('button', { name: '生成批准版本发布包', exact: true })[22m


      29 |  await page.getByRole('button',{name:'提交内部审核',exact:true}).click();await expect(page.getByRole('heading',{name:'图文制作 · 内部审核中'})).toBeVisible();
      30 |  await page.getByLabel('已核对图片原件与页序').check();await page.getByLabel('已核对公开文案与素材许可').check();await page.getByLabel('审核意见').fill('隔离演练显式自审');await page.getByRole('button',{name:'批准此冻结版本',exact:true}).click();await expect(page.getByRole('heading',{name:'图文制作 · 待发布'})).toBeVisible();
    > 31 |  await page.getByRole('button',{name:'生成批准版本发布包',exact:true}).click();await expect(page.getByRole('button',{name:'下载批准版本发布包',exact:true})).toBeEnabled({timeout:20000});
         |                                                               ^
      32 |  await page.getByLabel('平台笔记ID').fill('sandbox-browser-s4');await page.getByLabel('实际发布链接').fill('https://www.xiaohongshu.com/explore/sandbox-browser-s4');await page.getByLabel('实际发布时间').fill('2026-10-08T18:00');await page.getByLabel('发布核对说明').fill('隔离沙盒登记演练');
      33 |  await page.getByRole('button',{name:'暂存待核对发布信息',exact:true}).click();await expect(page.getByText('发布信息已暂存，尚未登记发布')).toBeVisible();await expect(page.getByRole('heading',{name:'图文制作 · 待发布'})).toBeVisible();
      34 |  await page.getByLabel('已人工核对平台账号、笔记ID及批准成品').check();await page.getByRole('button',{name:'登记实际发布',exact:true}).click();await expect(page.getByRole('heading',{name:'图文制作 · 已发布'})).toBeVisible();
        at /Users/junlong/projects/social-mdeida-ops-platform/tests/production-browser.spec.ts:31:63

    attachment #1: screenshot (image/png) ──────────────────────────────────────────────────────────
    test-results/production-browser-人工上传成品后显式提交审核并逐项确认批准/test-failed-1.png
    ────────────────────────────────────────────────────────────────────────────────────────────────

    Error Context: test-results/production-browser-人工上传成品后显式提交审核并逐项确认批准/error-context.md

    attachment #3: trace (application/zip) ─────────────────────────────────────────────────────────
    test-results/production-browser-人工上传成品后显式提交审核并逐项确认批准/trace.zip
    Usage:

        pnpm exec playwright show-trace test-results/production-browser-人工上传成品后显式提交审核并逐项确认批准/trace.zip

    ────────────────────────────────────────────────────────────────────────────────────────────────

  1 failed
    tests/production-browser.spec.ts:24:5 › 人工上传成品后显式提交审核并逐项确认批准 ───────────────────────────────────
  2 passed (33.6s)
