{"event":"http.request","request_id":"33a5124e-7356-4a22-bcf8-36982adffb9c","method":"GET","path":"/api/v1/auth/csrf","status":200,"duration_ms":7}
{"event":"http.request","request_id":"8c0a9908-a98c-478a-8fa1-dd0d4774deb2","method":"POST","path":"/api/v1/setup","status":201,"duration_ms":34}
{"event":"http.request","request_id":"30e279ca-3549-48fa-8c81-d57388098790","method":"GET","path":"/api/v1/auth/csrf","status":200,"duration_ms":2}
{"event":"http.request","request_id":"2b0df99c-6a11-44c8-960d-b7c9fa6799d8","method":"POST","path":"/api/v1/auth/login","status":200,"duration_ms":26}
{"event":"http.request","request_id":"4ed35611-c60b-46ac-89c9-9f7924e7db06","method":"GET","path":"/api/v1/me","status":200,"duration_ms":73}
{"event":"http.request","request_id":"82ab7738-617b-4993-81b1-cbfeb644f15e","method":"POST","path":"/api/v1/accounts","status":201,"duration_ms":10}
{"event":"http.request","request_id":"73c3c308-1a66-4361-b5f0-f0bf1db7a534","method":"POST","path":"/api/v1/contents","status":201,"duration_ms":9}
{"event":"http.request","request_id":"d000d7e7-4892-447a-a0c4-e8e61cfa0eec","method":"GET","path":"/api/v1/contents/8ba3a244-3db6-4941-bfb2-8e43796b7313","status":200,"duration_ms":4}
{"event":"http.request","request_id":"f8abc44f-f527-42e4-9bd1-e7c938b48f6c","method":"POST","path":"/api/v1/contents/8ba3a244-3db6-4941-bfb2-8e43796b7313/revisions","status":201,"duration_ms":8}
{"event":"http.request","request_id":"e342900e-4258-48f7-af81-4de12764d4e8","method":"GET","path":"/api/v1/contents/8ba3a244-3db6-4941-bfb2-8e43796b7313","status":200,"duration_ms":3}
✔ 人工新建图文后保存逐页文案，再从详情恢复原始快照 (390.602ms)
{"event":"http.request","request_id":"e6dd674d-8bf8-4efc-9aa3-5074ce293aff","method":"POST","path":"/api/v1/contents","status":201,"duration_ms":6}
{"event":"http.request","request_id":"af3493ca-80a7-4590-8720-782cbae5e9a9","method":"POST","path":"/api/v1/contents/e1f4456d-0533-469d-8fae-dd01586d3fa7/revisions","status":201,"duration_ms":6}
{"event":"http.request","request_id":"b374c094-fa66-4d78-b9da-133c8fdcab37","method":"POST","path":"/api/v1/contents/e1f4456d-0533-469d-8fae-dd01586d3fa7/revisions","status":409,"duration_ms":9}
{"event":"http.request","request_id":"f05439c8-7e6b-4b48-b1aa-ea1879f175de","method":"GET","path":"/api/v1/contents/e1f4456d-0533-469d-8fae-dd01586d3fa7","status":200,"duration_ms":3}
{"event":"http.request","request_id":"3350344d-4863-4d12-a74a-3ca86eccff9e","method":"POST","path":"/api/v1/contents/e1f4456d-0533-469d-8fae-dd01586d3fa7/restore","status":201,"duration_ms":7}
{"event":"http.request","request_id":"1b1100dd-d41e-4ffa-a0ad-e3015f43e1ae","method":"GET","path":"/api/v1/contents/e1f4456d-0533-469d-8fae-dd01586d3fa7","status":200,"duration_ms":3}
✔ 同一基础版本并发保存只有一个成功，恢复历史版本产生新快照 (36.457042ms)
{"event":"http.request","request_id":"58f1a9d8-9b3f-46b3-8532-30442b4a9ca7","method":"POST","path":"/api/v1/members","status":201,"duration_ms":23}
{"event":"http.request","request_id":"8a8a074e-8ec0-471f-9f48-130ccd762c6e","method":"GET","path":"/api/v1/auth/csrf","status":200,"duration_ms":1}
{"event":"http.request","request_id":"23d14ebe-3679-4bb7-925f-83a30efe461b","method":"POST","path":"/api/v1/auth/accept-invite","status":200,"duration_ms":20}
{"event":"http.request","request_id":"97b7f4ae-592b-4759-a37a-8996c32ac162","method":"GET","path":"/api/v1/auth/csrf","status":200,"duration_ms":3}
{"event":"http.request","request_id":"0e586e36-f728-4e43-b901-7867b412c230","method":"POST","path":"/api/v1/auth/login","status":200,"duration_ms":20}
{"event":"http.request","request_id":"68bd5181-27f1-4dc0-b683-bbf21f720f5a","method":"POST","path":"/api/v1/members","status":201,"duration_ms":22}
{"event":"http.request","request_id":"a069dd26-4c28-4e95-8cb8-8c628eb56003","method":"GET","path":"/api/v1/auth/csrf","status":200,"duration_ms":1}
{"event":"http.request","request_id":"d76cb9f2-be5d-4001-b7cb-7fe62f1e6f81","method":"POST","path":"/api/v1/auth/accept-invite","status":200,"duration_ms":21}
{"event":"http.request","request_id":"c0114e93-123c-4606-af14-26e8dc4de983","method":"GET","path":"/api/v1/auth/csrf","status":200,"duration_ms":1}
{"event":"http.request","request_id":"dabee9fc-69a9-4439-8e61-d0e1cb0786ac","method":"POST","path":"/api/v1/auth/login","status":200,"duration_ms":19}
{"event":"http.request","request_id":"1a54a360-03e1-46ee-af50-5836edd2cae7","method":"POST","path":"/api/v1/contents","status":201,"duration_ms":5}
{"event":"http.request","request_id":"36e5a930-c219-4b33-8cc3-79d053399127","method":"POST","path":"/api/v1/contents/26ac2aef-cf2d-4cd4-ab1c-f92838c06281/revisions","status":403,"duration_ms":4}
{"event":"http.request","request_id":"2b0d028a-55c6-4bb9-ae64-5f9fc1be18af","method":"POST","path":"/api/v1/contents/26ac2aef-cf2d-4cd4-ab1c-f92838c06281/revisions","status":403,"duration_ms":3}
{"event":"http.request","request_id":"7b197abd-d112-48f7-b2f7-18f77374ece5","method":"POST","path":"/api/v1/contents/26ac2aef-cf2d-4cd4-ab1c-f92838c06281/revisions","status":201,"duration_ms":6}
✔ 运营只能修改发布文案，不能改逐页制作内容；只读不能保存 (162.589834ms)
{"event":"http.request","request_id":"840ce1be-8954-4133-8d82-4ff2a248df3e","method":"POST","path":"/api/v1/contents","status":201,"duration_ms":6}
{"event":"http.request","request_id":"21459ed2-fb86-4bf6-a8d5-fd038880282d","method":"POST","path":"/api/v1/contents/b168b9d7-5bf4-483a-a9e5-0d5615220cb2/revisions","status":422,"duration_ms":4}
{"event":"http.request","request_id":"1f806a81-b179-4759-bd94-18205385b12a","method":"POST","path":"/api/v1/uploads","status":201,"duration_ms":9}
{"event":"http.request","request_id":"93c334ee-6af1-4a12-b272-112f7de48183","method":"POST","path":"/api/v1/uploads/21d44d10-947f-4e4e-ba3e-4eab193a0717/parts","status":200,"duration_ms":6}
{"event":"http.request","request_id":"98160db3-c286-434b-8e9e-c43bcffd625b","method":"PUT","path":"/api/v1/uploads/21d44d10-947f-4e4e-ba3e-4eab193a0717/parts/1","status":200,"duration_ms":7}
{"event":"http.request","request_id":"a6485169-dceb-4de5-9456-f6f54ed6295c","method":"POST","path":"/api/v1/uploads/21d44d10-947f-4e4e-ba3e-4eab193a0717/complete","status":200,"duration_ms":10}
{"event":"http.request","request_id":"e86aa06e-4319-4ff4-8eec-cf98d39ef31b","method":"POST","path":"/api/v1/contents/b168b9d7-5bf4-483a-a9e5-0d5615220cb2/revisions","status":422,"duration_ms":4}
{"event":"http.request","request_id":"d0807807-7180-4fee-be5f-ad3334cf1fb3","method":"POST","path":"/api/v1/uploads","status":201,"duration_ms":6}
{"event":"http.request","request_id":"5df1ed7e-61b8-46bd-adda-7cceae691950","method":"POST","path":"/api/v1/uploads/854ccec9-f591-43be-9c25-98e08eafa90f/parts","status":200,"duration_ms":3}
{"event":"http.request","request_id":"ecbf281b-14c7-4376-a428-b144e2760d64","method":"PUT","path":"/api/v1/uploads/854ccec9-f591-43be-9c25-98e08eafa90f/parts/1","status":200,"duration_ms":4}
{"event":"http.request","request_id":"dc8eb8cd-de72-429f-a621-92938126f1d7","method":"POST","path":"/api/v1/uploads/854ccec9-f591-43be-9c25-98e08eafa90f/complete","status":200,"duration_ms":8}
{"event":"http.request","request_id":"ffe1e934-79ac-48a6-8cea-508becef0768","method":"POST","path":"/api/v1/contents/b168b9d7-5bf4-483a-a9e5-0d5615220cb2/revisions","status":201,"duration_ms":5}
{"event":"http.request","request_id":"68691563-2172-431d-a585-195d57712cd9","method":"GET","path":"/api/v1/contents/b168b9d7-5bf4-483a-a9e5-0d5615220cb2","status":200,"duration_ms":2}
✔ 图文成品只关联同空间已上传PNG原件，无效文件和PDF不能保存为发布图片 (107.073833ms)
{"event":"http.request","request_id":"9f0238ae-6331-49d0-b258-b59e73c48fa1","method":"POST","path":"/api/v1/contents","status":201,"duration_ms":5}
{"event":"http.request","request_id":"020cdf90-a5b4-45da-8b65-fac2150f9d87","method":"PATCH","path":"/api/v1/contents/d1fab579-5d9c-406a-bad4-bd2a2a285986","status":200,"duration_ms":5}
{"event":"http.request","request_id":"732874ac-2040-4199-bb8b-5683031d003f","method":"GET","path":"/api/v1/contents","status":200,"duration_ms":3}
{"event":"http.request","request_id":"9e460660-362a-4149-ac11-a49c0ddedaa7","method":"GET","path":"/api/v1/contents","status":200,"duration_ms":1}
{"event":"http.request","request_id":"5318a36f-f43a-4ba1-b55e-8b7e95716c26","method":"GET","path":"/api/v1/contents","status":422,"duration_ms":2}
✔ 内容列表按形式、状态、负责人和计划时间过滤，非法筛选拒绝 (22.895833ms)
{"event":"http.request","request_id":"2a1d4d78-1135-42f3-92c5-aeea9b45533b","method":"POST","path":"/api/v1/contents","status":201,"duration_ms":4}
{"event":"http.request","request_id":"6e7dc631-2798-4246-a29c-391f9a1d0cc0","method":"POST","path":"/api/v1/contents/57014bdb-b9d3-4018-968f-871b1bb48c79/submit-review","status":422,"duration_ms":3}
{"event":"http.request","request_id":"0ce9eb51-8ff1-4d74-979b-96904d01c6de","method":"POST","path":"/api/v1/uploads","status":201,"duration_ms":6}
{"event":"http.request","request_id":"777657da-b426-4db2-ac3e-0083665fc9ac","method":"POST","path":"/api/v1/uploads/da8f136d-0fa2-4b79-b9c3-7f6b86820f1d/parts","status":200,"duration_ms":4}
{"event":"http.request","request_id":"9ce1775c-ac40-43db-be79-69c91511bb39","method":"PUT","path":"/api/v1/uploads/da8f136d-0fa2-4b79-b9c3-7f6b86820f1d/parts/1","status":200,"duration_ms":5}
{"event":"http.request","request_id":"05c357b9-6534-42a9-91e1-7ab48fce4392","method":"POST","path":"/api/v1/uploads/da8f136d-0fa2-4b79-b9c3-7f6b86820f1d/complete","status":200,"duration_ms":8}
{"event":"http.request","request_id":"26e7637b-b2fd-42ad-9d14-868d7ef45c69","method":"POST","path":"/api/v1/contents","status":201,"duration_ms":5}
{"event":"http.request","request_id":"44d0b5cb-2a6e-4377-87c5-6cb04a7cd606","method":"POST","path":"/api/v1/contents/d153cfd6-16e3-4256-bada-573e8ab4993b/revisions","status":201,"duration_ms":5}
{"event":"http.request","request_id":"b7a6c453-d3f9-4947-88ef-e8773a63a775","method":"POST","path":"/api/v1/contents/d153cfd6-16e3-4256-bada-573e8ab4993b/submit-review","status":201,"duration_ms":5}
{"event":"http.request","request_id":"9f00a15c-ccfa-4d5c-bcbd-5472f9c5733d","method":"GET","path":"/api/v1/contents/d153cfd6-16e3-4256-bada-573e8ab4993b","status":200,"duration_ms":3}
{"event":"http.request","request_id":"cca239be-1ccc-4d84-b441-ed3d5c92c660","method":"POST","path":"/api/v1/reviews/b23fa05e-c898-4fe9-b4ef-d56ee6c4a79a/decide","status":200,"duration_ms":10}
{"event":"http.request","request_id":"7a963514-1447-4844-be2a-c1ea680304bf","method":"GET","path":"/api/v1/contents/d153cfd6-16e3-4256-bada-573e8ab4993b","status":200,"duration_ms":2}
✔ 提交审核拒绝缺失成品，完整PNG图文冻结并由有权成员显式批准 (161.847375ms)
{"event":"http.request","request_id":"84c37749-0e9d-470f-ab6a-91a95282d788","method":"POST","path":"/api/v1/uploads","status":201,"duration_ms":5}
{"event":"http.request","request_id":"29a55b6d-b2f2-446b-bc5e-b84cfe086eee","method":"POST","path":"/api/v1/uploads/e49c8a47-b5be-4c1c-bda3-a65208e882d7/parts","status":200,"duration_ms":3}
{"event":"http.request","request_id":"8ebe05df-a9af-4521-8cbb-811dbbdf0289","method":"PUT","path":"/api/v1/uploads/e49c8a47-b5be-4c1c-bda3-a65208e882d7/parts/1","status":200,"duration_ms":5}
{"event":"http.request","request_id":"86d1bc14-ab27-45cb-84a9-df3ac8da5ae2","method":"POST","path":"/api/v1/uploads/e49c8a47-b5be-4c1c-bda3-a65208e882d7/complete","status":200,"duration_ms":8}
{"event":"http.request","request_id":"3d90d8f2-e3c3-4019-bb21-1e879dc6ff73","method":"POST","path":"/api/v1/contents","status":201,"duration_ms":4}
{"event":"http.request","request_id":"6026675e-51d4-4780-b9cd-cc971cf06ccf","method":"POST","path":"/api/v1/contents/0e9d34f0-9f51-4696-ae30-159d00088929/revisions","status":201,"duration_ms":5}
{"event":"http.request","request_id":"67fcfb41-7de2-48b0-bde2-367f42b6a74a","method":"POST","path":"/api/v1/contents/0e9d34f0-9f51-4696-ae30-159d00088929/submit-review","status":201,"duration_ms":4}
{"event":"http.request","request_id":"9509e831-7e40-4343-ac42-ded5e849cb60","method":"GET","path":"/api/v1/contents/0e9d34f0-9f51-4696-ae30-159d00088929","status":200,"duration_ms":2}
{"event":"http.request","request_id":"e1b1a6bb-6a54-44dc-b622-bc12f659d88d","method":"POST","path":"/api/v1/contents/0e9d34f0-9f51-4696-ae30-159d00088929/revisions","status":409,"duration_ms":2}
{"event":"http.request","request_id":"7c2c9436-b4bf-44b4-b933-2803eb09724f","method":"POST","path":"/api/v1/reviews/23f4804b-1776-47a5-aee5-82cc0cd23feb/withdraw","status":200,"duration_ms":6}
{"event":"http.request","request_id":"e12d7343-cf3e-4553-9a94-32d70e032e81","method":"GET","path":"/api/v1/contents/0e9d34f0-9f51-4696-ae30-159d00088929","status":200,"duration_ms":3}
{"event":"http.request","request_id":"ee5d39bd-c5d4-4b00-9195-5c5043fc16ce","method":"POST","path":"/api/v1/contents/0e9d34f0-9f51-4696-ae30-159d00088929/submit-review","status":201,"duration_ms":5}
{"event":"http.request","request_id":"f67932ad-d662-4c3f-a83a-f3d06bc5dc56","method":"POST","path":"/api/v1/reviews/9118147a-a786-40ea-bfd1-e539b4757c02/decide","status":200,"duration_ms":6}
{"event":"http.request","request_id":"437d56a3-cfcd-4848-a003-a1ec13f7b784","method":"GET","path":"/api/v1/contents/0e9d34f0-9f51-4696-ae30-159d00088929","status":200,"duration_ms":2}
{"event":"http.request","request_id":"a3f137be-5148-4b1a-a04d-86bd74179dce","method":"POST","path":"/api/v1/contents/0e9d34f0-9f51-4696-ae30-159d00088929/submit-review","status":201,"duration_ms":5}
{"event":"http.request","request_id":"84c1979f-a5b5-4f13-a9e6-ca9fe1f4afb9","method":"POST","path":"/api/v1/reviews/65c8ff4b-5663-4d1b-b029-7c9110f57a5f/decide","status":200,"duration_ms":5}
{"event":"http.request","request_id":"9f0cecc3-39aa-40bd-ae60-b03a3d944acd","method":"GET","path":"/api/v1/contents/0e9d34f0-9f51-4696-ae30-159d00088929","status":200,"duration_ms":2}
{"event":"http.request","request_id":"319a2158-79fd-438a-a412-966ded9d4e99","method":"PATCH","path":"/api/v1/contents/0e9d34f0-9f51-4696-ae30-159d00088929","status":200,"duration_ms":4}
{"event":"http.request","request_id":"da701396-c190-42f1-8339-d6935f1da45a","method":"GET","path":"/api/v1/contents/0e9d34f0-9f51-4696-ae30-159d00088929","status":200,"duration_ms":2}
{"event":"http.request","request_id":"7e1f0082-25b1-462a-8f0e-d770b5f683d9","method":"POST","path":"/api/v1/contents/0e9d34f0-9f51-4696-ae30-159d00088929/revisions","status":201,"duration_ms":5}
{"event":"http.request","request_id":"f2d1a082-194c-4633-b61b-2a958307900c","method":"GET","path":"/api/v1/contents/0e9d34f0-9f51-4696-ae30-159d00088929","status":200,"duration_ms":3}
✔ 审核中禁止编辑，撤回和退回派生新稿；批准后改载荷重审，内部备注不使批准失效 (100.858167ms)
{"event":"http.request","request_id":"eef417e0-5670-4479-887b-aa337894edee","method":"POST","path":"/api/v1/members","status":201,"duration_ms":22}
{"event":"http.request","request_id":"f5ab9c0c-6f5f-4bd0-a184-134291d6078b","method":"GET","path":"/api/v1/auth/csrf","status":200,"duration_ms":0}
{"event":"http.request","request_id":"d5d8c34a-1507-47e6-8cbd-0d54b52c81c8","method":"POST","path":"/api/v1/auth/accept-invite","status":200,"duration_ms":19}
{"event":"http.request","request_id":"47c6ad68-91ae-457f-bcd2-a9d98d66b40c","method":"GET","path":"/api/v1/auth/csrf","status":200,"duration_ms":0}
{"event":"http.request","request_id":"61d047cc-3162-491f-8e5d-38efcae9a8bf","method":"POST","path":"/api/v1/auth/login","status":200,"duration_ms":19}
{"event":"http.request","request_id":"52baf19c-e9a9-43c8-8f43-a143d71b9658","method":"POST","path":"/api/v1/uploads","status":201,"duration_ms":5}
{"event":"http.request","request_id":"35dd04ba-54c2-48aa-b8db-133261d9a284","method":"POST","path":"/api/v1/uploads/b62debd8-8234-47de-af30-e4f6df0eb1f8/parts","status":200,"duration_ms":3}
{"event":"http.request","request_id":"0b88c868-782b-4588-8a69-561616f86c2a","method":"PUT","path":"/api/v1/uploads/b62debd8-8234-47de-af30-e4f6df0eb1f8/parts/1","status":200,"duration_ms":4}
{"event":"http.request","request_id":"45e42409-58bd-49a6-971d-9c027fd35ef4","method":"POST","path":"/api/v1/uploads/b62debd8-8234-47de-af30-e4f6df0eb1f8/complete","status":200,"duration_ms":7}
{"event":"http.request","request_id":"0d7e622a-abe9-46a1-aaff-814d0e24a68d","method":"POST","path":"/api/v1/contents","status":201,"duration_ms":5}
{"event":"http.request","request_id":"15054467-197d-4160-9eb3-ee638648c1d8","method":"POST","path":"/api/v1/contents/64ac8b24-b465-4bff-8ec2-8872221b6d9e/revisions","status":201,"duration_ms":5}
{"event":"http.request","request_id":"6d3e4f4c-5a68-418a-8bfd-c2c299452193","method":"POST","path":"/api/v1/contents/64ac8b24-b465-4bff-8ec2-8872221b6d9e/submit-review","status":201,"duration_ms":4}
{"event":"http.request","request_id":"e9f5bdde-3e39-4390-b2fe-3a470c09c04a","method":"POST","path":"/api/v1/reviews/70d7c915-ce29-4131-a384-402ed3b531be/decide","status":403,"duration_ms":2}
{"event":"http.request","request_id":"fd5830d9-00c9-42d7-9acd-9a532c596405","method":"POST","path":"/api/v1/reviews/70d7c915-ce29-4131-a384-402ed3b531be/decide","status":200,"duration_ms":4}
{"event":"http.request","request_id":"7f4f1f8f-6326-4c1f-9065-5d2c2574f88c","method":"POST","path":"/api/v1/reviews/70d7c915-ce29-4131-a384-402ed3b531be/withdraw","status":409,"duration_ms":5}
✔ 制作角色不能批准，批准与撤回并发只有一个事务成功 (114.339083ms)
{"event":"http.request","request_id":"1dc30789-4a1e-4573-a8bb-c2a47b17e5f8","method":"POST","path":"/api/v1/uploads","status":201,"duration_ms":6}
{"event":"http.request","request_id":"20cb0460-4f10-4829-a782-4cd517167a19","method":"POST","path":"/api/v1/uploads/151c0d39-4912-4476-8faf-e32b9dabe16b/parts","status":200,"duration_ms":3}
{"event":"http.request","request_id":"03e8b002-a172-4fa3-9ea5-941d3ae78a60","method":"PUT","path":"/api/v1/uploads/151c0d39-4912-4476-8faf-e32b9dabe16b/parts/1","status":200,"duration_ms":4}
{"event":"http.request","request_id":"2ed70b47-c342-40b1-8991-d340d665841c","method":"POST","path":"/api/v1/uploads/151c0d39-4912-4476-8faf-e32b9dabe16b/complete","status":200,"duration_ms":7}
{"event":"http.request","request_id":"ee7244af-1b69-43d2-827d-813b2bcb5144","method":"POST","path":"/api/v1/contents","status":201,"duration_ms":4}
{"event":"http.request","request_id":"d8314811-53f2-448c-82fc-76d006515e88","method":"POST","path":"/api/v1/contents/f27bf8d2-1300-4222-a975-ed56b606fde5/revisions","status":201,"duration_ms":5}
{"event":"http.request","request_id":"0f2f2ef5-b386-4e55-a09b-fe2b46f57031","method":"POST","path":"/api/v1/assets","status":201,"duration_ms":5}
{"event":"http.request","request_id":"13fa686f-b100-48c6-8f68-0cd8e0b92b4d","method":"POST","path":"/api/v1/assets/52b6aa22-3092-406f-8688-cf7c83ac1cbd/confirm","status":200,"duration_ms":4}
{"event":"http.request","request_id":"765c2db7-49a9-46d2-a06d-e9c9eaf65bd6","method":"POST","path":"/api/v1/contents/f27bf8d2-1300-4222-a975-ed56b606fde5/revisions","status":201,"duration_ms":7}
{"event":"http.request","request_id":"0b6cc4ec-d076-4f8d-9b72-9fca289def91","method":"POST","path":"/api/v1/contents/f27bf8d2-1300-4222-a975-ed56b606fde5/submit-review","status":201,"duration_ms":5}
{"event":"http.request","request_id":"5afbeb32-02c0-4687-893b-fe2f11f4d371","method":"POST","path":"/api/v1/assets/52b6aa22-3092-406f-8688-cf7c83ac1cbd/retire","status":200,"duration_ms":4}
{"event":"http.request","request_id":"26c75f50-7949-4610-901f-51f9e4fd2770","method":"POST","path":"/api/v1/reviews/d48dc98a-72e5-48cb-95f2-8d9ce9723c02/decide","status":422,"duration_ms":5}
{"event":"http.request","request_id":"72956705-b972-4518-adcc-bf11bd55939d","method":"POST","path":"/api/v1/reviews/d48dc98a-72e5-48cb-95f2-8d9ce9723c02/withdraw","status":422,"duration_ms":5}
✖ 素材停用阻止批准但仍能撤回修稿，冻结历史引用保留 (86.915792ms)
ℹ tests 9
ℹ suites 0
ℹ pass 8
ℹ fail 1
ℹ cancelled 0
ℹ skipped 0
ℹ todo 0
ℹ duration_ms 1595.974375

✖ failing tests:

test at tests/production.test.ts:2:16976
✖ 素材停用阻止批准但仍能撤回修稿，冻结历史引用保留 (86.915792ms)
  AssertionError [ERR_ASSERTION]: Expected values to be strictly equal:
  
  422 !== 200
  
      at TestContext.<anonymous> (/Users/junlong/projects/social-mdeida-ops-platform/tests/production.test.ts:99:9)
      at process.processTicksAndRejections (node:internal/process/task_queues:104:5)
      at async Test.run (node:internal/test_runner/test:1125:7)
      at async Test.processPendingSubtests (node:internal/test_runner/test:787:7) {
    generatedMessage: true,
    code: 'ERR_ASSERTION',
    actual: 422,
    expected: 200,
    operator: 'strictEqual',
    diff: 'simple'
  }
