{"event":"http.request","request_id":"c40a7c56-6e10-4cb7-9d9a-a0b1eee1de19","method":"GET","path":"/api/v1/auth/csrf","status":200,"duration_ms":5}
{"event":"http.request","request_id":"935f12b4-5bdf-4bea-8f6d-f853d7086ebf","method":"POST","path":"/api/v1/setup","status":201,"duration_ms":34}
{"event":"http.request","request_id":"f9f78a21-b253-4e9b-8541-f05d165fcaa2","method":"GET","path":"/api/v1/auth/csrf","status":200,"duration_ms":1}
{"event":"http.request","request_id":"b32c1f4b-01e7-4b05-8f5e-dbcbde6dea69","method":"POST","path":"/api/v1/auth/login","status":200,"duration_ms":22}
{"event":"http.request","request_id":"780db722-c1a5-48c1-8d5a-f06e5ac69f15","method":"GET","path":"/api/v1/me","status":200,"duration_ms":65}
{"event":"http.request","request_id":"3a212487-8fe5-4076-8e4e-be64a3b1bc90","method":"POST","path":"/api/v1/accounts","status":201,"duration_ms":11}
{"event":"http.request","request_id":"6c9ca565-ceff-4c73-b94c-e2d6783057a4","method":"POST","path":"/api/v1/contents","status":201,"duration_ms":11}
{"event":"http.request","request_id":"98563231-c921-4bd1-9373-a22957d26de2","method":"GET","path":"/api/v1/contents/d1ab6bc0-16ea-4358-853e-2031f00e54ab","status":200,"duration_ms":4}
{"event":"http.request","request_id":"8b11fb18-fee8-4181-8652-265586479326","method":"POST","path":"/api/v1/contents/d1ab6bc0-16ea-4358-853e-2031f00e54ab/revisions","status":201,"duration_ms":8}
{"event":"http.request","request_id":"ba8537a8-c8b9-4ba6-b006-32e04a381e15","method":"GET","path":"/api/v1/contents/d1ab6bc0-16ea-4358-853e-2031f00e54ab","status":200,"duration_ms":3}
✔ 人工新建图文后保存逐页文案，再从详情恢复原始快照 (386.943833ms)
{"event":"http.request","request_id":"d25a4c3d-cb7d-4379-adfc-edf8d496f550","method":"POST","path":"/api/v1/contents","status":201,"duration_ms":6}
{"event":"http.request","request_id":"9542e6d6-fe26-4511-bba5-6d7fbbf46fd1","method":"POST","path":"/api/v1/contents/234be586-ec32-49b5-8f8c-9f3fec52cbe8/revisions","status":201,"duration_ms":6}
{"event":"http.request","request_id":"ea406a7d-3614-457e-a0f5-ee4cb8dd1acc","method":"POST","path":"/api/v1/contents/234be586-ec32-49b5-8f8c-9f3fec52cbe8/revisions","status":409,"duration_ms":9}
{"event":"http.request","request_id":"3e9a20fd-d13f-411d-9817-65f9fc8d30ac","method":"GET","path":"/api/v1/contents/234be586-ec32-49b5-8f8c-9f3fec52cbe8","status":200,"duration_ms":4}
{"event":"http.request","request_id":"00d47e77-aa86-4bc8-85cf-d4f553d4f505","method":"POST","path":"/api/v1/contents/234be586-ec32-49b5-8f8c-9f3fec52cbe8/restore","status":201,"duration_ms":8}
{"event":"http.request","request_id":"a8c3a231-f5bf-4757-8359-fda883921942","method":"GET","path":"/api/v1/contents/234be586-ec32-49b5-8f8c-9f3fec52cbe8","status":200,"duration_ms":3}
✔ 同一基础版本并发保存只有一个成功，恢复历史版本产生新快照 (37.425958ms)
{"event":"http.request","request_id":"cd60ce34-98df-4e40-b7b0-c4440b174bbb","method":"POST","path":"/api/v1/members","status":201,"duration_ms":21}
{"event":"http.request","request_id":"2b2dcad5-559b-4541-8e47-272900a9b33c","method":"GET","path":"/api/v1/auth/csrf","status":200,"duration_ms":1}
{"event":"http.request","request_id":"75cf88a0-dff8-4936-a8ce-15168f29b3fa","method":"POST","path":"/api/v1/auth/accept-invite","status":200,"duration_ms":20}
{"event":"http.request","request_id":"062c0494-6b57-40d2-9cfe-3a5d7e7ede27","method":"GET","path":"/api/v1/auth/csrf","status":200,"duration_ms":1}
{"event":"http.request","request_id":"ad95a6e1-e03d-4087-bcae-ced0fa4772e8","method":"POST","path":"/api/v1/auth/login","status":200,"duration_ms":18}
{"event":"http.request","request_id":"26527146-c6c1-4e80-b871-e84fefe421d3","method":"POST","path":"/api/v1/members","status":201,"duration_ms":23}
{"event":"http.request","request_id":"b0fcebe4-e5ad-4411-9e5d-be2f9b96e462","method":"GET","path":"/api/v1/auth/csrf","status":200,"duration_ms":0}
{"event":"http.request","request_id":"273d190d-7c4e-4139-ab44-c35ad7f2047b","method":"POST","path":"/api/v1/auth/accept-invite","status":200,"duration_ms":18}
{"event":"http.request","request_id":"5d449cca-8762-42b4-a4a3-210d0f6bd294","method":"GET","path":"/api/v1/auth/csrf","status":200,"duration_ms":4}
{"event":"http.request","request_id":"47fe5dd3-854d-4090-9ccd-8a866ea11f7b","method":"POST","path":"/api/v1/auth/login","status":200,"duration_ms":18}
{"event":"http.request","request_id":"227c07eb-d5e9-4515-99c1-89b314bf926d","method":"POST","path":"/api/v1/contents","status":201,"duration_ms":6}
{"event":"http.request","request_id":"594f5843-4722-4298-aceb-6ee74856e7ba","method":"POST","path":"/api/v1/contents/417f3efc-6a65-4c05-a8c7-48d16dbbb369/revisions","status":403,"duration_ms":4}
{"event":"http.request","request_id":"9528fa65-3410-4267-927b-dbe12c533c0b","method":"POST","path":"/api/v1/contents/417f3efc-6a65-4c05-a8c7-48d16dbbb369/revisions","status":403,"duration_ms":2}
{"event":"http.request","request_id":"32284a24-4032-41bb-9fbd-19fa8f978db1","method":"POST","path":"/api/v1/contents/417f3efc-6a65-4c05-a8c7-48d16dbbb369/revisions","status":201,"duration_ms":5}
✔ 运营只能修改发布文案，不能改逐页制作内容；只读不能保存 (156.258375ms)
{"event":"http.request","request_id":"61cdb1cb-9dcc-492c-8dee-9bfe9c4c32f7","method":"POST","path":"/api/v1/contents","status":201,"duration_ms":6}
{"event":"http.request","request_id":"9702dec3-dc53-45ec-8689-52a47d15b861","method":"POST","path":"/api/v1/contents/7564d3cf-4a3a-43c9-b0d8-53ab11f0e733/revisions","status":422,"duration_ms":12}
{"event":"http.request","request_id":"3f4fde28-a03a-4bce-b3cd-e0de7c653c6d","method":"POST","path":"/api/v1/uploads","status":201,"duration_ms":15}
{"event":"http.request","request_id":"b7dc73fc-2c6c-443e-a2cf-902260375629","method":"POST","path":"/api/v1/uploads/aee73b62-3539-44e4-a1cd-30cfa1241341/parts","status":200,"duration_ms":4}
{"event":"http.request","request_id":"d80e5367-6522-43fd-a2f8-2b75b6feb8a5","method":"PUT","path":"/api/v1/uploads/aee73b62-3539-44e4-a1cd-30cfa1241341/parts/1","status":200,"duration_ms":6}
{"event":"http.request","request_id":"48d599b7-1b91-4adf-b967-829f590b8c84","method":"POST","path":"/api/v1/uploads/aee73b62-3539-44e4-a1cd-30cfa1241341/complete","status":200,"duration_ms":10}
{"event":"http.request","request_id":"57966bb4-1849-4cd2-9287-e36f8e23cfb4","method":"POST","path":"/api/v1/contents/7564d3cf-4a3a-43c9-b0d8-53ab11f0e733/revisions","status":422,"duration_ms":4}
{"event":"http.request","request_id":"504d2f60-d9cd-4b23-b5df-6d845b13cb9b","method":"POST","path":"/api/v1/uploads","status":201,"duration_ms":6}
{"event":"http.request","request_id":"3442f22a-92d3-42f4-8665-ad78ad6a7807","method":"POST","path":"/api/v1/uploads/7793463f-e647-4468-87a3-ee336a7baf16/parts","status":200,"duration_ms":3}
{"event":"http.request","request_id":"4d39047d-6340-4be8-90ae-b60c056c4432","method":"PUT","path":"/api/v1/uploads/7793463f-e647-4468-87a3-ee336a7baf16/parts/1","status":200,"duration_ms":4}
{"event":"http.request","request_id":"0d06c0e8-2ae8-43e0-b271-ddcaef66dbcf","method":"POST","path":"/api/v1/uploads/7793463f-e647-4468-87a3-ee336a7baf16/complete","status":200,"duration_ms":8}
{"event":"http.request","request_id":"bebe36d3-38b5-44de-a435-edb48c2d0ef0","method":"POST","path":"/api/v1/contents/7564d3cf-4a3a-43c9-b0d8-53ab11f0e733/revisions","status":201,"duration_ms":6}
{"event":"http.request","request_id":"cfef35eb-f5fe-4dce-8f58-d84588d82bd7","method":"GET","path":"/api/v1/contents/7564d3cf-4a3a-43c9-b0d8-53ab11f0e733","status":200,"duration_ms":2}
✔ 图文成品只关联同空间已上传PNG原件，无效文件和PDF不能保存为发布图片 (118.037875ms)
{"event":"http.request","request_id":"f7b90aba-c608-4443-abab-3d5ad27ab751","method":"POST","path":"/api/v1/contents","status":201,"duration_ms":5}
{"event":"http.request","request_id":"fc25ef52-1f66-45b2-b7e5-36fa1386b16a","method":"PATCH","path":"/api/v1/contents/65975cc1-d048-4fe5-b0f3-8e0a33fefd67","status":200,"duration_ms":4}
{"event":"http.request","request_id":"e5698cc8-67a9-44f4-bc35-fdabd549613e","method":"GET","path":"/api/v1/contents","status":200,"duration_ms":2}
{"event":"http.request","request_id":"8720a9c4-8e1e-4fbb-be29-1c101a51c5e7","method":"GET","path":"/api/v1/contents","status":200,"duration_ms":2}
{"event":"http.request","request_id":"ee9e09c4-2c7a-4857-900d-8e3fde6fcfd1","method":"GET","path":"/api/v1/contents","status":422,"duration_ms":1}
✔ 内容列表按形式、状态、负责人和计划时间过滤，非法筛选拒绝 (22.815458ms)
{"event":"http.request","request_id":"7de5aac4-0243-4b21-aeab-5eca277f05d2","method":"POST","path":"/api/v1/contents","status":201,"duration_ms":5}
{"event":"http.request","request_id":"8b89baa7-2332-48a2-a021-462e886a79ea","method":"POST","path":"/api/v1/contents/f2c3ab9e-a027-4794-a010-273d472fb7e6/submit-review","status":422,"duration_ms":3}
{"event":"http.request","request_id":"c4b3bcc5-0592-476b-b5af-49ecc0057914","method":"POST","path":"/api/v1/uploads","status":201,"duration_ms":5}
{"event":"http.request","request_id":"966caff2-7ec2-456c-96eb-b1fd40e4fad7","method":"POST","path":"/api/v1/uploads/0c5c152c-aa91-43af-adb3-0f00296a7922/parts","status":200,"duration_ms":3}
{"event":"http.request","request_id":"173d9ab7-9282-413b-9ed9-0ae80077fd8d","method":"PUT","path":"/api/v1/uploads/0c5c152c-aa91-43af-adb3-0f00296a7922/parts/1","status":200,"duration_ms":4}
{"event":"http.request","request_id":"9e85a48a-c982-49cb-9ea8-ae3fcec9a689","method":"POST","path":"/api/v1/uploads/0c5c152c-aa91-43af-adb3-0f00296a7922/complete","status":200,"duration_ms":7}
{"event":"http.request","request_id":"5b75e62a-718f-4f95-b2e8-b373cf566d14","method":"POST","path":"/api/v1/contents","status":201,"duration_ms":4}
{"event":"http.request","request_id":"6ba1c46f-6888-4f0e-8a17-fb4ce1b96e8f","method":"POST","path":"/api/v1/contents/7392dea6-1868-4ce1-9b42-5b0445f040ae/revisions","status":201,"duration_ms":5}
{"event":"http.request","request_id":"171db76f-e121-4558-94fd-257e2a72eb2c","method":"POST","path":"/api/v1/contents/7392dea6-1868-4ce1-9b42-5b0445f040ae/submit-review","status":201,"duration_ms":5}
{"event":"http.request","request_id":"c940fb64-cd27-40e4-859a-31f27c97e0da","method":"GET","path":"/api/v1/contents/7392dea6-1868-4ce1-9b42-5b0445f040ae","status":200,"duration_ms":2}
{"event":"http.request","request_id":"d6e851d4-0aee-493f-849d-bb7a1b570f8c","method":"POST","path":"/api/v1/reviews/1bdcc72e-0b60-47af-afaf-ddf4cc9116f6/decide","status":200,"duration_ms":11}
{"event":"http.request","request_id":"e7d14810-3f8e-48f6-ba79-79b449669d0d","method":"GET","path":"/api/v1/contents/7392dea6-1868-4ce1-9b42-5b0445f040ae","status":200,"duration_ms":2}
✔ 提交审核拒绝缺失成品，完整PNG图文冻结并由有权成员显式批准 (162.993667ms)
{"event":"http.request","request_id":"e4bf7641-b7fa-4ec0-b4bc-abc56cc1852a","method":"POST","path":"/api/v1/uploads","status":201,"duration_ms":4}
{"event":"http.request","request_id":"f5e0e838-af9c-48f9-b92d-14256bccc241","method":"POST","path":"/api/v1/uploads/4487e4e0-f53a-473a-b392-7c0e0ca61854/parts","status":200,"duration_ms":3}
{"event":"http.request","request_id":"8e88b943-73e7-4ed7-b335-8175071d5080","method":"PUT","path":"/api/v1/uploads/4487e4e0-f53a-473a-b392-7c0e0ca61854/parts/1","status":200,"duration_ms":4}
{"event":"http.request","request_id":"9d9d3042-f3a0-4774-a690-f64556fbafca","method":"POST","path":"/api/v1/uploads/4487e4e0-f53a-473a-b392-7c0e0ca61854/complete","status":200,"duration_ms":7}
{"event":"http.request","request_id":"3e4bcca6-4888-4b93-b048-fad61ab50e3f","method":"POST","path":"/api/v1/contents","status":201,"duration_ms":4}
{"event":"http.request","request_id":"b852a0bc-6737-4b69-a917-667692e5df29","method":"POST","path":"/api/v1/contents/84a1f3b0-d762-47bc-9163-fc51640af45c/revisions","status":201,"duration_ms":5}
{"event":"http.request","request_id":"d7619f7e-0dce-42b0-aa3e-ed89889ba79d","method":"POST","path":"/api/v1/contents/84a1f3b0-d762-47bc-9163-fc51640af45c/submit-review","status":201,"duration_ms":5}
{"event":"http.request","request_id":"e72da5b9-0180-4655-a3d5-089b4f8e8566","method":"GET","path":"/api/v1/contents/84a1f3b0-d762-47bc-9163-fc51640af45c","status":200,"duration_ms":2}
{"event":"http.request","request_id":"eefb0078-ca3a-48bc-b848-434f03202b53","method":"POST","path":"/api/v1/contents/84a1f3b0-d762-47bc-9163-fc51640af45c/revisions","status":409,"duration_ms":2}
{"event":"http.request","request_id":"8e411468-5efa-4bc3-a3b6-1e9fcb2364ee","method":"POST","path":"/api/v1/reviews/ba6ecdc5-8718-47ea-a679-1d3de4e9eccd/withdraw","status":200,"duration_ms":6}
{"event":"http.request","request_id":"7cdfa108-e5b0-4cbb-b642-678c5adca3fa","method":"GET","path":"/api/v1/contents/84a1f3b0-d762-47bc-9163-fc51640af45c","status":200,"duration_ms":2}
{"event":"http.request","request_id":"01f76575-0de1-4798-973b-a3c970ae73e2","method":"POST","path":"/api/v1/contents/84a1f3b0-d762-47bc-9163-fc51640af45c/submit-review","status":201,"duration_ms":5}
{"event":"http.request","request_id":"e11fd9ab-1728-47b3-a97e-a55ee7d3a04c","method":"POST","path":"/api/v1/reviews/30e8ca1a-6555-41a8-8de5-77e2e6968b06/decide","status":200,"duration_ms":6}
{"event":"http.request","request_id":"37f929a5-46a9-446f-8aed-5210d164c311","method":"GET","path":"/api/v1/contents/84a1f3b0-d762-47bc-9163-fc51640af45c","status":200,"duration_ms":2}
{"event":"http.request","request_id":"4ad14f51-ba30-4496-85cc-f1dd93e996c3","method":"POST","path":"/api/v1/contents/84a1f3b0-d762-47bc-9163-fc51640af45c/submit-review","status":201,"duration_ms":4}
{"event":"http.request","request_id":"522785a5-b483-4cc6-ac5c-f74a5645ea9f","method":"POST","path":"/api/v1/reviews/f9f1cf7c-479c-4237-a314-964bd27bedf0/decide","status":200,"duration_ms":5}
{"event":"http.request","request_id":"14012b60-4e98-497e-8111-c9121626da49","method":"GET","path":"/api/v1/contents/84a1f3b0-d762-47bc-9163-fc51640af45c","status":200,"duration_ms":2}
{"event":"http.request","request_id":"ed79820f-8078-4f36-97ec-75a08806e38c","method":"PATCH","path":"/api/v1/contents/84a1f3b0-d762-47bc-9163-fc51640af45c","status":200,"duration_ms":4}
{"event":"http.request","request_id":"85f72679-542f-4131-8b77-fd28f04f03b4","method":"GET","path":"/api/v1/contents/84a1f3b0-d762-47bc-9163-fc51640af45c","status":200,"duration_ms":2}
{"event":"http.request","request_id":"b85da6eb-3864-46f1-90cd-aefbaa962de0","method":"POST","path":"/api/v1/contents/84a1f3b0-d762-47bc-9163-fc51640af45c/revisions","status":201,"duration_ms":5}
{"event":"http.request","request_id":"e021ec7d-ce86-42ef-b0e7-2d39b982f30d","method":"GET","path":"/api/v1/contents/84a1f3b0-d762-47bc-9163-fc51640af45c","status":200,"duration_ms":2}
✔ 审核中禁止编辑，撤回和退回派生新稿；批准后改载荷重审，内部备注不使批准失效 (95.668834ms)
{"event":"http.request","request_id":"e1eec90a-f745-43ad-8ed6-a61218ba0e53","method":"POST","path":"/api/v1/members","status":201,"duration_ms":21}
{"event":"http.request","request_id":"d3cf9783-db62-43c8-9ede-c69d8884bcd5","method":"GET","path":"/api/v1/auth/csrf","status":200,"duration_ms":0}
{"event":"http.request","request_id":"178ea67b-caf0-4567-a26d-ecd3c548b8ff","method":"POST","path":"/api/v1/auth/accept-invite","status":200,"duration_ms":19}
{"event":"http.request","request_id":"75733fa3-b823-478b-aa02-cab1320ff32d","method":"GET","path":"/api/v1/auth/csrf","status":200,"duration_ms":1}
{"event":"http.request","request_id":"7d5b635d-2406-45fb-9341-a2a7719436ba","method":"POST","path":"/api/v1/auth/login","status":200,"duration_ms":19}
{"event":"http.request","request_id":"1bb5902e-aa93-4a3d-a886-75c9de2212a5","method":"POST","path":"/api/v1/uploads","status":201,"duration_ms":5}
{"event":"http.request","request_id":"c99f3995-5915-43ba-9113-a0eadad0c124","method":"POST","path":"/api/v1/uploads/19b4b413-0134-4a16-b2cb-6e8a58463c02/parts","status":200,"duration_ms":4}
{"event":"http.request","request_id":"24361010-e4cb-497f-acd5-15940362e44d","method":"PUT","path":"/api/v1/uploads/19b4b413-0134-4a16-b2cb-6e8a58463c02/parts/1","status":200,"duration_ms":4}
{"event":"http.request","request_id":"4601b879-ab45-404c-82f6-e5c799be0d23","method":"POST","path":"/api/v1/uploads/19b4b413-0134-4a16-b2cb-6e8a58463c02/complete","status":200,"duration_ms":9}
{"event":"http.request","request_id":"13fee400-110f-4288-a859-9af8d3e59ea9","method":"POST","path":"/api/v1/contents","status":201,"duration_ms":4}
{"event":"http.request","request_id":"a130909d-2006-40b3-bfa3-822554b75727","method":"POST","path":"/api/v1/contents/36249cf1-d070-4700-884c-1d7084144f4d/revisions","status":201,"duration_ms":5}
{"event":"http.request","request_id":"a53fe371-34be-45bb-950d-da364c9bc64b","method":"POST","path":"/api/v1/contents/36249cf1-d070-4700-884c-1d7084144f4d/submit-review","status":201,"duration_ms":4}
{"event":"http.request","request_id":"ef63ac38-9cc4-4451-9aac-d7a33ef8887a","method":"POST","path":"/api/v1/reviews/124ddb94-2a9d-4ab5-b677-b3e250546e83/decide","status":403,"duration_ms":2}
{"event":"http.request","request_id":"992717df-b6ef-4923-b840-aa8a3286ba14","method":"POST","path":"/api/v1/reviews/124ddb94-2a9d-4ab5-b677-b3e250546e83/decide","status":200,"duration_ms":5}
{"event":"http.request","request_id":"d6412cce-ce43-429f-a978-d4efa90429d6","method":"POST","path":"/api/v1/reviews/124ddb94-2a9d-4ab5-b677-b3e250546e83/withdraw","status":409,"duration_ms":6}
✔ 制作角色不能批准，批准与撤回并发只有一个事务成功 (114.593042ms)
{"event":"http.request","request_id":"56b270cc-e692-4125-b6d6-9b5b588f31cc","method":"POST","path":"/api/v1/uploads","status":201,"duration_ms":5}
{"event":"http.request","request_id":"fb44c46d-6311-4633-8497-11f59ecf1ead","method":"POST","path":"/api/v1/uploads/c96416c5-2e22-4d16-b17e-7f3da8e16f91/parts","status":200,"duration_ms":3}
{"event":"http.request","request_id":"e8953ab6-b545-4d1a-92a1-fa8fa78710ef","method":"PUT","path":"/api/v1/uploads/c96416c5-2e22-4d16-b17e-7f3da8e16f91/parts/1","status":200,"duration_ms":3}
{"event":"http.request","request_id":"0d48413e-ff58-4c74-8eaa-cb4240470a1b","method":"POST","path":"/api/v1/uploads/c96416c5-2e22-4d16-b17e-7f3da8e16f91/complete","status":200,"duration_ms":7}
{"event":"http.request","request_id":"80ab1ec1-1e56-4f91-b5a1-59136a327084","method":"POST","path":"/api/v1/contents","status":201,"duration_ms":5}
{"event":"http.request","request_id":"37badd5c-a8f0-4416-93d7-135b98facff5","method":"POST","path":"/api/v1/contents/d3eb9c6b-04aa-4247-bab5-85d5504dc56f/revisions","status":201,"duration_ms":6}
{"event":"http.request","request_id":"550e850d-cb56-473b-8d65-29285cfd0918","method":"POST","path":"/api/v1/assets","status":201,"duration_ms":5}
{"event":"http.request","request_id":"497a708d-6ac3-4a03-ae58-b9f903083de4","method":"POST","path":"/api/v1/assets/323ff307-7309-4a63-8a28-b41b44c64050/confirm","status":200,"duration_ms":4}
{"event":"http.request","request_id":"d9507e9e-d9db-425d-860a-c6b31e34ef47","method":"POST","path":"/api/v1/contents/d3eb9c6b-04aa-4247-bab5-85d5504dc56f/revisions","status":201,"duration_ms":6}
{"event":"http.request","request_id":"431ba336-6144-4c9c-adc4-ce683c2c15da","method":"POST","path":"/api/v1/contents/d3eb9c6b-04aa-4247-bab5-85d5504dc56f/submit-review","status":201,"duration_ms":5}
{"event":"http.request","request_id":"379f61af-803c-46ba-9cfc-5f7b0520b32a","method":"POST","path":"/api/v1/assets/323ff307-7309-4a63-8a28-b41b44c64050/retire","status":200,"duration_ms":3}
{"event":"http.request","request_id":"34677d75-5b33-4b1e-977a-cb6d249e2784","method":"POST","path":"/api/v1/reviews/c6e8ad72-6c1c-4cf8-8215-f91992bf0d8d/decide","status":422,"duration_ms":4}
{"event":"http.request","request_id":"ea33a45a-f440-40d5-b38d-26c69775f074","method":"POST","path":"/api/v1/reviews/c6e8ad72-6c1c-4cf8-8215-f91992bf0d8d/withdraw","status":200,"duration_ms":6}
{"event":"http.request","request_id":"4243406a-c91a-4d71-884f-90b107eac4e8","method":"GET","path":"/api/v1/contents/d3eb9c6b-04aa-4247-bab5-85d5504dc56f","status":200,"duration_ms":3}
{"event":"http.request","request_id":"76fdfaca-51c5-466e-9cea-ca053f4297fe","method":"POST","path":"/api/v1/contents/d3eb9c6b-04aa-4247-bab5-85d5504dc56f/revisions","status":201,"duration_ms":5}
✔ 素材停用阻止批准但仍能撤回修稿，冻结历史引用保留 (91.506ms)
{"event":"http.request","request_id":"dd73f589-acfc-48f2-be42-834d5ae8cc63","method":"POST","path":"/api/v1/contents","status":201,"duration_ms":4}
{"event":"http.request","request_id":"2e894345-c289-4b1b-a4e0-e62a1382417e","method":"POST","path":"/api/v1/contents/29138782-09a4-4687-b556-eed6b6877f41/start-production","status":200,"duration_ms":4}
{"event":"http.request","request_id":"653fd948-be6c-48b1-a0ae-3b83522a21cd","method":"POST","path":"/api/v1/contents/29138782-09a4-4687-b556-eed6b6877f41/cancel","status":200,"duration_ms":5}
{"event":"http.request","request_id":"d5c929ab-52a8-4b87-ae57-a99540675fe5","method":"GET","path":"/api/v1/contents/29138782-09a4-4687-b556-eed6b6877f41","status":200,"duration_ms":2}
{"event":"http.request","request_id":"9ee9eab9-92eb-428b-9524-f4f353206b56","method":"POST","path":"/api/v1/contents/29138782-09a4-4687-b556-eed6b6877f41/submit-review","status":409,"duration_ms":2}
✔ 开始制作保存估时，取消保留理由和版本历史且不能再提审 (18.883959ms)
{"event":"http.request","request_id":"5a41c58d-a1e8-4a2d-86fd-ba63da6f4efd","method":"POST","path":"/api/v1/uploads","status":201,"duration_ms":5}
{"event":"http.request","request_id":"2d0d66dd-c467-4f6d-b573-3d3b64c2a6a7","method":"POST","path":"/api/v1/uploads/f9a3e086-e0a2-407f-8d35-f32f40f80420/parts","status":200,"duration_ms":4}
{"event":"http.request","request_id":"32166642-3ead-4e35-a93f-ea95b418eb64","method":"PUT","path":"/api/v1/uploads/f9a3e086-e0a2-407f-8d35-f32f40f80420/parts/1","status":200,"duration_ms":4}
{"event":"http.request","request_id":"928f93f9-c2cc-4bbf-a3c5-755d40c358c0","method":"POST","path":"/api/v1/uploads/f9a3e086-e0a2-407f-8d35-f32f40f80420/complete","status":200,"duration_ms":8}
{"event":"http.request","request_id":"546be57b-f359-42d0-b214-916ba61e3ea4","method":"POST","path":"/api/v1/contents","status":201,"duration_ms":4}
{"event":"http.request","request_id":"49ef6923-f075-4c4a-9ae6-2e1f8a49f9cb","method":"POST","path":"/api/v1/contents/514feb7f-4099-4db4-a228-47ee8416a55f/revisions","status":201,"duration_ms":5}
{"event":"http.request","request_id":"4244263c-c404-4487-9216-28a025e20320","method":"POST","path":"/api/v1/contents/514feb7f-4099-4db4-a228-47ee8416a55f/submit-review","status":201,"duration_ms":4}
{"event":"http.request","request_id":"227fc14a-222a-482b-a431-0d7596b3139f","method":"POST","path":"/api/v1/reviews/b8c19470-03c4-4a1c-9694-cea4cd8b9f1e/decide","status":200,"duration_ms":4}
{"event":"http.request","request_id":"81c9a6d5-f7d7-4235-8da4-08cb82a9b136","method":"GET","path":"/api/v1/contents/514feb7f-4099-4db4-a228-47ee8416a55f","status":200,"duration_ms":2}
{"event":"http.request","request_id":"8a7411bc-92e6-4f9f-9fbc-459fd5533ddd","method":"POST","path":"/api/v1/contents/514feb7f-4099-4db4-a228-47ee8416a55f/export-package","status":202,"duration_ms":5}
{"event":"http.request","request_id":"21de2a6d-faca-45be-bb60-1c5f9a6e7d8b","method":"GET","path":"/api/v1/export-packages/e568eb72-e71f-4878-9e57-0d9da6a0da1f","status":200,"duration_ms":2}
{"event":"job.claimed","job_id":"e468aacd-71b2-4890-842c-9278556a05b7","request_id":"8a7411bc-92e6-4f9f-9fbc-459fd5533ddd","pool":"general","attempt":1}
{"event":"http.request","request_id":"e59f0652-6e3e-415b-b97d-32bb86f34f0d","method":"GET","path":"/api/v1/export-packages/e568eb72-e71f-4878-9e57-0d9da6a0da1f","status":200,"duration_ms":3}
{"event":"http.request","request_id":"f9885f82-a4d2-48c4-88bc-980b94538265","method":"GET","path":"/api/v1/export-packages/e568eb72-e71f-4878-9e57-0d9da6a0da1f/download","status":200,"duration_ms":45}
{"event":"http.request","request_id":"e45edfd8-789d-4f45-9c97-613313a1ff28","method":"POST","path":"/api/v1/contents/514feb7f-4099-4db4-a228-47ee8416a55f/revisions","status":201,"duration_ms":19}
{"event":"http.request","request_id":"dd60bfdd-60f8-4a46-ae67-7edc53356380","method":"GET","path":"/api/v1/export-packages/e568eb72-e71f-4878-9e57-0d9da6a0da1f/download","status":409,"duration_ms":6}
{"event":"http.request","request_id":"3434e112-87ac-47f5-98cc-0b21f8656c32","method":"GET","path":"/api/v1/files/afc45375-a8f3-41c6-8674-0002bb711bd7/download","status":409,"duration_ms":4}
✔ 发布包异步打包批准版本，下载PNG原件、页序和文案与批准内容一致 (1167.600333ms)
{"event":"http.request","request_id":"c4922fa1-685b-4ec1-a5a8-9f005f6764be","method":"POST","path":"/api/v1/uploads","status":201,"duration_ms":11}
{"event":"http.request","request_id":"6363399c-5cdf-427e-8595-4a8406fbd287","method":"POST","path":"/api/v1/uploads/a34890d9-22ee-47fb-bc53-d2a536bf62b5/parts","status":200,"duration_ms":7}
{"event":"http.request","request_id":"1dc4e344-cdfc-4eda-8e93-fdf334b9f62b","method":"PUT","path":"/api/v1/uploads/a34890d9-22ee-47fb-bc53-d2a536bf62b5/parts/1","status":200,"duration_ms":9}
{"event":"http.request","request_id":"f32252e6-fb2c-4f8c-9700-43c33263b7e0","method":"POST","path":"/api/v1/uploads/a34890d9-22ee-47fb-bc53-d2a536bf62b5/complete","status":200,"duration_ms":13}
{"event":"http.request","request_id":"8b4aa988-d8de-4d4f-98f4-63345b2dbedf","method":"POST","path":"/api/v1/contents","status":201,"duration_ms":7}
{"event":"http.request","request_id":"b48b4002-5bb3-431c-9417-9619404a569a","method":"POST","path":"/api/v1/contents/2b52e9db-903a-4a83-96ff-ba268f4c7049/revisions","status":201,"duration_ms":7}
{"event":"http.request","request_id":"2ec525c2-fdfc-4437-95da-bd97b2439b0a","method":"POST","path":"/api/v1/contents/2b52e9db-903a-4a83-96ff-ba268f4c7049/submit-review","status":201,"duration_ms":6}
{"event":"http.request","request_id":"4ac2d9ce-ade4-4fb1-a420-0693ccb2fd76","method":"POST","path":"/api/v1/reviews/9a3bf649-913c-4946-9bde-6b3a6ea59409/decide","status":200,"duration_ms":7}
{"event":"http.request","request_id":"e41d584d-96d1-4def-9c2e-842aed78f884","method":"GET","path":"/api/v1/contents/2b52e9db-903a-4a83-96ff-ba268f4c7049","status":200,"duration_ms":3}
{"event":"http.request","request_id":"62079263-e182-4fcf-97d1-b0ff5f1918a5","method":"POST","path":"/api/v1/publication-drafts","status":201,"duration_ms":4}
{"event":"http.request","request_id":"a0d04146-f614-4223-9c64-1db413bc7fbe","method":"GET","path":"/api/v1/contents/2b52e9db-903a-4a83-96ff-ba268f4c7049","status":200,"duration_ms":2}
{"event":"http.request","request_id":"20ec7620-72cd-4323-9aef-199b44b94a38","method":"POST","path":"/api/v1/publications","status":422,"duration_ms":4}
{"event":"http.request","request_id":"bca60a7c-daa2-47de-b203-aa7905cc520c","method":"POST","path":"/api/v1/publications","status":422,"duration_ms":4}
{"event":"http.request","request_id":"c8619dd2-cb42-4415-822b-9932b5042b7f","method":"POST","path":"/api/v1/publications","status":201,"duration_ms":6}
{"event":"http.request","request_id":"ef1d2416-108b-431c-a12a-34ba1e94a177","method":"GET","path":"/api/v1/contents/2b52e9db-903a-4a83-96ff-ba268f4c7049","status":200,"duration_ms":3}
{"event":"http.request","request_id":"899bb5d2-4ba5-49ae-8c3f-5cc686b465a1","method":"POST","path":"/api/v1/uploads","status":201,"duration_ms":5}
{"event":"http.request","request_id":"e85fe4d5-4df4-40fb-b42b-e1f58c1e4d58","method":"POST","path":"/api/v1/uploads/fcb4ba61-75e9-4834-90af-375cf8a0e81b/parts","status":200,"duration_ms":4}
{"event":"http.request","request_id":"ace34d8b-e916-43b6-b7ef-d8bef97a8401","method":"PUT","path":"/api/v1/uploads/fcb4ba61-75e9-4834-90af-375cf8a0e81b/parts/1","status":200,"duration_ms":5}
{"event":"http.request","request_id":"06b754ee-26e3-42e5-aab6-ff3ff059a50f","method":"POST","path":"/api/v1/uploads/fcb4ba61-75e9-4834-90af-375cf8a0e81b/complete","status":200,"duration_ms":8}
{"event":"http.request","request_id":"62aa2ac9-3930-47ef-8eed-2296947b105b","method":"POST","path":"/api/v1/contents","status":201,"duration_ms":5}
{"event":"http.request","request_id":"d847804f-6044-4ce3-9574-fc9119d1c7de","method":"POST","path":"/api/v1/contents/f06c22a2-e6b6-4f76-8fdc-eeb405360b17/revisions","status":201,"duration_ms":6}
{"event":"http.request","request_id":"291b2748-6050-4173-a8ab-bcf833d57409","method":"POST","path":"/api/v1/contents/f06c22a2-e6b6-4f76-8fdc-eeb405360b17/submit-review","status":201,"duration_ms":5}
{"event":"http.request","request_id":"53c8767e-50d5-4618-90a8-a11750a60cac","method":"POST","path":"/api/v1/reviews/c4dc81a5-5151-4b17-b497-7bc48bfe23e3/decide","status":200,"duration_ms":6}
{"event":"http.request","request_id":"00da7308-5e15-43c9-b5d1-f035e53484e9","method":"GET","path":"/api/v1/contents/f06c22a2-e6b6-4f76-8fdc-eeb405360b17","status":200,"duration_ms":2}
{"event":"http.request","request_id":"d838ef33-1ce1-4160-821b-a5f95a1e72a4","method":"POST","path":"/api/v1/publications","status":409,"duration_ms":4}
✔ 缺笔记ID暂存不算发布，正式登记锁定批准版本、账号和唯一笔记并持久回收事件 (177.430291ms)
{"event":"http.request","request_id":"30bda9f9-d80a-42c1-aaaf-588639b50e29","method":"POST","path":"/api/v1/uploads","status":201,"duration_ms":7}
{"event":"http.request","request_id":"de299cbc-bec4-412a-a53d-a906234c78a0","method":"POST","path":"/api/v1/uploads/15f9986c-31cc-4121-9353-36f533bbcdde/parts","status":200,"duration_ms":4}
{"event":"http.request","request_id":"694d3c5a-7bcf-4ccb-9942-3e9bdc62874d","method":"PUT","path":"/api/v1/uploads/15f9986c-31cc-4121-9353-36f533bbcdde/parts/1","status":200,"duration_ms":5}
{"event":"http.request","request_id":"132a82dd-75bc-46d3-bb98-e1f1bb40a343","method":"POST","path":"/api/v1/uploads/15f9986c-31cc-4121-9353-36f533bbcdde/complete","status":200,"duration_ms":8}
{"event":"http.request","request_id":"a09b4748-e8cf-4c7f-990f-5d8af9dfa9f0","method":"POST","path":"/api/v1/contents","status":201,"duration_ms":7}
{"event":"http.request","request_id":"007d23e3-b951-4517-8034-732410045168","method":"POST","path":"/api/v1/contents/32595e72-8616-4f04-909e-d0e0aaa740c8/revisions","status":201,"duration_ms":6}
{"event":"http.request","request_id":"8b4c82ed-d616-4079-9f48-36f9f62195d1","method":"POST","path":"/api/v1/contents/32595e72-8616-4f04-909e-d0e0aaa740c8/submit-review","status":201,"duration_ms":7}
{"event":"http.request","request_id":"abcc1082-fe15-41aa-b64a-6c37c14167e1","method":"POST","path":"/api/v1/reviews/809414eb-3f90-4ec4-968e-0bae54f7d4dd/decide","status":200,"duration_ms":5}
{"event":"http.request","request_id":"cba438bd-3149-463d-b8a9-15a77b9bd3a3","method":"GET","path":"/api/v1/contents/32595e72-8616-4f04-909e-d0e0aaa740c8","status":200,"duration_ms":3}
{"event":"http.request","request_id":"42684404-a914-44b4-adfb-ae05ee1c161b","method":"POST","path":"/api/v1/publications","status":201,"duration_ms":5}
{"event":"http.request","request_id":"fa713879-2b46-4606-b06c-72b52f895a3b","method":"GET","path":"/api/v1/contents/32595e72-8616-4f04-909e-d0e0aaa740c8","status":200,"duration_ms":3}
{"event":"http.request","request_id":"c42770dd-4b89-493c-8a26-7ddf7e14783c","method":"POST","path":"/api/v1/contents/32595e72-8616-4f04-909e-d0e0aaa740c8/create-revision-work-item","status":201,"duration_ms":7}
{"event":"http.request","request_id":"9c46352c-328d-4dc8-be05-d43deec1a6b3","method":"GET","path":"/api/v1/contents/2edc3902-74ce-4acf-a3a3-56a5ace6d33e","status":200,"duration_ms":3}
{"event":"http.request","request_id":"dcf45dd5-f2b2-4be5-b45f-0c54dff37f4e","method":"GET","path":"/api/v1/contents/32595e72-8616-4f04-909e-d0e0aaa740c8","status":200,"duration_ms":2}
{"event":"http.request","request_id":"6a37cd95-b89f-4edd-a1e5-46d3d1daf078","method":"GET","path":"/api/v1/publications/5e0c5491-56c6-456c-bf19-4ac9d38ff456","status":200,"duration_ms":2}
✔ 已发布内容派生独立修订工作项，原稿和文件归档保持不变 (87.489958ms)
{"event":"http.request","request_id":"24ee3662-e055-4b14-8340-9d3bbd1e5992","method":"POST","path":"/api/v1/uploads","status":201,"duration_ms":5}
{"event":"http.request","request_id":"fd89b1ff-f6f3-4e4f-aa30-3e6b7dac99b8","method":"POST","path":"/api/v1/uploads/af72babc-29a0-4f87-ace2-eb3711165106/parts","status":200,"duration_ms":3}
{"event":"http.request","request_id":"14c87348-69bd-487e-b32e-1ca10e1d6cc5","method":"PUT","path":"/api/v1/uploads/af72babc-29a0-4f87-ace2-eb3711165106/parts/1","status":200,"duration_ms":4}
{"event":"http.request","request_id":"51dc2877-5901-4b7c-a903-aa5ad487acaa","method":"POST","path":"/api/v1/uploads/af72babc-29a0-4f87-ace2-eb3711165106/complete","status":200,"duration_ms":15}
{"event":"http.request","request_id":"dd1ab46f-fefa-47bb-9b86-5fded5b0f6aa","method":"POST","path":"/api/v1/contents","status":201,"duration_ms":4}
{"event":"http.request","request_id":"e2cc4b8c-faee-4884-a86f-e64cbe349638","method":"POST","path":"/api/v1/contents/08e6480f-49da-4b6e-8cb1-d6950ce5fc2d/revisions","status":201,"duration_ms":5}
{"event":"http.request","request_id":"94ad0d4e-f327-4735-be05-2c3f242e43b0","method":"POST","path":"/api/v1/contents/08e6480f-49da-4b6e-8cb1-d6950ce5fc2d/submit-review","status":201,"duration_ms":4}
{"event":"http.request","request_id":"c03273f7-6689-4fea-b831-0b4c0bdb981f","method":"POST","path":"/api/v1/reviews/c846ae29-d9fb-4ed4-8b91-b4aea61af9c6/decide","status":200,"duration_ms":4}
{"event":"http.request","request_id":"d6287cb8-b314-49f7-a496-5fcdab24b2c3","method":"GET","path":"/api/v1/contents/08e6480f-49da-4b6e-8cb1-d6950ce5fc2d","status":200,"duration_ms":2}
{"event":"http.request","request_id":"a03c11d4-4d5c-45cd-bb32-e60e44feb250","method":"POST","path":"/api/v1/publications","status":201,"duration_ms":5}
{"event":"http.request","request_id":"cbdad8dc-36a5-4908-a5b9-33b4c1a9cd26","method":"GET","path":"/api/v1/contents/08e6480f-49da-4b6e-8cb1-d6950ce5fc2d","status":200,"duration_ms":2}
{"event":"http.request","request_id":"01094aa4-817b-4659-89c6-ebb4bcbb81bb","method":"POST","path":"/api/v1/contents/08e6480f-49da-4b6e-8cb1-d6950ce5fc2d/create-revision-work-item","status":201,"duration_ms":7}
{"event":"http.request","request_id":"cd21d97c-0ef7-4ee8-a075-c1c926574cc4","method":"GET","path":"/api/v1/contents/0dca82e0-c76d-4a7a-aecf-3e99c05dd76e","status":200,"duration_ms":2}
{"event":"http.request","request_id":"95f931db-a73e-4442-9f64-19d1a2035d32","method":"POST","path":"/api/v1/publications/d60c8bee-11c2-4b69-a052-e3a083484eed/changes","status":409,"duration_ms":4}
{"event":"http.request","request_id":"a01d5029-3c51-4c6e-bd83-d88557821477","method":"POST","path":"/api/v1/contents/0dca82e0-c76d-4a7a-aecf-3e99c05dd76e/revisions","status":201,"duration_ms":4}
{"event":"http.request","request_id":"87e12c33-42c2-43ef-8f76-e5c2029b0b34","method":"POST","path":"/api/v1/contents/0dca82e0-c76d-4a7a-aecf-3e99c05dd76e/submit-review","status":201,"duration_ms":4}
{"event":"http.request","request_id":"1bae085c-da52-4eef-8907-2be4b0d0561d","method":"POST","path":"/api/v1/reviews/07d11bae-764b-4997-a262-a962284b8e57/decide","status":200,"duration_ms":5}
{"event":"http.request","request_id":"b5f8b4da-07ad-41b7-81c5-7d184db83efe","method":"GET","path":"/api/v1/contents/0dca82e0-c76d-4a7a-aecf-3e99c05dd76e","status":200,"duration_ms":2}
{"event":"http.request","request_id":"6b225ec0-7852-4b56-8758-b5e4e581b98d","method":"POST","path":"/api/v1/publications/d60c8bee-11c2-4b69-a052-e3a083484eed/changes","status":201,"duration_ms":6}
{"event":"http.request","request_id":"6cee1c90-344c-4c45-a8a3-878f032f1238","method":"POST","path":"/api/v1/publications/d60c8bee-11c2-4b69-a052-e3a083484eed/changes","status":409,"duration_ms":6}
{"event":"http.request","request_id":"27f8d3ff-b2e0-4394-8ece-2d45345f08bf","method":"GET","path":"/api/v1/publications/d60c8bee-11c2-4b69-a052-e3a083484eed","status":200,"duration_ms":2}
{"event":"http.request","request_id":"14d062e3-3dab-4f89-9382-a8b1aeeecff3","method":"GET","path":"/api/v1/contents/0dca82e0-c76d-4a7a-aecf-3e99c05dd76e","status":200,"duration_ms":2}
{"event":"http.request","request_id":"b591cbd5-7fb3-46b7-8cb4-362e16f650a7","method":"GET","path":"/api/v1/contents/08e6480f-49da-4b6e-8cb1-d6950ce5fc2d","status":200,"duration_ms":2}
✔ 外部编辑必须关联重新批准的修订工作项，初次版本不变并拒绝重复并发确认 (117.67975ms)
{"event":"http.request","request_id":"29506939-e86b-4d78-8cf6-d314c8974017","method":"POST","path":"/api/v1/uploads","status":201,"duration_ms":5}
{"event":"http.request","request_id":"d85940fe-8747-4c8b-b877-0e942a0fb87d","method":"POST","path":"/api/v1/uploads/f1565db4-710c-4b9f-a65b-e16a5973039b/parts","status":200,"duration_ms":3}
{"event":"http.request","request_id":"a164188e-802f-4b2f-9c88-8c75f46b7738","method":"PUT","path":"/api/v1/uploads/f1565db4-710c-4b9f-a65b-e16a5973039b/parts/1","status":200,"duration_ms":4}
{"event":"http.request","request_id":"7e75747e-2215-4adf-ab54-e310941dd675","method":"POST","path":"/api/v1/uploads/f1565db4-710c-4b9f-a65b-e16a5973039b/complete","status":200,"duration_ms":7}
{"event":"http.request","request_id":"3d112145-94de-4737-8c1a-d77a5b63a8f7","method":"POST","path":"/api/v1/contents","status":201,"duration_ms":4}
{"event":"http.request","request_id":"71729dd3-ec17-4fb9-bb23-4be133217d0c","method":"POST","path":"/api/v1/contents/c81845da-1b9f-409d-aadf-77364fa1ad70/revisions","status":201,"duration_ms":5}
{"event":"http.request","request_id":"912c8323-9e32-455a-b0e9-5228a771bd53","method":"POST","path":"/api/v1/contents/c81845da-1b9f-409d-aadf-77364fa1ad70/submit-review","status":201,"duration_ms":5}
{"event":"http.request","request_id":"edd8b2c5-a81c-4b65-8903-e71a564b1c12","method":"POST","path":"/api/v1/reviews/813814b1-6208-4853-87ea-cb22d1d19732/decide","status":200,"duration_ms":4}
{"event":"http.request","request_id":"29709f30-fcc2-435c-b356-7087dfe20798","method":"GET","path":"/api/v1/contents/c81845da-1b9f-409d-aadf-77364fa1ad70","status":200,"duration_ms":2}
{"event":"http.request","request_id":"7303ce4b-b5dd-4520-91a9-fdba2fb30a57","method":"POST","path":"/api/v1/publications","status":201,"duration_ms":5}
{"event":"http.request","request_id":"ca8387fb-1377-41b5-9655-00cda8cdd2cb","method":"POST","path":"/api/v1/publications/d359d719-f04d-4794-9a2b-9616521d1274/changes","status":422,"duration_ms":3}
✖ 删除保留发布历史，重发必须登记同账号新笔记并单独关联 (56.253584ms)
ℹ tests 15
ℹ suites 0
ℹ pass 14
ℹ fail 1
ℹ cancelled 0
ℹ skipped 0
ℹ todo 0
ℹ duration_ms 3240.34525

✖ failing tests:

test at tests/production.test.ts:2:28820
✖ 删除保留发布历史，重发必须登记同账号新笔记并单独关联 (56.253584ms)
  AssertionError [ERR_ASSERTION]: Expected values to be strictly equal:
  
  422 !== 201
  
      at TestContext.<anonymous> (/Users/junlong/projects/social-mdeida-ops-platform/tests/production.test.ts:162:9)
      at process.processTicksAndRejections (node:internal/process/task_queues:104:5)
      at async Test.run (node:internal/test_runner/test:1125:7)
      at async Test.processPendingSubtests (node:internal/test_runner/test:787:7) {
    generatedMessage: true,
    code: 'ERR_ASSERTION',
    actual: 422,
    expected: 201,
    operator: 'strictEqual',
    diff: 'simple'
  }
