{"event":"http.request","request_id":"19586425-b46f-4c7d-a8a2-74a3d8c3b9b7","method":"GET","path":"/api/v1/auth/csrf","status":200,"duration_ms":7}
{"event":"http.request","request_id":"3d3b6fb2-3cfa-49e8-9461-fdf31343ac67","method":"POST","path":"/api/v1/setup","status":201,"duration_ms":34}
{"event":"http.request","request_id":"b6585915-934a-4932-916c-5ed62fa88bc0","method":"GET","path":"/api/v1/auth/csrf","status":200,"duration_ms":1}
{"event":"http.request","request_id":"e2121814-1701-4d73-b174-bf2c05cf89d9","method":"POST","path":"/api/v1/auth/login","status":200,"duration_ms":25}
{"event":"http.request","request_id":"e7161d27-d464-4881-b4c4-51b54abe9cc4","method":"GET","path":"/api/v1/me","status":200,"duration_ms":78}
{"event":"http.request","request_id":"f876f427-a735-44c9-a1d5-768f075f32c7","method":"POST","path":"/api/v1/accounts","status":201,"duration_ms":10}
{"event":"http.request","request_id":"93d2a3c0-c04c-4685-ace8-2bbf4b261bfa","method":"POST","path":"/api/v1/contents","status":201,"duration_ms":10}
{"event":"http.request","request_id":"7d0e0340-5e2d-4afe-ad5d-74d1375aeb48","method":"GET","path":"/api/v1/contents/9e91fb31-85fe-439a-a9ea-8d20460424e8","status":200,"duration_ms":4}
{"event":"http.request","request_id":"df5da78a-22c1-498b-b60f-7b284f799b22","method":"POST","path":"/api/v1/contents/9e91fb31-85fe-439a-a9ea-8d20460424e8/revisions","status":201,"duration_ms":7}
{"event":"http.request","request_id":"ab39ee84-8037-4832-ad79-f8b24d6973a4","method":"GET","path":"/api/v1/contents/9e91fb31-85fe-439a-a9ea-8d20460424e8","status":200,"duration_ms":3}
✔ 人工新建图文后保存逐页文案，再从详情恢复原始快照 (401.563625ms)
{"event":"http.request","request_id":"e689d883-fc24-45e4-9d13-794b090c5efc","method":"POST","path":"/api/v1/contents","status":201,"duration_ms":5}
{"event":"http.request","request_id":"02297286-56a0-46f4-8d88-be98240a493d","method":"POST","path":"/api/v1/contents/bf98b8bb-3ae4-4f2b-b466-f8b56a7f7f92/revisions","status":201,"duration_ms":7}
{"event":"http.request","request_id":"022b0ff7-f39b-4852-bd50-276635e27175","method":"POST","path":"/api/v1/contents/bf98b8bb-3ae4-4f2b-b466-f8b56a7f7f92/revisions","status":409,"duration_ms":9}
{"event":"http.request","request_id":"614cd9ef-2d6a-4b0a-b068-381e1dc3e746","method":"GET","path":"/api/v1/contents/bf98b8bb-3ae4-4f2b-b466-f8b56a7f7f92","status":200,"duration_ms":4}
{"event":"http.request","request_id":"be83f50b-9c89-4b4a-8ceb-6dc087b65193","method":"POST","path":"/api/v1/contents/bf98b8bb-3ae4-4f2b-b466-f8b56a7f7f92/restore","status":201,"duration_ms":7}
{"event":"http.request","request_id":"b358ce73-79a8-41a3-abdb-dcdb19138b98","method":"GET","path":"/api/v1/contents/bf98b8bb-3ae4-4f2b-b466-f8b56a7f7f92","status":200,"duration_ms":3}
✔ 同一基础版本并发保存只有一个成功，恢复历史版本产生新快照 (37.291792ms)
{"event":"http.request","request_id":"2723b6c1-8af5-4d6c-b2be-0273bc9e6f51","method":"POST","path":"/api/v1/members","status":201,"duration_ms":22}
{"event":"http.request","request_id":"eebc3fef-1881-48d2-b9dd-e212d2b8fac7","method":"GET","path":"/api/v1/auth/csrf","status":200,"duration_ms":1}
{"event":"http.request","request_id":"29fb5409-4991-4635-8b65-c0926f102ade","method":"POST","path":"/api/v1/auth/accept-invite","status":200,"duration_ms":18}
{"event":"http.request","request_id":"6fc7d909-c3ba-4b0b-b92a-4105dc004753","method":"GET","path":"/api/v1/auth/csrf","status":200,"duration_ms":1}
{"event":"http.request","request_id":"214ae3a8-4eed-4ab1-9b0d-962d152f7369","method":"POST","path":"/api/v1/auth/login","status":200,"duration_ms":18}
{"event":"http.request","request_id":"13745c77-6e94-46e0-965e-dca5ffa9af04","method":"POST","path":"/api/v1/members","status":201,"duration_ms":22}
{"event":"http.request","request_id":"7be7d680-33c1-4275-8fe7-4456d28c6913","method":"GET","path":"/api/v1/auth/csrf","status":200,"duration_ms":1}
{"event":"http.request","request_id":"814b61bb-18e6-474b-b6a1-74b3ce2d570c","method":"POST","path":"/api/v1/auth/accept-invite","status":200,"duration_ms":19}
{"event":"http.request","request_id":"41197c04-12bf-4822-badd-add5a70655d6","method":"GET","path":"/api/v1/auth/csrf","status":200,"duration_ms":1}
{"event":"http.request","request_id":"20c7a6ba-9fe8-469d-a046-aa55f9d36ac7","method":"POST","path":"/api/v1/auth/login","status":200,"duration_ms":20}
{"event":"http.request","request_id":"6e6f1eed-50f2-4af9-87e5-2e918510f9f6","method":"POST","path":"/api/v1/contents","status":201,"duration_ms":6}
{"event":"http.request","request_id":"eb582bcc-3ba8-45d3-b936-e57abb94e1f8","method":"POST","path":"/api/v1/contents/8980bec8-3d09-4cb8-a221-88a6bd591817/revisions","status":403,"duration_ms":4}
{"event":"http.request","request_id":"e119edf0-48bb-4907-bc63-fcef208ba59b","method":"POST","path":"/api/v1/contents/8980bec8-3d09-4cb8-a221-88a6bd591817/revisions","status":403,"duration_ms":2}
{"event":"http.request","request_id":"0690226c-e5a2-40b2-8bd9-1a27fbe114c7","method":"POST","path":"/api/v1/contents/8980bec8-3d09-4cb8-a221-88a6bd591817/revisions","status":201,"duration_ms":4}
✔ 运营只能修改发布文案，不能改逐页制作内容；只读不能保存 (156.409459ms)
{"event":"http.request","request_id":"df3361d9-5023-42fc-9815-e3590a4ed1ed","method":"POST","path":"/api/v1/contents","status":201,"duration_ms":5}
{"event":"http.request","request_id":"a73ad4fa-4e37-4fe4-8a27-e13385b6e2ca","method":"POST","path":"/api/v1/contents/2066fe95-11b1-4301-9112-aaab6f6ee741/revisions","status":422,"duration_ms":5}
{"event":"http.request","request_id":"97a84173-77a4-4ba5-8fb1-de69e6f90b9c","method":"POST","path":"/api/v1/uploads","status":201,"duration_ms":8}
{"event":"http.request","request_id":"954ae47d-7d39-4ddc-ae37-7c85eaa53aa4","method":"POST","path":"/api/v1/uploads/1ff53b2b-618f-46b8-8108-f7389c344b2f/parts","status":200,"duration_ms":5}
{"event":"http.request","request_id":"fe5d238a-f087-4376-bd84-ba8091ac72da","method":"PUT","path":"/api/v1/uploads/1ff53b2b-618f-46b8-8108-f7389c344b2f/parts/1","status":200,"duration_ms":7}
{"event":"http.request","request_id":"5b7f5459-8399-4a30-ba7a-0c224035ec62","method":"POST","path":"/api/v1/uploads/1ff53b2b-618f-46b8-8108-f7389c344b2f/complete","status":200,"duration_ms":10}
{"event":"http.request","request_id":"81fde2b0-666d-43af-b99b-f1ea8876283d","method":"POST","path":"/api/v1/contents/2066fe95-11b1-4301-9112-aaab6f6ee741/revisions","status":422,"duration_ms":5}
{"event":"http.request","request_id":"fe79c568-6a22-41cf-a955-9c9cb85f9966","method":"POST","path":"/api/v1/uploads","status":201,"duration_ms":6}
{"event":"http.request","request_id":"20183226-0618-4f5b-8860-1e3d7c6ca994","method":"POST","path":"/api/v1/uploads/fc140903-2bbc-401d-b26e-3e7089422b9b/parts","status":200,"duration_ms":4}
{"event":"http.request","request_id":"9f33d977-43b6-4e0e-8adb-d88f1c31fd26","method":"PUT","path":"/api/v1/uploads/fc140903-2bbc-401d-b26e-3e7089422b9b/parts/1","status":200,"duration_ms":7}
{"event":"http.request","request_id":"b28c5f38-6d71-4deb-9cff-80a47de012e3","method":"POST","path":"/api/v1/uploads/fc140903-2bbc-401d-b26e-3e7089422b9b/complete","status":200,"duration_ms":9}
{"event":"http.request","request_id":"419e8b27-0d68-4c01-8e37-01ee7a0e2d84","method":"POST","path":"/api/v1/contents/2066fe95-11b1-4301-9112-aaab6f6ee741/revisions","status":201,"duration_ms":6}
{"event":"http.request","request_id":"1a63d8c7-f593-4caf-bbe7-c3b3870c1042","method":"GET","path":"/api/v1/contents/2066fe95-11b1-4301-9112-aaab6f6ee741","status":200,"duration_ms":2}
✔ 图文成品只关联同空间已上传PNG原件，无效文件和PDF不能保存为发布图片 (107.849208ms)
{"event":"http.request","request_id":"bde434b6-7b6b-4f0e-8c0f-897ffd68deea","method":"POST","path":"/api/v1/contents","status":201,"duration_ms":5}
{"event":"http.request","request_id":"5aa1dfc6-a349-43d7-ad5b-6dc73f720851","method":"PATCH","path":"/api/v1/contents/a55b4eaa-3d29-4b94-bb16-067128cd795c","status":200,"duration_ms":5}
{"event":"http.request","request_id":"c4936522-1e29-4e05-b32f-8cf25ec22f86","method":"GET","path":"/api/v1/contents","status":200,"duration_ms":2}
{"event":"http.request","request_id":"c89e921e-a9ee-4447-912e-705e2d6dc7e9","method":"GET","path":"/api/v1/contents","status":200,"duration_ms":1}
{"event":"http.request","request_id":"0b80aae3-8dbe-4c54-a9ac-1c5046ee16a6","method":"GET","path":"/api/v1/contents","status":422,"duration_ms":1}
✔ 内容列表按形式、状态、负责人和计划时间过滤，非法筛选拒绝 (22.239417ms)
{"event":"http.request","request_id":"2306af69-fbda-4cf2-b423-4b831f97668d","method":"POST","path":"/api/v1/contents","status":201,"duration_ms":5}
{"event":"http.request","request_id":"237fe8d8-ea08-4cbf-9c27-bbe747fa95be","method":"POST","path":"/api/v1/contents/55721e35-47eb-4f28-8525-61e134dfd1f1/submit-review","status":422,"duration_ms":3}
{"event":"http.request","request_id":"232aaa17-a7c1-4d08-aa6c-ceaeff201655","method":"POST","path":"/api/v1/uploads","status":201,"duration_ms":6}
{"event":"http.request","request_id":"6d162ee3-4a41-47dc-bc01-9713078f4d6d","method":"POST","path":"/api/v1/uploads/6100d05c-579b-4580-bcee-914016e535ed/parts","status":200,"duration_ms":3}
{"event":"http.request","request_id":"9d88a293-63ee-471c-b713-b091bc89d212","method":"PUT","path":"/api/v1/uploads/6100d05c-579b-4580-bcee-914016e535ed/parts/1","status":200,"duration_ms":5}
{"event":"http.request","request_id":"89a1180e-33a7-4389-931c-3bbced007cb6","method":"POST","path":"/api/v1/uploads/6100d05c-579b-4580-bcee-914016e535ed/complete","status":200,"duration_ms":8}
{"event":"http.request","request_id":"a009916a-173b-4f91-96da-3a9b60e4134d","method":"POST","path":"/api/v1/contents","status":201,"duration_ms":6}
{"event":"http.request","request_id":"13eccd06-0a97-4c30-a5c3-89f615294255","method":"POST","path":"/api/v1/contents/3abdd087-f028-4a69-8031-0d37dde0328a/revisions","status":201,"duration_ms":6}
{"event":"http.request","request_id":"3ed6e90e-f0c7-4199-959e-754f8c4d02ce","method":"POST","path":"/api/v1/contents/3abdd087-f028-4a69-8031-0d37dde0328a/submit-review","status":201,"duration_ms":6}
{"event":"http.request","request_id":"c66ebcd7-15fa-4254-b060-00bc50c2f665","method":"GET","path":"/api/v1/contents/3abdd087-f028-4a69-8031-0d37dde0328a","status":200,"duration_ms":2}
{"event":"http.request","request_id":"16e879f0-507b-4b1c-82f5-3c0f68fb5389","method":"POST","path":"/api/v1/reviews/3e033a37-5e01-48da-8387-1d55c2db5d33/decide","status":200,"duration_ms":7}
{"event":"http.request","request_id":"233d1a98-93c0-4444-9c6e-9bd78397644d","method":"GET","path":"/api/v1/contents/3abdd087-f028-4a69-8031-0d37dde0328a","status":200,"duration_ms":2}
✔ 提交审核拒绝缺失成品，完整PNG图文冻结并由有权成员显式批准 (209.364167ms)
{"event":"http.request","request_id":"544b5a94-4655-4228-b51a-9274bdfd9aac","method":"POST","path":"/api/v1/uploads","status":201,"duration_ms":5}
{"event":"http.request","request_id":"1cf2fe4b-dee5-4fb3-bbb1-6013c26ef936","method":"POST","path":"/api/v1/uploads/ff068044-107e-4f34-aff8-3825dae6c636/parts","status":200,"duration_ms":3}
{"event":"http.request","request_id":"9b958f75-d1da-41d5-bd7a-b96bb3fdb33a","method":"PUT","path":"/api/v1/uploads/ff068044-107e-4f34-aff8-3825dae6c636/parts/1","status":200,"duration_ms":4}
{"event":"http.request","request_id":"90ce6a5f-e301-46fe-8874-546952f9a9f3","method":"POST","path":"/api/v1/uploads/ff068044-107e-4f34-aff8-3825dae6c636/complete","status":200,"duration_ms":7}
{"event":"http.request","request_id":"f3202463-56aa-4cd9-a42d-212e5a52b7e8","method":"POST","path":"/api/v1/contents","status":201,"duration_ms":5}
{"event":"http.request","request_id":"849833f8-66c1-420f-8e24-a394159a5193","method":"POST","path":"/api/v1/contents/b992f90e-b522-4f5e-8e70-b888025bf98c/revisions","status":201,"duration_ms":5}
{"event":"http.request","request_id":"ad1364ba-23d0-41b2-bd02-bd8406211186","method":"POST","path":"/api/v1/contents/b992f90e-b522-4f5e-8e70-b888025bf98c/submit-review","status":201,"duration_ms":4}
{"event":"http.request","request_id":"b70c5f87-04a7-4f09-b76d-4acf3919069b","method":"GET","path":"/api/v1/contents/b992f90e-b522-4f5e-8e70-b888025bf98c","status":200,"duration_ms":2}
{"event":"http.request","request_id":"dd5e376d-d664-4bd9-bb0d-e1feb21eefce","method":"POST","path":"/api/v1/contents/b992f90e-b522-4f5e-8e70-b888025bf98c/revisions","status":409,"duration_ms":3}
{"event":"http.request","request_id":"a6355602-6b77-4ab2-93f9-6a00bf5153a8","method":"POST","path":"/api/v1/reviews/38cd1b16-6bb9-4512-9c1d-17b0f9d7ab67/withdraw","status":200,"duration_ms":7}
{"event":"http.request","request_id":"bf280da1-183f-482b-b0ff-d0b8a6a31c3d","method":"GET","path":"/api/v1/contents/b992f90e-b522-4f5e-8e70-b888025bf98c","status":200,"duration_ms":2}
{"event":"http.request","request_id":"aab342ad-5b6f-4c17-9cc8-cae9ca85c194","method":"POST","path":"/api/v1/contents/b992f90e-b522-4f5e-8e70-b888025bf98c/submit-review","status":201,"duration_ms":5}
{"event":"http.request","request_id":"2392be50-a449-4b79-be04-eca866005eb2","method":"POST","path":"/api/v1/reviews/6ef4f9ad-5489-463b-8f3d-909340fab0fd/decide","status":200,"duration_ms":6}
{"event":"http.request","request_id":"0c62255f-fdaa-42cf-bfc3-5e51dc9dcb6d","method":"GET","path":"/api/v1/contents/b992f90e-b522-4f5e-8e70-b888025bf98c","status":200,"duration_ms":2}
{"event":"http.request","request_id":"9895681d-6f0d-4f27-8b9c-aefbb528c707","method":"POST","path":"/api/v1/contents/b992f90e-b522-4f5e-8e70-b888025bf98c/submit-review","status":201,"duration_ms":4}
{"event":"http.request","request_id":"05e9873d-db80-48c8-8082-a0640c93083e","method":"POST","path":"/api/v1/reviews/af4ff9e1-9fca-4b71-beb7-26ec6d231d91/decide","status":200,"duration_ms":5}
{"event":"http.request","request_id":"28856f06-79f5-4617-92f6-8758ce47b961","method":"GET","path":"/api/v1/contents/b992f90e-b522-4f5e-8e70-b888025bf98c","status":200,"duration_ms":2}
{"event":"http.request","request_id":"ddef12db-fc73-437a-9c41-5845eefdd123","method":"PATCH","path":"/api/v1/contents/b992f90e-b522-4f5e-8e70-b888025bf98c","status":200,"duration_ms":4}
{"event":"http.request","request_id":"51b164ad-0fc5-4ae8-aac6-f71b8d04f00f","method":"GET","path":"/api/v1/contents/b992f90e-b522-4f5e-8e70-b888025bf98c","status":200,"duration_ms":2}
{"event":"http.request","request_id":"9bbab5e2-9582-4773-9125-b014294a8515","method":"POST","path":"/api/v1/contents/b992f90e-b522-4f5e-8e70-b888025bf98c/revisions","status":201,"duration_ms":6}
{"event":"http.request","request_id":"51fdab6a-143c-4e07-9513-6b905f197fbe","method":"GET","path":"/api/v1/contents/b992f90e-b522-4f5e-8e70-b888025bf98c","status":200,"duration_ms":2}
✔ 审核中禁止编辑，撤回和退回派生新稿；批准后改载荷重审，内部备注不使批准失效 (98.363916ms)
{"event":"http.request","request_id":"a9d23deb-3e93-4e87-9d38-3a42538d9721","method":"POST","path":"/api/v1/members","status":201,"duration_ms":20}
{"event":"http.request","request_id":"84a32822-5ff2-4497-ba11-97bbf31050d7","method":"GET","path":"/api/v1/auth/csrf","status":200,"duration_ms":0}
{"event":"http.request","request_id":"90be541a-1ae0-46a5-bbcd-cbe1d67035a7","method":"POST","path":"/api/v1/auth/accept-invite","status":200,"duration_ms":17}
{"event":"http.request","request_id":"c96fc1e4-94d7-4ae2-993f-0cbd20453a4a","method":"GET","path":"/api/v1/auth/csrf","status":200,"duration_ms":0}
{"event":"http.request","request_id":"c7e61e54-3a6b-484a-818c-e0a257d10f46","method":"POST","path":"/api/v1/auth/login","status":200,"duration_ms":17}
{"event":"http.request","request_id":"51aea638-b531-46d6-a8de-6ec88735f831","method":"POST","path":"/api/v1/uploads","status":201,"duration_ms":5}
{"event":"http.request","request_id":"88b28b49-a906-4a4b-b571-403e9f76fcc7","method":"POST","path":"/api/v1/uploads/9b3ac9d0-9124-4348-85dc-1d71ff6554f4/parts","status":200,"duration_ms":3}
{"event":"http.request","request_id":"7092a2b7-a8b8-45ec-8248-1080af32fcde","method":"PUT","path":"/api/v1/uploads/9b3ac9d0-9124-4348-85dc-1d71ff6554f4/parts/1","status":200,"duration_ms":3}
{"event":"http.request","request_id":"50c061cf-ea4e-48f8-a0f0-be4cbbff0836","method":"POST","path":"/api/v1/uploads/9b3ac9d0-9124-4348-85dc-1d71ff6554f4/complete","status":200,"duration_ms":7}
{"event":"http.request","request_id":"491f5f2e-ddb0-453d-a676-532cba73aee7","method":"POST","path":"/api/v1/contents","status":201,"duration_ms":5}
{"event":"http.request","request_id":"d09c94e9-8e49-49e6-8ed9-ee945f4f3589","method":"POST","path":"/api/v1/contents/b31e83b8-4518-475e-ba68-b028386419e0/revisions","status":201,"duration_ms":5}
{"event":"http.request","request_id":"04b1f650-88e9-4f0e-b82c-8e58e219379f","method":"POST","path":"/api/v1/contents/b31e83b8-4518-475e-ba68-b028386419e0/submit-review","status":201,"duration_ms":4}
{"event":"http.request","request_id":"14c71ac2-43d3-4833-825e-0c4c27e6b708","method":"POST","path":"/api/v1/reviews/d6ad2e39-ed79-4d1e-9b22-3de5b1eb74fa/decide","status":403,"duration_ms":2}
{"event":"http.request","request_id":"072e5693-aa5f-4d42-bf25-149203b55d5a","method":"POST","path":"/api/v1/reviews/d6ad2e39-ed79-4d1e-9b22-3de5b1eb74fa/decide","status":200,"duration_ms":4}
{"event":"http.request","request_id":"574ae625-4321-4249-bf7f-da7a6863f538","method":"POST","path":"/api/v1/reviews/d6ad2e39-ed79-4d1e-9b22-3de5b1eb74fa/withdraw","status":409,"duration_ms":5}
✔ 制作角色不能批准，批准与撤回并发只有一个事务成功 (108.683458ms)
{"event":"http.request","request_id":"8d26658b-8581-4ccc-aac2-11b9aa6d9768","method":"POST","path":"/api/v1/uploads","status":201,"duration_ms":6}
{"event":"http.request","request_id":"d875f141-3a52-4155-866b-ecf40d47cacc","method":"POST","path":"/api/v1/uploads/78cc70b9-1ba8-4b9f-8025-f111a7fd6e18/parts","status":200,"duration_ms":3}
{"event":"http.request","request_id":"a4cda471-1859-4546-a45a-f686f8919573","method":"PUT","path":"/api/v1/uploads/78cc70b9-1ba8-4b9f-8025-f111a7fd6e18/parts/1","status":200,"duration_ms":3}
{"event":"http.request","request_id":"7533cdb9-5eb9-434e-9908-a70e3d1d1eb0","method":"POST","path":"/api/v1/uploads/78cc70b9-1ba8-4b9f-8025-f111a7fd6e18/complete","status":200,"duration_ms":8}
{"event":"http.request","request_id":"b716fc25-bf12-4bd4-8949-52e810072d71","method":"POST","path":"/api/v1/contents","status":201,"duration_ms":5}
{"event":"http.request","request_id":"361712a8-48e3-4441-8e93-70856f93fb42","method":"POST","path":"/api/v1/contents/b249e0a1-48c1-4e66-a965-1b054a9efea1/revisions","status":201,"duration_ms":5}
{"event":"http.request","request_id":"50bac4c2-65f7-4a0b-b0f3-df937fe96cdd","method":"POST","path":"/api/v1/assets","status":201,"duration_ms":5}
{"event":"http.request","request_id":"6183d827-0440-4e75-a77e-5c36e2694fba","method":"POST","path":"/api/v1/assets/8c47a2ae-b077-4981-9c48-ce9bd8b1a649/confirm","status":200,"duration_ms":5}
{"event":"http.request","request_id":"a76c669f-5f37-4f6e-a744-93eefe12265a","method":"POST","path":"/api/v1/contents/b249e0a1-48c1-4e66-a965-1b054a9efea1/revisions","status":201,"duration_ms":6}
{"event":"http.request","request_id":"bfbd72b9-b07a-40de-a6f2-cb75be067636","method":"POST","path":"/api/v1/contents/b249e0a1-48c1-4e66-a965-1b054a9efea1/submit-review","status":201,"duration_ms":5}
{"event":"http.request","request_id":"135c3412-bc22-4c94-91f3-65b56242bdac","method":"POST","path":"/api/v1/assets/8c47a2ae-b077-4981-9c48-ce9bd8b1a649/retire","status":200,"duration_ms":3}
{"event":"http.request","request_id":"ad20d570-d99c-487b-9a26-e82cc74f56c5","method":"POST","path":"/api/v1/reviews/444880aa-b77d-47e2-b589-b3a1e85cbf81/decide","status":422,"duration_ms":5}
{"event":"http.request","request_id":"f54820e0-2bb3-4f26-992c-66e267948874","method":"POST","path":"/api/v1/reviews/444880aa-b77d-47e2-b589-b3a1e85cbf81/withdraw","status":200,"duration_ms":6}
{"event":"http.request","request_id":"28488301-c319-44a9-b289-970ae204f661","method":"GET","path":"/api/v1/contents/b249e0a1-48c1-4e66-a965-1b054a9efea1","status":200,"duration_ms":3}
{"event":"http.request","request_id":"3a40f3e5-a317-4360-a6aa-23c2d263cc9b","method":"POST","path":"/api/v1/contents/b249e0a1-48c1-4e66-a965-1b054a9efea1/revisions","status":201,"duration_ms":5}
✔ 素材停用阻止批准但仍能撤回修稿，冻结历史引用保留 (91.839833ms)
{"event":"http.request","request_id":"361bee03-4709-4388-be5d-8c241a4192de","method":"POST","path":"/api/v1/contents","status":201,"duration_ms":4}
{"event":"http.request","request_id":"09789ddf-67d3-4d04-a6e4-d0a4e03a9f1e","method":"POST","path":"/api/v1/contents/6045f829-5126-41ab-85b4-9d4df50f6f9a/start-production","status":200,"duration_ms":4}
{"event":"http.request","request_id":"f5284733-d380-400a-9857-ca6d5a0384a2","method":"POST","path":"/api/v1/contents/6045f829-5126-41ab-85b4-9d4df50f6f9a/cancel","status":200,"duration_ms":5}
{"event":"http.request","request_id":"fb0d1a56-62ec-48a6-abaf-1faf0bff4f10","method":"GET","path":"/api/v1/contents/6045f829-5126-41ab-85b4-9d4df50f6f9a","status":200,"duration_ms":2}
{"event":"http.request","request_id":"386f9a3c-0a9e-4cac-b4c7-761af40dc585","method":"POST","path":"/api/v1/contents/6045f829-5126-41ab-85b4-9d4df50f6f9a/submit-review","status":409,"duration_ms":3}
✔ 开始制作保存估时，取消保留理由和版本历史且不能再提审 (18.925875ms)
{"event":"http.request","request_id":"fe0d6679-c90c-46df-8e7d-830962371c83","method":"POST","path":"/api/v1/uploads","status":201,"duration_ms":9}
{"event":"http.request","request_id":"f805e192-bfae-44a9-9cf0-d97c75273504","method":"POST","path":"/api/v1/uploads/5305c254-e847-40ea-9dce-d677698ba4f5/parts","status":200,"duration_ms":3}
{"event":"http.request","request_id":"834b068d-49b9-4343-83b6-e16dd55c8cf8","method":"PUT","path":"/api/v1/uploads/5305c254-e847-40ea-9dce-d677698ba4f5/parts/1","status":200,"duration_ms":4}
{"event":"http.request","request_id":"3afe028d-a294-4c4b-a224-af06ef978a04","method":"POST","path":"/api/v1/uploads/5305c254-e847-40ea-9dce-d677698ba4f5/complete","status":200,"duration_ms":7}
{"event":"http.request","request_id":"32d6588c-894a-4618-90e9-bc744e2c2e4a","method":"POST","path":"/api/v1/contents","status":201,"duration_ms":4}
{"event":"http.request","request_id":"6f92e700-fca3-4d46-b166-0ee8c2c0f448","method":"POST","path":"/api/v1/contents/476a087a-9124-43b3-a1b5-23e6892090cd/revisions","status":201,"duration_ms":5}
{"event":"http.request","request_id":"466347b3-6d26-43eb-8450-9315bda48ccf","method":"POST","path":"/api/v1/contents/476a087a-9124-43b3-a1b5-23e6892090cd/submit-review","status":201,"duration_ms":5}
{"event":"http.request","request_id":"c069dc64-b422-412a-9032-2cb07e9cc007","method":"POST","path":"/api/v1/reviews/f95fab11-f40e-4f22-a790-a628d4c0f8b9/decide","status":200,"duration_ms":5}
{"event":"http.request","request_id":"7643c949-8f7f-48b9-95fc-eafa02d1ea81","method":"GET","path":"/api/v1/contents/476a087a-9124-43b3-a1b5-23e6892090cd","status":200,"duration_ms":2}
{"event":"http.request","request_id":"327f747e-d493-445e-a4ef-7eb5bb7b0e11","method":"POST","path":"/api/v1/contents/476a087a-9124-43b3-a1b5-23e6892090cd/export-package","status":202,"duration_ms":5}
{"event":"http.request","request_id":"8cfb3769-b0b0-4d32-83fb-b823d65d93d1","method":"GET","path":"/api/v1/export-packages/aca3a8bf-0f15-495d-b17e-69c2dce30a3b","status":200,"duration_ms":1}
{"event":"job.claimed","job_id":"3f1f2628-dfdf-4823-bf68-06abbd603902","request_id":"327f747e-d493-445e-a4ef-7eb5bb7b0e11","pool":"general","attempt":1}
{"event":"http.request","request_id":"e69fc690-d956-4a55-9c17-4c5c3c71f635","method":"GET","path":"/api/v1/export-packages/aca3a8bf-0f15-495d-b17e-69c2dce30a3b","status":200,"duration_ms":4}
{"event":"http.request","request_id":"6a96784b-8e73-466a-9a37-58274faeae94","method":"GET","path":"/api/v1/export-packages/aca3a8bf-0f15-495d-b17e-69c2dce30a3b/download","status":200,"duration_ms":18}
{"event":"http.request","request_id":"a738c059-c31a-489e-9284-091101418feb","method":"POST","path":"/api/v1/contents/476a087a-9124-43b3-a1b5-23e6892090cd/revisions","status":201,"duration_ms":13}
{"event":"http.request","request_id":"d998fb03-82cc-44e4-8b8c-79bd5a9903f4","method":"GET","path":"/api/v1/export-packages/aca3a8bf-0f15-495d-b17e-69c2dce30a3b/download","status":409,"duration_ms":5}
{"event":"http.request","request_id":"45be51de-9be7-455a-96ff-6652da68b0dc","method":"GET","path":"/api/v1/files/b27ccba3-92e4-4476-a03e-57297cce1be9/download","status":409,"duration_ms":5}
✔ 发布包异步打包批准版本，下载PNG原件、页序和文案与批准内容一致 (1128.025917ms)
{"event":"http.request","request_id":"a13b21cc-3371-4a3b-8542-5d6edec60652","method":"POST","path":"/api/v1/uploads","status":201,"duration_ms":9}
{"event":"http.request","request_id":"56576556-b79c-41fd-bc84-8680c32c64e0","method":"POST","path":"/api/v1/uploads/34204d46-3255-4567-a165-261cf94b587b/parts","status":200,"duration_ms":6}
{"event":"http.request","request_id":"5a97ebcd-f694-4380-8577-82388e9423e8","method":"PUT","path":"/api/v1/uploads/34204d46-3255-4567-a165-261cf94b587b/parts/1","status":200,"duration_ms":7}
{"event":"http.request","request_id":"4ec5293c-6f6b-427a-9694-192ffca0d195","method":"POST","path":"/api/v1/uploads/34204d46-3255-4567-a165-261cf94b587b/complete","status":200,"duration_ms":12}
{"event":"http.request","request_id":"f5b7cc51-278e-44c1-9253-71bbf4a188b8","method":"POST","path":"/api/v1/contents","status":201,"duration_ms":7}
{"event":"http.request","request_id":"2a66f75a-8916-415a-9931-2cf66ff467c1","method":"POST","path":"/api/v1/contents/1d4fd452-aa20-44d2-8b02-c793709b9a15/revisions","status":201,"duration_ms":8}
{"event":"http.request","request_id":"4a13e7f9-38f8-49c9-8efc-d739f3a3928e","method":"POST","path":"/api/v1/contents/1d4fd452-aa20-44d2-8b02-c793709b9a15/submit-review","status":201,"duration_ms":6}
{"event":"http.request","request_id":"93930e24-76cf-4e00-aef3-0e757176f741","method":"POST","path":"/api/v1/reviews/095926dd-9b88-4698-8227-fbffc73ed61a/decide","status":200,"duration_ms":6}
{"event":"http.request","request_id":"0e76a607-2f5f-4674-b386-9ba3880881a0","method":"GET","path":"/api/v1/contents/1d4fd452-aa20-44d2-8b02-c793709b9a15","status":200,"duration_ms":3}
{"event":"http.request","request_id":"ce4699ad-a207-461e-8e33-32257358e02d","method":"POST","path":"/api/v1/publication-drafts","status":201,"duration_ms":5}
{"event":"http.request","request_id":"de44e6e8-5d7f-40ce-919d-657d761e1457","method":"GET","path":"/api/v1/contents/1d4fd452-aa20-44d2-8b02-c793709b9a15","status":200,"duration_ms":3}
{"event":"http.request","request_id":"99be2200-a547-4a41-a54a-447dc2477e1a","method":"POST","path":"/api/v1/publications","status":422,"duration_ms":4}
{"event":"http.request","request_id":"40b7916d-825f-4433-b978-f218c4c517b3","method":"POST","path":"/api/v1/publications","status":422,"duration_ms":4}
{"event":"http.request","request_id":"98badb18-48e8-4b28-9474-7473f96bbd35","method":"POST","path":"/api/v1/publications","status":201,"duration_ms":6}
{"event":"http.request","request_id":"ffb36975-37be-428e-b2fe-029d1bc7af62","method":"GET","path":"/api/v1/contents/1d4fd452-aa20-44d2-8b02-c793709b9a15","status":200,"duration_ms":3}
{"event":"http.request","request_id":"d5174e92-3a46-4f94-be2b-c4397dbf11a1","method":"POST","path":"/api/v1/uploads","status":201,"duration_ms":6}
{"event":"http.request","request_id":"eecb5638-4cba-4568-b6aa-b5d4fcb2f9c2","method":"POST","path":"/api/v1/uploads/07721690-4de5-440e-abf5-cb317e018cbb/parts","status":200,"duration_ms":4}
{"event":"http.request","request_id":"b7d5aad5-ddf7-4e3f-9d18-cd4aa47fb2c8","method":"PUT","path":"/api/v1/uploads/07721690-4de5-440e-abf5-cb317e018cbb/parts/1","status":200,"duration_ms":5}
{"event":"http.request","request_id":"1eba572d-2f74-4da5-bc21-38fdfb019a5b","method":"POST","path":"/api/v1/uploads/07721690-4de5-440e-abf5-cb317e018cbb/complete","status":200,"duration_ms":9}
{"event":"http.request","request_id":"69a3b79e-ecb2-4952-a829-3d6cba01fa4f","method":"POST","path":"/api/v1/contents","status":201,"duration_ms":6}
{"event":"http.request","request_id":"cee4ad7f-c3bd-47f1-8af5-b3d8c3ccb327","method":"POST","path":"/api/v1/contents/2b70993a-9326-4a6d-9fdd-92a339521f04/revisions","status":201,"duration_ms":6}
{"event":"http.request","request_id":"4b590d1d-e6f8-4e76-a98d-bdb23d972751","method":"POST","path":"/api/v1/contents/2b70993a-9326-4a6d-9fdd-92a339521f04/submit-review","status":201,"duration_ms":5}
{"event":"http.request","request_id":"fcdc17a2-a0af-4d5c-9b3e-ceef32e4b1ed","method":"POST","path":"/api/v1/reviews/c26fe3ea-4f57-4837-9b30-de96cef1b08c/decide","status":200,"duration_ms":6}
{"event":"http.request","request_id":"46779619-f994-491f-a2bd-29278ca0909e","method":"GET","path":"/api/v1/contents/2b70993a-9326-4a6d-9fdd-92a339521f04","status":200,"duration_ms":2}
{"event":"http.request","request_id":"ba9196fc-7a23-42e7-8156-b87f01093803","method":"POST","path":"/api/v1/publications","status":409,"duration_ms":4}
✔ 缺笔记ID暂存不算发布，正式登记锁定批准版本、账号和唯一笔记并持久回收事件 (170.867791ms)
{"event":"http.request","request_id":"9096158c-f03a-434e-a7f3-27f7457bef52","method":"POST","path":"/api/v1/uploads","status":201,"duration_ms":5}
{"event":"http.request","request_id":"83e19459-5f6c-4d42-bff1-d8c30ac8c6a1","method":"POST","path":"/api/v1/uploads/55ef8a23-c2bd-4b95-9d29-3e6fb13fa453/parts","status":200,"duration_ms":3}
{"event":"http.request","request_id":"f0ff1b2d-b830-4376-af4c-4567e5b8bbe1","method":"PUT","path":"/api/v1/uploads/55ef8a23-c2bd-4b95-9d29-3e6fb13fa453/parts/1","status":200,"duration_ms":4}
{"event":"http.request","request_id":"c089fd17-5de4-4b78-ab84-6be7a23b7195","method":"POST","path":"/api/v1/uploads/55ef8a23-c2bd-4b95-9d29-3e6fb13fa453/complete","status":200,"duration_ms":7}
{"event":"http.request","request_id":"10a51677-a4fb-4862-8bb8-7a9c68c51739","method":"POST","path":"/api/v1/contents","status":201,"duration_ms":5}
{"event":"http.request","request_id":"7677b65e-49e4-47b8-b2a1-adb98a60e31d","method":"POST","path":"/api/v1/contents/7eeb2a14-7285-4485-981a-d9d509441d0f/revisions","status":201,"duration_ms":5}
{"event":"http.request","request_id":"fa9558ab-182e-4872-a5d0-27862a4ef5f6","method":"POST","path":"/api/v1/contents/7eeb2a14-7285-4485-981a-d9d509441d0f/submit-review","status":201,"duration_ms":4}
{"event":"http.request","request_id":"df2215c1-92bb-46a4-aba5-f731edb087b8","method":"POST","path":"/api/v1/reviews/17145f32-bd4d-425c-b693-7e6c3cd44ca8/decide","status":200,"duration_ms":5}
{"event":"http.request","request_id":"d1892b6c-a64c-4ba5-87b7-f2ad505fd80f","method":"GET","path":"/api/v1/contents/7eeb2a14-7285-4485-981a-d9d509441d0f","status":200,"duration_ms":2}
{"event":"http.request","request_id":"f6c6f199-556e-4abb-81f4-b43cad7ff7a4","method":"POST","path":"/api/v1/publications","status":201,"duration_ms":4}
{"event":"http.request","request_id":"d36bd486-0491-4f96-b6fa-597d3f62b829","method":"GET","path":"/api/v1/contents/7eeb2a14-7285-4485-981a-d9d509441d0f","status":200,"duration_ms":2}
{"event":"http.request","request_id":"d3d21798-71e3-48ac-914e-0eab0e158165","method":"POST","path":"/api/v1/contents/7eeb2a14-7285-4485-981a-d9d509441d0f/create-revision-work-item","status":404,"duration_ms":1}
✖ 已发布内容派生独立修订工作项，原稿和文件归档保持不变 (59.862291ms)
ℹ tests 13
ℹ suites 0
ℹ pass 12
ℹ fail 1
ℹ cancelled 0
ℹ skipped 0
ℹ todo 0
ℹ duration_ms 2986.4165

✖ failing tests:

test at tests/production.test.ts:2:25057
✖ 已发布内容派生独立修订工作项，原稿和文件归档保持不变 (59.862291ms)
  AssertionError [ERR_ASSERTION]: Expected values to be strictly equal:
  
  404 !== 201
  
      at TestContext.<anonymous> (/Users/junlong/projects/social-mdeida-ops-platform/tests/production.test.ts:143:173)
      at process.processTicksAndRejections (node:internal/process/task_queues:104:5)
      at async Test.run (node:internal/test_runner/test:1125:7)
      at async Test.processPendingSubtests (node:internal/test_runner/test:787:7) {
    generatedMessage: true,
    code: 'ERR_ASSERTION',
    actual: 404,
    expected: 201,
    operator: 'strictEqual',
    diff: 'simple'
  }
