{"event":"http.request","request_id":"d4c1e83a-6533-45cb-bc79-f3078b35bb8c","method":"GET","path":"/api/v1/auth/csrf","status":200,"duration_ms":7}
{"event":"http.request","request_id":"3ee6f8ca-c2ca-41cf-8fc2-e4e28103be65","method":"POST","path":"/api/v1/setup","status":201,"duration_ms":34}
{"event":"http.request","request_id":"38d7db63-ce46-406e-a0e1-1c520553e4e0","method":"GET","path":"/api/v1/auth/csrf","status":200,"duration_ms":1}
{"event":"http.request","request_id":"1f834939-9d75-49a9-83a2-09612d644efb","method":"POST","path":"/api/v1/auth/login","status":200,"duration_ms":24}
{"event":"http.request","request_id":"6ce4f79c-a937-4668-adac-7c6c83f2895a","method":"GET","path":"/api/v1/me","status":200,"duration_ms":73}
{"event":"http.request","request_id":"86e14a39-a6e1-4981-ade7-1db59866de5a","method":"POST","path":"/api/v1/accounts","status":201,"duration_ms":10}
{"event":"http.request","request_id":"ed395084-91d4-49a7-9b6d-cd0de58a0a30","method":"POST","path":"/api/v1/contents","status":201,"duration_ms":10}
{"event":"http.request","request_id":"dcedb253-d0ed-43f9-839c-d20d2e5cd4e6","method":"GET","path":"/api/v1/contents/9845f147-5f98-473e-80d8-dab025ac5f73","status":200,"duration_ms":4}
{"event":"http.request","request_id":"c49dd729-70f2-4c44-8d35-99e8cedbf81b","method":"POST","path":"/api/v1/contents/9845f147-5f98-473e-80d8-dab025ac5f73/revisions","status":201,"duration_ms":10}
{"event":"http.request","request_id":"d86d12d7-b94a-4709-b9de-f9c5f14f97e6","method":"GET","path":"/api/v1/contents/9845f147-5f98-473e-80d8-dab025ac5f73","status":200,"duration_ms":4}
✔ 人工新建图文后保存逐页文案，再从详情恢复原始快照 (401.811875ms)
{"event":"http.request","request_id":"ca69a16f-0457-461d-b6c4-ea4805c6cb65","method":"POST","path":"/api/v1/contents","status":201,"duration_ms":7}
{"event":"http.request","request_id":"487cd878-15a2-4d8f-bdfd-8752bd1ad753","method":"POST","path":"/api/v1/contents/db284a03-4f53-42a8-87d5-887a9f49982c/revisions","status":201,"duration_ms":6}
{"event":"http.request","request_id":"4f47bf37-f5a5-4903-8d31-7a2f1e4d575a","method":"POST","path":"/api/v1/contents/db284a03-4f53-42a8-87d5-887a9f49982c/revisions","status":409,"duration_ms":11}
{"event":"http.request","request_id":"b0f69a70-04b3-4c21-b392-0c66a00ab120","method":"GET","path":"/api/v1/contents/db284a03-4f53-42a8-87d5-887a9f49982c","status":200,"duration_ms":4}
{"event":"http.request","request_id":"46ef42ba-c299-4743-aea8-4813054a0933","method":"POST","path":"/api/v1/contents/db284a03-4f53-42a8-87d5-887a9f49982c/restore","status":201,"duration_ms":8}
{"event":"http.request","request_id":"51038dd5-c117-4f75-a87a-ad757ef20b42","method":"GET","path":"/api/v1/contents/db284a03-4f53-42a8-87d5-887a9f49982c","status":200,"duration_ms":3}
✔ 同一基础版本并发保存只有一个成功，恢复历史版本产生新快照 (40.990875ms)
{"event":"http.request","request_id":"f9664ffe-3b39-4d7c-8fd0-c086ac56b0ab","method":"POST","path":"/api/v1/members","status":201,"duration_ms":23}
{"event":"http.request","request_id":"39f3675e-e677-4470-9316-f89be0560237","method":"GET","path":"/api/v1/auth/csrf","status":200,"duration_ms":1}
{"event":"http.request","request_id":"53100f4e-29b3-4395-bec7-8179fba98eed","method":"POST","path":"/api/v1/auth/accept-invite","status":200,"duration_ms":19}
{"event":"http.request","request_id":"b315e4d1-60a3-4424-8627-743567beb675","method":"GET","path":"/api/v1/auth/csrf","status":200,"duration_ms":1}
{"event":"http.request","request_id":"39295fa7-8041-4a0e-9ce0-3ba655ab6b56","method":"POST","path":"/api/v1/auth/login","status":200,"duration_ms":19}
{"event":"http.request","request_id":"46c794ba-e56c-473d-b9af-d9e8fa0c06e0","method":"POST","path":"/api/v1/members","status":201,"duration_ms":23}
{"event":"http.request","request_id":"2d19348a-e119-4dd2-a42f-b8a2f576cab9","method":"GET","path":"/api/v1/auth/csrf","status":200,"duration_ms":0}
{"event":"http.request","request_id":"d8fd8d5e-16b7-4717-a92a-9c5b3c363665","method":"POST","path":"/api/v1/auth/accept-invite","status":200,"duration_ms":18}
{"event":"http.request","request_id":"f7cb2e99-747a-47fb-9d13-0994aeb6448e","method":"GET","path":"/api/v1/auth/csrf","status":200,"duration_ms":3}
{"event":"http.request","request_id":"2b2a5a52-48da-468f-aefe-219cd5361e2d","method":"POST","path":"/api/v1/auth/login","status":200,"duration_ms":20}
{"event":"http.request","request_id":"6aa6ebbe-354b-4dad-8f0b-c432708b7be4","method":"POST","path":"/api/v1/contents","status":201,"duration_ms":6}
{"event":"http.request","request_id":"d851b1d5-8dec-4f0e-b174-9199bfb3e1e2","method":"POST","path":"/api/v1/contents/b5d3bf82-e1dc-4ad8-87ed-ead993fb0a91/revisions","status":403,"duration_ms":3}
{"event":"http.request","request_id":"76510405-b908-4dff-a308-b9774dee96c7","method":"POST","path":"/api/v1/contents/b5d3bf82-e1dc-4ad8-87ed-ead993fb0a91/revisions","status":403,"duration_ms":2}
{"event":"http.request","request_id":"9faca04e-0ac3-4fc8-80ee-017d471fa6aa","method":"POST","path":"/api/v1/contents/b5d3bf82-e1dc-4ad8-87ed-ead993fb0a91/revisions","status":201,"duration_ms":5}
✔ 运营只能修改发布文案，不能改逐页制作内容；只读不能保存 (158.064291ms)
{"event":"http.request","request_id":"9949feb3-88a2-4e7a-8ac1-e1a8d64855e4","method":"POST","path":"/api/v1/contents","status":201,"duration_ms":9}
{"event":"http.request","request_id":"53365ab4-8fac-4e33-b389-b57212b2c234","method":"POST","path":"/api/v1/contents/9dfae96e-3a13-45b1-a11b-8d545c8595b4/revisions","status":422,"duration_ms":5}
{"event":"http.request","request_id":"a9ba382a-0f6d-42ac-97f1-9931eb72f600","method":"POST","path":"/api/v1/uploads","status":201,"duration_ms":9}
{"event":"http.request","request_id":"367e59d4-3702-41f1-91b8-3dd328f9d32b","method":"POST","path":"/api/v1/uploads/820ca052-a52a-48ab-98c4-d442cca77ebd/parts","status":200,"duration_ms":4}
{"event":"http.request","request_id":"eaa3bcf6-5803-4247-94ea-bc6bef5f9035","method":"PUT","path":"/api/v1/uploads/820ca052-a52a-48ab-98c4-d442cca77ebd/parts/1","status":200,"duration_ms":6}
{"event":"http.request","request_id":"1eacb1b1-5d99-4ead-bd39-c35ead396b0d","method":"POST","path":"/api/v1/uploads/820ca052-a52a-48ab-98c4-d442cca77ebd/complete","status":200,"duration_ms":9}
{"event":"http.request","request_id":"91379431-a582-4f71-a37b-98211e9e34a6","method":"POST","path":"/api/v1/contents/9dfae96e-3a13-45b1-a11b-8d545c8595b4/revisions","status":422,"duration_ms":5}
{"event":"http.request","request_id":"f8c2a9d7-711f-4ce3-859d-8e2212897311","method":"POST","path":"/api/v1/uploads","status":201,"duration_ms":6}
{"event":"http.request","request_id":"3da7ef59-4047-46f2-a5da-5cdb350b83e7","method":"POST","path":"/api/v1/uploads/813193fc-5905-4682-9046-db00cb01600e/parts","status":200,"duration_ms":4}
{"event":"http.request","request_id":"1ac7f6f9-657a-4311-934e-e7af75fa643b","method":"PUT","path":"/api/v1/uploads/813193fc-5905-4682-9046-db00cb01600e/parts/1","status":200,"duration_ms":5}
{"event":"http.request","request_id":"717a4fdb-aa36-4dc9-a96e-3eb63287e9e3","method":"POST","path":"/api/v1/uploads/813193fc-5905-4682-9046-db00cb01600e/complete","status":200,"duration_ms":8}
{"event":"http.request","request_id":"4483e0b3-2603-408c-bc5a-4ab6bc0c3b58","method":"POST","path":"/api/v1/contents/9dfae96e-3a13-45b1-a11b-8d545c8595b4/revisions","status":201,"duration_ms":6}
{"event":"http.request","request_id":"0ff95f6f-984f-4e61-9e21-48ae7b8357bd","method":"GET","path":"/api/v1/contents/9dfae96e-3a13-45b1-a11b-8d545c8595b4","status":200,"duration_ms":2}
✔ 图文成品只关联同空间已上传PNG原件，无效文件和PDF不能保存为发布图片 (104.037375ms)
{"event":"http.request","request_id":"6c24632a-095f-408a-bafa-44c7a11b14a5","method":"POST","path":"/api/v1/contents","status":201,"duration_ms":5}
{"event":"http.request","request_id":"0907f62a-cf4f-4c47-a33b-8ebccb86a547","method":"PATCH","path":"/api/v1/contents/3b008e00-8eb6-4188-9271-0cd1d8579905","status":200,"duration_ms":4}
{"event":"http.request","request_id":"6ab439a4-8d53-4b02-8df3-c56435460d5d","method":"GET","path":"/api/v1/contents","status":200,"duration_ms":3}
{"event":"http.request","request_id":"5bb7cc32-4d34-42aa-9170-e14e965b4247","method":"GET","path":"/api/v1/contents","status":200,"duration_ms":1}
{"event":"http.request","request_id":"c718dd55-2f2f-41dd-98fd-8b41937b152f","method":"GET","path":"/api/v1/contents","status":422,"duration_ms":1}
✔ 内容列表按形式、状态、负责人和计划时间过滤，非法筛选拒绝 (22.151584ms)
{"event":"http.request","request_id":"8e0deeac-a6b0-4227-abc9-e57225d1b6d4","method":"POST","path":"/api/v1/contents","status":201,"duration_ms":5}
{"event":"http.request","request_id":"dc4f5835-0132-476a-bea8-e08eabb1a3d1","method":"POST","path":"/api/v1/contents/e4c32099-71a7-412b-897e-c724b9889405/submit-review","status":422,"duration_ms":3}
{"event":"http.request","request_id":"ace02e79-ddcb-420d-866e-95f62582ec9d","method":"POST","path":"/api/v1/uploads","status":201,"duration_ms":5}
{"event":"http.request","request_id":"dca1ca2c-f763-4e9b-80c8-c515bb50547d","method":"POST","path":"/api/v1/uploads/e5da8267-c6a8-4f7b-858c-44fb3ec15658/parts","status":200,"duration_ms":3}
{"event":"http.request","request_id":"179a1e2e-1725-4adb-8622-9f8033cafc16","method":"PUT","path":"/api/v1/uploads/e5da8267-c6a8-4f7b-858c-44fb3ec15658/parts/1","status":200,"duration_ms":4}
{"event":"http.request","request_id":"08ac9a08-1b34-4643-92c2-38dee9b5a6d5","method":"POST","path":"/api/v1/uploads/e5da8267-c6a8-4f7b-858c-44fb3ec15658/complete","status":200,"duration_ms":8}
{"event":"http.request","request_id":"aafa2690-c7cf-466f-b3e2-3d1723634668","method":"POST","path":"/api/v1/contents","status":201,"duration_ms":5}
{"event":"http.request","request_id":"3feba504-c571-47d4-88e8-7c4d1be78bb2","method":"POST","path":"/api/v1/contents/ad0c8374-64d7-434a-9a99-11f7f8e6066f/revisions","status":201,"duration_ms":6}
{"event":"http.request","request_id":"2f5575a7-01eb-4e43-883c-b51b5186768f","method":"POST","path":"/api/v1/contents/ad0c8374-64d7-434a-9a99-11f7f8e6066f/submit-review","status":201,"duration_ms":5}
{"event":"http.request","request_id":"79556af4-63bc-4b2f-bfe0-c095467f9905","method":"GET","path":"/api/v1/contents/ad0c8374-64d7-434a-9a99-11f7f8e6066f","status":200,"duration_ms":2}
{"event":"http.request","request_id":"8dd99a32-459e-428c-922c-afb706b55978","method":"POST","path":"/api/v1/reviews/14cfc3cd-6989-4f9f-834d-d4cb6129cf6f/decide","status":200,"duration_ms":11}
{"event":"http.request","request_id":"7d553275-cfcd-4a19-bb97-ca10c3a4903d","method":"GET","path":"/api/v1/contents/ad0c8374-64d7-434a-9a99-11f7f8e6066f","status":200,"duration_ms":2}
✔ 提交审核拒绝缺失成品，完整PNG图文冻结并由有权成员显式批准 (157.959458ms)
{"event":"http.request","request_id":"0fdda437-8fd9-4d74-9f3c-dd97f9383b4b","method":"POST","path":"/api/v1/uploads","status":201,"duration_ms":5}
{"event":"http.request","request_id":"e6fa902c-bf13-4253-b5c4-233ea3014048","method":"POST","path":"/api/v1/uploads/34823f01-b9d1-4a2d-9105-af9c7a736545/parts","status":200,"duration_ms":3}
{"event":"http.request","request_id":"660eb798-4070-4bf6-b0ea-3174f6a97539","method":"PUT","path":"/api/v1/uploads/34823f01-b9d1-4a2d-9105-af9c7a736545/parts/1","status":200,"duration_ms":4}
{"event":"http.request","request_id":"8219fa58-b0ad-43fc-a346-3ed59a777f7d","method":"POST","path":"/api/v1/uploads/34823f01-b9d1-4a2d-9105-af9c7a736545/complete","status":200,"duration_ms":7}
{"event":"http.request","request_id":"7f8cb224-1eef-4eba-9949-4d3c275d021e","method":"POST","path":"/api/v1/contents","status":201,"duration_ms":5}
{"event":"http.request","request_id":"0adf202b-1247-4a9c-91c7-9df66ef2683b","method":"POST","path":"/api/v1/contents/d27b253b-4e49-499d-a58b-0dce5111009b/revisions","status":201,"duration_ms":5}
{"event":"http.request","request_id":"2f53bd10-4180-48a1-a32b-6a15e8d4b7ea","method":"POST","path":"/api/v1/contents/d27b253b-4e49-499d-a58b-0dce5111009b/submit-review","status":201,"duration_ms":4}
{"event":"http.request","request_id":"8ee743f6-5237-420f-ae20-b26291061086","method":"GET","path":"/api/v1/contents/d27b253b-4e49-499d-a58b-0dce5111009b","status":200,"duration_ms":2}
{"event":"http.request","request_id":"880115f4-1a4a-4715-9e9d-96bbbad420fc","method":"POST","path":"/api/v1/contents/d27b253b-4e49-499d-a58b-0dce5111009b/revisions","status":409,"duration_ms":2}
{"event":"http.request","request_id":"b0fac869-923d-4592-8b07-6d7aaac5c3ac","method":"POST","path":"/api/v1/reviews/53c7b72b-9f7a-4e67-b5fb-ba39a1095c14/withdraw","status":200,"duration_ms":5}
{"event":"http.request","request_id":"f04afb90-3193-4fc1-b352-d9fec9701c31","method":"GET","path":"/api/v1/contents/d27b253b-4e49-499d-a58b-0dce5111009b","status":200,"duration_ms":2}
{"event":"http.request","request_id":"dfeb4b33-cc57-4c40-a736-53770d3a2211","method":"POST","path":"/api/v1/contents/d27b253b-4e49-499d-a58b-0dce5111009b/submit-review","status":201,"duration_ms":5}
{"event":"http.request","request_id":"050635fc-848b-42f5-867c-276c2e319fb3","method":"POST","path":"/api/v1/reviews/38155d65-ee08-4de5-a9d8-9a88001199b4/decide","status":200,"duration_ms":6}
{"event":"http.request","request_id":"8e7096fb-4b95-4d14-a5b6-40f129ca09b5","method":"GET","path":"/api/v1/contents/d27b253b-4e49-499d-a58b-0dce5111009b","status":200,"duration_ms":2}
{"event":"http.request","request_id":"1bdf782b-b784-4485-8dbb-c3b1d8769abf","method":"POST","path":"/api/v1/contents/d27b253b-4e49-499d-a58b-0dce5111009b/submit-review","status":201,"duration_ms":5}
{"event":"http.request","request_id":"51aba057-9736-4d7c-86fa-806ba1dfe678","method":"POST","path":"/api/v1/reviews/a4182667-682a-433d-89a4-efd973fc926e/decide","status":200,"duration_ms":5}
{"event":"http.request","request_id":"9c17221d-7630-4afb-b7ce-d1a67debdee8","method":"GET","path":"/api/v1/contents/d27b253b-4e49-499d-a58b-0dce5111009b","status":200,"duration_ms":3}
{"event":"http.request","request_id":"69a4ac54-c33f-4588-a6c8-a968710f432c","method":"PATCH","path":"/api/v1/contents/d27b253b-4e49-499d-a58b-0dce5111009b","status":200,"duration_ms":4}
{"event":"http.request","request_id":"e74235c0-5ecf-4aa0-99d3-c709ec874305","method":"GET","path":"/api/v1/contents/d27b253b-4e49-499d-a58b-0dce5111009b","status":200,"duration_ms":2}
{"event":"http.request","request_id":"d35d014d-2dcc-4069-9825-6376ff630544","method":"POST","path":"/api/v1/contents/d27b253b-4e49-499d-a58b-0dce5111009b/revisions","status":201,"duration_ms":6}
{"event":"http.request","request_id":"98d285d9-f1c2-424e-977a-c38792ac0996","method":"GET","path":"/api/v1/contents/d27b253b-4e49-499d-a58b-0dce5111009b","status":200,"duration_ms":2}
✔ 审核中禁止编辑，撤回和退回派生新稿；批准后改载荷重审，内部备注不使批准失效 (96.770208ms)
{"event":"http.request","request_id":"2fac7155-4f5d-4b80-8122-85e31019de56","method":"POST","path":"/api/v1/members","status":201,"duration_ms":23}
{"event":"http.request","request_id":"93f250ec-9f4a-4970-825e-076fec7935eb","method":"GET","path":"/api/v1/auth/csrf","status":200,"duration_ms":1}
{"event":"http.request","request_id":"377e1b61-757d-4c40-afdc-a5a29275299b","method":"POST","path":"/api/v1/auth/accept-invite","status":200,"duration_ms":18}
{"event":"http.request","request_id":"af8f787b-c30a-4803-b974-d0011416ab87","method":"GET","path":"/api/v1/auth/csrf","status":200,"duration_ms":1}
{"event":"http.request","request_id":"fa5b35b0-87f3-4ade-9fe0-7852841aba4b","method":"POST","path":"/api/v1/auth/login","status":200,"duration_ms":17}
{"event":"http.request","request_id":"d961fc04-8110-4087-b60e-3cf8cef814dd","method":"POST","path":"/api/v1/uploads","status":201,"duration_ms":5}
{"event":"http.request","request_id":"57d0dd93-697e-4e78-ad8d-7d84cce6d926","method":"POST","path":"/api/v1/uploads/fe9d9d67-322c-4157-99b3-2c4dcff0ef17/parts","status":200,"duration_ms":4}
{"event":"http.request","request_id":"bb5cf6d4-b0a9-4fb2-9dd8-73f0c95e86a5","method":"PUT","path":"/api/v1/uploads/fe9d9d67-322c-4157-99b3-2c4dcff0ef17/parts/1","status":200,"duration_ms":4}
{"event":"http.request","request_id":"2254dd44-3f98-4ce4-8971-022f9f79c388","method":"POST","path":"/api/v1/uploads/fe9d9d67-322c-4157-99b3-2c4dcff0ef17/complete","status":200,"duration_ms":7}
{"event":"http.request","request_id":"8940e3b2-483e-4425-9467-00afce567169","method":"POST","path":"/api/v1/contents","status":201,"duration_ms":4}
{"event":"http.request","request_id":"9e24e9f7-c16e-4fd5-affb-89f005213c45","method":"POST","path":"/api/v1/contents/d938baf3-c51f-4128-afd9-ff840b21bc3c/revisions","status":201,"duration_ms":5}
{"event":"http.request","request_id":"e52ae1ce-c014-496d-bb1b-77a91aae6ea5","method":"POST","path":"/api/v1/contents/d938baf3-c51f-4128-afd9-ff840b21bc3c/submit-review","status":201,"duration_ms":5}
{"event":"http.request","request_id":"19b8b099-5404-432b-a0c2-7c8a15c89573","method":"POST","path":"/api/v1/reviews/acec4d8e-4a07-4d6d-843c-4d4f54344e6d/decide","status":403,"duration_ms":2}
{"event":"http.request","request_id":"dd47dc86-3e41-45e1-bbac-3acc5c4f4d8c","method":"POST","path":"/api/v1/reviews/acec4d8e-4a07-4d6d-843c-4d4f54344e6d/decide","status":200,"duration_ms":5}
{"event":"http.request","request_id":"c12ed80d-9ca4-48b1-9e18-292300a4ac53","method":"POST","path":"/api/v1/reviews/acec4d8e-4a07-4d6d-843c-4d4f54344e6d/withdraw","status":409,"duration_ms":6}
✔ 制作角色不能批准，批准与撤回并发只有一个事务成功 (110.537791ms)
{"event":"http.request","request_id":"4f7cb018-4b7a-419d-b4df-689fdc6a330e","method":"POST","path":"/api/v1/uploads","status":201,"duration_ms":5}
{"event":"http.request","request_id":"c73def6a-3551-42c6-8684-927961ff7be8","method":"POST","path":"/api/v1/uploads/7c01720a-6eb2-4017-abe7-ee638a15c079/parts","status":200,"duration_ms":3}
{"event":"http.request","request_id":"fa53b9a6-c7f2-4a1e-8f32-8b48b5f7247f","method":"PUT","path":"/api/v1/uploads/7c01720a-6eb2-4017-abe7-ee638a15c079/parts/1","status":200,"duration_ms":3}
{"event":"http.request","request_id":"420e66a7-dde9-478b-9c34-29359f921187","method":"POST","path":"/api/v1/uploads/7c01720a-6eb2-4017-abe7-ee638a15c079/complete","status":200,"duration_ms":7}
{"event":"http.request","request_id":"4ee846a0-84d2-49ba-a74c-4b1603ac2a2f","method":"POST","path":"/api/v1/contents","status":201,"duration_ms":5}
{"event":"http.request","request_id":"9adb1551-9437-4db7-845e-1df7fce20ee2","method":"POST","path":"/api/v1/contents/7e7da126-5912-456b-896b-65462e928ad9/revisions","status":201,"duration_ms":5}
{"event":"http.request","request_id":"375b7587-055b-44e5-af82-3c7e00c0b882","method":"POST","path":"/api/v1/assets","status":201,"duration_ms":4}
{"event":"http.request","request_id":"13b23749-f101-4627-b76e-5196e70480ce","method":"POST","path":"/api/v1/assets/fbeb61ef-6394-44ba-bc91-839692e113cf/confirm","status":200,"duration_ms":4}
{"event":"http.request","request_id":"765a7fdc-0893-4973-919f-b6a62147c77a","method":"POST","path":"/api/v1/contents/7e7da126-5912-456b-896b-65462e928ad9/revisions","status":201,"duration_ms":6}
{"event":"http.request","request_id":"19a19fbc-4a1e-4564-975b-6edeb60f4c64","method":"POST","path":"/api/v1/contents/7e7da126-5912-456b-896b-65462e928ad9/submit-review","status":201,"duration_ms":5}
{"event":"http.request","request_id":"70210a82-8c0a-4b78-83e5-a085bc0f55e9","method":"POST","path":"/api/v1/assets/fbeb61ef-6394-44ba-bc91-839692e113cf/retire","status":200,"duration_ms":4}
{"event":"http.request","request_id":"4036d434-ddd1-4ffd-a409-999f3be53a75","method":"POST","path":"/api/v1/reviews/a349256c-9b55-40d8-8341-220fc3165cd2/decide","status":422,"duration_ms":4}
{"event":"http.request","request_id":"9d5bb7c7-fd66-4e37-affb-c435a7ba63c2","method":"POST","path":"/api/v1/reviews/a349256c-9b55-40d8-8341-220fc3165cd2/withdraw","status":200,"duration_ms":6}
{"event":"http.request","request_id":"d7696e8e-fb20-448c-a5ea-9fa255d44c1a","method":"GET","path":"/api/v1/contents/7e7da126-5912-456b-896b-65462e928ad9","status":200,"duration_ms":3}
{"event":"http.request","request_id":"f59a596a-50b3-49f1-9eda-100212745fe1","method":"POST","path":"/api/v1/contents/7e7da126-5912-456b-896b-65462e928ad9/revisions","status":201,"duration_ms":5}
✔ 素材停用阻止批准但仍能撤回修稿，冻结历史引用保留 (89.434958ms)
{"event":"http.request","request_id":"ca65de49-6b85-49e3-be51-8d019c6ffda8","method":"POST","path":"/api/v1/contents","status":201,"duration_ms":4}
{"event":"http.request","request_id":"ab991621-4e1b-4f6f-a609-b7474c09e5e3","method":"POST","path":"/api/v1/contents/b773ddb9-6474-40a8-8fa0-07f86818a5f9/start-production","status":200,"duration_ms":4}
{"event":"http.request","request_id":"e8f6924c-8c6c-479e-97d1-d0afae747c84","method":"POST","path":"/api/v1/contents/b773ddb9-6474-40a8-8fa0-07f86818a5f9/cancel","status":200,"duration_ms":5}
{"event":"http.request","request_id":"0c290327-d0bb-4665-be0e-7452c68c0ae8","method":"GET","path":"/api/v1/contents/b773ddb9-6474-40a8-8fa0-07f86818a5f9","status":200,"duration_ms":2}
{"event":"http.request","request_id":"5575817c-f25a-4213-b8dd-abf54bbd57e2","method":"POST","path":"/api/v1/contents/b773ddb9-6474-40a8-8fa0-07f86818a5f9/submit-review","status":409,"duration_ms":3}
✔ 开始制作保存估时，取消保留理由和版本历史且不能再提审 (18.692041ms)
{"event":"http.request","request_id":"aefe658f-3d10-4622-a140-9b76c88306af","method":"POST","path":"/api/v1/uploads","status":201,"duration_ms":5}
{"event":"http.request","request_id":"9353b913-1a32-41f4-a259-e162f854ece8","method":"POST","path":"/api/v1/uploads/937e7835-69c8-4205-a0ce-4f1f5c9b761f/parts","status":200,"duration_ms":4}
{"event":"http.request","request_id":"cadfa49b-8d7e-4302-820e-e7030d2b57ba","method":"PUT","path":"/api/v1/uploads/937e7835-69c8-4205-a0ce-4f1f5c9b761f/parts/1","status":200,"duration_ms":4}
{"event":"http.request","request_id":"63c01525-59ad-4bf2-af50-e9a19df307c6","method":"POST","path":"/api/v1/uploads/937e7835-69c8-4205-a0ce-4f1f5c9b761f/complete","status":200,"duration_ms":7}
{"event":"http.request","request_id":"11e07e70-9f68-4733-b4a4-6a0a8191b2ca","method":"POST","path":"/api/v1/contents","status":201,"duration_ms":4}
{"event":"http.request","request_id":"f28bcfd4-f857-4714-a1af-be41f6157840","method":"POST","path":"/api/v1/contents/7cd2b586-c4bb-4475-af6e-6e53b03d4a1e/revisions","status":201,"duration_ms":5}
{"event":"http.request","request_id":"6f92baaa-9f2e-426d-bdb4-3dbcf3dcdea1","method":"POST","path":"/api/v1/contents/7cd2b586-c4bb-4475-af6e-6e53b03d4a1e/submit-review","status":201,"duration_ms":5}
{"event":"http.request","request_id":"d5113757-e1a8-49be-8cec-b956097add19","method":"POST","path":"/api/v1/reviews/68ca1786-6941-47ae-9803-43f78f3e8c5f/decide","status":200,"duration_ms":8}
{"event":"http.request","request_id":"15d713ef-8182-4628-b474-d9049094072a","method":"GET","path":"/api/v1/contents/7cd2b586-c4bb-4475-af6e-6e53b03d4a1e","status":200,"duration_ms":3}
{"event":"http.request","request_id":"bebec70c-6388-483c-84a4-859dd58225a0","method":"POST","path":"/api/v1/contents/7cd2b586-c4bb-4475-af6e-6e53b03d4a1e/export-package","status":202,"duration_ms":6}
{"event":"http.request","request_id":"f35f6704-3c4f-4f30-b6a5-c37a88778581","method":"GET","path":"/api/v1/export-packages/b69a3cc9-acc1-41ab-b578-5166eef3a38f","status":200,"duration_ms":2}
{"event":"job.claimed","job_id":"58d9564b-71f9-40f2-9280-59e063049dd1","request_id":"bebec70c-6388-483c-84a4-859dd58225a0","pool":"general","attempt":1}
{"event":"http.request","request_id":"c5f21a66-087b-492f-977f-c1ef7b25acb2","method":"GET","path":"/api/v1/export-packages/b69a3cc9-acc1-41ab-b578-5166eef3a38f","status":200,"duration_ms":3}
{"event":"http.request","request_id":"c6d31f49-8bec-41a2-8498-14b4b6b6c3d6","method":"GET","path":"/api/v1/export-packages/b69a3cc9-acc1-41ab-b578-5166eef3a38f/download","status":200,"duration_ms":18}
{"event":"http.request","request_id":"95a1b430-b04a-44a7-9f80-b2d574901b21","method":"POST","path":"/api/v1/contents/7cd2b586-c4bb-4475-af6e-6e53b03d4a1e/revisions","status":201,"duration_ms":13}
{"event":"http.request","request_id":"30b8d959-e8c4-4729-8688-73e3d2364747","method":"GET","path":"/api/v1/export-packages/b69a3cc9-acc1-41ab-b578-5166eef3a38f/download","status":409,"duration_ms":4}
{"event":"http.request","request_id":"966a0d05-cf12-4df1-b19a-7874b484a9cb","method":"GET","path":"/api/v1/files/3352bd58-e7b6-4d6c-a6a3-6ab79d4aeed3/download","status":409,"duration_ms":4}
✔ 发布包异步打包批准版本，下载PNG原件、页序和文案与批准内容一致 (1131.258375ms)
{"event":"http.request","request_id":"8b462199-e212-406f-b383-9f055f58fd7d","method":"POST","path":"/api/v1/uploads","status":201,"duration_ms":9}
{"event":"http.request","request_id":"45ef03ff-42c0-4a9f-b588-e54eddb6f143","method":"POST","path":"/api/v1/uploads/e866f831-5700-4661-97da-1e263c802b02/parts","status":200,"duration_ms":6}
{"event":"http.request","request_id":"93973e3b-ccef-43ed-9a6d-507b88972740","method":"PUT","path":"/api/v1/uploads/e866f831-5700-4661-97da-1e263c802b02/parts/1","status":200,"duration_ms":7}
{"event":"http.request","request_id":"f8e697a8-169c-4649-aa3f-900595d08a9a","method":"POST","path":"/api/v1/uploads/e866f831-5700-4661-97da-1e263c802b02/complete","status":200,"duration_ms":14}
{"event":"http.request","request_id":"feca0a18-97f4-4d43-a6e6-b919271fe655","method":"POST","path":"/api/v1/contents","status":201,"duration_ms":8}
{"event":"http.request","request_id":"e6ed2856-fb3b-4415-ba1c-32418b059596","method":"POST","path":"/api/v1/contents/92673f6e-e430-4771-bdb5-30d9511b5227/revisions","status":201,"duration_ms":8}
{"event":"http.request","request_id":"91bec865-f005-4a6d-af6c-bfea2da4c0c2","method":"POST","path":"/api/v1/contents/92673f6e-e430-4771-bdb5-30d9511b5227/submit-review","status":201,"duration_ms":7}
{"event":"http.request","request_id":"2b39c63c-fe8a-4975-9da6-baff6ba199b7","method":"POST","path":"/api/v1/reviews/dec5fc5e-f647-4dc5-a6a4-444098518b92/decide","status":200,"duration_ms":8}
{"event":"http.request","request_id":"ec1b2523-ef37-464b-9db9-50fe5fe61591","method":"GET","path":"/api/v1/contents/92673f6e-e430-4771-bdb5-30d9511b5227","status":200,"duration_ms":3}
{"event":"http.request","request_id":"4cb78533-497f-444d-a6b5-53bb0b00587f","method":"POST","path":"/api/v1/publication-drafts","status":201,"duration_ms":6}
{"event":"http.request","request_id":"cebc3603-3e50-474f-8b1e-d4209c0e556d","method":"GET","path":"/api/v1/contents/92673f6e-e430-4771-bdb5-30d9511b5227","status":200,"duration_ms":3}
{"event":"http.request","request_id":"20f8f977-3991-46f1-abea-b0dfef8d97e0","method":"POST","path":"/api/v1/publications","status":422,"duration_ms":4}
{"event":"http.request","request_id":"8a778b59-3bc3-44f5-b795-0251f8367fd6","method":"POST","path":"/api/v1/publications","status":422,"duration_ms":4}
{"event":"http.request","request_id":"60bd1de7-7599-4c38-983a-9a1b8bb8d3bf","method":"POST","path":"/api/v1/publications","status":201,"duration_ms":7}
{"event":"http.request","request_id":"5a0dd02a-c065-4423-99a4-2d422c0c20de","method":"GET","path":"/api/v1/contents/92673f6e-e430-4771-bdb5-30d9511b5227","status":200,"duration_ms":3}
{"event":"http.request","request_id":"4511a051-b1f3-4b43-b6bc-38f8c1d580fc","method":"POST","path":"/api/v1/uploads","status":201,"duration_ms":8}
{"event":"http.request","request_id":"69d32aa4-c9a9-4637-834c-4e6a20055ef5","method":"POST","path":"/api/v1/uploads/a40eb6cc-e947-4764-a82c-a38c897ae2a6/parts","status":200,"duration_ms":4}
{"event":"http.request","request_id":"c67df554-4687-4a9b-9f1c-46d01ec47d8e","method":"PUT","path":"/api/v1/uploads/a40eb6cc-e947-4764-a82c-a38c897ae2a6/parts/1","status":200,"duration_ms":6}
{"event":"http.request","request_id":"d9146134-6d96-4e1a-a346-c47e354928f1","method":"POST","path":"/api/v1/uploads/a40eb6cc-e947-4764-a82c-a38c897ae2a6/complete","status":200,"duration_ms":11}
{"event":"http.request","request_id":"90d9dbd9-a27d-4f0d-86ef-baa8bd1f7319","method":"POST","path":"/api/v1/contents","status":201,"duration_ms":6}
{"event":"http.request","request_id":"27c0f366-27cc-4bfd-87d1-6054c583f1da","method":"POST","path":"/api/v1/contents/c5f67120-f3dd-42ec-947a-3179b8e14269/revisions","status":201,"duration_ms":6}
{"event":"http.request","request_id":"5e7dffff-fce0-473d-b47a-eecaf1275ec5","method":"POST","path":"/api/v1/contents/c5f67120-f3dd-42ec-947a-3179b8e14269/submit-review","status":201,"duration_ms":5}
{"event":"http.request","request_id":"b6b88dfc-066b-46de-bd0e-f4bf989cc748","method":"POST","path":"/api/v1/reviews/46b27633-7364-4d9a-9452-2ed32e0c8ba1/decide","status":200,"duration_ms":5}
{"event":"http.request","request_id":"4ffa49f6-e766-4cb5-a0b3-25073863996c","method":"GET","path":"/api/v1/contents/c5f67120-f3dd-42ec-947a-3179b8e14269","status":200,"duration_ms":3}
{"event":"http.request","request_id":"480a9c91-23ad-4733-8213-d311ca665e68","method":"POST","path":"/api/v1/publications","status":409,"duration_ms":4}
✔ 缺笔记ID暂存不算发布，正式登记锁定批准版本、账号和唯一笔记并持久回收事件 (188.252291ms)
{"event":"http.request","request_id":"7f39a7f8-8ebc-406a-8011-38518d2f56b3","method":"POST","path":"/api/v1/uploads","status":201,"duration_ms":5}
{"event":"http.request","request_id":"359f9981-fa7f-40f8-a224-1a3f7e24bcdd","method":"POST","path":"/api/v1/uploads/2c728203-5c96-4efb-87f0-26aa9ed0f250/parts","status":200,"duration_ms":3}
{"event":"http.request","request_id":"3f57c7c0-1bb4-4eeb-b911-1c2afc40595b","method":"PUT","path":"/api/v1/uploads/2c728203-5c96-4efb-87f0-26aa9ed0f250/parts/1","status":200,"duration_ms":4}
{"event":"http.request","request_id":"24c047e5-29f7-4fce-a518-2d50c953f2a1","method":"POST","path":"/api/v1/uploads/2c728203-5c96-4efb-87f0-26aa9ed0f250/complete","status":200,"duration_ms":7}
{"event":"http.request","request_id":"0e974e63-67d8-40e7-bc8b-3b0c9d0a7c4b","method":"POST","path":"/api/v1/contents","status":201,"duration_ms":5}
{"event":"http.request","request_id":"07c97191-290f-4be9-ad35-33235e3c2d2e","method":"POST","path":"/api/v1/contents/a851dba9-dc0b-44e2-b23d-ab83208fa903/revisions","status":201,"duration_ms":5}
{"event":"http.request","request_id":"a192c92e-c154-4e51-9bb0-ac36f4905af3","method":"POST","path":"/api/v1/contents/a851dba9-dc0b-44e2-b23d-ab83208fa903/submit-review","status":201,"duration_ms":5}
{"event":"http.request","request_id":"1e147acc-249b-4a4c-a4e2-d9761cc8f989","method":"POST","path":"/api/v1/reviews/93bf12a2-3db6-4110-9e6a-8be75c51404b/decide","status":200,"duration_ms":5}
{"event":"http.request","request_id":"bc8e86ca-987b-4eb4-b21d-4d72615f1f53","method":"GET","path":"/api/v1/contents/a851dba9-dc0b-44e2-b23d-ab83208fa903","status":200,"duration_ms":2}
{"event":"http.request","request_id":"2391c3ea-704b-4531-804b-b91c043bc5ac","method":"POST","path":"/api/v1/publications","status":201,"duration_ms":4}
{"event":"http.request","request_id":"19985262-8880-40bb-aaa4-3fb5faed8ffa","method":"GET","path":"/api/v1/contents/a851dba9-dc0b-44e2-b23d-ab83208fa903","status":200,"duration_ms":2}
{"event":"http.request","request_id":"62d1315b-0c6d-4ab4-a1b8-2fa92fb88996","method":"POST","path":"/api/v1/contents/a851dba9-dc0b-44e2-b23d-ab83208fa903/create-revision-work-item","status":201,"duration_ms":7}
{"event":"http.request","request_id":"0f2d2d09-058b-4418-82f2-7a50bbed7156","method":"GET","path":"/api/v1/contents/0298eee7-f3f0-4a9f-a929-1d5d462c5591","status":200,"duration_ms":2}
{"event":"http.request","request_id":"0bd9faf8-5e11-43f2-b305-d329ac92c85c","method":"GET","path":"/api/v1/contents/a851dba9-dc0b-44e2-b23d-ab83208fa903","status":200,"duration_ms":2}
{"event":"http.request","request_id":"5e3af680-a09d-4ccc-b4fb-485f1ebff241","method":"GET","path":"/api/v1/publications/fa231c46-3970-4814-94f5-046536003849","status":200,"duration_ms":2}
✔ 已发布内容派生独立修订工作项，原稿和文件归档保持不变 (71.422125ms)
{"event":"http.request","request_id":"7949d099-6b44-4480-a23d-93c944f2ffbd","method":"POST","path":"/api/v1/uploads","status":201,"duration_ms":5}
{"event":"http.request","request_id":"f2f62f2c-90ce-4fa7-a454-070a2157449e","method":"POST","path":"/api/v1/uploads/41a46869-3ba6-49e2-8641-2c266c4e1545/parts","status":200,"duration_ms":3}
{"event":"http.request","request_id":"d4c7e8cf-3cf0-4f42-b18d-499dff41d618","method":"PUT","path":"/api/v1/uploads/41a46869-3ba6-49e2-8641-2c266c4e1545/parts/1","status":200,"duration_ms":4}
{"event":"http.request","request_id":"c4061dec-4af5-4abb-adea-bb1083478d5b","method":"POST","path":"/api/v1/uploads/41a46869-3ba6-49e2-8641-2c266c4e1545/complete","status":200,"duration_ms":14}
{"event":"http.request","request_id":"466899c7-dbd3-4646-b880-d3cec3955d3c","method":"POST","path":"/api/v1/contents","status":201,"duration_ms":5}
{"event":"http.request","request_id":"bbcc55d9-d73c-44b3-8816-701e5bbe155a","method":"POST","path":"/api/v1/contents/3a6cdcde-b8f8-449c-9775-8010471a0135/revisions","status":201,"duration_ms":5}
{"event":"http.request","request_id":"ecd76c85-e9d0-4da6-87c0-f40dbe5c9c72","method":"POST","path":"/api/v1/contents/3a6cdcde-b8f8-449c-9775-8010471a0135/submit-review","status":201,"duration_ms":5}
{"event":"http.request","request_id":"ac0adf29-1393-4ca2-89f5-94c0d0c35273","method":"POST","path":"/api/v1/reviews/0623d0b1-21b0-4335-82b5-ba516ab5763c/decide","status":200,"duration_ms":5}
{"event":"http.request","request_id":"5b6b1dab-d5b6-440a-b96f-31d3fd454c54","method":"GET","path":"/api/v1/contents/3a6cdcde-b8f8-449c-9775-8010471a0135","status":200,"duration_ms":2}
{"event":"http.request","request_id":"0a139f5c-1bd6-4a3b-b54e-960b8246095d","method":"POST","path":"/api/v1/publications","status":201,"duration_ms":5}
{"event":"http.request","request_id":"2c10aa85-f0c9-4694-87fb-3bf35806d4b3","method":"GET","path":"/api/v1/contents/3a6cdcde-b8f8-449c-9775-8010471a0135","status":200,"duration_ms":2}
{"event":"http.request","request_id":"7e7f282b-1d08-4eab-b761-36db61ce58e3","method":"POST","path":"/api/v1/contents/3a6cdcde-b8f8-449c-9775-8010471a0135/create-revision-work-item","status":201,"duration_ms":7}
{"event":"http.request","request_id":"679891bf-402d-4d0e-9ef2-fee3461a7cdb","method":"GET","path":"/api/v1/contents/c5b8c94d-51d4-40bc-a897-43c8d207e462","status":200,"duration_ms":2}
{"event":"http.request","request_id":"9b7c55d6-18f4-45f2-a343-692498a900f6","method":"POST","path":"/api/v1/publications/6a3124ef-3500-46f8-8b30-b728b50c1e04/changes","status":409,"duration_ms":4}
{"event":"http.request","request_id":"e4f935ba-697a-483b-be66-493e12c744d4","method":"POST","path":"/api/v1/contents/c5b8c94d-51d4-40bc-a897-43c8d207e462/revisions","status":201,"duration_ms":5}
{"event":"http.request","request_id":"9f3107a3-0a6b-4b8f-a969-9f07a11e9f04","method":"POST","path":"/api/v1/contents/c5b8c94d-51d4-40bc-a897-43c8d207e462/submit-review","status":201,"duration_ms":4}
{"event":"http.request","request_id":"ad10d8ab-0ad9-4f0d-b389-c26ef041b656","method":"POST","path":"/api/v1/reviews/c7e855ba-7701-47d2-b64c-8142a7ab69d7/decide","status":200,"duration_ms":4}
{"event":"http.request","request_id":"0dcc2cf5-44b9-474c-bb77-a2f9e187dd54","method":"GET","path":"/api/v1/contents/c5b8c94d-51d4-40bc-a897-43c8d207e462","status":200,"duration_ms":2}
{"event":"http.request","request_id":"852a5ebe-6ae2-4880-9b5d-37abca7dd85d","method":"POST","path":"/api/v1/publications/6a3124ef-3500-46f8-8b30-b728b50c1e04/changes","status":201,"duration_ms":6}
{"event":"http.request","request_id":"15bb019d-792b-447f-9854-0853b3707a9f","method":"POST","path":"/api/v1/publications/6a3124ef-3500-46f8-8b30-b728b50c1e04/changes","status":409,"duration_ms":7}
{"event":"http.request","request_id":"7979620d-28f3-49df-93ca-2778f657f332","method":"GET","path":"/api/v1/publications/6a3124ef-3500-46f8-8b30-b728b50c1e04","status":200,"duration_ms":2}
{"event":"http.request","request_id":"4805de04-3c29-4ab9-9839-834e4dfefac3","method":"GET","path":"/api/v1/contents/c5b8c94d-51d4-40bc-a897-43c8d207e462","status":200,"duration_ms":2}
{"event":"http.request","request_id":"68cbbf5c-1780-4658-a868-bb1b8ca2eba7","method":"GET","path":"/api/v1/contents/3a6cdcde-b8f8-449c-9775-8010471a0135","status":200,"duration_ms":2}
✔ 外部编辑必须关联重新批准的修订工作项，初次版本不变并拒绝重复并发确认 (115.685959ms)
{"event":"http.request","request_id":"a1216399-3e08-4044-9ce7-20c222d05504","method":"POST","path":"/api/v1/uploads","status":201,"duration_ms":5}
{"event":"http.request","request_id":"71a170ba-69e6-4535-a145-ab321f0d9e53","method":"POST","path":"/api/v1/uploads/edc47009-1a7f-4c7a-8b10-c74ddead717c/parts","status":200,"duration_ms":4}
{"event":"http.request","request_id":"ae1d19ed-0104-4970-a2c6-b5345d9baa5e","method":"PUT","path":"/api/v1/uploads/edc47009-1a7f-4c7a-8b10-c74ddead717c/parts/1","status":200,"duration_ms":4}
{"event":"http.request","request_id":"afdcddba-947e-4dfe-aba2-3b8851ca64ec","method":"POST","path":"/api/v1/uploads/edc47009-1a7f-4c7a-8b10-c74ddead717c/complete","status":200,"duration_ms":7}
{"event":"http.request","request_id":"7da41451-e080-4b56-add3-21b5ae7086ba","method":"POST","path":"/api/v1/contents","status":201,"duration_ms":4}
{"event":"http.request","request_id":"920ec7df-e8fb-441f-9ced-8c14fd725c5c","method":"POST","path":"/api/v1/contents/783ba5c1-2740-419a-8b51-56a836875978/revisions","status":201,"duration_ms":5}
{"event":"http.request","request_id":"6db8f771-aab0-4f3c-b288-11280ac9197e","method":"POST","path":"/api/v1/contents/783ba5c1-2740-419a-8b51-56a836875978/submit-review","status":201,"duration_ms":5}
{"event":"http.request","request_id":"db2e350d-f838-4d4a-b7c5-def246dbe3f8","method":"POST","path":"/api/v1/reviews/8b77c639-ba99-46f8-bdc3-9869e5830dd2/decide","status":200,"duration_ms":4}
{"event":"http.request","request_id":"3b61da95-2340-42f0-8980-e2d2026c2499","method":"GET","path":"/api/v1/contents/783ba5c1-2740-419a-8b51-56a836875978","status":200,"duration_ms":2}
{"event":"http.request","request_id":"c60a9720-89d7-402f-a6c5-f204bbaa6d7d","method":"POST","path":"/api/v1/publications","status":201,"duration_ms":5}
{"event":"http.request","request_id":"5b4e8eac-395d-4565-8b3f-f0f6f27d638a","method":"POST","path":"/api/v1/publications/cf7b5dc8-4c46-41b3-a4d7-8605bed67067/changes","status":201,"duration_ms":4}
{"event":"http.request","request_id":"ffe13917-3acb-4200-9675-3cbdb3131e98","method":"GET","path":"/api/v1/publications/cf7b5dc8-4c46-41b3-a4d7-8605bed67067","status":200,"duration_ms":2}
{"event":"http.request","request_id":"14d5cc6e-d6c3-4239-9f9e-4ea907d9167d","method":"POST","path":"/api/v1/publications/cf7b5dc8-4c46-41b3-a4d7-8605bed67067/changes","status":409,"duration_ms":3}
{"event":"http.request","request_id":"2dd4d364-44ed-4b9e-a987-259461df142f","method":"GET","path":"/api/v1/contents/783ba5c1-2740-419a-8b51-56a836875978","status":200,"duration_ms":2}
{"event":"http.request","request_id":"abe07b1a-9a85-4976-80d5-1d58a3264536","method":"POST","path":"/api/v1/contents/783ba5c1-2740-419a-8b51-56a836875978/create-revision-work-item","status":201,"duration_ms":6}
{"event":"http.request","request_id":"ddd507a7-3f96-4da8-8c59-c219edbb28c1","method":"GET","path":"/api/v1/contents/e210ad81-bf67-4e10-9c63-2c3e6d1c5bcf","status":200,"duration_ms":2}
{"event":"http.request","request_id":"514f8161-ee86-40d1-8cfa-46590ceda8a0","method":"POST","path":"/api/v1/contents/e210ad81-bf67-4e10-9c63-2c3e6d1c5bcf/submit-review","status":201,"duration_ms":4}
{"event":"http.request","request_id":"dc1639fe-0f46-4548-9d9e-9e312bcfc9c2","method":"POST","path":"/api/v1/reviews/ee1b6791-60ca-4320-a881-3c2029907d79/decide","status":200,"duration_ms":5}
{"event":"http.request","request_id":"988ccec1-c77b-4eee-8c2e-2b10e848ed2e","method":"GET","path":"/api/v1/contents/e210ad81-bf67-4e10-9c63-2c3e6d1c5bcf","status":200,"duration_ms":2}
{"event":"http.request","request_id":"d5413d7e-fbfc-4c43-bc50-610b2ce46df9","method":"POST","path":"/api/v1/publications","status":201,"duration_ms":5}
{"event":"http.request","request_id":"7a9762ba-d4d2-4275-9ce0-6f961d99c1de","method":"POST","path":"/api/v1/publications/cf7b5dc8-4c46-41b3-a4d7-8605bed67067/changes","status":422,"duration_ms":3}
{"event":"http.request","request_id":"b7859c00-78b3-4313-b046-696a11d405a1","method":"POST","path":"/api/v1/publications/cf7b5dc8-4c46-41b3-a4d7-8605bed67067/changes","status":201,"duration_ms":5}
{"event":"http.request","request_id":"01b0d7ea-3513-4c2d-aa71-0140bf0b2489","method":"GET","path":"/api/v1/publications/cf7b5dc8-4c46-41b3-a4d7-8605bed67067","status":200,"duration_ms":2}
✔ 删除保留发布历史，重发必须登记同账号新笔记并单独关联 (102.558542ms)
{"event":"http.request","request_id":"ac3fc73c-3958-41cf-be87-28999499ae13","method":"POST","path":"/api/v1/uploads","status":201,"duration_ms":5}
{"event":"http.request","request_id":"cd8d9960-f84b-4af1-95fa-eeaaf2e1dfe7","method":"POST","path":"/api/v1/uploads/8a6b415e-1384-4103-99c1-38c8a5389b5e/parts","status":200,"duration_ms":3}
{"event":"http.request","request_id":"e79bbba7-617e-4696-bc52-9fefa349718a","method":"PUT","path":"/api/v1/uploads/8a6b415e-1384-4103-99c1-38c8a5389b5e/parts/1","status":200,"duration_ms":4}
{"event":"http.request","request_id":"807559e0-1085-417c-a19e-e96aa6a3e763","method":"POST","path":"/api/v1/uploads/8a6b415e-1384-4103-99c1-38c8a5389b5e/complete","status":200,"duration_ms":6}
{"event":"http.request","request_id":"0d82fea4-3fe4-4471-b923-5789dff0086b","method":"POST","path":"/api/v1/contents","status":201,"duration_ms":4}
{"event":"http.request","request_id":"ddfaf9e8-61e6-4696-ae47-e6c74c12eca4","method":"POST","path":"/api/v1/contents/2b866f3b-0d5d-48a5-be80-bcf1c4e6cff8/revisions","status":201,"duration_ms":5}
{"event":"http.request","request_id":"4043096a-1ffa-4a8a-8c1e-d47eeb49ba6e","method":"POST","path":"/api/v1/contents/2b866f3b-0d5d-48a5-be80-bcf1c4e6cff8/check","status":404,"duration_ms":1}
✖ 品牌辅助检查给出可追溯建议，不改变审核或自动批准 (38.13325ms)
ℹ tests 16
ℹ suites 0
ℹ pass 15
ℹ fail 1
ℹ cancelled 0
ℹ skipped 0
ℹ todo 0
ℹ duration_ms 3266.967666

✖ failing tests:

test at tests/production.test.ts:2:31416
✖ 品牌辅助检查给出可追溯建议，不改变审核或自动批准 (38.13325ms)
  AssertionError [ERR_ASSERTION]: Expected values to be strictly equal:
  
  404 !== 200
  
      at TestContext.<anonymous> (/Users/junlong/projects/social-mdeida-ops-platform/tests/production.test.ts:173:140)
      at process.processTicksAndRejections (node:internal/process/task_queues:104:5)
      at async Test.run (node:internal/test_runner/test:1125:7)
      at async Test.processPendingSubtests (node:internal/test_runner/test:787:7) {
    generatedMessage: true,
    code: 'ERR_ASSERTION',
    actual: 404,
    expected: 200,
    operator: 'strictEqual',
    diff: 'simple'
  }
