{"event":"http.request","request_id":"638427ac-5b31-4f89-8a5c-43ec70de908d","method":"GET","path":"/api/v1/auth/csrf","status":200,"duration_ms":6}
{"event":"http.request","request_id":"ab8c0695-a4e3-4c0a-888f-f9780f130290","method":"POST","path":"/api/v1/setup","status":201,"duration_ms":34}
{"event":"http.request","request_id":"08dee415-a51c-4725-b879-2ee39f7a7f2f","method":"GET","path":"/api/v1/auth/csrf","status":200,"duration_ms":2}
{"event":"http.request","request_id":"a27d3b7e-241e-4ae2-92d8-11ec8e658b7a","method":"POST","path":"/api/v1/auth/login","status":200,"duration_ms":25}
{"event":"http.request","request_id":"eb75b70f-f473-4b09-a282-487f60ba3db0","method":"GET","path":"/api/v1/me","status":200,"duration_ms":72}
{"event":"http.request","request_id":"e6475472-c6ca-4af9-8353-6555381f7106","method":"POST","path":"/api/v1/accounts","status":201,"duration_ms":10}
{"event":"http.request","request_id":"34f0d3c1-75a1-400d-b30b-7bac770f4a6c","method":"POST","path":"/api/v1/contents","status":201,"duration_ms":10}
{"event":"http.request","request_id":"c3253989-eed9-44ef-a21e-c198a47c4ecd","method":"GET","path":"/api/v1/contents/396419c3-92c7-49a6-b77d-24c82be2e693","status":200,"duration_ms":3}
{"event":"http.request","request_id":"b6d2c2d2-3e9b-49b7-9011-419d56df61c2","method":"POST","path":"/api/v1/contents/396419c3-92c7-49a6-b77d-24c82be2e693/revisions","status":201,"duration_ms":8}
{"event":"http.request","request_id":"cf6ca5a9-f16f-46ad-a374-89182ff1b8a6","method":"GET","path":"/api/v1/contents/396419c3-92c7-49a6-b77d-24c82be2e693","status":200,"duration_ms":3}
✔ 人工新建图文后保存逐页文案，再从详情恢复原始快照 (383.7975ms)
{"event":"http.request","request_id":"bf0c521b-d789-4d03-99f1-928d26aa75e7","method":"POST","path":"/api/v1/contents","status":201,"duration_ms":6}
{"event":"http.request","request_id":"81dcbc9d-c708-40a8-bf40-99196a08e1e5","method":"POST","path":"/api/v1/contents/1a510edd-1469-4b48-89d9-ef92d97bc4ca/revisions","status":201,"duration_ms":6}
{"event":"http.request","request_id":"227d0a2f-e584-4710-ab6d-146abcfd3e94","method":"POST","path":"/api/v1/contents/1a510edd-1469-4b48-89d9-ef92d97bc4ca/revisions","status":409,"duration_ms":8}
{"event":"http.request","request_id":"86dccbbf-7342-490f-8661-a30dd966f259","method":"GET","path":"/api/v1/contents/1a510edd-1469-4b48-89d9-ef92d97bc4ca","status":200,"duration_ms":4}
{"event":"http.request","request_id":"4e5071a8-0cb4-4ff7-923e-d1d17d8f5783","method":"POST","path":"/api/v1/contents/1a510edd-1469-4b48-89d9-ef92d97bc4ca/restore","status":201,"duration_ms":8}
{"event":"http.request","request_id":"73eaadf0-fbca-4e69-89be-160aea873072","method":"GET","path":"/api/v1/contents/1a510edd-1469-4b48-89d9-ef92d97bc4ca","status":200,"duration_ms":3}
✔ 同一基础版本并发保存只有一个成功，恢复历史版本产生新快照 (37.815084ms)
{"event":"http.request","request_id":"888bd40d-67b8-443f-ab10-ee0da874fb00","method":"POST","path":"/api/v1/members","status":201,"duration_ms":23}
{"event":"http.request","request_id":"d1a13d80-b1a1-4162-a755-3916c17a6e6f","method":"GET","path":"/api/v1/auth/csrf","status":200,"duration_ms":0}
{"event":"http.request","request_id":"3c186f13-0468-4fa9-9fb9-3011d164670f","method":"POST","path":"/api/v1/auth/accept-invite","status":200,"duration_ms":19}
{"event":"http.request","request_id":"3b4100bc-c5cb-47e8-baa0-b0ad1b9709e7","method":"GET","path":"/api/v1/auth/csrf","status":200,"duration_ms":1}
{"event":"http.request","request_id":"af5a2bdc-9731-4cd4-ae14-48e56211b21e","method":"POST","path":"/api/v1/auth/login","status":200,"duration_ms":19}
{"event":"http.request","request_id":"30a4ab97-225c-4201-bfec-4b1d4c4ad520","method":"POST","path":"/api/v1/members","status":201,"duration_ms":21}
{"event":"http.request","request_id":"4acbbdf2-7713-4d51-a6ff-bf7d4b87bad8","method":"GET","path":"/api/v1/auth/csrf","status":200,"duration_ms":1}
{"event":"http.request","request_id":"a9cd92eb-50e9-4bfe-981e-e153dbc1d894","method":"POST","path":"/api/v1/auth/accept-invite","status":200,"duration_ms":22}
{"event":"http.request","request_id":"dcc56e97-32e2-4caf-8a58-005b7edb11e6","method":"GET","path":"/api/v1/auth/csrf","status":200,"duration_ms":1}
{"event":"http.request","request_id":"42ef81ad-b439-4b6f-8add-5257f11ead93","method":"POST","path":"/api/v1/auth/login","status":200,"duration_ms":21}
{"event":"http.request","request_id":"533db2ce-13a4-4c3f-bd05-da2f064056dd","method":"POST","path":"/api/v1/contents","status":201,"duration_ms":10}
{"event":"http.request","request_id":"0d93420a-57f1-4ea3-bbea-075218907652","method":"POST","path":"/api/v1/contents/48e6dfb3-3d20-4a1c-a69b-c207f6e853cb/revisions","status":403,"duration_ms":4}
{"event":"http.request","request_id":"19e0d056-ee9f-4ecf-be4b-a64b91ef081c","method":"POST","path":"/api/v1/contents/48e6dfb3-3d20-4a1c-a69b-c207f6e853cb/revisions","status":403,"duration_ms":2}
{"event":"http.request","request_id":"f02d4d04-44dd-45f4-a27e-3fde29648add","method":"POST","path":"/api/v1/contents/48e6dfb3-3d20-4a1c-a69b-c207f6e853cb/revisions","status":201,"duration_ms":5}
✔ 运营只能修改发布文案，不能改逐页制作内容；只读不能保存 (166.844083ms)
{"event":"http.request","request_id":"a9158c39-98a2-4e5d-ac19-33f7bc1fc8e0","method":"POST","path":"/api/v1/contents","status":201,"duration_ms":5}
{"event":"http.request","request_id":"a5072edb-91ea-45fc-9acb-9c772312851a","method":"POST","path":"/api/v1/contents/c802ae64-610d-42fe-805a-98a173e237fe/revisions","status":422,"duration_ms":4}
{"event":"http.request","request_id":"68bc4a59-07b5-4d3a-8145-6af5e4004735","method":"POST","path":"/api/v1/uploads","status":201,"duration_ms":8}
{"event":"http.request","request_id":"5755be10-1c26-4ed7-8289-ee019de3a64a","method":"POST","path":"/api/v1/uploads/73710606-c1ba-4b1c-bd41-b9086e7c8705/parts","status":200,"duration_ms":4}
{"event":"http.request","request_id":"799e848a-5a67-428e-9eb9-6d195979060f","method":"PUT","path":"/api/v1/uploads/73710606-c1ba-4b1c-bd41-b9086e7c8705/parts/1","status":200,"duration_ms":6}
{"event":"http.request","request_id":"f574a2a5-c2af-4310-80e5-2690b8932209","method":"POST","path":"/api/v1/uploads/73710606-c1ba-4b1c-bd41-b9086e7c8705/complete","status":200,"duration_ms":9}
{"event":"http.request","request_id":"8c96d90a-cb32-482b-be32-eb1586be96fe","method":"POST","path":"/api/v1/contents/c802ae64-610d-42fe-805a-98a173e237fe/revisions","status":422,"duration_ms":5}
{"event":"http.request","request_id":"52025dc9-affe-4d96-97cb-923f900f05c1","method":"POST","path":"/api/v1/uploads","status":201,"duration_ms":6}
{"event":"http.request","request_id":"d3ca9511-4bf8-449e-b27f-865ef01ace15","method":"POST","path":"/api/v1/uploads/100b7a9e-75e2-4f1b-aa36-662441785916/parts","status":200,"duration_ms":3}
{"event":"http.request","request_id":"79d2525a-b755-40ff-97f1-2b4138b7afcd","method":"PUT","path":"/api/v1/uploads/100b7a9e-75e2-4f1b-aa36-662441785916/parts/1","status":200,"duration_ms":5}
{"event":"http.request","request_id":"506a2b83-80e7-416e-9085-012f2b5bb47f","method":"POST","path":"/api/v1/uploads/100b7a9e-75e2-4f1b-aa36-662441785916/complete","status":200,"duration_ms":8}
{"event":"http.request","request_id":"34c27f41-6aa4-467c-9682-d632fe17fb2c","method":"POST","path":"/api/v1/contents/c802ae64-610d-42fe-805a-98a173e237fe/revisions","status":201,"duration_ms":6}
{"event":"http.request","request_id":"e1742541-858d-43b7-b6f4-dbd8308a158e","method":"GET","path":"/api/v1/contents/c802ae64-610d-42fe-805a-98a173e237fe","status":200,"duration_ms":2}
✔ 图文成品只关联同空间已上传PNG原件，无效文件和PDF不能保存为发布图片 (96.468625ms)
{"event":"http.request","request_id":"e9e01574-2802-4605-a587-f2020c169a24","method":"POST","path":"/api/v1/contents","status":201,"duration_ms":5}
{"event":"http.request","request_id":"e2e9daab-64b3-427c-b611-c1713e712c5c","method":"PATCH","path":"/api/v1/contents/a57810bf-c723-4e7a-81e6-af141c3e9a75","status":200,"duration_ms":4}
{"event":"http.request","request_id":"fba23f66-64ed-4448-b22a-356ab2a05e5b","method":"GET","path":"/api/v1/contents","status":200,"duration_ms":2}
{"event":"http.request","request_id":"2dad5523-296d-47b8-9eb0-fcd1fbb81bcc","method":"GET","path":"/api/v1/contents","status":200,"duration_ms":1}
{"event":"http.request","request_id":"187d6015-3dc8-4593-9891-6a06c374e992","method":"GET","path":"/api/v1/contents","status":422,"duration_ms":1}
✔ 内容列表按形式、状态、负责人和计划时间过滤，非法筛选拒绝 (21.867958ms)
{"event":"http.request","request_id":"e9434b9f-e362-4a25-a04f-ae49724141e1","method":"POST","path":"/api/v1/contents","status":201,"duration_ms":5}
{"event":"http.request","request_id":"1e24f76a-f490-4036-920c-23861681a290","method":"POST","path":"/api/v1/contents/d506b48b-3f79-4970-8e72-9ddef3f0741e/submit-review","status":422,"duration_ms":4}
✖ 提交审核拒绝缺失成品，完整PNG图文冻结并由有权成员显式批准 (10.947959ms)
✖ 审核中禁止编辑，撤回和退回派生新稿；批准后改载荷重审，内部备注不使批准失效 (1.448291ms)
{"event":"http.request","request_id":"c6aa758b-36d2-43be-aa46-74fd48bbee4e","method":"POST","path":"/api/v1/members","status":201,"duration_ms":20}
{"event":"http.request","request_id":"07b3995c-46a8-4a10-8dce-ef04d7629a68","method":"GET","path":"/api/v1/auth/csrf","status":200,"duration_ms":0}
{"event":"http.request","request_id":"e7d5c7fc-eab0-442b-ba40-89b196544e32","method":"POST","path":"/api/v1/auth/accept-invite","status":200,"duration_ms":17}
{"event":"http.request","request_id":"cff5f144-a32e-44a7-bd2a-d2fafb1d3832","method":"GET","path":"/api/v1/auth/csrf","status":200,"duration_ms":0}
{"event":"http.request","request_id":"5323ff14-ec08-4b41-b461-bb2ab5aa6c05","method":"POST","path":"/api/v1/auth/login","status":200,"duration_ms":18}
✖ 制作角色不能批准，批准与撤回并发只有一个事务成功 (61.132084ms)
✖ 素材停用阻止批准但仍能撤回修稿，冻结历史引用保留 (0.986209ms)
{"event":"http.request","request_id":"c9e1b574-51c9-4c74-a199-ecbf0fdd855a","method":"POST","path":"/api/v1/contents","status":201,"duration_ms":5}
{"event":"http.request","request_id":"df2779d9-b3e5-45a4-a252-82ee88b2d323","method":"POST","path":"/api/v1/contents/f69857f8-4522-4f05-8e9e-6c4332e74ed7/start-production","status":200,"duration_ms":4}
{"event":"http.request","request_id":"d236d25c-e038-4871-88e5-86ae83a86ebc","method":"POST","path":"/api/v1/contents/f69857f8-4522-4f05-8e9e-6c4332e74ed7/cancel","status":200,"duration_ms":5}
{"event":"http.request","request_id":"3eb21fec-e9fc-4133-96e2-e4269b444a92","method":"GET","path":"/api/v1/contents/f69857f8-4522-4f05-8e9e-6c4332e74ed7","status":200,"duration_ms":2}
{"event":"http.request","request_id":"80b2e4d5-307d-4a3a-8472-444f267700ff","method":"POST","path":"/api/v1/contents/f69857f8-4522-4f05-8e9e-6c4332e74ed7/submit-review","status":409,"duration_ms":3}
✔ 开始制作保存估时，取消保留理由和版本历史且不能再提审 (21.888792ms)
✖ 发布包异步打包批准版本，下载PNG原件、页序和文案与批准内容一致 (1.251333ms)
✖ 缺笔记ID暂存不算发布，正式登记锁定批准版本、账号和唯一笔记并持久回收事件 (0.878833ms)
✖ 已发布内容派生独立修订工作项，原稿和文件归档保持不变 (0.779042ms)
ℹ tests 13
ℹ suites 0
ℹ pass 6
ℹ fail 7
ℹ cancelled 0
ℹ skipped 0
ℹ todo 0
ℹ duration_ms 1223.31975

✖ failing tests:

test at tests/production.test.ts:2:10794
✖ 提交审核拒绝缺失成品，完整PNG图文冻结并由有权成员显式批准 (10.947959ms)
  Error: Transform failed with 1 error:
  /Users/junlong/projects/social-mdeida-ops-platform/packages/domain/src/jobs.ts:16:99: ERROR: Expected ")" but found "publication"
      at failureErrorWithLog (/Users/junlong/projects/social-mdeida-ops-platform/node_modules/.pnpm/esbuild@0.25.12/node_modules/esbuild/lib/main.js:1467:15)
      at /Users/junlong/projects/social-mdeida-ops-platform/node_modules/.pnpm/esbuild@0.25.12/node_modules/esbuild/lib/main.js:736:50
      at responseCallbacks.<computed> (/Users/junlong/projects/social-mdeida-ops-platform/node_modules/.pnpm/esbuild@0.25.12/node_modules/esbuild/lib/main.js:603:9)
      at handleIncomingPacket (/Users/junlong/projects/social-mdeida-ops-platform/node_modules/.pnpm/esbuild@0.25.12/node_modules/esbuild/lib/main.js:658:12)
      at Socket.readFromStdout (/Users/junlong/projects/social-mdeida-ops-platform/node_modules/.pnpm/esbuild@0.25.12/node_modules/esbuild/lib/main.js:581:7)
      at Socket.emit (node:events:508:28)
      at addChunk (node:internal/streams/readable:563:12)
      at readableAddChunkPushByteMode (node:internal/streams/readable:514:3)
      at Readable.push (node:internal/streams/readable:394:5)
      at Pipe.onStreamRead (node:internal/stream_base_commons:189:23) {
    name: 'TransformError'
  }

test at tests/production.test.ts:2:13449
✖ 审核中禁止编辑，撤回和退回派生新稿；批准后改载荷重审，内部备注不使批准失效 (1.448291ms)
  Error: Transform failed with 1 error:
  /Users/junlong/projects/social-mdeida-ops-platform/packages/domain/src/jobs.ts:16:99: ERROR: Expected ")" but found "publication"
      at failureErrorWithLog (/Users/junlong/projects/social-mdeida-ops-platform/node_modules/.pnpm/esbuild@0.25.12/node_modules/esbuild/lib/main.js:1467:15)
      at /Users/junlong/projects/social-mdeida-ops-platform/node_modules/.pnpm/esbuild@0.25.12/node_modules/esbuild/lib/main.js:736:50
      at responseCallbacks.<computed> (/Users/junlong/projects/social-mdeida-ops-platform/node_modules/.pnpm/esbuild@0.25.12/node_modules/esbuild/lib/main.js:603:9)
      at handleIncomingPacket (/Users/junlong/projects/social-mdeida-ops-platform/node_modules/.pnpm/esbuild@0.25.12/node_modules/esbuild/lib/main.js:658:12)
      at Socket.readFromStdout (/Users/junlong/projects/social-mdeida-ops-platform/node_modules/.pnpm/esbuild@0.25.12/node_modules/esbuild/lib/main.js:581:7)
      at Socket.emit (node:events:508:28)
      at addChunk (node:internal/streams/readable:563:12)
      at readableAddChunkPushByteMode (node:internal/streams/readable:514:3)
      at Readable.push (node:internal/streams/readable:394:5)
      at Pipe.onStreamRead (node:internal/stream_base_commons:189:23) {
    name: 'TransformError'
  }

test at tests/production.test.ts:2:16002
✖ 制作角色不能批准，批准与撤回并发只有一个事务成功 (61.132084ms)
  Error: Transform failed with 1 error:
  /Users/junlong/projects/social-mdeida-ops-platform/packages/domain/src/jobs.ts:16:99: ERROR: Expected ")" but found "publication"
      at failureErrorWithLog (/Users/junlong/projects/social-mdeida-ops-platform/node_modules/.pnpm/esbuild@0.25.12/node_modules/esbuild/lib/main.js:1467:15)
      at /Users/junlong/projects/social-mdeida-ops-platform/node_modules/.pnpm/esbuild@0.25.12/node_modules/esbuild/lib/main.js:736:50
      at responseCallbacks.<computed> (/Users/junlong/projects/social-mdeida-ops-platform/node_modules/.pnpm/esbuild@0.25.12/node_modules/esbuild/lib/main.js:603:9)
      at handleIncomingPacket (/Users/junlong/projects/social-mdeida-ops-platform/node_modules/.pnpm/esbuild@0.25.12/node_modules/esbuild/lib/main.js:658:12)
      at Socket.readFromStdout (/Users/junlong/projects/social-mdeida-ops-platform/node_modules/.pnpm/esbuild@0.25.12/node_modules/esbuild/lib/main.js:581:7)
      at Socket.emit (node:events:508:28)
      at addChunk (node:internal/streams/readable:563:12)
      at readableAddChunkPushByteMode (node:internal/streams/readable:514:3)
      at Readable.push (node:internal/streams/readable:394:5)
      at Pipe.onStreamRead (node:internal/stream_base_commons:189:23) {
    name: 'TransformError'
  }

test at tests/production.test.ts:2:16976
✖ 素材停用阻止批准但仍能撤回修稿，冻结历史引用保留 (0.986209ms)
  Error: Transform failed with 1 error:
  /Users/junlong/projects/social-mdeida-ops-platform/packages/domain/src/jobs.ts:16:99: ERROR: Expected ")" but found "publication"
      at failureErrorWithLog (/Users/junlong/projects/social-mdeida-ops-platform/node_modules/.pnpm/esbuild@0.25.12/node_modules/esbuild/lib/main.js:1467:15)
      at /Users/junlong/projects/social-mdeida-ops-platform/node_modules/.pnpm/esbuild@0.25.12/node_modules/esbuild/lib/main.js:736:50
      at responseCallbacks.<computed> (/Users/junlong/projects/social-mdeida-ops-platform/node_modules/.pnpm/esbuild@0.25.12/node_modules/esbuild/lib/main.js:603:9)
      at handleIncomingPacket (/Users/junlong/projects/social-mdeida-ops-platform/node_modules/.pnpm/esbuild@0.25.12/node_modules/esbuild/lib/main.js:658:12)
      at Socket.readFromStdout (/Users/junlong/projects/social-mdeida-ops-platform/node_modules/.pnpm/esbuild@0.25.12/node_modules/esbuild/lib/main.js:581:7)
      at Socket.emit (node:events:508:28)
      at addChunk (node:internal/streams/readable:563:12)
      at readableAddChunkPushByteMode (node:internal/streams/readable:514:3)
      at Readable.push (node:internal/streams/readable:394:5)
      at Pipe.onStreamRead (node:internal/stream_base_commons:189:23) {
    name: 'TransformError'
  }

test at tests/production.test.ts:2:20186
✖ 发布包异步打包批准版本，下载PNG原件、页序和文案与批准内容一致 (1.251333ms)
  Error: Transform failed with 1 error:
  /Users/junlong/projects/social-mdeida-ops-platform/packages/domain/src/jobs.ts:16:99: ERROR: Expected ")" but found "publication"
      at failureErrorWithLog (/Users/junlong/projects/social-mdeida-ops-platform/node_modules/.pnpm/esbuild@0.25.12/node_modules/esbuild/lib/main.js:1467:15)
      at /Users/junlong/projects/social-mdeida-ops-platform/node_modules/.pnpm/esbuild@0.25.12/node_modules/esbuild/lib/main.js:736:50
      at responseCallbacks.<computed> (/Users/junlong/projects/social-mdeida-ops-platform/node_modules/.pnpm/esbuild@0.25.12/node_modules/esbuild/lib/main.js:603:9)
      at handleIncomingPacket (/Users/junlong/projects/social-mdeida-ops-platform/node_modules/.pnpm/esbuild@0.25.12/node_modules/esbuild/lib/main.js:658:12)
      at Socket.readFromStdout (/Users/junlong/projects/social-mdeida-ops-platform/node_modules/.pnpm/esbuild@0.25.12/node_modules/esbuild/lib/main.js:581:7)
      at Socket.emit (node:events:508:28)
      at addChunk (node:internal/streams/readable:563:12)
      at readableAddChunkPushByteMode (node:internal/streams/readable:514:3)
      at Readable.push (node:internal/streams/readable:394:5)
      at Pipe.onStreamRead (node:internal/stream_base_commons:189:23) {
    name: 'TransformError'
  }

test at tests/production.test.ts:2:22495
✖ 缺笔记ID暂存不算发布，正式登记锁定批准版本、账号和唯一笔记并持久回收事件 (0.878833ms)
  Error: Transform failed with 1 error:
  /Users/junlong/projects/social-mdeida-ops-platform/packages/domain/src/jobs.ts:16:99: ERROR: Expected ")" but found "publication"
      at failureErrorWithLog (/Users/junlong/projects/social-mdeida-ops-platform/node_modules/.pnpm/esbuild@0.25.12/node_modules/esbuild/lib/main.js:1467:15)
      at /Users/junlong/projects/social-mdeida-ops-platform/node_modules/.pnpm/esbuild@0.25.12/node_modules/esbuild/lib/main.js:736:50
      at responseCallbacks.<computed> (/Users/junlong/projects/social-mdeida-ops-platform/node_modules/.pnpm/esbuild@0.25.12/node_modules/esbuild/lib/main.js:603:9)
      at handleIncomingPacket (/Users/junlong/projects/social-mdeida-ops-platform/node_modules/.pnpm/esbuild@0.25.12/node_modules/esbuild/lib/main.js:658:12)
      at Socket.readFromStdout (/Users/junlong/projects/social-mdeida-ops-platform/node_modules/.pnpm/esbuild@0.25.12/node_modules/esbuild/lib/main.js:581:7)
      at Socket.emit (node:events:508:28)
      at addChunk (node:internal/streams/readable:563:12)
      at readableAddChunkPushByteMode (node:internal/streams/readable:514:3)
      at Readable.push (node:internal/streams/readable:394:5)
      at Pipe.onStreamRead (node:internal/stream_base_commons:189:23) {
    name: 'TransformError'
  }

test at tests/production.test.ts:2:25057
✖ 已发布内容派生独立修订工作项，原稿和文件归档保持不变 (0.779042ms)
  Error: Transform failed with 1 error:
  /Users/junlong/projects/social-mdeida-ops-platform/packages/domain/src/jobs.ts:16:99: ERROR: Expected ")" but found "publication"
      at failureErrorWithLog (/Users/junlong/projects/social-mdeida-ops-platform/node_modules/.pnpm/esbuild@0.25.12/node_modules/esbuild/lib/main.js:1467:15)
      at /Users/junlong/projects/social-mdeida-ops-platform/node_modules/.pnpm/esbuild@0.25.12/node_modules/esbuild/lib/main.js:736:50
      at responseCallbacks.<computed> (/Users/junlong/projects/social-mdeida-ops-platform/node_modules/.pnpm/esbuild@0.25.12/node_modules/esbuild/lib/main.js:603:9)
      at handleIncomingPacket (/Users/junlong/projects/social-mdeida-ops-platform/node_modules/.pnpm/esbuild@0.25.12/node_modules/esbuild/lib/main.js:658:12)
      at Socket.readFromStdout (/Users/junlong/projects/social-mdeida-ops-platform/node_modules/.pnpm/esbuild@0.25.12/node_modules/esbuild/lib/main.js:581:7)
      at Socket.emit (node:events:508:28)
      at addChunk (node:internal/streams/readable:563:12)
      at readableAddChunkPushByteMode (node:internal/streams/readable:514:3)
      at Readable.push (node:internal/streams/readable:394:5)
      at Pipe.onStreamRead (node:internal/stream_base_commons:189:23) {
    name: 'TransformError'
  }
