Applied 021-export-packages.sql
{"event":"http.request","request_id":"22b140ca-f8ee-4b6d-85f7-ea0fa4918eb2","method":"GET","path":"/api/v1/auth/csrf","status":200,"duration_ms":6}
{"event":"http.request","request_id":"100821ad-e01f-4270-9b72-2a5b300b28ff","method":"POST","path":"/api/v1/setup","status":201,"duration_ms":38}
{"event":"http.request","request_id":"aec83c2f-b67b-4937-bbce-2f78640d96bf","method":"GET","path":"/api/v1/auth/csrf","status":200,"duration_ms":3}
{"event":"http.request","request_id":"02c2018a-ae0d-4a0d-9093-ac2a31dfc2b3","method":"POST","path":"/api/v1/auth/login","status":200,"duration_ms":24}
{"event":"http.request","request_id":"20eb403d-025d-40ee-b8ed-a203a501c613","method":"GET","path":"/api/v1/me","status":200,"duration_ms":80}
{"event":"http.request","request_id":"ef897793-59c5-413d-89b7-871012daff43","method":"POST","path":"/api/v1/accounts","status":201,"duration_ms":11}
{"event":"http.request","request_id":"764cf27d-4eaf-4182-bb23-3e7292f4a940","method":"POST","path":"/api/v1/contents","status":201,"duration_ms":10}
{"event":"http.request","request_id":"297a7eab-b59e-4dd0-896c-f8f688149722","method":"GET","path":"/api/v1/contents/dcf0982d-34c9-4ccd-b9b7-3334fe949d3f","status":200,"duration_ms":4}
{"event":"http.request","request_id":"411647e9-958c-48a8-8e7f-b83db3509368","method":"POST","path":"/api/v1/contents/dcf0982d-34c9-4ccd-b9b7-3334fe949d3f/revisions","status":201,"duration_ms":9}
{"event":"http.request","request_id":"8a9487de-5aa0-4986-a52c-d7652ed9b9a1","method":"GET","path":"/api/v1/contents/dcf0982d-34c9-4ccd-b9b7-3334fe949d3f","status":200,"duration_ms":4}
✔ 人工新建图文后保存逐页文案，再从详情恢复原始快照 (412.822166ms)
{"event":"http.request","request_id":"41636747-b513-40d5-9c9b-363aa4917748","method":"POST","path":"/api/v1/contents","status":201,"duration_ms":5}
{"event":"http.request","request_id":"6086e4e1-2a98-4ba4-8017-27340139759b","method":"POST","path":"/api/v1/contents/7a06b638-c4d5-4c21-8a84-77a39e56d3f9/revisions","status":201,"duration_ms":7}
{"event":"http.request","request_id":"e2469796-f8f3-4bab-a64b-3d3df9951c95","method":"POST","path":"/api/v1/contents/7a06b638-c4d5-4c21-8a84-77a39e56d3f9/revisions","status":409,"duration_ms":10}
{"event":"http.request","request_id":"1103e75f-ba42-4884-beb3-c1346c26d6d6","method":"GET","path":"/api/v1/contents/7a06b638-c4d5-4c21-8a84-77a39e56d3f9","status":200,"duration_ms":3}
{"event":"http.request","request_id":"cff75f14-90d1-4f1e-873f-bd37be1081ba","method":"POST","path":"/api/v1/contents/7a06b638-c4d5-4c21-8a84-77a39e56d3f9/restore","status":201,"duration_ms":7}
{"event":"http.request","request_id":"5bb1131c-08a4-44de-85c2-c4facb83af24","method":"GET","path":"/api/v1/contents/7a06b638-c4d5-4c21-8a84-77a39e56d3f9","status":200,"duration_ms":2}
✔ 同一基础版本并发保存只有一个成功，恢复历史版本产生新快照 (34.588125ms)
{"event":"http.request","request_id":"7c4d7fcf-c4eb-4809-96b8-2acc0cf77a46","method":"POST","path":"/api/v1/members","status":201,"duration_ms":24}
{"event":"http.request","request_id":"1c25dd22-f98d-402d-9cfe-34dd0cf582a6","method":"GET","path":"/api/v1/auth/csrf","status":200,"duration_ms":1}
{"event":"http.request","request_id":"1a3979e6-ca57-4a3b-be7a-50580fd3e362","method":"POST","path":"/api/v1/auth/accept-invite","status":200,"duration_ms":19}
{"event":"http.request","request_id":"998bfbaa-5b4f-4ce2-b9e0-b114edbe6440","method":"GET","path":"/api/v1/auth/csrf","status":200,"duration_ms":1}
{"event":"http.request","request_id":"e3e1fbb8-9311-40d5-b2ba-72c9247e1338","method":"POST","path":"/api/v1/auth/login","status":200,"duration_ms":21}
{"event":"http.request","request_id":"6855f43c-3e3a-4f1c-807d-6bee61063016","method":"POST","path":"/api/v1/members","status":201,"duration_ms":21}
{"event":"http.request","request_id":"1587416c-a84b-4596-bee0-24548bb1e066","method":"GET","path":"/api/v1/auth/csrf","status":200,"duration_ms":1}
{"event":"http.request","request_id":"83349760-e017-470b-8aa3-5489f4b2bca0","method":"POST","path":"/api/v1/auth/accept-invite","status":200,"duration_ms":19}
{"event":"http.request","request_id":"8cc87b69-fc38-420c-8240-87a6503b7020","method":"GET","path":"/api/v1/auth/csrf","status":200,"duration_ms":1}
{"event":"http.request","request_id":"c2c1b119-c730-4e46-b7ee-ec6c20d41b08","method":"POST","path":"/api/v1/auth/login","status":200,"duration_ms":21}
{"event":"http.request","request_id":"edfb6ad0-7d27-474a-b35a-164bae513e89","method":"POST","path":"/api/v1/contents","status":201,"duration_ms":5}
{"event":"http.request","request_id":"c7883fe4-cddc-410a-a118-1e582ceeb2c1","method":"POST","path":"/api/v1/contents/4e63244a-95b4-4f41-915e-4e3460a04522/revisions","status":403,"duration_ms":3}
{"event":"http.request","request_id":"0729ee07-0b4a-45d5-a04a-c669cc76c90f","method":"POST","path":"/api/v1/contents/4e63244a-95b4-4f41-915e-4e3460a04522/revisions","status":403,"duration_ms":2}
{"event":"http.request","request_id":"3327b175-d58d-482c-9720-76f8f9df4c3e","method":"POST","path":"/api/v1/contents/4e63244a-95b4-4f41-915e-4e3460a04522/revisions","status":201,"duration_ms":5}
✔ 运营只能修改发布文案，不能改逐页制作内容；只读不能保存 (160.2245ms)
{"event":"http.request","request_id":"0489561b-95be-49dd-bc54-f74f5527d7f9","method":"POST","path":"/api/v1/contents","status":201,"duration_ms":11}
{"event":"http.request","request_id":"a17cd086-776a-41fa-8ea0-0d0eb61eefb5","method":"POST","path":"/api/v1/contents/e2bb629b-d053-45b1-8b1f-c26ff7cf6be5/revisions","status":422,"duration_ms":5}
{"event":"http.request","request_id":"bcf7cd19-ab7a-4ea2-8797-08e463f491cc","method":"POST","path":"/api/v1/uploads","status":201,"duration_ms":8}
{"event":"http.request","request_id":"78b072ec-57d9-455b-afe0-7543047dc463","method":"POST","path":"/api/v1/uploads/5f772a93-a24d-4587-a412-2e65274763aa/parts","status":200,"duration_ms":5}
{"event":"http.request","request_id":"9bd221b3-3a9d-452a-acd6-af63092c57f6","method":"PUT","path":"/api/v1/uploads/5f772a93-a24d-4587-a412-2e65274763aa/parts/1","status":200,"duration_ms":6}
{"event":"http.request","request_id":"f96e1759-c087-4c03-9083-89fe79ecea61","method":"POST","path":"/api/v1/uploads/5f772a93-a24d-4587-a412-2e65274763aa/complete","status":200,"duration_ms":9}
{"event":"http.request","request_id":"dc8433cb-2ea3-4773-a373-2f7758daefbc","method":"POST","path":"/api/v1/contents/e2bb629b-d053-45b1-8b1f-c26ff7cf6be5/revisions","status":422,"duration_ms":4}
{"event":"http.request","request_id":"8c8af593-861e-4e32-9f33-de4cf2b04fef","method":"POST","path":"/api/v1/uploads","status":201,"duration_ms":5}
{"event":"http.request","request_id":"d40a2a31-43ab-4576-b7ee-64b86891f8a5","method":"POST","path":"/api/v1/uploads/ae0ac482-674e-401b-abd9-2e0cf2998524/parts","status":200,"duration_ms":3}
{"event":"http.request","request_id":"ab7a3563-eeda-48fa-91fc-e421056d3862","method":"PUT","path":"/api/v1/uploads/ae0ac482-674e-401b-abd9-2e0cf2998524/parts/1","status":200,"duration_ms":5}
{"event":"http.request","request_id":"3fc9e9cd-d5fb-444d-ae85-2467130fcbec","method":"POST","path":"/api/v1/uploads/ae0ac482-674e-401b-abd9-2e0cf2998524/complete","status":200,"duration_ms":8}
{"event":"http.request","request_id":"8c2df803-432e-4ff3-a2da-152893b5c0e9","method":"POST","path":"/api/v1/contents/e2bb629b-d053-45b1-8b1f-c26ff7cf6be5/revisions","status":201,"duration_ms":6}
{"event":"http.request","request_id":"506a518a-55fa-400c-9149-840cf40ff013","method":"GET","path":"/api/v1/contents/e2bb629b-d053-45b1-8b1f-c26ff7cf6be5","status":200,"duration_ms":2}
✔ 图文成品只关联同空间已上传PNG原件，无效文件和PDF不能保存为发布图片 (108.263416ms)
{"event":"http.request","request_id":"47fe514f-f4ef-4f79-a02b-cc1b9fbf2feb","method":"POST","path":"/api/v1/contents","status":201,"duration_ms":4}
{"event":"http.request","request_id":"d29f3662-db74-4d1e-86f5-4ba0dce4c504","method":"PATCH","path":"/api/v1/contents/01b3715e-e001-4b6c-b1cc-7e982278a5d2","status":200,"duration_ms":4}
{"event":"http.request","request_id":"6768a81d-9113-41e0-9182-b6d76a215325","method":"GET","path":"/api/v1/contents","status":200,"duration_ms":2}
{"event":"http.request","request_id":"46347c2f-d6da-45cd-aee1-741e6e871743","method":"GET","path":"/api/v1/contents","status":200,"duration_ms":2}
{"event":"http.request","request_id":"1b79110b-a3cd-4641-803d-dbf38f0c5834","method":"GET","path":"/api/v1/contents","status":422,"duration_ms":1}
✔ 内容列表按形式、状态、负责人和计划时间过滤，非法筛选拒绝 (22.215ms)
{"event":"http.request","request_id":"4a7a44b9-7774-49ed-9355-ef68844c487f","method":"POST","path":"/api/v1/contents","status":201,"duration_ms":5}
{"event":"http.request","request_id":"74a166f9-647a-4956-913f-0ae432c578f2","method":"POST","path":"/api/v1/contents/7c7e398a-2966-49b7-9305-4d15c876cbd7/submit-review","status":422,"duration_ms":4}
{"event":"http.request","request_id":"33b965b8-c934-42df-881b-5d0adc928755","method":"POST","path":"/api/v1/uploads","status":201,"duration_ms":5}
{"event":"http.request","request_id":"9de70f41-2694-4f69-b35b-2a8204264cb4","method":"POST","path":"/api/v1/uploads/14f8a08e-9e3a-48b7-b9a2-02b4b0db81e1/parts","status":200,"duration_ms":3}
{"event":"http.request","request_id":"4ec802be-f26c-4bc0-a878-929434cb608f","method":"PUT","path":"/api/v1/uploads/14f8a08e-9e3a-48b7-b9a2-02b4b0db81e1/parts/1","status":200,"duration_ms":5}
{"event":"http.request","request_id":"d22abce8-a7d4-4b91-892d-94d5a1dd3881","method":"POST","path":"/api/v1/uploads/14f8a08e-9e3a-48b7-b9a2-02b4b0db81e1/complete","status":200,"duration_ms":8}
{"event":"http.request","request_id":"4774bdaf-d7fc-4616-86cb-3ea1d2fcff37","method":"POST","path":"/api/v1/contents","status":201,"duration_ms":5}
{"event":"http.request","request_id":"643eb588-07ce-41ec-9e58-9094eaa03e47","method":"POST","path":"/api/v1/contents/0c450588-de5d-4be3-81c8-c7e2c25a0a98/revisions","status":201,"duration_ms":5}
{"event":"http.request","request_id":"2a0ecf95-4d70-4390-867c-ce0ed4c1f90a","method":"POST","path":"/api/v1/contents/0c450588-de5d-4be3-81c8-c7e2c25a0a98/submit-review","status":201,"duration_ms":4}
{"event":"http.request","request_id":"5d2a18ac-856f-4690-9b3f-fe6b4fa06b23","method":"GET","path":"/api/v1/contents/0c450588-de5d-4be3-81c8-c7e2c25a0a98","status":200,"duration_ms":2}
{"event":"http.request","request_id":"7ca49de1-2a51-4bdf-9616-8da981462bf7","method":"POST","path":"/api/v1/reviews/ea66ea53-8315-4f4e-9635-0b5d6cefe354/decide","status":200,"duration_ms":6}
{"event":"http.request","request_id":"7fdd9f2b-5336-4513-ac17-420e1ef2781d","method":"GET","path":"/api/v1/contents/0c450588-de5d-4be3-81c8-c7e2c25a0a98","status":200,"duration_ms":3}
✔ 提交审核拒绝缺失成品，完整PNG图文冻结并由有权成员显式批准 (159.579792ms)
{"event":"http.request","request_id":"1eca7193-0a27-4bd4-98bb-378e5d515609","method":"POST","path":"/api/v1/uploads","status":201,"duration_ms":6}
{"event":"http.request","request_id":"ff8b2a76-3bd9-405b-ad56-a1c00e6377a8","method":"POST","path":"/api/v1/uploads/800a03c4-50d4-4658-8e46-8fa3d46f96a5/parts","status":200,"duration_ms":3}
{"event":"http.request","request_id":"8b6fe25c-d6bb-4f08-806f-3b62eea5f67c","method":"PUT","path":"/api/v1/uploads/800a03c4-50d4-4658-8e46-8fa3d46f96a5/parts/1","status":200,"duration_ms":4}
{"event":"http.request","request_id":"ff8ef68f-d339-4b6d-b2a7-bdc5d5d7e946","method":"POST","path":"/api/v1/uploads/800a03c4-50d4-4658-8e46-8fa3d46f96a5/complete","status":200,"duration_ms":8}
{"event":"http.request","request_id":"423d4631-05dd-412b-9da9-bbba661c8b9f","method":"POST","path":"/api/v1/contents","status":201,"duration_ms":4}
{"event":"http.request","request_id":"ab524c5a-6ed8-4a7c-adf3-072d67395184","method":"POST","path":"/api/v1/contents/2bcc2d6f-5d91-4ccb-ae0f-aaf72e8ff5ad/revisions","status":201,"duration_ms":5}
{"event":"http.request","request_id":"88b977cd-05f9-4711-bbaa-b3d3eb3b5fc0","method":"POST","path":"/api/v1/contents/2bcc2d6f-5d91-4ccb-ae0f-aaf72e8ff5ad/submit-review","status":201,"duration_ms":5}
{"event":"http.request","request_id":"bc0c8c5e-0e13-4296-8450-02d077dde8c6","method":"GET","path":"/api/v1/contents/2bcc2d6f-5d91-4ccb-ae0f-aaf72e8ff5ad","status":200,"duration_ms":2}
{"event":"http.request","request_id":"83b188be-a01a-4dfc-aee8-af2544f6214b","method":"POST","path":"/api/v1/contents/2bcc2d6f-5d91-4ccb-ae0f-aaf72e8ff5ad/revisions","status":409,"duration_ms":3}
{"event":"http.request","request_id":"5b6a80e4-06bb-4a3a-827e-3c442c637ece","method":"POST","path":"/api/v1/reviews/3237d825-9f95-4bfb-afb8-5d4a31163ec3/withdraw","status":200,"duration_ms":6}
{"event":"http.request","request_id":"35883c89-293a-4cc9-a2bc-f04f6ec8bc83","method":"GET","path":"/api/v1/contents/2bcc2d6f-5d91-4ccb-ae0f-aaf72e8ff5ad","status":200,"duration_ms":2}
{"event":"http.request","request_id":"fa059bd2-5f57-4f51-9cdb-afcbb815da76","method":"POST","path":"/api/v1/contents/2bcc2d6f-5d91-4ccb-ae0f-aaf72e8ff5ad/submit-review","status":201,"duration_ms":4}
{"event":"http.request","request_id":"dda7af98-8369-461e-b19b-7a91f82d3cc1","method":"POST","path":"/api/v1/reviews/38aac92b-a1b8-4cde-bc64-d598f9dd5135/decide","status":200,"duration_ms":6}
{"event":"http.request","request_id":"9cb9481f-edc0-4459-9de5-e7462d4ed0df","method":"GET","path":"/api/v1/contents/2bcc2d6f-5d91-4ccb-ae0f-aaf72e8ff5ad","status":200,"duration_ms":2}
{"event":"http.request","request_id":"1ca5cdbe-9d17-4838-b772-7fc3c1c055ef","method":"POST","path":"/api/v1/contents/2bcc2d6f-5d91-4ccb-ae0f-aaf72e8ff5ad/submit-review","status":201,"duration_ms":5}
{"event":"http.request","request_id":"c5d66a9c-ebdf-4c73-9ec9-2e8a6918bf13","method":"POST","path":"/api/v1/reviews/7e80b057-a941-4266-af66-cf96f47aaea6/decide","status":200,"duration_ms":5}
{"event":"http.request","request_id":"bfd9bfcd-50d6-448c-966a-c6fa017d38ed","method":"GET","path":"/api/v1/contents/2bcc2d6f-5d91-4ccb-ae0f-aaf72e8ff5ad","status":200,"duration_ms":3}
{"event":"http.request","request_id":"37ec0390-3756-4cef-b1ed-1d1b72223025","method":"PATCH","path":"/api/v1/contents/2bcc2d6f-5d91-4ccb-ae0f-aaf72e8ff5ad","status":200,"duration_ms":4}
{"event":"http.request","request_id":"08031859-1b88-4fe5-848c-cb2795c8e086","method":"GET","path":"/api/v1/contents/2bcc2d6f-5d91-4ccb-ae0f-aaf72e8ff5ad","status":200,"duration_ms":2}
{"event":"http.request","request_id":"18bb43c5-715d-4536-b84c-d69fa10ca186","method":"POST","path":"/api/v1/contents/2bcc2d6f-5d91-4ccb-ae0f-aaf72e8ff5ad/revisions","status":201,"duration_ms":6}
{"event":"http.request","request_id":"a3eba3e0-bd24-4fc6-a623-3295ec9301e2","method":"GET","path":"/api/v1/contents/2bcc2d6f-5d91-4ccb-ae0f-aaf72e8ff5ad","status":200,"duration_ms":2}
✔ 审核中禁止编辑，撤回和退回派生新稿；批准后改载荷重审，内部备注不使批准失效 (103.616125ms)
{"event":"http.request","request_id":"638ff4f8-71d2-49b6-ac5f-9dcef87bb6da","method":"POST","path":"/api/v1/members","status":201,"duration_ms":23}
{"event":"http.request","request_id":"b63a9f11-de12-471f-b3ba-8014cf85449e","method":"GET","path":"/api/v1/auth/csrf","status":200,"duration_ms":1}
{"event":"http.request","request_id":"4cc5e67d-3be4-401c-b58d-d0566f9a6fa7","method":"POST","path":"/api/v1/auth/accept-invite","status":200,"duration_ms":19}
{"event":"http.request","request_id":"16b91186-1029-4da7-8569-6ad7554527a5","method":"GET","path":"/api/v1/auth/csrf","status":200,"duration_ms":1}
{"event":"http.request","request_id":"375fdc4f-7dfb-4e04-9f08-b985cfda9bfa","method":"POST","path":"/api/v1/auth/login","status":200,"duration_ms":18}
{"event":"http.request","request_id":"344b75a5-acb9-4375-9f4d-826acb0fa488","method":"POST","path":"/api/v1/uploads","status":201,"duration_ms":7}
{"event":"http.request","request_id":"17323908-5971-4f55-9221-f1928a144aeb","method":"POST","path":"/api/v1/uploads/170cdab6-5bcb-4e09-8caa-0a0518660d19/parts","status":200,"duration_ms":5}
{"event":"http.request","request_id":"07cb78ee-8e62-4749-b97d-371f0e57deff","method":"PUT","path":"/api/v1/uploads/170cdab6-5bcb-4e09-8caa-0a0518660d19/parts/1","status":200,"duration_ms":5}
{"event":"http.request","request_id":"f362e086-8298-4798-9d96-a50c8a849894","method":"POST","path":"/api/v1/uploads/170cdab6-5bcb-4e09-8caa-0a0518660d19/complete","status":200,"duration_ms":8}
{"event":"http.request","request_id":"2ec8d0e9-934c-4adb-8c63-da2b8d3bc42f","method":"POST","path":"/api/v1/contents","status":201,"duration_ms":5}
{"event":"http.request","request_id":"88b57ef3-f0ed-445b-9b45-0ca162477ece","method":"POST","path":"/api/v1/contents/0fe37dc7-9e5b-4aa9-af40-430d253f569f/revisions","status":201,"duration_ms":5}
{"event":"http.request","request_id":"864be041-6d59-43cf-8b06-d23ea5d0de4c","method":"POST","path":"/api/v1/contents/0fe37dc7-9e5b-4aa9-af40-430d253f569f/submit-review","status":201,"duration_ms":4}
{"event":"http.request","request_id":"78933c20-75b2-47a3-8cd6-c4091dbef144","method":"POST","path":"/api/v1/reviews/de98ea5d-d6eb-493b-b672-7156dbe28ea3/decide","status":403,"duration_ms":1}
{"event":"http.request","request_id":"420f7b89-4b15-4746-bb15-1ee80cab1068","method":"POST","path":"/api/v1/reviews/de98ea5d-d6eb-493b-b672-7156dbe28ea3/decide","status":200,"duration_ms":5}
{"event":"http.request","request_id":"f3d37935-a056-4706-a8b8-3447084b4c1b","method":"POST","path":"/api/v1/reviews/de98ea5d-d6eb-493b-b672-7156dbe28ea3/withdraw","status":409,"duration_ms":6}
✔ 制作角色不能批准，批准与撤回并发只有一个事务成功 (119.397125ms)
{"event":"http.request","request_id":"f20169e6-48b4-4e59-b28f-d7bda91a997f","method":"POST","path":"/api/v1/uploads","status":201,"duration_ms":6}
{"event":"http.request","request_id":"dc85e944-f22b-461a-a660-69cdd32c6af5","method":"POST","path":"/api/v1/uploads/8a196858-8e67-4cd7-ac63-e5de88e64278/parts","status":200,"duration_ms":4}
{"event":"http.request","request_id":"49b6c263-aad2-44ff-862d-2a5e6706c3cf","method":"PUT","path":"/api/v1/uploads/8a196858-8e67-4cd7-ac63-e5de88e64278/parts/1","status":200,"duration_ms":4}
{"event":"http.request","request_id":"32b31487-5b0d-42f3-832e-d84682d2f863","method":"POST","path":"/api/v1/uploads/8a196858-8e67-4cd7-ac63-e5de88e64278/complete","status":200,"duration_ms":7}
{"event":"http.request","request_id":"9fbe80a0-9030-4dd8-9a2b-964b08a71e39","method":"POST","path":"/api/v1/contents","status":201,"duration_ms":5}
{"event":"http.request","request_id":"fe6a0a48-0745-4c68-bb07-05a1834abe81","method":"POST","path":"/api/v1/contents/510bc70b-5dcc-4212-83b7-a2ebbf82f18f/revisions","status":201,"duration_ms":5}
{"event":"http.request","request_id":"054bd8fb-04db-4ec3-8234-3ba757e615a1","method":"POST","path":"/api/v1/assets","status":201,"duration_ms":5}
{"event":"http.request","request_id":"265ce319-453b-489c-a179-e20d699b49ed","method":"POST","path":"/api/v1/assets/14fee5e9-7b4f-450a-bd96-c6ab6860422e/confirm","status":200,"duration_ms":5}
{"event":"http.request","request_id":"2ac0d472-31b9-4025-ada1-d9b7ddbe533e","method":"POST","path":"/api/v1/contents/510bc70b-5dcc-4212-83b7-a2ebbf82f18f/revisions","status":201,"duration_ms":7}
{"event":"http.request","request_id":"41aec355-8094-4f0a-84ba-b897dedcf4f4","method":"POST","path":"/api/v1/contents/510bc70b-5dcc-4212-83b7-a2ebbf82f18f/submit-review","status":201,"duration_ms":5}
{"event":"http.request","request_id":"3ece356d-ff4c-4059-a318-3bf035b1afb5","method":"POST","path":"/api/v1/assets/14fee5e9-7b4f-450a-bd96-c6ab6860422e/retire","status":200,"duration_ms":3}
{"event":"http.request","request_id":"c64d71ed-d783-4ccf-9a80-aacf37b25381","method":"POST","path":"/api/v1/reviews/3d653814-b39c-433b-bac8-1e919bb60d0b/decide","status":422,"duration_ms":4}
{"event":"http.request","request_id":"671edc0b-0864-42c7-a235-1d5db6e06820","method":"POST","path":"/api/v1/reviews/3d653814-b39c-433b-bac8-1e919bb60d0b/withdraw","status":200,"duration_ms":6}
{"event":"http.request","request_id":"f5aee502-f4ef-49fa-9f81-70308d15365a","method":"GET","path":"/api/v1/contents/510bc70b-5dcc-4212-83b7-a2ebbf82f18f","status":200,"duration_ms":2}
{"event":"http.request","request_id":"4ce3e179-c656-4b5b-9af2-669011cd83da","method":"POST","path":"/api/v1/contents/510bc70b-5dcc-4212-83b7-a2ebbf82f18f/revisions","status":201,"duration_ms":5}
✔ 素材停用阻止批准但仍能撤回修稿，冻结历史引用保留 (95.308959ms)
{"event":"http.request","request_id":"3401fb74-edc3-4a84-925d-e58696be5d00","method":"POST","path":"/api/v1/contents","status":201,"duration_ms":4}
{"event":"http.request","request_id":"dfb14249-e623-40f6-a5b2-b466ff24d812","method":"POST","path":"/api/v1/contents/ff77d88d-03e7-4c7e-acb5-f91bd3bc2b07/start-production","status":200,"duration_ms":3}
{"event":"http.request","request_id":"cf0ee9bc-79d2-4526-801f-c5910ebfa7ef","method":"POST","path":"/api/v1/contents/ff77d88d-03e7-4c7e-acb5-f91bd3bc2b07/cancel","status":200,"duration_ms":4}
{"event":"http.request","request_id":"3c1a60ca-ef01-4218-830b-815df1c33e03","method":"GET","path":"/api/v1/contents/ff77d88d-03e7-4c7e-acb5-f91bd3bc2b07","status":200,"duration_ms":3}
{"event":"http.request","request_id":"2314e7a5-4654-4cd1-85c7-13341b9b4180","method":"POST","path":"/api/v1/contents/ff77d88d-03e7-4c7e-acb5-f91bd3bc2b07/submit-review","status":409,"duration_ms":3}
✔ 开始制作保存估时，取消保留理由和版本历史且不能再提审 (19.548916ms)
{"event":"http.request","request_id":"48dc3670-dcb6-4d8b-b6b3-ea183d46b9ce","method":"POST","path":"/api/v1/uploads","status":201,"duration_ms":5}
{"event":"http.request","request_id":"e1d01b8b-83ea-4cc6-a9b1-fa76c360bf63","method":"POST","path":"/api/v1/uploads/e3291e00-75c7-456a-bd23-1700e310b137/parts","status":200,"duration_ms":4}
{"event":"http.request","request_id":"35debf3d-6a3c-474d-9916-4724c2e36016","method":"PUT","path":"/api/v1/uploads/e3291e00-75c7-456a-bd23-1700e310b137/parts/1","status":200,"duration_ms":4}
{"event":"http.request","request_id":"3987ba04-20d6-4e69-9307-802d9f6b1a70","method":"POST","path":"/api/v1/uploads/e3291e00-75c7-456a-bd23-1700e310b137/complete","status":200,"duration_ms":9}
{"event":"http.request","request_id":"d8018bd8-2052-418f-bf10-4739a4c72621","method":"POST","path":"/api/v1/contents","status":201,"duration_ms":4}
{"event":"http.request","request_id":"27d47ece-b22d-4cda-805c-942df51646bb","method":"POST","path":"/api/v1/contents/1af90ff7-120b-4f60-8c32-1c1565ccdb88/revisions","status":201,"duration_ms":5}
{"event":"http.request","request_id":"88ce6794-bd2a-41b4-ac07-725cf692281e","method":"POST","path":"/api/v1/contents/1af90ff7-120b-4f60-8c32-1c1565ccdb88/submit-review","status":201,"duration_ms":4}
{"event":"http.request","request_id":"467b07d0-a894-4b73-a0ef-61b1ce7203d9","method":"POST","path":"/api/v1/reviews/2778110d-403c-4309-939c-31421d8baf75/decide","status":200,"duration_ms":5}
{"event":"http.request","request_id":"6585dad0-c951-4af9-b71e-17b2cb9ff716","method":"GET","path":"/api/v1/contents/1af90ff7-120b-4f60-8c32-1c1565ccdb88","status":200,"duration_ms":2}
{"event":"http.request","request_id":"8b1d82a9-e722-492f-9ce1-891c783d6b5e","method":"POST","path":"/api/v1/contents/1af90ff7-120b-4f60-8c32-1c1565ccdb88/export-package","status":202,"duration_ms":6}
{"event":"http.request","request_id":"350f5eb2-48bc-49de-82af-c8ee387faaf4","method":"GET","path":"/api/v1/export-packages/a35b36ff-50bf-455b-a7ff-fcfe0cf83ef5","status":200,"duration_ms":2}
{"event":"job.claimed","job_id":"79cbe29a-1351-4a13-9d45-2349235ddd82","request_id":"8b1d82a9-e722-492f-9ce1-891c783d6b5e","pool":"general","attempt":1}
{"event":"http.request","request_id":"107c35f1-9d6e-4d03-a75b-2567819576c9","method":"GET","path":"/api/v1/export-packages/a35b36ff-50bf-455b-a7ff-fcfe0cf83ef5","status":200,"duration_ms":3}
{"event":"http.request","request_id":"35f32b07-cd64-41b3-9588-2fbe0af86234","method":"GET","path":"/api/v1/export-packages/a35b36ff-50bf-455b-a7ff-fcfe0cf83ef5/download","status":200,"duration_ms":22}
✔ 发布包异步打包批准版本，下载PNG原件、页序和文案与批准内容一致 (1129.288208ms)
ℹ tests 11
ℹ suites 0
ℹ pass 11
ℹ fail 0
ℹ cancelled 0
ℹ skipped 0
ℹ todo 0
ℹ duration_ms 2769.894083
