[2m[WebServer] [22m(node:75467) Warning: The 'NO_COLOR' env is ignored due to the 'FORCE_COLOR' env being set.
[2m[WebServer] [22m(Use `node --trace-warnings ...` to show where the warning was created)
[2m[WebServer] [22m(node:75468) Warning: The 'NO_COLOR' env is ignored due to the 'FORCE_COLOR' env being set.
[2m[WebServer] [22m(Use `node --trace-warnings ...` to show where the warning was created)
[2m[WebServer] [22m(node:75474) Warning: The 'NO_COLOR' env is ignored due to the 'FORCE_COLOR' env being set.
[2m[WebServer] [22m(Use `node --trace-warnings ...` to show where the warning was created)
[2m[WebServer] [22m(node:75474) Warning: The 'NO_COLOR' env is ignored due to the 'FORCE_COLOR' env being set.
[2m[WebServer] [22m(Use `node --trace-warnings ...` to show where the warning was created)

Running 3 tests using 1 worker

(node:75510) Warning: The 'NO_COLOR' env is ignored due to the 'FORCE_COLOR' env being set.
(Use `node --trace-warnings ...` to show where the warning was created)
(node:75510) Warning: The 'NO_COLOR' env is ignored due to the 'FORCE_COLOR' env being set.
(Use `node --trace-warnings ...` to show where the warning was created)
  ✓  1 tests/production-browser.spec.ts:4:5 › 图文人工新建、逐页保存排序、刷新恢复与历史快照比较 (1.5s)
  ✘  2 tests/production-browser.spec.ts:15:5 › 逐页PNG成品上传预览、素材引用及未保存离开提示 (5.7s)
  -  3 tests/production-browser.spec.ts:26:5 › 人工上传成品后显式提交审核并逐项确认批准


  1) tests/production-browser.spec.ts:15:5 › 逐页PNG成品上传预览、素材引用及未保存离开提示 ──────────────────────────────

    Error: [2mexpect([22m[31mpage[39m[2m).[22mtoHaveURL[2m([22m[32mexpected[39m[2m)[22m failed

    Expected pattern: [32m/#contents$/[39m
    Received string:  [31m"http://127.0.0.1:3001/#home"[39m
    Timeout: 5000ms

    Call log:
    [2m  - Expect "toHaveURL" with timeout 5000ms[22m
    [2m    9 × unexpected value "http://127.0.0.1:3001/#home"[22m


      18 |  await page.getByRole('link',{name:'内容工作间'}).click();await page.getByRole('button',{name:'查看制作单与版本'}).click();await page.getByRole('button',{name:'编辑图文',exact:true}).click();await page.getByLabel('第1页文案').fill('未保存草稿');
      19 |  page.once('dialog',d=>d.dismiss());await page.keyboard.press('Escape');await expect(page.getByRole('dialog')).toHaveCount(1);await expect(page.getByLabel('第1页文案')).toHaveValue('未保存草稿');
    > 20 |  page.once('dialog',d=>d.dismiss());await page.evaluate(()=>{location.hash='home';});await expect(page).toHaveURL(/#contents$/);await expect(page.getByLabel('第1页文案')).toHaveValue('未保存草稿');
         |                                                                                                         ^
      21 |  await page.getByLabel('上传第1页PNG成品').setInputFiles('tests/fixtures/transparent.png');await expect(page.getByText('第1页成品原件已上传')).toBeVisible();
      22 |  await page.getByRole('button',{name:'第1页添加素材引用'}).click();const picker=page.getByRole('dialog',{name:'选择素材',exact:true});await picker.getByRole('button',{name:'选择此版本'}).click();await expect(page.getByText('使用范围待确认')).toBeVisible();await page.getByRole('button',{name:'保存新快照',exact:true}).click();await expect(page.getByRole('status').filter({hasText:'图文快照已保存'})).toBeVisible();
      23 |  await expect(async()=>{await page.getByRole('button',{name:'刷新成品状态'}).click();await expect(page.getByRole('img',{name:'第1页成品'})).toBeVisible();}).toPass({timeout:20000});
        at /Users/junlong/projects/social-mdeida-ops-platform/tests/production-browser.spec.ts:20:105

    attachment #1: screenshot (image/png) ──────────────────────────────────────────────────────────
    test-results/production-browser-逐页PNG成品上传预览、素材引用及未保存离开提示/test-failed-1.png
    ────────────────────────────────────────────────────────────────────────────────────────────────

    Error Context: test-results/production-browser-逐页PNG成品上传预览、素材引用及未保存离开提示/error-context.md

    attachment #3: trace (application/zip) ─────────────────────────────────────────────────────────
    test-results/production-browser-逐页PNG成品上传预览、素材引用及未保存离开提示/trace.zip
    Usage:

        pnpm exec playwright show-trace test-results/production-browser-逐页PNG成品上传预览、素材引用及未保存离开提示/trace.zip

    ────────────────────────────────────────────────────────────────────────────────────────────────

  1 failed
    tests/production-browser.spec.ts:15:5 › 逐页PNG成品上传预览、素材引用及未保存离开提示 ───────────────────────────────
  1 did not run
  1 passed (8.4s)
