{"event":"http.request","request_id":"32de6478-5843-42bd-adfd-72d378187bce","method":"GET","path":"/api/v1/auth/csrf","status":200,"duration_ms":7}
{"event":"http.request","request_id":"56598927-0492-4a22-88a7-a1606b752470","method":"POST","path":"/api/v1/setup","status":201,"duration_ms":34}
{"event":"http.request","request_id":"4c803978-4873-4f5c-af67-c0a416225dad","method":"GET","path":"/api/v1/auth/csrf","status":200,"duration_ms":1}
{"event":"http.request","request_id":"03296fd6-eb1c-4443-a94d-5bafc1c01e81","method":"POST","path":"/api/v1/auth/login","status":200,"duration_ms":24}
{"event":"http.request","request_id":"453dab64-4aa1-42c9-a3a3-e19261a64881","method":"GET","path":"/api/v1/me","status":200,"duration_ms":76}
{"event":"http.request","request_id":"61c21940-0c87-4587-94fd-2f2a61a846ed","method":"POST","path":"/api/v1/accounts","status":201,"duration_ms":10}
{"event":"http.request","request_id":"0de4b91f-db5b-43ac-a581-ab531617b207","method":"POST","path":"/api/v1/contents","status":201,"duration_ms":11}
{"event":"http.request","request_id":"e84000bd-614d-4045-8ec5-0bd57196180d","method":"GET","path":"/api/v1/contents/44c38baf-fd0e-4c99-8a1c-630a1650a555","status":200,"duration_ms":5}
{"event":"http.request","request_id":"ba3bd9b2-3504-41b8-baf7-f477e8051879","method":"POST","path":"/api/v1/contents/44c38baf-fd0e-4c99-8a1c-630a1650a555/revisions","status":201,"duration_ms":9}
{"event":"http.request","request_id":"ec0623cb-be9a-4d28-9eeb-a46929001668","method":"GET","path":"/api/v1/contents/44c38baf-fd0e-4c99-8a1c-630a1650a555","status":200,"duration_ms":4}
✔ 人工新建图文后保存逐页文案，再从详情恢复原始快照 (392.733042ms)
{"event":"http.request","request_id":"63b1e0a6-48cb-4c93-8889-aa66193edc1b","method":"POST","path":"/api/v1/contents","status":201,"duration_ms":6}
{"event":"http.request","request_id":"4b92e8cc-09c7-4c1e-ad2d-322845ce70d3","method":"POST","path":"/api/v1/contents/e17b0c66-97d4-46c3-ac58-0fbb0e36ea97/revisions","status":201,"duration_ms":6}
{"event":"http.request","request_id":"28a12aa3-f657-4796-be7e-bb78ff56cac5","method":"POST","path":"/api/v1/contents/e17b0c66-97d4-46c3-ac58-0fbb0e36ea97/revisions","status":409,"duration_ms":8}
{"event":"http.request","request_id":"16bc9723-4dcc-4e70-b00d-d2cddae04a1e","method":"GET","path":"/api/v1/contents/e17b0c66-97d4-46c3-ac58-0fbb0e36ea97","status":200,"duration_ms":3}
{"event":"http.request","request_id":"e4082e9e-f586-48d6-87dc-297e579ef1ba","method":"POST","path":"/api/v1/contents/e17b0c66-97d4-46c3-ac58-0fbb0e36ea97/restore","status":201,"duration_ms":7}
{"event":"http.request","request_id":"16d69b78-5c7f-465d-8c2e-6ee3515df83d","method":"GET","path":"/api/v1/contents/e17b0c66-97d4-46c3-ac58-0fbb0e36ea97","status":200,"duration_ms":3}
✔ 同一基础版本并发保存只有一个成功，恢复历史版本产生新快照 (34.071333ms)
{"event":"http.request","request_id":"8397f257-53f3-4a7e-ac61-48257d1a5791","method":"POST","path":"/api/v1/members","status":201,"duration_ms":23}
{"event":"http.request","request_id":"120647a1-e4a9-47d5-ad58-c4f799b65e46","method":"GET","path":"/api/v1/auth/csrf","status":200,"duration_ms":1}
{"event":"http.request","request_id":"a298fb88-8d0f-4ee0-bcac-db8758703006","method":"POST","path":"/api/v1/auth/accept-invite","status":200,"duration_ms":19}
{"event":"http.request","request_id":"d5a30c57-4d7c-4274-be30-b35970a44b3e","method":"GET","path":"/api/v1/auth/csrf","status":200,"duration_ms":1}
{"event":"http.request","request_id":"dd5f48b9-adf7-426a-ba25-fc0520743cb4","method":"POST","path":"/api/v1/auth/login","status":200,"duration_ms":21}
{"event":"http.request","request_id":"4390ffe0-4c06-44dd-8acc-cc12edeb8637","method":"POST","path":"/api/v1/members","status":201,"duration_ms":21}
{"event":"http.request","request_id":"708565dc-c89a-4713-9752-19f0f1c690c5","method":"GET","path":"/api/v1/auth/csrf","status":200,"duration_ms":0}
{"event":"http.request","request_id":"62198acd-8554-4756-ba34-8199d97a34aa","method":"POST","path":"/api/v1/auth/accept-invite","status":200,"duration_ms":18}
{"event":"http.request","request_id":"a8aa65a0-2260-4b82-8f15-044fae9143fd","method":"GET","path":"/api/v1/auth/csrf","status":200,"duration_ms":3}
{"event":"http.request","request_id":"06556e7a-c2f2-4735-9b89-cd501e833fe3","method":"POST","path":"/api/v1/auth/login","status":200,"duration_ms":18}
{"event":"http.request","request_id":"4cfcbf90-8cb3-40df-b383-69445c92eec8","method":"POST","path":"/api/v1/contents","status":201,"duration_ms":6}
{"event":"http.request","request_id":"7f2d080f-99ad-47cf-9cb7-ad882846af43","method":"POST","path":"/api/v1/contents/50b973ae-ae82-46da-9e9c-5e93b12e130c/revisions","status":403,"duration_ms":4}
{"event":"http.request","request_id":"e05acd86-f7df-4b8a-b737-24406055a03a","method":"POST","path":"/api/v1/contents/50b973ae-ae82-46da-9e9c-5e93b12e130c/revisions","status":403,"duration_ms":2}
{"event":"http.request","request_id":"31351c5d-a913-438c-ab7e-d7fa4451d8ff","method":"POST","path":"/api/v1/contents/50b973ae-ae82-46da-9e9c-5e93b12e130c/revisions","status":201,"duration_ms":5}
✔ 运营只能修改发布文案，不能改逐页制作内容；只读不能保存 (157.730792ms)
{"event":"http.request","request_id":"d81b6421-d590-4a53-a4b7-dcfdde7110b0","method":"POST","path":"/api/v1/contents","status":201,"duration_ms":6}
{"event":"http.request","request_id":"3726ce49-22e5-4cad-8a31-849740c4df4d","method":"POST","path":"/api/v1/contents/cc64c0d9-2503-4c16-a895-d90b77cdb507/revisions","status":422,"duration_ms":5}
{"event":"http.request","request_id":"1b5e583e-d0d1-4de3-ae07-a283cf0d979f","method":"POST","path":"/api/v1/uploads","status":201,"duration_ms":11}
{"event":"http.request","request_id":"958919aa-23cd-470d-b777-44fe9f9b67ef","method":"POST","path":"/api/v1/uploads/5e583569-8837-4e56-adef-52419693c9ee/parts","status":200,"duration_ms":5}
{"event":"http.request","request_id":"70b1373f-eb03-4058-9c97-084d34fb5db2","method":"PUT","path":"/api/v1/uploads/5e583569-8837-4e56-adef-52419693c9ee/parts/1","status":200,"duration_ms":6}
{"event":"http.request","request_id":"ea8513f2-68cb-4ad8-8e63-869883465c32","method":"POST","path":"/api/v1/uploads/5e583569-8837-4e56-adef-52419693c9ee/complete","status":200,"duration_ms":9}
{"event":"http.request","request_id":"ff40e23e-274c-4c2e-9291-901d088fe4fb","method":"POST","path":"/api/v1/contents/cc64c0d9-2503-4c16-a895-d90b77cdb507/revisions","status":422,"duration_ms":5}
{"event":"http.request","request_id":"9632271c-c99d-40b4-8d21-eeee834928f3","method":"POST","path":"/api/v1/uploads","status":201,"duration_ms":6}
{"event":"http.request","request_id":"d3cd03c4-be9c-431d-ba31-53682a2062c7","method":"POST","path":"/api/v1/uploads/d70074d1-d6ba-444f-a730-e87f86ecb77d/parts","status":200,"duration_ms":3}
{"event":"http.request","request_id":"260d3b16-a38c-4ba0-9229-d0278e409fa4","method":"PUT","path":"/api/v1/uploads/d70074d1-d6ba-444f-a730-e87f86ecb77d/parts/1","status":200,"duration_ms":5}
{"event":"http.request","request_id":"2733a851-cba6-443b-b715-e1ef3124d1ca","method":"POST","path":"/api/v1/uploads/d70074d1-d6ba-444f-a730-e87f86ecb77d/complete","status":200,"duration_ms":8}
{"event":"http.request","request_id":"b58c19a0-7393-42ba-9068-35d028570724","method":"POST","path":"/api/v1/contents/cc64c0d9-2503-4c16-a895-d90b77cdb507/revisions","status":201,"duration_ms":6}
{"event":"http.request","request_id":"909861cb-4e54-4231-b0e1-9d2637e08108","method":"GET","path":"/api/v1/contents/cc64c0d9-2503-4c16-a895-d90b77cdb507","status":200,"duration_ms":3}
✔ 图文成品只关联同空间已上传PNG原件，无效文件和PDF不能保存为发布图片 (104.375542ms)
{"event":"http.request","request_id":"503d8815-93e2-4d32-a1f2-84c248d16303","method":"POST","path":"/api/v1/contents","status":201,"duration_ms":5}
{"event":"http.request","request_id":"e45c17c2-830a-4a77-acc0-bffe97e80f30","method":"PATCH","path":"/api/v1/contents/f8205f7e-7ad9-4f8a-b725-4b89105f1b14","status":200,"duration_ms":4}
{"event":"http.request","request_id":"b4759794-99ca-47bd-bac8-95ef2e72761f","method":"GET","path":"/api/v1/contents","status":200,"duration_ms":2}
{"event":"http.request","request_id":"e283f10d-e0f2-4a5f-a46c-6eb243c036a1","method":"GET","path":"/api/v1/contents","status":200,"duration_ms":1}
{"event":"http.request","request_id":"9827dd50-6cad-442f-b183-3c67a337a06a","method":"GET","path":"/api/v1/contents","status":422,"duration_ms":1}
✔ 内容列表按形式、状态、负责人和计划时间过滤，非法筛选拒绝 (22.033958ms)
{"event":"http.request","request_id":"848e9977-cd64-42ca-9667-6a492f9b78ca","method":"POST","path":"/api/v1/contents","status":201,"duration_ms":5}
{"event":"http.request","request_id":"d99836d0-baf3-419b-904c-fbf1c1328acb","method":"POST","path":"/api/v1/contents/df5da2bd-2f5b-4c85-b4a5-9e853ef7136b/submit-review","status":422,"duration_ms":3}
{"event":"http.request","request_id":"714dc015-111c-4f3b-ad4d-a3970e495d29","method":"POST","path":"/api/v1/uploads","status":201,"duration_ms":5}
{"event":"http.request","request_id":"e68da7be-461e-4a68-95e7-b5d0c8685992","method":"POST","path":"/api/v1/uploads/c9fbf9b2-ad51-4cfa-a775-39055c5a7f75/parts","status":200,"duration_ms":3}
{"event":"http.request","request_id":"1314276b-6bd5-4d8c-a8ed-a57d255e9483","method":"PUT","path":"/api/v1/uploads/c9fbf9b2-ad51-4cfa-a775-39055c5a7f75/parts/1","status":200,"duration_ms":4}
{"event":"http.request","request_id":"82d39906-1999-414c-b746-e64ee743758a","method":"POST","path":"/api/v1/uploads/c9fbf9b2-ad51-4cfa-a775-39055c5a7f75/complete","status":200,"duration_ms":7}
{"event":"http.request","request_id":"c3e51253-0a6e-4450-9df3-e3db5c2f4fcb","method":"POST","path":"/api/v1/contents","status":201,"duration_ms":5}
{"event":"http.request","request_id":"95fadc64-261f-47a3-a8cc-edc9ca828573","method":"POST","path":"/api/v1/contents/edacb067-ebdb-4a7d-b9df-576d67885ae3/revisions","status":201,"duration_ms":6}
{"event":"http.request","request_id":"c2604c2d-8485-49a4-9fdf-3ae8ebda4f0b","method":"POST","path":"/api/v1/contents/edacb067-ebdb-4a7d-b9df-576d67885ae3/submit-review","status":201,"duration_ms":5}
{"event":"http.request","request_id":"775d63f4-5b4f-4e36-895c-6c1ed6be5c66","method":"GET","path":"/api/v1/contents/edacb067-ebdb-4a7d-b9df-576d67885ae3","status":200,"duration_ms":2}
{"event":"http.request","request_id":"b1f64b70-d01e-4d2e-8f74-fcfe8649e665","method":"POST","path":"/api/v1/reviews/01b4d0dd-9dad-47ec-9268-af93aeac8af2/decide","status":200,"duration_ms":10}
{"event":"http.request","request_id":"ba555564-db9b-4ae2-a57a-eb495cdd6559","method":"GET","path":"/api/v1/contents/edacb067-ebdb-4a7d-b9df-576d67885ae3","status":200,"duration_ms":2}
✔ 提交审核拒绝缺失成品，完整PNG图文冻结并由有权成员显式批准 (163.99275ms)
{"event":"http.request","request_id":"857d595f-78f7-4915-a24c-c1685805dd7b","method":"POST","path":"/api/v1/uploads","status":201,"duration_ms":5}
{"event":"http.request","request_id":"439ca5c2-c86c-4f8c-9049-df90450e3436","method":"POST","path":"/api/v1/uploads/642c385f-f829-4b12-808e-66d54c8b6c46/parts","status":200,"duration_ms":3}
{"event":"http.request","request_id":"ef864ed8-92a0-41d4-a6c4-c177fff87295","method":"PUT","path":"/api/v1/uploads/642c385f-f829-4b12-808e-66d54c8b6c46/parts/1","status":200,"duration_ms":4}
{"event":"http.request","request_id":"c79484a3-2f6a-4fa1-a987-066880f154ac","method":"POST","path":"/api/v1/uploads/642c385f-f829-4b12-808e-66d54c8b6c46/complete","status":200,"duration_ms":7}
{"event":"http.request","request_id":"23ad987e-4ec8-407c-a365-f7edf7051973","method":"POST","path":"/api/v1/contents","status":201,"duration_ms":4}
{"event":"http.request","request_id":"ac7bba1a-0c99-43a6-81ca-86a484e1d3e9","method":"POST","path":"/api/v1/contents/dfb2e80e-f89d-44b9-acd7-6598b57b2516/revisions","status":201,"duration_ms":5}
{"event":"http.request","request_id":"34ac9f93-2b98-48d1-86dc-5743906ffd7c","method":"POST","path":"/api/v1/contents/dfb2e80e-f89d-44b9-acd7-6598b57b2516/submit-review","status":201,"duration_ms":5}
{"event":"http.request","request_id":"46db9120-97fe-45b5-91c1-fdf7c87b6db9","method":"GET","path":"/api/v1/contents/dfb2e80e-f89d-44b9-acd7-6598b57b2516","status":200,"duration_ms":2}
{"event":"http.request","request_id":"6019ffe7-eadf-4d5e-a4b9-47f92e24ea03","method":"POST","path":"/api/v1/contents/dfb2e80e-f89d-44b9-acd7-6598b57b2516/revisions","status":409,"duration_ms":3}
{"event":"http.request","request_id":"95b80a37-af5b-4473-9bcf-4d0c8c6c4a0f","method":"POST","path":"/api/v1/reviews/fece04bf-e8bd-405b-a70c-5b05b17c201d/withdraw","status":200,"duration_ms":6}
{"event":"http.request","request_id":"b0bff8bd-1370-4b9e-bd8d-567cb6b5a888","method":"GET","path":"/api/v1/contents/dfb2e80e-f89d-44b9-acd7-6598b57b2516","status":200,"duration_ms":2}
{"event":"http.request","request_id":"0cc5a277-bf03-4593-a040-ab32e0551eff","method":"POST","path":"/api/v1/contents/dfb2e80e-f89d-44b9-acd7-6598b57b2516/submit-review","status":201,"duration_ms":4}
{"event":"http.request","request_id":"bdf80dac-ee2a-49f8-913b-8ad27f5e0f61","method":"POST","path":"/api/v1/reviews/2ba02213-24b8-4603-98cd-d1caf1162f38/decide","status":200,"duration_ms":6}
{"event":"http.request","request_id":"42085b45-099c-4816-867d-d7ba9c4411b7","method":"GET","path":"/api/v1/contents/dfb2e80e-f89d-44b9-acd7-6598b57b2516","status":200,"duration_ms":3}
{"event":"http.request","request_id":"804b011f-d1e2-4d26-b5b4-461687f3394c","method":"POST","path":"/api/v1/contents/dfb2e80e-f89d-44b9-acd7-6598b57b2516/submit-review","status":201,"duration_ms":4}
{"event":"http.request","request_id":"3776b6be-0011-4f92-a3e9-93803d1de1ca","method":"POST","path":"/api/v1/reviews/dfe0bc13-f8b3-47e0-baa6-173e1e8bc41b/decide","status":200,"duration_ms":4}
{"event":"http.request","request_id":"7f8521c2-14a5-4b47-87be-c4206d517c43","method":"GET","path":"/api/v1/contents/dfb2e80e-f89d-44b9-acd7-6598b57b2516","status":200,"duration_ms":2}
{"event":"http.request","request_id":"015541ea-ed99-45ff-ae01-ace3ee7a8b29","method":"PATCH","path":"/api/v1/contents/dfb2e80e-f89d-44b9-acd7-6598b57b2516","status":200,"duration_ms":4}
{"event":"http.request","request_id":"1708731e-e9bf-46db-a1cc-fb84a735d9eb","method":"GET","path":"/api/v1/contents/dfb2e80e-f89d-44b9-acd7-6598b57b2516","status":200,"duration_ms":2}
{"event":"http.request","request_id":"9b1fc3c9-3cbe-44ec-b259-4b284c0b9344","method":"POST","path":"/api/v1/contents/dfb2e80e-f89d-44b9-acd7-6598b57b2516/revisions","status":201,"duration_ms":5}
{"event":"http.request","request_id":"079c9cf2-7b11-4f72-b3c6-e5e1bd8dc3c9","method":"GET","path":"/api/v1/contents/dfb2e80e-f89d-44b9-acd7-6598b57b2516","status":200,"duration_ms":2}
✔ 审核中禁止编辑，撤回和退回派生新稿；批准后改载荷重审，内部备注不使批准失效 (94.058375ms)
{"event":"http.request","request_id":"613a1318-9e4c-407e-8a1b-27a373ddce0c","method":"POST","path":"/api/v1/members","status":201,"duration_ms":23}
{"event":"http.request","request_id":"72c12c43-e7fa-4a87-9f53-4f7b6eb10408","method":"GET","path":"/api/v1/auth/csrf","status":200,"duration_ms":0}
{"event":"http.request","request_id":"e7525e78-4fd5-4585-8e2f-ffdbe2ca2732","method":"POST","path":"/api/v1/auth/accept-invite","status":200,"duration_ms":19}
{"event":"http.request","request_id":"6fb6a736-4fa7-4459-9b96-f9be4e14e79f","method":"GET","path":"/api/v1/auth/csrf","status":200,"duration_ms":1}
{"event":"http.request","request_id":"31423587-50bd-43a1-b2c0-909078910b3a","method":"POST","path":"/api/v1/auth/login","status":200,"duration_ms":19}
{"event":"http.request","request_id":"58e44c55-b77a-4442-a48b-4821fb1eb019","method":"POST","path":"/api/v1/uploads","status":201,"duration_ms":5}
{"event":"http.request","request_id":"f908d0de-fca4-4646-921e-30bef30f0182","method":"POST","path":"/api/v1/uploads/74ae5d31-3a00-4f09-a6b0-8e36d88d3a71/parts","status":200,"duration_ms":3}
{"event":"http.request","request_id":"6717dbaa-6a50-4eb0-813c-1c7c063dcb4d","method":"PUT","path":"/api/v1/uploads/74ae5d31-3a00-4f09-a6b0-8e36d88d3a71/parts/1","status":200,"duration_ms":4}
{"event":"http.request","request_id":"474a2f2c-4f32-4575-93b4-9566238c1fbe","method":"POST","path":"/api/v1/uploads/74ae5d31-3a00-4f09-a6b0-8e36d88d3a71/complete","status":200,"duration_ms":7}
{"event":"http.request","request_id":"3e4f2268-2574-4ef3-a8a8-023fbb3f1ada","method":"POST","path":"/api/v1/contents","status":201,"duration_ms":5}
{"event":"http.request","request_id":"7ba8012d-1888-4277-bcf9-61d8a551b6f6","method":"POST","path":"/api/v1/contents/7c126bca-94f5-4430-8abd-fa4420b01a33/revisions","status":201,"duration_ms":5}
{"event":"http.request","request_id":"bb88bcba-02d9-4481-a636-7193b0107d1c","method":"POST","path":"/api/v1/contents/7c126bca-94f5-4430-8abd-fa4420b01a33/submit-review","status":201,"duration_ms":4}
{"event":"http.request","request_id":"8c500abb-7100-441b-9712-9b23f66376fa","method":"POST","path":"/api/v1/reviews/5eb93c33-324c-42d0-b283-d7dc4ee8d0ac/decide","status":403,"duration_ms":2}
{"event":"http.request","request_id":"cd5b9f8e-2ec9-4356-aee8-e7755c330476","method":"POST","path":"/api/v1/reviews/5eb93c33-324c-42d0-b283-d7dc4ee8d0ac/decide","status":200,"duration_ms":5}
{"event":"http.request","request_id":"a486c5c4-525b-4cf4-9a08-6c0f3d35c69d","method":"POST","path":"/api/v1/reviews/5eb93c33-324c-42d0-b283-d7dc4ee8d0ac/withdraw","status":409,"duration_ms":5}
✔ 制作角色不能批准，批准与撤回并发只有一个事务成功 (115.540375ms)
{"event":"http.request","request_id":"521d2863-cafe-48a5-b676-19b4f74408f8","method":"POST","path":"/api/v1/uploads","status":201,"duration_ms":5}
{"event":"http.request","request_id":"178f194b-c9b3-48f6-a1a6-8ec5e264112f","method":"POST","path":"/api/v1/uploads/68e6bda8-4139-4bf2-b8c6-852b6ad38561/parts","status":200,"duration_ms":3}
{"event":"http.request","request_id":"dc1f1bd4-f0db-4416-9498-25b23aaaca55","method":"PUT","path":"/api/v1/uploads/68e6bda8-4139-4bf2-b8c6-852b6ad38561/parts/1","status":200,"duration_ms":4}
{"event":"http.request","request_id":"2fab59d2-5869-4626-b250-d49aebb86ddc","method":"POST","path":"/api/v1/uploads/68e6bda8-4139-4bf2-b8c6-852b6ad38561/complete","status":200,"duration_ms":7}
{"event":"http.request","request_id":"9dda9ff6-930c-4155-864c-d12e8e499544","method":"POST","path":"/api/v1/contents","status":201,"duration_ms":5}
{"event":"http.request","request_id":"532eb23f-756f-4aa6-b3dc-83d34c016cc7","method":"POST","path":"/api/v1/contents/37ac74ff-7dbc-4c6a-b132-b9fbd577ac48/revisions","status":201,"duration_ms":5}
{"event":"http.request","request_id":"3492e1fc-9fc3-48f2-8110-99bcaedcf330","method":"POST","path":"/api/v1/assets","status":201,"duration_ms":4}
{"event":"http.request","request_id":"d1f55807-6074-44ab-ba74-18531639ad7f","method":"POST","path":"/api/v1/assets/9a5eb23d-f5ae-4f09-ba3e-ace588918782/confirm","status":200,"duration_ms":4}
{"event":"http.request","request_id":"344fbd57-76ce-4e56-b4cc-d26b19df1c04","method":"POST","path":"/api/v1/contents/37ac74ff-7dbc-4c6a-b132-b9fbd577ac48/revisions","status":201,"duration_ms":7}
{"event":"http.request","request_id":"3555c4d8-6150-41cd-a7ca-a2a9c1a76c28","method":"POST","path":"/api/v1/contents/37ac74ff-7dbc-4c6a-b132-b9fbd577ac48/submit-review","status":201,"duration_ms":5}
{"event":"http.request","request_id":"60037834-4227-4f1b-8c96-a00818f8796c","method":"POST","path":"/api/v1/assets/9a5eb23d-f5ae-4f09-ba3e-ace588918782/retire","status":200,"duration_ms":3}
{"event":"http.request","request_id":"4c9b7464-9b66-4e05-831f-ea1f46738c4f","method":"POST","path":"/api/v1/reviews/c215f4bb-3776-4c8b-bdaf-7d2918a54df8/decide","status":422,"duration_ms":5}
{"event":"http.request","request_id":"e83fa1d0-b054-4ae8-9f0d-88e0c1614af4","method":"POST","path":"/api/v1/reviews/c215f4bb-3776-4c8b-bdaf-7d2918a54df8/withdraw","status":200,"duration_ms":6}
{"event":"http.request","request_id":"a6eaa4e7-f09e-4aca-8501-a7dbb12ea7b5","method":"GET","path":"/api/v1/contents/37ac74ff-7dbc-4c6a-b132-b9fbd577ac48","status":200,"duration_ms":2}
{"event":"http.request","request_id":"d6271fdb-eef2-435b-b7a5-16d760c2a658","method":"POST","path":"/api/v1/contents/37ac74ff-7dbc-4c6a-b132-b9fbd577ac48/revisions","status":201,"duration_ms":5}
✔ 素材停用阻止批准但仍能撤回修稿，冻结历史引用保留 (89.407792ms)
{"event":"http.request","request_id":"84aba72e-ef0c-425d-9d54-99124501b960","method":"POST","path":"/api/v1/contents","status":201,"duration_ms":4}
{"event":"http.request","request_id":"42d2a7db-9695-49a4-8617-96d33d76d953","method":"POST","path":"/api/v1/contents/60d06dad-25f0-418a-9ee7-cdb4a18cc6fc/start-production","status":200,"duration_ms":4}
{"event":"http.request","request_id":"6b2fbb30-4183-40d9-ba8f-80175991bee2","method":"POST","path":"/api/v1/contents/60d06dad-25f0-418a-9ee7-cdb4a18cc6fc/cancel","status":200,"duration_ms":5}
{"event":"http.request","request_id":"d72c9179-6319-4b6e-a95c-502d40e6f81b","method":"GET","path":"/api/v1/contents/60d06dad-25f0-418a-9ee7-cdb4a18cc6fc","status":200,"duration_ms":2}
{"event":"http.request","request_id":"c2f8a25a-8d97-49f3-a8ac-78376ffe5791","method":"POST","path":"/api/v1/contents/60d06dad-25f0-418a-9ee7-cdb4a18cc6fc/submit-review","status":409,"duration_ms":2}
✔ 开始制作保存估时，取消保留理由和版本历史且不能再提审 (19.333291ms)
{"event":"http.request","request_id":"c9c85e79-2b6a-41d8-93d7-232db33b5510","method":"POST","path":"/api/v1/uploads","status":201,"duration_ms":5}
{"event":"http.request","request_id":"806b6cac-bd5a-4555-a1f6-04039ae40dd2","method":"POST","path":"/api/v1/uploads/10c5e6e4-e423-441e-b99a-ee99966735e8/parts","status":200,"duration_ms":4}
{"event":"http.request","request_id":"b95569c0-0b9d-4fe6-8b58-87cc53bfd9a6","method":"PUT","path":"/api/v1/uploads/10c5e6e4-e423-441e-b99a-ee99966735e8/parts/1","status":200,"duration_ms":4}
{"event":"http.request","request_id":"f95d1d64-2f9a-465c-a9d3-1dd35d07433d","method":"POST","path":"/api/v1/uploads/10c5e6e4-e423-441e-b99a-ee99966735e8/complete","status":200,"duration_ms":7}
{"event":"http.request","request_id":"b8632ccb-c25c-4db8-9eb1-b59f53013a1c","method":"POST","path":"/api/v1/contents","status":201,"duration_ms":4}
{"event":"http.request","request_id":"e70fa92b-01bc-4ede-b26e-2bb1bc828273","method":"POST","path":"/api/v1/contents/55030fee-750c-4d22-b7b0-7105dfa6a26e/revisions","status":201,"duration_ms":5}
{"event":"http.request","request_id":"c40ba73c-22f2-44a8-a819-ec33df7eccea","method":"POST","path":"/api/v1/contents/55030fee-750c-4d22-b7b0-7105dfa6a26e/submit-review","status":201,"duration_ms":4}
{"event":"http.request","request_id":"58f0eff4-6650-49f6-b502-6333b55b7d7d","method":"POST","path":"/api/v1/reviews/456ab724-46fe-4475-b218-0a37aa3abeca/decide","status":200,"duration_ms":4}
{"event":"http.request","request_id":"c42eab45-8db8-4426-8727-82717a65fa43","method":"GET","path":"/api/v1/contents/55030fee-750c-4d22-b7b0-7105dfa6a26e","status":200,"duration_ms":2}
{"event":"http.request","request_id":"46e1d7f2-3fb7-41ff-9bfa-ae1598500733","method":"POST","path":"/api/v1/contents/55030fee-750c-4d22-b7b0-7105dfa6a26e/export-package","status":202,"duration_ms":5}
{"event":"http.request","request_id":"be27ea06-f363-45e4-99dd-296951e4616d","method":"GET","path":"/api/v1/export-packages/2a7e37c1-da82-4847-a695-a0e566b6e50b","status":200,"duration_ms":2}
{"event":"job.claimed","job_id":"60707aa9-9b4f-4e5c-9905-fa96bdd696b2","request_id":"46e1d7f2-3fb7-41ff-9bfa-ae1598500733","pool":"general","attempt":1}
{"event":"http.request","request_id":"e95741bd-db46-4da3-baff-4d37a866f6b0","method":"GET","path":"/api/v1/export-packages/2a7e37c1-da82-4847-a695-a0e566b6e50b","status":200,"duration_ms":3}
{"event":"http.request","request_id":"2fdbcd40-6b74-4e4e-a230-6b70dd02009f","method":"GET","path":"/api/v1/export-packages/2a7e37c1-da82-4847-a695-a0e566b6e50b/download","status":200,"duration_ms":26}
{"event":"http.request","request_id":"894042ba-8bbb-4faa-87d2-f4911c1aa5e4","method":"POST","path":"/api/v1/contents/55030fee-750c-4d22-b7b0-7105dfa6a26e/revisions","status":201,"duration_ms":16}
{"event":"http.request","request_id":"c68ab08a-4731-4d75-8bf4-583b8cbc8926","method":"GET","path":"/api/v1/export-packages/2a7e37c1-da82-4847-a695-a0e566b6e50b/download","status":409,"duration_ms":6}
{"event":"http.request","request_id":"5e1d15a4-7f61-4dc1-8a3c-737fc4229f81","method":"GET","path":"/api/v1/files/dc3d2308-40d9-48aa-90aa-0a6d5df8211b/download","status":409,"duration_ms":5}
✔ 发布包异步打包批准版本，下载PNG原件、页序和文案与批准内容一致 (1145.183709ms)
{"event":"http.request","request_id":"0d7b7b74-0eb3-4a98-b456-1d85cf7a587b","method":"POST","path":"/api/v1/uploads","status":201,"duration_ms":16}
{"event":"http.request","request_id":"272389ea-b179-4145-be68-87d49bc98ef7","method":"POST","path":"/api/v1/uploads/52a62ccd-cbc7-48df-807b-5e483dfc5233/parts","status":200,"duration_ms":9}
{"event":"http.request","request_id":"6cc8c3f7-adaa-4f43-acae-fbd0ba7ece41","method":"PUT","path":"/api/v1/uploads/52a62ccd-cbc7-48df-807b-5e483dfc5233/parts/1","status":200,"duration_ms":8}
{"event":"http.request","request_id":"68a91b88-41fc-4acc-8d34-676d54986021","method":"POST","path":"/api/v1/uploads/52a62ccd-cbc7-48df-807b-5e483dfc5233/complete","status":200,"duration_ms":16}
{"event":"http.request","request_id":"3ff8a019-0662-4ced-a53b-5865b0c85d70","method":"POST","path":"/api/v1/contents","status":201,"duration_ms":9}
{"event":"http.request","request_id":"b76a9532-644a-4f23-af3b-f0ae8000ec8e","method":"POST","path":"/api/v1/contents/2f04d928-bd1c-4253-bb49-abf0d7980f44/revisions","status":201,"duration_ms":9}
{"event":"http.request","request_id":"8479c165-434b-4b23-88fa-35f12b16be69","method":"POST","path":"/api/v1/contents/2f04d928-bd1c-4253-bb49-abf0d7980f44/submit-review","status":201,"duration_ms":8}
{"event":"http.request","request_id":"f049e731-0897-420a-b8bb-68815c434810","method":"POST","path":"/api/v1/reviews/eda73004-ec05-4f4c-90ea-2bb0a53f3391/decide","status":200,"duration_ms":8}
{"event":"http.request","request_id":"e7bb7888-e115-4959-bc99-db3942823e4f","method":"GET","path":"/api/v1/contents/2f04d928-bd1c-4253-bb49-abf0d7980f44","status":200,"duration_ms":4}
{"event":"http.request","request_id":"752d459f-d0c8-4878-8d32-4c3a568b235f","method":"POST","path":"/api/v1/publication-drafts","status":201,"duration_ms":7}
{"event":"http.request","request_id":"4ee4abd5-cda6-4efc-b8df-4ab2808ee310","method":"GET","path":"/api/v1/contents/2f04d928-bd1c-4253-bb49-abf0d7980f44","status":200,"duration_ms":3}
{"event":"http.request","request_id":"4ea24e73-39a7-40d2-a29d-8403c5a84d90","method":"POST","path":"/api/v1/publications","status":422,"duration_ms":5}
{"event":"http.request","request_id":"d466388f-6eab-4b00-8af4-5d34ede6183f","method":"POST","path":"/api/v1/publications","status":422,"duration_ms":5}
{"event":"http.request","request_id":"0b55f827-08ff-4864-b82c-67ae2993a52c","method":"POST","path":"/api/v1/publications","status":201,"duration_ms":8}
{"event":"http.request","request_id":"902eee0c-26ca-4803-bc3d-9457acb66867","method":"GET","path":"/api/v1/contents/2f04d928-bd1c-4253-bb49-abf0d7980f44","status":200,"duration_ms":3}
{"event":"http.request","request_id":"0e30426e-88bd-4a7c-a642-b68b31d8b2cd","method":"POST","path":"/api/v1/uploads","status":201,"duration_ms":8}
{"event":"http.request","request_id":"bb71be8f-c37b-4836-a70b-fb93675ba2b1","method":"POST","path":"/api/v1/uploads/c8e233a3-92e6-476d-8777-ddd58ca9166f/parts","status":200,"duration_ms":5}
{"event":"http.request","request_id":"4b7373eb-ff60-4914-8b11-8eab81175977","method":"PUT","path":"/api/v1/uploads/c8e233a3-92e6-476d-8777-ddd58ca9166f/parts/1","status":200,"duration_ms":7}
{"event":"http.request","request_id":"95176761-bbeb-4ff8-8159-b40829842aed","method":"POST","path":"/api/v1/uploads/c8e233a3-92e6-476d-8777-ddd58ca9166f/complete","status":200,"duration_ms":14}
{"event":"http.request","request_id":"26e1325f-417b-4ef1-b299-dadca6a8ad5d","method":"POST","path":"/api/v1/contents","status":201,"duration_ms":7}
{"event":"http.request","request_id":"e0012312-0773-4c58-8b48-e407613eb6c2","method":"POST","path":"/api/v1/contents/8ec979ce-c322-48f9-bcb1-9a70401e6cfd/revisions","status":201,"duration_ms":7}
{"event":"http.request","request_id":"95e7cbea-3746-4fe3-83b5-7ba65dbe0f8c","method":"POST","path":"/api/v1/contents/8ec979ce-c322-48f9-bcb1-9a70401e6cfd/submit-review","status":201,"duration_ms":6}
{"event":"http.request","request_id":"2d41c633-5c9c-4551-87b8-004f0deb0f48","method":"POST","path":"/api/v1/reviews/9f68e9c5-41d0-475b-9706-8c142ce89097/decide","status":200,"duration_ms":6}
{"event":"http.request","request_id":"65d38aee-bcc7-4bf7-bca1-517d11f72f78","method":"GET","path":"/api/v1/contents/8ec979ce-c322-48f9-bcb1-9a70401e6cfd","status":200,"duration_ms":3}
{"event":"http.request","request_id":"59b564a3-295e-40e3-9a45-64bc0915079d","method":"POST","path":"/api/v1/publications","status":409,"duration_ms":5}
✔ 缺笔记ID暂存不算发布，正式登记锁定批准版本、账号和唯一笔记并持久回收事件 (236.837667ms)
{"event":"http.request","request_id":"0e42e9ea-bf81-4bb7-a4a6-15f4ddc1277a","method":"POST","path":"/api/v1/uploads","status":201,"duration_ms":6}
{"event":"http.request","request_id":"1be01ccd-169c-4c67-b6bd-642da767c180","method":"POST","path":"/api/v1/uploads/53154406-da7e-4642-a42b-79b60f645927/parts","status":200,"duration_ms":3}
{"event":"http.request","request_id":"216eeece-1e32-4f42-8c75-397ca712b2b0","method":"PUT","path":"/api/v1/uploads/53154406-da7e-4642-a42b-79b60f645927/parts/1","status":200,"duration_ms":5}
{"event":"http.request","request_id":"3b0b029e-291f-4d18-97f8-0b62449f3e64","method":"POST","path":"/api/v1/uploads/53154406-da7e-4642-a42b-79b60f645927/complete","status":200,"duration_ms":8}
{"event":"http.request","request_id":"1b2ed24d-53a3-4459-a4d6-d81d3e05b535","method":"POST","path":"/api/v1/contents","status":201,"duration_ms":4}
{"event":"http.request","request_id":"eaefcdbe-8407-4550-953e-92284aa1bdd8","method":"POST","path":"/api/v1/contents/7720eac1-ac14-4972-81ab-9d5d5644f7d4/revisions","status":201,"duration_ms":5}
{"event":"http.request","request_id":"f90b31af-2667-4b6e-b31d-140cb67b5202","method":"POST","path":"/api/v1/contents/7720eac1-ac14-4972-81ab-9d5d5644f7d4/submit-review","status":201,"duration_ms":5}
{"event":"http.request","request_id":"8f70f2f1-a7a9-4828-ae73-855d77893a66","method":"POST","path":"/api/v1/reviews/ab1b4b96-15b0-4e6e-b368-8fdc97b983d8/decide","status":200,"duration_ms":5}
{"event":"http.request","request_id":"531d7984-b3e7-40bb-ad04-dafd7fb93ed3","method":"GET","path":"/api/v1/contents/7720eac1-ac14-4972-81ab-9d5d5644f7d4","status":200,"duration_ms":2}
{"event":"http.request","request_id":"5ea2cb3d-fc95-4cc8-ac28-e2ecfc0df73c","method":"POST","path":"/api/v1/publications","status":201,"duration_ms":5}
{"event":"http.request","request_id":"d81b4375-5405-4ff9-befd-b7a3d36dd129","method":"GET","path":"/api/v1/contents/7720eac1-ac14-4972-81ab-9d5d5644f7d4","status":200,"duration_ms":2}
{"event":"http.request","request_id":"d66d6351-574d-4aae-b87e-01e42dc5dea9","method":"POST","path":"/api/v1/contents/7720eac1-ac14-4972-81ab-9d5d5644f7d4/create-revision-work-item","status":201,"duration_ms":7}
{"event":"http.request","request_id":"0205c67c-5b5d-4320-a44d-a028093d90ed","method":"GET","path":"/api/v1/contents/99bdd6c0-b884-4fb6-b16d-c892a654da84","status":200,"duration_ms":2}
{"event":"http.request","request_id":"e09b5630-0056-4882-820a-0a7f576867c1","method":"GET","path":"/api/v1/contents/7720eac1-ac14-4972-81ab-9d5d5644f7d4","status":200,"duration_ms":2}
{"event":"http.request","request_id":"054b076b-851e-49c1-a416-9d0ae0d7d834","method":"GET","path":"/api/v1/publications/5afe69ff-e0f6-4438-9573-61f9888b31e6","status":200,"duration_ms":2}
✔ 已发布内容派生独立修订工作项，原稿和文件归档保持不变 (77.873208ms)
{"event":"http.request","request_id":"7306a293-9816-4de0-95b3-2c9047b1fed5","method":"POST","path":"/api/v1/uploads","status":201,"duration_ms":5}
{"event":"http.request","request_id":"ce8c9bc5-df48-429c-a541-e955203ab4b1","method":"POST","path":"/api/v1/uploads/9a96dbe8-6c47-4306-8ed8-d874d1474f7e/parts","status":200,"duration_ms":3}
{"event":"http.request","request_id":"d7cb11a0-835c-49a3-9ff9-30ff755514a3","method":"PUT","path":"/api/v1/uploads/9a96dbe8-6c47-4306-8ed8-d874d1474f7e/parts/1","status":200,"duration_ms":4}
{"event":"http.request","request_id":"f650c7b5-e82f-41c3-a2ae-2f910faa0248","method":"POST","path":"/api/v1/uploads/9a96dbe8-6c47-4306-8ed8-d874d1474f7e/complete","status":200,"duration_ms":16}
{"event":"http.request","request_id":"d27291da-10b3-4eb1-9568-c6a36d6f4228","method":"POST","path":"/api/v1/contents","status":201,"duration_ms":4}
{"event":"http.request","request_id":"1e6fb796-4493-4fb3-af83-26a2fd29c520","method":"POST","path":"/api/v1/contents/c0e85cb3-2bdf-4737-ae45-099cecbebbc5/revisions","status":201,"duration_ms":5}
{"event":"http.request","request_id":"c4920f17-73bc-4b28-8eee-61bdcf9ba8e4","method":"POST","path":"/api/v1/contents/c0e85cb3-2bdf-4737-ae45-099cecbebbc5/submit-review","status":201,"duration_ms":4}
{"event":"http.request","request_id":"ded735ee-8fbc-4d7b-9cab-522684524ad0","method":"POST","path":"/api/v1/reviews/8ae9a252-550e-41b5-a2cc-d9a87472042e/decide","status":200,"duration_ms":5}
{"event":"http.request","request_id":"8e029dc8-2117-4795-9260-b95fd3765efb","method":"GET","path":"/api/v1/contents/c0e85cb3-2bdf-4737-ae45-099cecbebbc5","status":200,"duration_ms":2}
{"event":"http.request","request_id":"e29070be-04da-40fd-a4fc-f3120c28b097","method":"POST","path":"/api/v1/publications","status":201,"duration_ms":4}
{"event":"http.request","request_id":"9392a69f-b750-4825-a26a-15d648842a08","method":"GET","path":"/api/v1/contents/c0e85cb3-2bdf-4737-ae45-099cecbebbc5","status":200,"duration_ms":2}
{"event":"http.request","request_id":"391328bd-0991-4df0-aa7e-a46adf4c1eb5","method":"POST","path":"/api/v1/contents/c0e85cb3-2bdf-4737-ae45-099cecbebbc5/create-revision-work-item","status":201,"duration_ms":7}
{"event":"http.request","request_id":"7ae92b2e-6b10-4595-968b-a0e8bafc6fb2","method":"GET","path":"/api/v1/contents/ab3a61e5-1cdb-4106-8ea8-ce332d459d5e","status":200,"duration_ms":5}
{"event":"http.request","request_id":"9802829d-3bb0-41fc-96d2-25774df1c867","method":"POST","path":"/api/v1/publications/8f46a691-e5cf-4d08-8435-2fdbebea872c/changes","status":409,"duration_ms":8}
{"event":"http.request","request_id":"b79100a1-8c82-4d2e-a8e0-68365321b75d","method":"POST","path":"/api/v1/contents/ab3a61e5-1cdb-4106-8ea8-ce332d459d5e/revisions","status":201,"duration_ms":5}
{"event":"http.request","request_id":"f71593ed-1392-4bb5-928e-66488c1ea930","method":"POST","path":"/api/v1/contents/ab3a61e5-1cdb-4106-8ea8-ce332d459d5e/submit-review","status":201,"duration_ms":5}
{"event":"http.request","request_id":"f01fd8e2-5850-4b46-9f71-67cb464bd5cc","method":"POST","path":"/api/v1/reviews/d1f1c232-8bf6-40a1-8d96-7fd19450b019/decide","status":200,"duration_ms":5}
{"event":"http.request","request_id":"ac0f479a-8107-4b02-bdb7-31031d453d97","method":"GET","path":"/api/v1/contents/ab3a61e5-1cdb-4106-8ea8-ce332d459d5e","status":200,"duration_ms":2}
{"event":"http.request","request_id":"6933a789-47f1-4021-9e67-b3ece48e273f","method":"POST","path":"/api/v1/publications/8f46a691-e5cf-4d08-8435-2fdbebea872c/changes","status":201,"duration_ms":6}
{"event":"http.request","request_id":"c42be8f4-eee7-48ca-9a40-d97b22df90c4","method":"POST","path":"/api/v1/publications/8f46a691-e5cf-4d08-8435-2fdbebea872c/changes","status":409,"duration_ms":7}
{"event":"http.request","request_id":"4b0c2234-e85b-4ff8-9065-f3029e2f587d","method":"GET","path":"/api/v1/publications/8f46a691-e5cf-4d08-8435-2fdbebea872c","status":200,"duration_ms":2}
{"event":"http.request","request_id":"70ad5499-1296-4886-bf3a-70756818a9d2","method":"GET","path":"/api/v1/contents/ab3a61e5-1cdb-4106-8ea8-ce332d459d5e","status":200,"duration_ms":2}
{"event":"http.request","request_id":"88d99dbb-cd82-45d4-a2a7-2d350b8f9962","method":"GET","path":"/api/v1/contents/c0e85cb3-2bdf-4737-ae45-099cecbebbc5","status":200,"duration_ms":2}
✔ 外部编辑必须关联重新批准的修订工作项，初次版本不变并拒绝重复并发确认 (126.480208ms)
{"event":"http.request","request_id":"d7c82e83-21ec-4d52-8afe-c124d3cf893c","method":"POST","path":"/api/v1/uploads","status":201,"duration_ms":5}
{"event":"http.request","request_id":"de9486b8-ac93-4887-a728-8e092d7c36bc","method":"POST","path":"/api/v1/uploads/f505c753-b94f-4f3e-88db-9c01196ef7bd/parts","status":200,"duration_ms":3}
{"event":"http.request","request_id":"e1306542-6c07-4b83-88f6-f2c6f1481bf7","method":"PUT","path":"/api/v1/uploads/f505c753-b94f-4f3e-88db-9c01196ef7bd/parts/1","status":200,"duration_ms":4}
{"event":"http.request","request_id":"af4a9d32-22ba-431e-9b2d-76a796d1cfec","method":"POST","path":"/api/v1/uploads/f505c753-b94f-4f3e-88db-9c01196ef7bd/complete","status":200,"duration_ms":7}
{"event":"http.request","request_id":"f7ae4191-c666-445f-84d2-1d4ddb8c950c","method":"POST","path":"/api/v1/contents","status":201,"duration_ms":5}
{"event":"http.request","request_id":"b781fd03-7a5f-4ece-80d6-3b79da6b5e2c","method":"POST","path":"/api/v1/contents/8ac56530-7509-4a79-a60b-415a0152e866/revisions","status":201,"duration_ms":5}
{"event":"http.request","request_id":"c220d4ce-c9b7-45ba-b7c4-9bdb3d2f932e","method":"POST","path":"/api/v1/contents/8ac56530-7509-4a79-a60b-415a0152e866/submit-review","status":201,"duration_ms":7}
{"event":"http.request","request_id":"7112479f-d29b-4ec4-a02f-5001bb4cddd2","method":"POST","path":"/api/v1/reviews/4df5a1af-2525-4bbd-9193-569ef326e8f2/decide","status":200,"duration_ms":5}
{"event":"http.request","request_id":"e3cf122f-b485-4395-b3c9-9d45f9054316","method":"GET","path":"/api/v1/contents/8ac56530-7509-4a79-a60b-415a0152e866","status":200,"duration_ms":3}
{"event":"http.request","request_id":"b010d8bc-b1d8-4204-aa13-2fca64fca910","method":"POST","path":"/api/v1/publications","status":201,"duration_ms":6}
{"event":"http.request","request_id":"644f008b-5abb-4563-90f0-2199983afeef","method":"POST","path":"/api/v1/publications/b85937e6-cf83-40b9-ba91-c66cc512ba06/changes","status":201,"duration_ms":4}
{"event":"http.request","request_id":"dd850e50-2e14-4308-a3a9-cd9b7d4bacaa","method":"GET","path":"/api/v1/publications/b85937e6-cf83-40b9-ba91-c66cc512ba06","status":200,"duration_ms":2}
{"event":"http.request","request_id":"0efe02c6-f21c-4f4f-bc06-e7f5887ecc35","method":"POST","path":"/api/v1/publications/b85937e6-cf83-40b9-ba91-c66cc512ba06/changes","status":409,"duration_ms":4}
{"event":"http.request","request_id":"9639a293-a4f5-4099-bf50-84b3d42dfc8a","method":"GET","path":"/api/v1/contents/8ac56530-7509-4a79-a60b-415a0152e866","status":200,"duration_ms":3}
{"event":"http.request","request_id":"54e9b640-b382-42ee-9b88-7fd136ec1580","method":"POST","path":"/api/v1/contents/8ac56530-7509-4a79-a60b-415a0152e866/create-revision-work-item","status":201,"duration_ms":8}
{"event":"http.request","request_id":"f556dde5-a691-4450-ba90-f2c2b79c8f43","method":"GET","path":"/api/v1/contents/472fb7aa-fe61-421b-ba6b-c1e3d79c135d","status":200,"duration_ms":2}
{"event":"http.request","request_id":"9e0b3847-1797-4b67-a630-702bf6fddb28","method":"POST","path":"/api/v1/contents/472fb7aa-fe61-421b-ba6b-c1e3d79c135d/submit-review","status":201,"duration_ms":6}
{"event":"http.request","request_id":"d30956d5-6f83-4b0a-b552-49ae21c216d9","method":"POST","path":"/api/v1/reviews/ae6dcc5d-3256-4a77-965b-1850cc9edaf0/decide","status":200,"duration_ms":5}
{"event":"http.request","request_id":"6afcb95b-e6b1-4a52-8d58-83cc7c1940f4","method":"GET","path":"/api/v1/contents/472fb7aa-fe61-421b-ba6b-c1e3d79c135d","status":200,"duration_ms":2}
{"event":"http.request","request_id":"f0b28ecb-0bf3-4781-a779-4b9839d3cf2b","method":"POST","path":"/api/v1/publications","status":201,"duration_ms":5}
{"event":"http.request","request_id":"486a5e3e-6818-413c-97e2-209192ebf059","method":"POST","path":"/api/v1/publications/b85937e6-cf83-40b9-ba91-c66cc512ba06/changes","status":422,"duration_ms":4}
{"event":"http.request","request_id":"b695bb7e-209a-4e41-a981-0b60c8e1a117","method":"POST","path":"/api/v1/publications/b85937e6-cf83-40b9-ba91-c66cc512ba06/changes","status":201,"duration_ms":5}
{"event":"http.request","request_id":"4b5cb915-5e1d-459d-afea-5a90df1e3786","method":"GET","path":"/api/v1/publications/b85937e6-cf83-40b9-ba91-c66cc512ba06","status":200,"duration_ms":2}
✔ 删除保留发布历史，重发必须登记同账号新笔记并单独关联 (113.909125ms)
{"event":"http.request","request_id":"0dc14983-8cc0-4dbe-b3be-375dde04ee75","method":"POST","path":"/api/v1/uploads","status":201,"duration_ms":4}
{"event":"http.request","request_id":"b54430e6-b3df-4175-984e-4275e09acb1d","method":"POST","path":"/api/v1/uploads/c4768c60-6fb4-467e-ad08-18e83fb6c8db/parts","status":200,"duration_ms":3}
{"event":"http.request","request_id":"21a4e17b-5d7d-4ead-b347-d64ee48e49a3","method":"PUT","path":"/api/v1/uploads/c4768c60-6fb4-467e-ad08-18e83fb6c8db/parts/1","status":200,"duration_ms":4}
{"event":"http.request","request_id":"3c18432d-85fa-4a3c-9284-21da5d5fcf8f","method":"POST","path":"/api/v1/uploads/c4768c60-6fb4-467e-ad08-18e83fb6c8db/complete","status":200,"duration_ms":6}
{"event":"http.request","request_id":"ac0fe54b-9e58-4adf-9a80-206af67890ea","method":"POST","path":"/api/v1/contents","status":201,"duration_ms":4}
{"event":"http.request","request_id":"868dfd6f-d399-4396-b7b4-9e99fc17f6d5","method":"POST","path":"/api/v1/contents/2d1f500f-f1c1-4dc6-a93e-513dcca53813/revisions","status":201,"duration_ms":5}
{"event":"http.request","request_id":"86137fdf-c483-4d8d-94c4-7db71a7bc206","method":"POST","path":"/api/v1/contents/2d1f500f-f1c1-4dc6-a93e-513dcca53813/check","status":200,"duration_ms":4}
{"event":"http.request","request_id":"c5206324-cbb6-474b-8011-423ba5a64863","method":"GET","path":"/api/v1/contents/2d1f500f-f1c1-4dc6-a93e-513dcca53813","status":200,"duration_ms":2}
✔ 品牌辅助检查给出可追溯建议，不改变审核或自动批准 (41.657041ms)
{"event":"http.request","request_id":"edef14cd-7104-4231-90f9-38021b9ec546","method":"POST","path":"/api/v1/uploads","status":201,"duration_ms":5}
{"event":"http.request","request_id":"82cd7939-5026-4090-bdab-c68a6bd2fd05","method":"POST","path":"/api/v1/uploads/a93035e9-981e-4889-99c1-280ed008bfcd/parts","status":200,"duration_ms":3}
{"event":"http.request","request_id":"3161349b-75ee-489f-b6ea-6dd1e8e105cd","method":"PUT","path":"/api/v1/uploads/a93035e9-981e-4889-99c1-280ed008bfcd/parts/1","status":200,"duration_ms":4}
{"event":"http.request","request_id":"f99b118d-b2b3-4ca1-9aee-db74667d768e","method":"POST","path":"/api/v1/uploads/a93035e9-981e-4889-99c1-280ed008bfcd/complete","status":200,"duration_ms":6}
{"event":"http.request","request_id":"5beb1f72-60f5-4c91-9660-082ce0aff01b","method":"POST","path":"/api/v1/contents","status":201,"duration_ms":4}
{"event":"http.request","request_id":"6d00bf6d-bdef-4c0f-8e03-73106a247713","method":"POST","path":"/api/v1/contents/f01a51cc-3871-4dc3-8edb-96c132cecf4c/revisions","status":201,"duration_ms":5}
{"event":"http.request","request_id":"34172941-06d4-43c6-93a2-0d4a1b33f8e5","method":"POST","path":"/api/v1/contents/f01a51cc-3871-4dc3-8edb-96c132cecf4c/submit-review","status":201,"duration_ms":4}
{"event":"http.request","request_id":"1f8ac438-bf03-459e-b32c-eca67edca249","method":"POST","path":"/api/v1/reviews/99a6ba67-04aa-4160-a980-12e2c8d57df3/decide","status":200,"duration_ms":5}
{"event":"http.request","request_id":"8e60fb15-9843-4a78-9f07-6422e8f060bd","method":"GET","path":"/api/v1/contents/f01a51cc-3871-4dc3-8edb-96c132cecf4c","status":200,"duration_ms":2}
{"event":"http.request","request_id":"72e64550-a62c-487a-a32b-4b5b4d271b50","method":"POST","path":"/api/v1/contents/f01a51cc-3871-4dc3-8edb-96c132cecf4c/export-package","status":202,"duration_ms":5}
{"event":"http.request","request_id":"7d957634-b0a0-4bc1-bb40-500a7d9f3cbe","method":"POST","path":"/api/v1/jobs/459f460d-f463-4690-81cb-37a100dbb0e6/cancel","status":200,"duration_ms":4}
{"event":"http.request","request_id":"111e18a8-8cb2-4488-8ef2-7ee695cad1d2","method":"GET","path":"/api/v1/export-packages/395f5d44-05bd-4a52-b72d-776a4d746a4c","status":200,"duration_ms":2}
{"event":"http.request","request_id":"ccdbf039-fbb5-4f3f-8d4e-a417a61925b8","method":"POST","path":"/api/v1/contents/f01a51cc-3871-4dc3-8edb-96c132cecf4c/export-package","status":202,"duration_ms":5}
{"event":"http.request","request_id":"8d697c27-6750-4243-aa15-22b2c431e440","method":"GET","path":"/api/v1/jobs/a499c504-21ed-4340-8c3f-a081555f7287","status":200,"duration_ms":2}
{"event":"http.request","request_id":"631ff70d-5ab1-4305-b142-2588eec81c15","method":"POST","path":"/api/v1/contents/f01a51cc-3871-4dc3-8edb-96c132cecf4c/cancel","status":200,"duration_ms":5}
{"event":"http.request","request_id":"81f2ffdd-7573-4c7f-9b81-747c7102a271","method":"GET","path":"/api/v1/jobs/a499c504-21ed-4340-8c3f-a081555f7287","status":200,"duration_ms":1}
{"event":"http.request","request_id":"b56700eb-06d2-4c3b-9f9e-7592e0f28c28","method":"POST","path":"/api/v1/contents/f01a51cc-3871-4dc3-8edb-96c132cecf4c/export-package","status":409,"duration_ms":2}
✔ 取消发布包后可对同一批准版本重新排队，内容取消同时终止待处理导出 (79.642583ms)
{"event":"http.request","request_id":"eaf7e0df-0fb3-45d2-83dc-6e267745362f","method":"POST","path":"/api/v1/uploads","status":201,"duration_ms":5}
{"event":"http.request","request_id":"904e5242-97f5-485f-98f9-7903af2bdeb9","method":"POST","path":"/api/v1/uploads/04417f9f-8863-4f3b-9f13-d31961d3b287/parts","status":200,"duration_ms":3}
{"event":"http.request","request_id":"2b9f1986-adc5-40b2-8c17-d3d646247d7d","method":"PUT","path":"/api/v1/uploads/04417f9f-8863-4f3b-9f13-d31961d3b287/parts/1","status":200,"duration_ms":4}
{"event":"http.request","request_id":"71e39dfe-ebff-4ae0-be51-c9545f6e6921","method":"POST","path":"/api/v1/uploads/04417f9f-8863-4f3b-9f13-d31961d3b287/complete","status":200,"duration_ms":11}
{"event":"http.request","request_id":"70b5ed5a-cc09-48db-a1be-2281b6bfd8b6","method":"POST","path":"/api/v1/contents","status":201,"duration_ms":5}
{"event":"http.request","request_id":"12415878-4d64-4aa1-9366-1893c71a0559","method":"POST","path":"/api/v1/contents/ee75d220-5c96-41b1-aa13-c12629d41ade/revisions","status":201,"duration_ms":5}
{"event":"http.request","request_id":"e8a7240e-2ff2-49ea-bc82-e017c777b705","method":"POST","path":"/api/v1/assets","status":201,"duration_ms":5}
{"event":"http.request","request_id":"c70bfaa4-21a6-4d51-a456-da5cae6c7f71","method":"POST","path":"/api/v1/assets/9117e5ec-4022-45d1-b02f-e65a0824b901/confirm","status":200,"duration_ms":4}
{"event":"http.request","request_id":"d8e20649-5c3d-438d-b6e0-288f2ab67a3f","method":"POST","path":"/api/v1/assets/9117e5ec-4022-45d1-b02f-e65a0824b901/versions","status":201,"duration_ms":5}
{"event":"http.request","request_id":"5b9f2427-fb48-4911-bdb9-02ca0e5ebac2","method":"POST","path":"/api/v1/contents/ee75d220-5c96-41b1-aa13-c12629d41ade/revisions","status":201,"duration_ms":5}
{"event":"http.request","request_id":"5dfca613-ed84-4046-9f6c-cb5ade19952b","method":"POST","path":"/api/v1/contents/ee75d220-5c96-41b1-aa13-c12629d41ade/submit-review","status":201,"duration_ms":4}
{"event":"http.request","request_id":"607637c8-1ab7-4bfb-a1d6-a2647d4f0d84","method":"POST","path":"/api/v1/reviews/e4cde6d4-d39d-4bf1-9974-1b1b17c0fa9b/decide","status":200,"duration_ms":5}
{"event":"http.request","request_id":"10d73893-e1b1-4cac-b3a4-bfa8613a6795","method":"GET","path":"/api/v1/contents/ee75d220-5c96-41b1-aa13-c12629d41ade","status":200,"duration_ms":2}
✖ 当前素材新版本待确认时，已确认且未过期的历史版本仍可用于审核 (74.362167ms)
ℹ tests 18
ℹ suites 0
ℹ pass 17
ℹ fail 1
ℹ cancelled 0
ℹ skipped 0
ℹ todo 0
ℹ duration_ms 3527.301792

✖ failing tests:

test at tests/production.test.ts:2:33510
✖ 当前素材新版本待确认时，已确认且未过期的历史版本仍可用于审核 (74.362167ms)
  TypeError: Cannot read properties of undefined (reading 'find')
      at TestContext.<anonymous> (/Users/junlong/projects/social-mdeida-ops-platform/tests/production.test.ts:187:229)
      at process.processTicksAndRejections (node:internal/process/task_queues:104:5)
      at async Test.run (node:internal/test_runner/test:1125:7)
      at async Test.processPendingSubtests (node:internal/test_runner/test:787:7)
