Applied 017-graphic-deliverables.sql
{"event":"http.request","request_id":"43ff35f5-5eaa-4600-aaeb-028fb118ef53","method":"GET","path":"/api/v1/auth/csrf","status":200,"duration_ms":6}
{"event":"http.request","request_id":"18a5ff41-7e4e-42da-9c85-e85c3ce96e65","method":"POST","path":"/api/v1/setup","status":201,"duration_ms":37}
{"event":"http.request","request_id":"a5c0810b-ddc1-4ebc-a65f-44dee96d2650","method":"GET","path":"/api/v1/auth/csrf","status":200,"duration_ms":1}
{"event":"http.request","request_id":"8117a0ac-0ace-4f61-ae33-65f3c6bdb563","method":"POST","path":"/api/v1/auth/login","status":200,"duration_ms":24}
{"event":"http.request","request_id":"a1562cd0-be67-4a88-861d-9eb7695258ce","method":"GET","path":"/api/v1/me","status":200,"duration_ms":80}
{"event":"http.request","request_id":"d75348d1-d7b0-4650-a955-b0d5a223688c","method":"POST","path":"/api/v1/accounts","status":201,"duration_ms":12}
{"event":"http.request","request_id":"c7e024e5-d0fa-48a0-a572-08662411a96e","method":"POST","path":"/api/v1/contents","status":201,"duration_ms":9}
{"event":"http.request","request_id":"49bba4ca-b86b-40da-8cdc-962d302ef6c3","method":"GET","path":"/api/v1/contents/9abdd653-396b-4ef0-b10e-4e9e8f37a8ea","status":200,"duration_ms":4}
{"event":"http.request","request_id":"8840ea55-eb31-40f3-ab2d-fec23d79f5f7","method":"POST","path":"/api/v1/contents/9abdd653-396b-4ef0-b10e-4e9e8f37a8ea/revisions","status":201,"duration_ms":8}
{"event":"http.request","request_id":"6cc05044-9907-48cb-92a8-eff39c0d8010","method":"GET","path":"/api/v1/contents/9abdd653-396b-4ef0-b10e-4e9e8f37a8ea","status":200,"duration_ms":3}
✔ 人工新建图文后保存逐页文案，再从详情恢复原始快照 (413.711584ms)
{"event":"http.request","request_id":"58db377c-5713-4a32-8d1f-8a500fa61686","method":"POST","path":"/api/v1/contents","status":201,"duration_ms":5}
{"event":"http.request","request_id":"5bd0a85c-82d4-43f7-9dd2-907e8ad70c06","method":"POST","path":"/api/v1/contents/0c3516d9-3208-4c88-9ee5-a0b565201e84/revisions","status":201,"duration_ms":7}
{"event":"http.request","request_id":"eda7c0c7-db0b-47f3-8808-a53f222b6677","method":"POST","path":"/api/v1/contents/0c3516d9-3208-4c88-9ee5-a0b565201e84/revisions","status":409,"duration_ms":9}
{"event":"http.request","request_id":"a3fc2305-a5cb-4434-8c26-968742f4da16","method":"GET","path":"/api/v1/contents/0c3516d9-3208-4c88-9ee5-a0b565201e84","status":200,"duration_ms":3}
{"event":"http.request","request_id":"2a57224a-cbab-441e-a778-f16e98da77d4","method":"POST","path":"/api/v1/contents/0c3516d9-3208-4c88-9ee5-a0b565201e84/restore","status":201,"duration_ms":7}
{"event":"http.request","request_id":"89c98f0b-5370-41ba-8a8d-d72e09a722d7","method":"GET","path":"/api/v1/contents/0c3516d9-3208-4c88-9ee5-a0b565201e84","status":200,"duration_ms":2}
✔ 同一基础版本并发保存只有一个成功，恢复历史版本产生新快照 (31.006667ms)
{"event":"http.request","request_id":"d5750624-f8fa-40a6-86f3-291b8bf4055d","method":"POST","path":"/api/v1/members","status":201,"duration_ms":22}
{"event":"http.request","request_id":"92cddb73-f97a-420e-a0b8-3a9ab9052df8","method":"GET","path":"/api/v1/auth/csrf","status":200,"duration_ms":1}
{"event":"http.request","request_id":"0509e7c8-838d-44ec-b524-a3619696364b","method":"POST","path":"/api/v1/auth/accept-invite","status":200,"duration_ms":20}
{"event":"http.request","request_id":"46f8f2bf-e826-409e-92a0-237e1a562c35","method":"GET","path":"/api/v1/auth/csrf","status":200,"duration_ms":1}
{"event":"http.request","request_id":"cd51b1fd-9c8b-45cb-8862-5f429dc05951","method":"POST","path":"/api/v1/auth/login","status":200,"duration_ms":19}
{"event":"http.request","request_id":"6d285a43-99b3-4dd9-8447-67ac8102503b","method":"POST","path":"/api/v1/members","status":201,"duration_ms":23}
{"event":"http.request","request_id":"01b9899c-f8e5-4a81-9d16-5fecba11fae2","method":"GET","path":"/api/v1/auth/csrf","status":200,"duration_ms":0}
{"event":"http.request","request_id":"2890f6b8-bf30-4697-8e67-ee407186d12a","method":"POST","path":"/api/v1/auth/accept-invite","status":200,"duration_ms":18}
{"event":"http.request","request_id":"d29b60f3-040e-470a-99f5-f8a7afb23bbe","method":"GET","path":"/api/v1/auth/csrf","status":200,"duration_ms":0}
{"event":"http.request","request_id":"42c2ff00-a1df-431b-b862-002b1c08fead","method":"POST","path":"/api/v1/auth/login","status":200,"duration_ms":18}
{"event":"http.request","request_id":"e14d35e0-3a67-4361-b80f-ec9ba8411607","method":"POST","path":"/api/v1/contents","status":201,"duration_ms":5}
{"event":"http.request","request_id":"1f1b0618-4a72-436a-8c09-ec295b423d82","method":"POST","path":"/api/v1/contents/96998aa6-2143-4770-a47d-af09426d4d7e/revisions","status":403,"duration_ms":4}
{"event":"http.request","request_id":"3281ee4c-861e-4130-9841-a1b7bc3f5e36","method":"POST","path":"/api/v1/contents/96998aa6-2143-4770-a47d-af09426d4d7e/revisions","status":403,"duration_ms":2}
{"event":"http.request","request_id":"54a5e5bf-c2b2-4575-8903-08bb7412acab","method":"POST","path":"/api/v1/contents/96998aa6-2143-4770-a47d-af09426d4d7e/revisions","status":201,"duration_ms":5}
✔ 运营只能修改发布文案，不能改逐页制作内容；只读不能保存 (151.52375ms)
{"event":"http.request","request_id":"31c23291-970f-4f08-865d-5d93866c497c","method":"POST","path":"/api/v1/contents","status":201,"duration_ms":6}
{"event":"http.request","request_id":"b7cf7d87-72b9-414d-a4b0-7174c2c95e14","method":"POST","path":"/api/v1/contents/c14543e7-a61e-43a7-ad94-fbd7fa5b135c/revisions","status":422,"duration_ms":4}
{"event":"http.request","request_id":"c7781d5f-e8a1-48f6-a6f6-3c8394778568","method":"POST","path":"/api/v1/uploads","status":201,"duration_ms":12}
{"event":"http.request","request_id":"924fb193-4247-4906-8311-5083393b79fd","method":"POST","path":"/api/v1/uploads/51a730f0-c13e-42f2-bfcb-5df4ce40a26e/parts","status":200,"duration_ms":6}
{"event":"http.request","request_id":"843e2d1a-da06-4a8a-a136-9ecdd97986ab","method":"PUT","path":"/api/v1/uploads/51a730f0-c13e-42f2-bfcb-5df4ce40a26e/parts/1","status":200,"duration_ms":8}
{"event":"http.request","request_id":"1e0255a1-1e50-49ba-995e-612f02648ad7","method":"POST","path":"/api/v1/uploads/51a730f0-c13e-42f2-bfcb-5df4ce40a26e/complete","status":200,"duration_ms":10}
{"event":"http.request","request_id":"3e25da05-59fb-408e-a265-873cfe2d1d08","method":"POST","path":"/api/v1/contents/c14543e7-a61e-43a7-ad94-fbd7fa5b135c/revisions","status":422,"duration_ms":5}
{"event":"http.request","request_id":"63ce7a77-d450-40bf-b5aa-9917f68f7ad2","method":"POST","path":"/api/v1/uploads","status":201,"duration_ms":5}
{"event":"http.request","request_id":"35e301ba-c09e-4f14-8f96-057c9313179a","method":"POST","path":"/api/v1/uploads/95d4d5bb-485a-41c3-a08a-48eb72dcdeed/parts","status":200,"duration_ms":3}
{"event":"http.request","request_id":"97efdfb4-579d-4845-985b-be04f3e65075","method":"PUT","path":"/api/v1/uploads/95d4d5bb-485a-41c3-a08a-48eb72dcdeed/parts/1","status":200,"duration_ms":4}
{"event":"http.request","request_id":"a0773c06-3e73-45b9-b4a0-90be008dc659","method":"POST","path":"/api/v1/uploads/95d4d5bb-485a-41c3-a08a-48eb72dcdeed/complete","status":200,"duration_ms":8}
{"event":"http.request","request_id":"73a5d836-1c0d-4cf7-9d2a-dc87022290cb","method":"POST","path":"/api/v1/contents/c14543e7-a61e-43a7-ad94-fbd7fa5b135c/revisions","status":201,"duration_ms":5}
{"event":"http.request","request_id":"ee2432fd-bf97-40c8-b5aa-df471a72da2d","method":"GET","path":"/api/v1/contents/c14543e7-a61e-43a7-ad94-fbd7fa5b135c","status":200,"duration_ms":2}
✔ 图文成品只关联同空间已上传PNG原件，无效文件和PDF不能保存为发布图片 (110.4125ms)
ℹ tests 4
ℹ suites 0
ℹ pass 4
ℹ fail 0
ℹ cancelled 0
ℹ skipped 0
ℹ todo 0
ℹ duration_ms 1088.606042
