[2m[WebServer] [22m(node:73699) Warning: The 'NO_COLOR' env is ignored due to the 'FORCE_COLOR' env being set.
[2m[WebServer] [22m(Use `node --trace-warnings ...` to show where the warning was created)
[2m[WebServer] [22m(node:73700) Warning: The 'NO_COLOR' env is ignored due to the 'FORCE_COLOR' env being set.
[2m[WebServer] [22m(Use `node --trace-warnings ...` to show where the warning was created)
[2m[WebServer] [22m(node:73709) Warning: The 'NO_COLOR' env is ignored due to the 'FORCE_COLOR' env being set.
[2m[WebServer] [22m(Use `node --trace-warnings ...` to show where the warning was created)
[2m[WebServer] [22m(node:73709) Warning: The 'NO_COLOR' env is ignored due to the 'FORCE_COLOR' env being set.
[2m[WebServer] [22m(Use `node --trace-warnings ...` to show where the warning was created)

Running 3 tests using 1 worker

(node:73738) Warning: The 'NO_COLOR' env is ignored due to the 'FORCE_COLOR' env being set.
(Use `node --trace-warnings ...` to show where the warning was created)
(node:73738) Warning: The 'NO_COLOR' env is ignored due to the 'FORCE_COLOR' env being set.
(Use `node --trace-warnings ...` to show where the warning was created)
  ✓  1 tests/production-browser.spec.ts:3:5 › 图文人工新建、逐页保存排序、刷新恢复与历史快照比较 (1.5s)
  ✓  2 tests/production-browser.spec.ts:14:5 › 逐页PNG成品上传预览、素材引用及未保存离开提示 (1.1s)
  ✘  3 tests/production-browser.spec.ts:24:5 › 人工上传成品后显式提交审核并逐项确认批准 (30.1s)


  1) tests/production-browser.spec.ts:24:5 › 人工上传成品后显式提交审核并逐项确认批准 ──────────────────────────────────

    [31mTest timeout of 30000ms exceeded.[39m

    Error: locator.click: Test timeout of 30000ms exceeded.
    Call log:
    [2m  - waiting for getByRole('button', { name: '提交内部审核', exact: true })[22m


      27 |  await page.getByRole('button',{name:'编辑图文',exact:true}).click();await page.getByLabel('发布正文').fill('人工核对后的公开正文');await page.getByRole('button',{name:'添加图文页',exact:true}).click();await page.getByLabel('第1页文案').fill('封面');await page.getByLabel('上传第1页PNG成品').setInputFiles('tests/fixtures/transparent.png');await expect(page.getByText('第1页成品原件已上传')).toBeVisible();await page.getByRole('button',{name:'保存新快照',exact:true}).click();await expect(page.getByRole('status').filter({hasText:'图文快照已保存'})).toBeVisible();
      28 |  await expect(async()=>{await page.getByRole('button',{name:'刷新成品状态'}).click();await expect(page.getByRole('img',{name:'第1页成品'})).toBeVisible();}).toPass({timeout:20000});
    > 29 |  await page.getByRole('button',{name:'提交内部审核',exact:true}).click();await expect(page.getByRole('heading',{name:'图文制作 · 内部审核中'})).toBeVisible();
         |                                                            ^
      30 |  await page.getByLabel('已核对图片原件与页序').check();await page.getByLabel('已核对公开文案与素材许可').check();await page.getByLabel('审核意见').fill('隔离演练显式自审');await page.getByRole('button',{name:'批准此冻结版本',exact:true}).click();await expect(page.getByRole('heading',{name:'图文制作 · 待发布'})).toBeVisible();
      31 | });
      32 |
        at /Users/junlong/projects/social-mdeida-ops-platform/tests/production-browser.spec.ts:29:60

    attachment #1: screenshot (image/png) ──────────────────────────────────────────────────────────
    test-results/production-browser-人工上传成品后显式提交审核并逐项确认批准/test-failed-1.png
    ────────────────────────────────────────────────────────────────────────────────────────────────

    Error Context: test-results/production-browser-人工上传成品后显式提交审核并逐项确认批准/error-context.md

    attachment #3: trace (application/zip) ─────────────────────────────────────────────────────────
    test-results/production-browser-人工上传成品后显式提交审核并逐项确认批准/trace.zip
    Usage:

        pnpm exec playwright show-trace test-results/production-browser-人工上传成品后显式提交审核并逐项确认批准/trace.zip

    ────────────────────────────────────────────────────────────────────────────────────────────────

  1 failed
    tests/production-browser.spec.ts:24:5 › 人工上传成品后显式提交审核并逐项确认批准 ───────────────────────────────────
  2 passed (35.1s)
