{"event":"http.request","request_id":"ce17b63f-c618-4c33-ad3e-9417ea1cd5f5","method":"GET","path":"/api/v1/auth/csrf","status":200,"duration_ms":7}
{"event":"http.request","request_id":"90da54cd-a20e-45d1-bcb2-bc197be36c49","method":"POST","path":"/api/v1/setup","status":201,"duration_ms":32}
{"event":"http.request","request_id":"256d5a0a-b104-433f-948f-848e3bebffd3","method":"GET","path":"/api/v1/auth/csrf","status":200,"duration_ms":2}
{"event":"http.request","request_id":"5e5abeba-0054-4d93-b14d-0e0024279c5e","method":"POST","path":"/api/v1/auth/login","status":200,"duration_ms":24}
{"event":"http.request","request_id":"9217ff1f-295c-411b-be75-6c6375d30718","method":"GET","path":"/api/v1/me","status":200,"duration_ms":74}
{"event":"http.request","request_id":"e8585e34-a94a-4d6a-8fa6-58d9ce2b3259","method":"POST","path":"/api/v1/accounts","status":201,"duration_ms":9}
{"event":"http.request","request_id":"261d15c0-f0fc-4f51-9648-68a16e9d9b48","method":"POST","path":"/api/v1/contents","status":201,"duration_ms":10}
{"event":"http.request","request_id":"979660d4-c21e-4777-a700-b197bd5b7a89","method":"GET","path":"/api/v1/contents/13b66afb-848d-452e-8fc6-5a129add15f6","status":200,"duration_ms":3}
{"event":"http.request","request_id":"f583821e-e0c2-4e0f-87bf-59071b3cbca7","method":"POST","path":"/api/v1/contents/13b66afb-848d-452e-8fc6-5a129add15f6/revisions","status":201,"duration_ms":8}
{"event":"http.request","request_id":"78803702-3120-4d17-8ef8-512647925a76","method":"GET","path":"/api/v1/contents/13b66afb-848d-452e-8fc6-5a129add15f6","status":200,"duration_ms":2}
✔ 人工新建图文后保存逐页文案，再从详情恢复原始快照 (384.575792ms)
{"event":"http.request","request_id":"83ec5efd-6cfe-4173-8de3-0ba176ef2fe2","method":"POST","path":"/api/v1/contents","status":201,"duration_ms":5}
{"event":"http.request","request_id":"134b005a-f71a-4b65-8c92-d4b40dcf7394","method":"POST","path":"/api/v1/contents/5d4f43d8-ec65-4971-bee0-ed623e5d4971/revisions","status":201,"duration_ms":7}
{"event":"http.request","request_id":"2a53ca3b-2f33-4928-80fb-19f8658453fd","method":"POST","path":"/api/v1/contents/5d4f43d8-ec65-4971-bee0-ed623e5d4971/revisions","status":409,"duration_ms":10}
{"event":"http.request","request_id":"321be83b-4e2e-4e72-bb7c-58d558b5c36d","method":"GET","path":"/api/v1/contents/5d4f43d8-ec65-4971-bee0-ed623e5d4971","status":200,"duration_ms":3}
{"event":"http.request","request_id":"761d5117-7d9a-4336-bdeb-fc93f79eb2ef","method":"POST","path":"/api/v1/contents/5d4f43d8-ec65-4971-bee0-ed623e5d4971/restore","status":201,"duration_ms":7}
{"event":"http.request","request_id":"bf32eea6-5849-4cb0-ac1a-c9c1c24925af","method":"GET","path":"/api/v1/contents/5d4f43d8-ec65-4971-bee0-ed623e5d4971","status":200,"duration_ms":2}
✔ 同一基础版本并发保存只有一个成功，恢复历史版本产生新快照 (29.153417ms)
ℹ tests 2
ℹ suites 0
ℹ pass 2
ℹ fail 0
ℹ cancelled 0
ℹ skipped 0
ℹ todo 0
ℹ duration_ms 799.038625
