{"event":"http.request","request_id":"3a6ac764-fafc-4c3c-834a-4f654e90d132","method":"GET","path":"/api/v1/auth/csrf","status":200,"duration_ms":6}
{"event":"http.request","request_id":"b89ec5d3-c259-43bd-9d2b-d78faa677574","method":"POST","path":"/api/v1/setup","status":201,"duration_ms":36}
{"event":"http.request","request_id":"b011fd59-5c21-4429-b95f-8f5a278e6748","method":"GET","path":"/api/v1/auth/csrf","status":200,"duration_ms":1}
{"event":"http.request","request_id":"b88ba9e2-0ce3-44ce-8f0d-ee56fd5e24b2","method":"POST","path":"/api/v1/auth/login","status":200,"duration_ms":24}
{"event":"http.request","request_id":"27f125c0-c25c-49b4-aa3c-6d6e57b5fb81","method":"GET","path":"/api/v1/me","status":200,"duration_ms":81}
{"event":"http.request","request_id":"81538474-915e-46cf-acb8-6d9a9d787f55","method":"POST","path":"/api/v1/accounts","status":201,"duration_ms":10}
{"event":"http.request","request_id":"fc77b99f-7383-46af-971a-c6ac78060a23","method":"POST","path":"/api/v1/contents","status":201,"duration_ms":11}
{"event":"http.request","request_id":"963949e3-69b9-41ed-a87d-0ca278bd275e","method":"GET","path":"/api/v1/contents/1c47a8e9-0a90-481c-a07d-0befa37094aa","status":200,"duration_ms":5}
{"event":"http.request","request_id":"67f87503-7e3a-49d8-a767-e5bcca785800","method":"POST","path":"/api/v1/contents/1c47a8e9-0a90-481c-a07d-0befa37094aa/revisions","status":201,"duration_ms":11}
{"event":"http.request","request_id":"d3b5d81c-72bd-45ec-a023-c7de66494a32","method":"GET","path":"/api/v1/contents/1c47a8e9-0a90-481c-a07d-0befa37094aa","status":200,"duration_ms":3}
✔ 人工新建图文后保存逐页文案，再从详情恢复原始快照 (411.326083ms)
{"event":"http.request","request_id":"78909db1-683d-4f60-b968-4b47f9375f29","method":"POST","path":"/api/v1/contents","status":201,"duration_ms":6}
{"event":"http.request","request_id":"ebef069a-1733-4362-9a5b-11864def219f","method":"POST","path":"/api/v1/contents/f291a88f-d863-485c-a4b1-f7b001b68a57/revisions","status":201,"duration_ms":6}
{"event":"http.request","request_id":"d35988b1-217b-4131-963f-2135eff1f522","method":"POST","path":"/api/v1/contents/f291a88f-d863-485c-a4b1-f7b001b68a57/revisions","status":409,"duration_ms":9}
{"event":"http.request","request_id":"da354eb4-82c6-4947-988c-916f92116747","method":"GET","path":"/api/v1/contents/f291a88f-d863-485c-a4b1-f7b001b68a57","status":200,"duration_ms":3}
{"event":"http.request","request_id":"36c5106e-cd85-47ff-bf5c-b324c66c0408","method":"POST","path":"/api/v1/contents/f291a88f-d863-485c-a4b1-f7b001b68a57/restore","status":201,"duration_ms":7}
{"event":"http.request","request_id":"399c4f5e-cd93-4dc3-a91d-01a163a2d9db","method":"GET","path":"/api/v1/contents/f291a88f-d863-485c-a4b1-f7b001b68a57","status":200,"duration_ms":2}
✔ 同一基础版本并发保存只有一个成功，恢复历史版本产生新快照 (35.919ms)
{"event":"http.request","request_id":"b90687b7-bd76-4ce3-953b-80dd56ba866c","method":"POST","path":"/api/v1/members","status":201,"duration_ms":22}
{"event":"http.request","request_id":"a1232302-4636-4b9c-9f58-82cdbea0e431","method":"GET","path":"/api/v1/auth/csrf","status":200,"duration_ms":0}
{"event":"http.request","request_id":"56c5767f-70ca-404c-bf97-8c6b9f8c315f","method":"POST","path":"/api/v1/auth/accept-invite","status":200,"duration_ms":20}
{"event":"http.request","request_id":"dd46ee2a-303c-4554-a119-a057771ebc27","method":"GET","path":"/api/v1/auth/csrf","status":200,"duration_ms":1}
{"event":"http.request","request_id":"07f974c5-314b-40de-8496-2c16f4f6e692","method":"POST","path":"/api/v1/auth/login","status":200,"duration_ms":19}
{"event":"http.request","request_id":"86d443e1-a85b-40e3-82bf-196c11ae9b63","method":"POST","path":"/api/v1/members","status":201,"duration_ms":27}
{"event":"http.request","request_id":"3b47bfd0-6c41-4f23-90e0-352523efb200","method":"GET","path":"/api/v1/auth/csrf","status":200,"duration_ms":1}
{"event":"http.request","request_id":"6bbc072d-1b02-4b3b-9bda-3005a07611aa","method":"POST","path":"/api/v1/auth/accept-invite","status":200,"duration_ms":21}
{"event":"http.request","request_id":"0ebdc884-0501-42f9-918d-c445a6f109e8","method":"GET","path":"/api/v1/auth/csrf","status":200,"duration_ms":1}
{"event":"http.request","request_id":"4468b30c-6e81-4b19-9b0d-9e8f5d2bbe2f","method":"POST","path":"/api/v1/auth/login","status":200,"duration_ms":20}
{"event":"http.request","request_id":"4a8fcdf6-b4af-4294-bf1a-f16f95399cf9","method":"POST","path":"/api/v1/contents","status":201,"duration_ms":7}
{"event":"http.request","request_id":"b77f27a8-d21b-40c6-a56b-83fd63c19e3d","method":"POST","path":"/api/v1/contents/6628a115-2a3a-42e3-8ca2-762e44aa6879/revisions","status":403,"duration_ms":4}
{"event":"http.request","request_id":"d1f5d201-8bb9-49cf-bb72-952c7f93f3d4","method":"POST","path":"/api/v1/contents/6628a115-2a3a-42e3-8ca2-762e44aa6879/revisions","status":403,"duration_ms":2}
{"event":"http.request","request_id":"0decb9c6-a544-4c4b-93a4-b840458bfbae","method":"POST","path":"/api/v1/contents/6628a115-2a3a-42e3-8ca2-762e44aa6879/revisions","status":201,"duration_ms":5}
✔ 运营只能修改发布文案，不能改逐页制作内容；只读不能保存 (165.572209ms)
{"event":"http.request","request_id":"803c063c-3997-4dc7-8caa-09a321a0eca9","method":"POST","path":"/api/v1/contents","status":201,"duration_ms":5}
{"event":"http.request","request_id":"cc67691e-af21-4c67-9e5c-3881ce0cc7aa","method":"POST","path":"/api/v1/contents/1ac928c4-fa09-42c5-ba88-ceab18e2e9f8/revisions","status":422,"duration_ms":4}
{"event":"http.request","request_id":"c03798be-5c04-472e-ab9e-633e666271ee","method":"POST","path":"/api/v1/uploads","status":201,"duration_ms":11}
{"event":"http.request","request_id":"a982abcf-cb0f-4e35-8869-e247f92f863f","method":"POST","path":"/api/v1/uploads/137f7d3f-b9c5-4696-a07d-059f6b563b5d/parts","status":200,"duration_ms":4}
{"event":"http.request","request_id":"3578add6-90ae-4c73-8f4c-9ade9683fa9d","method":"PUT","path":"/api/v1/uploads/137f7d3f-b9c5-4696-a07d-059f6b563b5d/parts/1","status":200,"duration_ms":6}
{"event":"http.request","request_id":"5f112f69-328d-4d19-a4cd-1d6d71a155e9","method":"POST","path":"/api/v1/uploads/137f7d3f-b9c5-4696-a07d-059f6b563b5d/complete","status":200,"duration_ms":9}
{"event":"http.request","request_id":"dc5aa3b3-49ba-4476-9d7c-2b157c175312","method":"POST","path":"/api/v1/contents/1ac928c4-fa09-42c5-ba88-ceab18e2e9f8/revisions","status":422,"duration_ms":4}
{"event":"http.request","request_id":"72f8f16e-e482-40ce-bb34-8de8c69d645c","method":"POST","path":"/api/v1/uploads","status":201,"duration_ms":5}
{"event":"http.request","request_id":"fcde0a77-f653-4c55-9558-455404a7dccc","method":"POST","path":"/api/v1/uploads/b3baec66-b2f9-4a33-b4f2-7416f58cc2b3/parts","status":200,"duration_ms":3}
{"event":"http.request","request_id":"d2dff343-786b-417a-9cb9-c5cd79703e0c","method":"PUT","path":"/api/v1/uploads/b3baec66-b2f9-4a33-b4f2-7416f58cc2b3/parts/1","status":200,"duration_ms":5}
{"event":"http.request","request_id":"2c52d6ab-1bda-4c45-9b17-9675568d7e8b","method":"POST","path":"/api/v1/uploads/b3baec66-b2f9-4a33-b4f2-7416f58cc2b3/complete","status":200,"duration_ms":8}
{"event":"http.request","request_id":"51880b63-4696-4a6e-8b1f-c4d64476ab20","method":"POST","path":"/api/v1/contents/1ac928c4-fa09-42c5-ba88-ceab18e2e9f8/revisions","status":201,"duration_ms":5}
{"event":"http.request","request_id":"2095dfcc-7803-42eb-bc0b-f584de6c27a7","method":"GET","path":"/api/v1/contents/1ac928c4-fa09-42c5-ba88-ceab18e2e9f8","status":200,"duration_ms":3}
✔ 图文成品只关联同空间已上传PNG原件，无效文件和PDF不能保存为发布图片 (103.011375ms)
{"event":"http.request","request_id":"7e097aa5-1eca-4f79-9365-7fdbfe17a96d","method":"POST","path":"/api/v1/contents","status":201,"duration_ms":5}
{"event":"http.request","request_id":"ea501b87-da6b-4381-8e63-65af1dedc59a","method":"PATCH","path":"/api/v1/contents/d4da9d63-3ec5-4d2c-a7c5-f150fef1ef26","status":200,"duration_ms":4}
{"event":"http.request","request_id":"46c73236-d7d2-43d1-b3ae-ca4aa2bac29d","method":"GET","path":"/api/v1/contents","status":200,"duration_ms":2}
{"event":"http.request","request_id":"83699061-1bb5-4fb6-8838-73aa6dc0bf5b","method":"GET","path":"/api/v1/contents","status":200,"duration_ms":1}
{"event":"http.request","request_id":"c004f9ec-498d-4cf9-8c0a-affe5ed4cf97","method":"GET","path":"/api/v1/contents","status":422,"duration_ms":2}
✔ 内容列表按形式、状态、负责人和计划时间过滤，非法筛选拒绝 (22.22825ms)
{"event":"http.request","request_id":"ee0d8faf-fae2-4091-b8a9-8059c91e2f86","method":"POST","path":"/api/v1/contents","status":201,"duration_ms":5}
{"event":"http.request","request_id":"acbcb3d5-72da-4879-9209-c6bf7db201d3","method":"POST","path":"/api/v1/contents/810273fb-bfae-44c7-8bab-e5a6e640168d/submit-review","status":422,"duration_ms":4}
{"event":"http.request","request_id":"9389bc1f-d130-4313-b4cb-01797b9eb5de","method":"POST","path":"/api/v1/uploads","status":201,"duration_ms":5}
{"event":"http.request","request_id":"8d49c02e-3e96-4e25-a069-3e5774c919e0","method":"POST","path":"/api/v1/uploads/85f45636-f066-4950-8530-1f80c98bdde5/parts","status":200,"duration_ms":3}
{"event":"http.request","request_id":"90fffd38-166c-478f-ae6c-5b6fb46bfbe8","method":"PUT","path":"/api/v1/uploads/85f45636-f066-4950-8530-1f80c98bdde5/parts/1","status":200,"duration_ms":4}
{"event":"http.request","request_id":"aa51213e-d457-4da6-b24f-67b0f5f2d788","method":"POST","path":"/api/v1/uploads/85f45636-f066-4950-8530-1f80c98bdde5/complete","status":200,"duration_ms":8}
{"event":"http.request","request_id":"f692e909-a698-47bc-a1ca-6df6e460c26b","method":"POST","path":"/api/v1/contents","status":201,"duration_ms":6}
{"event":"http.request","request_id":"08662273-bffd-4889-be5d-0370dc7ec8e8","method":"POST","path":"/api/v1/contents/00bbd521-acf3-492f-9386-ea42ec00a2a8/revisions","status":201,"duration_ms":5}
{"event":"http.request","request_id":"29dd52e9-a522-4726-a074-90cebc2da54d","method":"POST","path":"/api/v1/contents/00bbd521-acf3-492f-9386-ea42ec00a2a8/submit-review","status":201,"duration_ms":5}
{"event":"http.request","request_id":"49a97106-7d66-47d7-8898-79e9aaa9e3a3","method":"GET","path":"/api/v1/contents/00bbd521-acf3-492f-9386-ea42ec00a2a8","status":200,"duration_ms":2}
{"event":"http.request","request_id":"fd1270a5-830b-45c1-987c-ad2ab7bc50d8","method":"POST","path":"/api/v1/reviews/4be970a1-6dcf-4289-af46-9e1c81c46cb6/decide","status":200,"duration_ms":11}
{"event":"http.request","request_id":"599f0e30-796c-44fa-871f-7c36050bf44b","method":"GET","path":"/api/v1/contents/00bbd521-acf3-492f-9386-ea42ec00a2a8","status":200,"duration_ms":2}
✔ 提交审核拒绝缺失成品，完整PNG图文冻结并由有权成员显式批准 (165.00575ms)
{"event":"http.request","request_id":"78386ae1-3b3b-4165-be47-0a2e4c9a71f6","method":"POST","path":"/api/v1/uploads","status":201,"duration_ms":5}
{"event":"http.request","request_id":"a3e20eb0-5f53-40bf-b199-9a48f22b4a50","method":"POST","path":"/api/v1/uploads/921c7d2a-c025-4ab3-b91d-7bc58233cfba/parts","status":200,"duration_ms":3}
{"event":"http.request","request_id":"54d2e499-3562-4575-846b-f4767f4ff32f","method":"PUT","path":"/api/v1/uploads/921c7d2a-c025-4ab3-b91d-7bc58233cfba/parts/1","status":200,"duration_ms":4}
{"event":"http.request","request_id":"8683ecad-b41d-459f-9845-b0a1ff3da5c7","method":"POST","path":"/api/v1/uploads/921c7d2a-c025-4ab3-b91d-7bc58233cfba/complete","status":200,"duration_ms":8}
{"event":"http.request","request_id":"377a4311-ce3f-40bc-9aeb-4bdb2b5db5ba","method":"POST","path":"/api/v1/contents","status":201,"duration_ms":4}
{"event":"http.request","request_id":"3bf10f23-72df-47dd-ae9a-00fce9390eb2","method":"POST","path":"/api/v1/contents/eba8004a-fb0c-4982-b14e-191bca086ed7/revisions","status":201,"duration_ms":7}
{"event":"http.request","request_id":"456d1760-5529-4fe3-b08b-1f1779793ff5","method":"POST","path":"/api/v1/contents/eba8004a-fb0c-4982-b14e-191bca086ed7/submit-review","status":201,"duration_ms":4}
{"event":"http.request","request_id":"e51c1a07-c71c-4b84-a71d-bb86276aefd0","method":"GET","path":"/api/v1/contents/eba8004a-fb0c-4982-b14e-191bca086ed7","status":200,"duration_ms":2}
{"event":"http.request","request_id":"996dd344-d3f7-4c6a-bd7f-0dcfab286efb","method":"POST","path":"/api/v1/contents/eba8004a-fb0c-4982-b14e-191bca086ed7/revisions","status":409,"duration_ms":3}
{"event":"http.request","request_id":"fc5a2c61-c66b-4d64-989f-60e7832c7124","method":"POST","path":"/api/v1/reviews/95f560f7-b5c1-4c6d-9327-ac593149bbab/withdraw","status":200,"duration_ms":6}
{"event":"http.request","request_id":"55a3cb54-a422-4862-9d2d-99f1a59cd15d","method":"GET","path":"/api/v1/contents/eba8004a-fb0c-4982-b14e-191bca086ed7","status":200,"duration_ms":2}
{"event":"http.request","request_id":"3448aac5-7ca6-4af4-8716-6404ab947af9","method":"POST","path":"/api/v1/contents/eba8004a-fb0c-4982-b14e-191bca086ed7/submit-review","status":201,"duration_ms":4}
{"event":"http.request","request_id":"f49f24b3-715f-49f3-9e0d-941ba40fcf20","method":"POST","path":"/api/v1/reviews/f899c939-9097-4351-986e-9aaca98d18da/decide","status":200,"duration_ms":6}
{"event":"http.request","request_id":"4382a6ac-6b61-4bac-b9d6-7a2ea10938b3","method":"GET","path":"/api/v1/contents/eba8004a-fb0c-4982-b14e-191bca086ed7","status":200,"duration_ms":2}
{"event":"http.request","request_id":"f2ba2072-3d32-480a-b799-21c16cab9d0a","method":"POST","path":"/api/v1/contents/eba8004a-fb0c-4982-b14e-191bca086ed7/submit-review","status":201,"duration_ms":4}
{"event":"http.request","request_id":"b56e676e-1e35-4944-a31e-b31a77b13e4b","method":"POST","path":"/api/v1/reviews/ca13f981-503e-4a42-b499-f4439ad9e10a/decide","status":200,"duration_ms":5}
{"event":"http.request","request_id":"e7651036-4d34-4a3e-be1a-a386b59bc1e4","method":"GET","path":"/api/v1/contents/eba8004a-fb0c-4982-b14e-191bca086ed7","status":200,"duration_ms":2}
{"event":"http.request","request_id":"93a677c7-6659-432c-bf9b-a4ef67f71f3b","method":"PATCH","path":"/api/v1/contents/eba8004a-fb0c-4982-b14e-191bca086ed7","status":200,"duration_ms":4}
{"event":"http.request","request_id":"f2d501fb-04cd-44f0-b663-c47a08c22429","method":"GET","path":"/api/v1/contents/eba8004a-fb0c-4982-b14e-191bca086ed7","status":200,"duration_ms":2}
{"event":"http.request","request_id":"eb0d3f68-505f-4f54-a7eb-7ee4ac9fb4dc","method":"POST","path":"/api/v1/contents/eba8004a-fb0c-4982-b14e-191bca086ed7/revisions","status":201,"duration_ms":5}
{"event":"http.request","request_id":"3dcbd5bf-95b5-4fee-89f1-ee37826206e9","method":"GET","path":"/api/v1/contents/eba8004a-fb0c-4982-b14e-191bca086ed7","status":200,"duration_ms":2}
✔ 审核中禁止编辑，撤回和退回派生新稿；批准后改载荷重审，内部备注不使批准失效 (98.776541ms)
{"event":"http.request","request_id":"1c418a64-118c-4715-8396-5a696d10e5b1","method":"POST","path":"/api/v1/members","status":201,"duration_ms":23}
{"event":"http.request","request_id":"f1aea0bc-3430-4610-b17a-c60e6e14d0f1","method":"GET","path":"/api/v1/auth/csrf","status":200,"duration_ms":1}
{"event":"http.request","request_id":"5161989b-c24b-4e14-a2b1-8302d5efc03c","method":"POST","path":"/api/v1/auth/accept-invite","status":200,"duration_ms":19}
{"event":"http.request","request_id":"8aed0110-19f8-4787-9485-7cbc6c1e0dab","method":"GET","path":"/api/v1/auth/csrf","status":200,"duration_ms":0}
{"event":"http.request","request_id":"7ba8b214-9edc-47a4-bdb9-1235c9eb5e4b","method":"POST","path":"/api/v1/auth/login","status":200,"duration_ms":18}
{"event":"http.request","request_id":"6b2d563c-c707-43d0-a965-beb807fbf4d4","method":"POST","path":"/api/v1/uploads","status":201,"duration_ms":5}
{"event":"http.request","request_id":"8559b0c7-e39e-4cba-b30a-e96f5355feb0","method":"POST","path":"/api/v1/uploads/c00ccd77-9f01-41a8-8885-93a16ed4a2d5/parts","status":200,"duration_ms":3}
{"event":"http.request","request_id":"1b849696-f3af-4e9d-a78b-0de46f4b100a","method":"PUT","path":"/api/v1/uploads/c00ccd77-9f01-41a8-8885-93a16ed4a2d5/parts/1","status":200,"duration_ms":4}
{"event":"http.request","request_id":"06530cf2-cdec-46c7-ab3d-aba03ddfeb4f","method":"POST","path":"/api/v1/uploads/c00ccd77-9f01-41a8-8885-93a16ed4a2d5/complete","status":200,"duration_ms":6}
{"event":"http.request","request_id":"5a8a335e-f094-4f14-b46b-b8d93bec6fc5","method":"POST","path":"/api/v1/contents","status":201,"duration_ms":5}
{"event":"http.request","request_id":"1d9e69d6-83b8-4ef1-8ca8-32625e3a21a3","method":"POST","path":"/api/v1/contents/7eff7a59-e0a8-4889-95aa-437cad45da34/revisions","status":201,"duration_ms":5}
{"event":"http.request","request_id":"d5cf0b90-3fc9-49ba-8175-4920309e3f4a","method":"POST","path":"/api/v1/contents/7eff7a59-e0a8-4889-95aa-437cad45da34/submit-review","status":201,"duration_ms":4}
{"event":"http.request","request_id":"4eec75e4-abd2-4988-a565-0c86946a2a2e","method":"POST","path":"/api/v1/reviews/31e56e44-8cbf-410e-a35a-65e1693755c5/decide","status":403,"duration_ms":2}
{"event":"http.request","request_id":"bfbabad5-3e40-4078-9106-184279d014c6","method":"POST","path":"/api/v1/reviews/31e56e44-8cbf-410e-a35a-65e1693755c5/decide","status":200,"duration_ms":5}
{"event":"http.request","request_id":"c579fd39-af16-4c0b-aa2b-b915cfaccdd9","method":"POST","path":"/api/v1/reviews/31e56e44-8cbf-410e-a35a-65e1693755c5/withdraw","status":409,"duration_ms":5}
✔ 制作角色不能批准，批准与撤回并发只有一个事务成功 (112.397167ms)
{"event":"http.request","request_id":"aaec3da1-2fc6-4f25-a8c2-c6339676f4f3","method":"POST","path":"/api/v1/uploads","status":201,"duration_ms":6}
{"event":"http.request","request_id":"a2837e2b-90fe-4d78-86b4-466a60d1f3c1","method":"POST","path":"/api/v1/uploads/d6ec2510-b427-44d5-b681-72411cd33225/parts","status":200,"duration_ms":3}
{"event":"http.request","request_id":"d8872cd4-8007-4d9d-b455-5188671aa9ba","method":"PUT","path":"/api/v1/uploads/d6ec2510-b427-44d5-b681-72411cd33225/parts/1","status":200,"duration_ms":3}
{"event":"http.request","request_id":"6fda4689-3b82-49ca-8d60-5fbf0d89d308","method":"POST","path":"/api/v1/uploads/d6ec2510-b427-44d5-b681-72411cd33225/complete","status":200,"duration_ms":8}
{"event":"http.request","request_id":"ddfebba0-a9e4-4a8c-8bee-847e5708018f","method":"POST","path":"/api/v1/contents","status":201,"duration_ms":5}
{"event":"http.request","request_id":"02df96b7-4a88-40be-9619-45228527c2d6","method":"POST","path":"/api/v1/contents/9c025084-714d-4985-86ff-d42d8ee5b5f9/revisions","status":201,"duration_ms":6}
{"event":"http.request","request_id":"5b901613-6c81-4bcd-a940-e805884aa1ed","method":"POST","path":"/api/v1/assets","status":201,"duration_ms":5}
{"event":"http.request","request_id":"7cd0ccda-7957-4127-bab1-4ce44b6c4913","method":"POST","path":"/api/v1/assets/a3297b95-562c-4789-8db8-6adca5e39803/confirm","status":200,"duration_ms":5}
{"event":"http.request","request_id":"0e8dfcb5-98eb-435f-9309-2bc990630952","method":"POST","path":"/api/v1/contents/9c025084-714d-4985-86ff-d42d8ee5b5f9/revisions","status":201,"duration_ms":6}
{"event":"http.request","request_id":"21776eed-7020-40cc-a179-681c35607487","method":"POST","path":"/api/v1/contents/9c025084-714d-4985-86ff-d42d8ee5b5f9/submit-review","status":201,"duration_ms":4}
{"event":"http.request","request_id":"eb38bd2b-8406-4a05-ac73-0a5c5a934d74","method":"POST","path":"/api/v1/assets/a3297b95-562c-4789-8db8-6adca5e39803/retire","status":200,"duration_ms":3}
{"event":"http.request","request_id":"c6ab23dd-676d-4a40-ad85-233f5a013eba","method":"POST","path":"/api/v1/reviews/ef2dd545-a35d-4d4b-bc76-8e2dbee9a0d3/decide","status":422,"duration_ms":7}
{"event":"http.request","request_id":"499a2ef6-af3d-4c42-a3d9-e57dab1144fb","method":"POST","path":"/api/v1/reviews/ef2dd545-a35d-4d4b-bc76-8e2dbee9a0d3/withdraw","status":200,"duration_ms":7}
{"event":"http.request","request_id":"eab13e0d-1b36-4072-b2d5-3e2b896733ad","method":"GET","path":"/api/v1/contents/9c025084-714d-4985-86ff-d42d8ee5b5f9","status":200,"duration_ms":2}
{"event":"http.request","request_id":"e0cd3cbc-08bd-4700-a244-bb3de5d11046","method":"POST","path":"/api/v1/contents/9c025084-714d-4985-86ff-d42d8ee5b5f9/revisions","status":201,"duration_ms":5}
✔ 素材停用阻止批准但仍能撤回修稿，冻结历史引用保留 (96.249917ms)
{"event":"http.request","request_id":"bb4410d2-ddb7-4c43-9ee6-06a5873c311c","method":"POST","path":"/api/v1/contents","status":201,"duration_ms":5}
{"event":"http.request","request_id":"c9c049b1-6614-4feb-a5b0-96fa6ca2dc28","method":"POST","path":"/api/v1/contents/60df7b4e-b920-4ce6-ae09-ff97c5ce8f17/start-production","status":200,"duration_ms":4}
{"event":"http.request","request_id":"cc076023-c5b0-48ac-99a9-27b3a57bf7b6","method":"POST","path":"/api/v1/contents/60df7b4e-b920-4ce6-ae09-ff97c5ce8f17/cancel","status":200,"duration_ms":5}
{"event":"http.request","request_id":"510cb078-c127-4b38-96f5-05441ea8aec8","method":"GET","path":"/api/v1/contents/60df7b4e-b920-4ce6-ae09-ff97c5ce8f17","status":200,"duration_ms":2}
{"event":"http.request","request_id":"c487b168-3f72-4d51-9462-368762012087","method":"POST","path":"/api/v1/contents/60df7b4e-b920-4ce6-ae09-ff97c5ce8f17/submit-review","status":409,"duration_ms":3}
✔ 开始制作保存估时，取消保留理由和版本历史且不能再提审 (19.492709ms)
{"event":"http.request","request_id":"d753096e-4dc4-4013-9ce0-84a8c60743dc","method":"POST","path":"/api/v1/uploads","status":201,"duration_ms":5}
{"event":"http.request","request_id":"e8b5d2d6-71c4-4315-bb29-ba07a9f5de57","method":"POST","path":"/api/v1/uploads/63f78687-7a61-4dd5-82ab-8175b28b1921/parts","status":200,"duration_ms":3}
{"event":"http.request","request_id":"871e3ec5-bfcb-4cfd-852c-6d9a1f67232b","method":"PUT","path":"/api/v1/uploads/63f78687-7a61-4dd5-82ab-8175b28b1921/parts/1","status":200,"duration_ms":4}
{"event":"http.request","request_id":"e5c90686-462a-4cb3-9e42-759488a4e117","method":"POST","path":"/api/v1/uploads/63f78687-7a61-4dd5-82ab-8175b28b1921/complete","status":200,"duration_ms":8}
{"event":"http.request","request_id":"3cca6fab-0afe-406e-849c-db7e5d983619","method":"POST","path":"/api/v1/contents","status":201,"duration_ms":5}
{"event":"http.request","request_id":"2111e751-1200-4eaa-b74f-3836d5d3f2f1","method":"POST","path":"/api/v1/contents/6129af6b-48ef-4299-8302-d790faea8b7d/revisions","status":201,"duration_ms":5}
{"event":"http.request","request_id":"bdec4edb-e6ea-4f36-9b2d-d5d7eaf0ed14","method":"POST","path":"/api/v1/contents/6129af6b-48ef-4299-8302-d790faea8b7d/submit-review","status":201,"duration_ms":4}
{"event":"http.request","request_id":"cfac6e58-1a1a-4a1a-9a50-e44edfb261a7","method":"POST","path":"/api/v1/reviews/61584892-e615-42ae-be48-73057fda711d/decide","status":200,"duration_ms":5}
{"event":"http.request","request_id":"1aabd139-307d-43c5-90c2-308a7f81f23f","method":"GET","path":"/api/v1/contents/6129af6b-48ef-4299-8302-d790faea8b7d","status":200,"duration_ms":2}
{"event":"http.request","request_id":"64d7ba71-ddf4-48dd-94d4-9801068ef000","method":"POST","path":"/api/v1/contents/6129af6b-48ef-4299-8302-d790faea8b7d/export-package","status":202,"duration_ms":6}
{"event":"http.request","request_id":"3d166d48-c553-42c8-8c1c-8bb3dbbba486","method":"GET","path":"/api/v1/export-packages/55d598bc-f832-434e-aff8-31e880f7c917","status":200,"duration_ms":1}
{"event":"job.claimed","job_id":"60015d91-515c-4c5b-a5af-2913e61d8c07","request_id":"64d7ba71-ddf4-48dd-94d4-9801068ef000","pool":"general","attempt":1}
{"event":"http.request","request_id":"5c4ca661-18b0-4f1f-ae21-5c9142401ea6","method":"GET","path":"/api/v1/export-packages/55d598bc-f832-434e-aff8-31e880f7c917","status":200,"duration_ms":4}
{"event":"http.request","request_id":"2c5782bf-79ff-4860-bbcc-c9d450ac3f7e","method":"GET","path":"/api/v1/export-packages/55d598bc-f832-434e-aff8-31e880f7c917/download","status":200,"duration_ms":18}
{"event":"http.request","request_id":"e8fb3ccc-96e5-4b71-b78d-4cd30e5f6812","method":"POST","path":"/api/v1/contents/6129af6b-48ef-4299-8302-d790faea8b7d/revisions","status":201,"duration_ms":13}
{"event":"http.request","request_id":"e3bbe919-0cda-4c97-b64d-564685d10fa2","method":"GET","path":"/api/v1/export-packages/55d598bc-f832-434e-aff8-31e880f7c917/download","status":409,"duration_ms":4}
{"event":"http.request","request_id":"fb7cf519-2732-4089-a07d-a6388dc98d5c","method":"GET","path":"/api/v1/files/91c2ed9b-655e-498c-94a1-cd77fc5dcaf4/download","status":409,"duration_ms":3}
✔ 发布包异步打包批准版本，下载PNG原件、页序和文案与批准内容一致 (1124.51925ms)
ℹ tests 11
ℹ suites 0
ℹ pass 11
ℹ fail 0
ℹ cancelled 0
ℹ skipped 0
ℹ todo 0
ℹ duration_ms 2747.278708
