{"event":"http.request","request_id":"714dc2e9-9053-4e29-801c-44a5fb051410","method":"GET","path":"/api/v1/auth/csrf","status":200,"duration_ms":6}
{"event":"http.request","request_id":"8b5f9968-a6ef-44b9-9807-b56c9cccdd1b","method":"POST","path":"/api/v1/setup","status":201,"duration_ms":35}
{"event":"http.request","request_id":"70bbb6a2-b146-46f3-a64a-3a75d5e75bc4","method":"GET","path":"/api/v1/auth/csrf","status":200,"duration_ms":2}
{"event":"http.request","request_id":"ff3567c7-10e2-4f25-a1cb-c385003a2aee","method":"POST","path":"/api/v1/auth/login","status":200,"duration_ms":24}
{"event":"http.request","request_id":"b0ba5da8-31bf-4a99-b447-9f1a6b201fb7","method":"GET","path":"/api/v1/me","status":200,"duration_ms":77}
{"event":"http.request","request_id":"fa64471d-cff4-4dc6-a219-72f5d36317d1","method":"POST","path":"/api/v1/accounts","status":201,"duration_ms":11}
{"event":"http.request","request_id":"f568b58b-da5f-4761-aa92-d1b62c9b7ec4","method":"POST","path":"/api/v1/contents","status":201,"duration_ms":10}
{"event":"http.request","request_id":"19c5055b-e35f-469c-a3cd-2e5d1293b100","method":"GET","path":"/api/v1/contents/35cc44bc-9f7a-4f7b-8240-7fcef8a69bec","status":200,"duration_ms":5}
{"event":"http.request","request_id":"175073ae-4dcb-4f2d-ab12-d185a1c5cf97","method":"POST","path":"/api/v1/contents/35cc44bc-9f7a-4f7b-8240-7fcef8a69bec/revisions","status":201,"duration_ms":9}
{"event":"http.request","request_id":"e9c26fce-6362-464a-bb24-27613c4c76e2","method":"GET","path":"/api/v1/contents/35cc44bc-9f7a-4f7b-8240-7fcef8a69bec","status":200,"duration_ms":6}
✔ 人工新建图文后保存逐页文案，再从详情恢复原始快照 (405.680708ms)
{"event":"http.request","request_id":"46b4f021-6150-49c6-b6dc-8f6c6ad1e8e4","method":"POST","path":"/api/v1/contents","status":201,"duration_ms":6}
{"event":"http.request","request_id":"88ab37a9-0691-4c74-b185-290463dc4b46","method":"POST","path":"/api/v1/contents/48fa804b-c055-4d3d-b5d5-3fd6176c0a18/revisions","status":201,"duration_ms":6}
{"event":"http.request","request_id":"3896f3e2-3eb1-46a5-9116-d632d0d01c62","method":"POST","path":"/api/v1/contents/48fa804b-c055-4d3d-b5d5-3fd6176c0a18/revisions","status":409,"duration_ms":9}
{"event":"http.request","request_id":"93d813f9-ce38-4832-b87a-e602d1bb45f1","method":"GET","path":"/api/v1/contents/48fa804b-c055-4d3d-b5d5-3fd6176c0a18","status":200,"duration_ms":4}
{"event":"http.request","request_id":"2cbe0408-6191-4cd4-8674-92b8162cda78","method":"POST","path":"/api/v1/contents/48fa804b-c055-4d3d-b5d5-3fd6176c0a18/restore","status":201,"duration_ms":8}
{"event":"http.request","request_id":"50899c02-267c-4693-a7fa-edcb87ee7c2f","method":"GET","path":"/api/v1/contents/48fa804b-c055-4d3d-b5d5-3fd6176c0a18","status":200,"duration_ms":2}
✔ 同一基础版本并发保存只有一个成功，恢复历史版本产生新快照 (36.776ms)
{"event":"http.request","request_id":"7108b4b1-52ff-43e6-8554-b9fab6f1d542","method":"POST","path":"/api/v1/members","status":201,"duration_ms":23}
{"event":"http.request","request_id":"50f998dc-cc1c-4c0e-a9aa-d92671f08631","method":"GET","path":"/api/v1/auth/csrf","status":200,"duration_ms":1}
{"event":"http.request","request_id":"a75ecb07-f0fd-4b16-bae4-b27ed8fd1ac6","method":"POST","path":"/api/v1/auth/accept-invite","status":200,"duration_ms":21}
{"event":"http.request","request_id":"54d9e562-69bc-4b7a-a280-bdd4311114a4","method":"GET","path":"/api/v1/auth/csrf","status":200,"duration_ms":1}
{"event":"http.request","request_id":"83dded4b-87e7-4428-b1db-044bfcea317e","method":"POST","path":"/api/v1/auth/login","status":200,"duration_ms":18}
{"event":"http.request","request_id":"a4b95f1c-03f9-445f-8dcd-e77879ee4118","method":"POST","path":"/api/v1/members","status":201,"duration_ms":23}
{"event":"http.request","request_id":"974c01bd-ae82-40e7-bcda-01659f7d1871","method":"GET","path":"/api/v1/auth/csrf","status":200,"duration_ms":1}
{"event":"http.request","request_id":"75ea67c1-3631-4dd7-8af9-78d20a3a0a07","method":"POST","path":"/api/v1/auth/accept-invite","status":200,"duration_ms":19}
{"event":"http.request","request_id":"35040911-16ab-49f2-89d3-f684000cf9ea","method":"GET","path":"/api/v1/auth/csrf","status":200,"duration_ms":1}
{"event":"http.request","request_id":"f2bde72e-d78c-4e22-afe1-5ca7cf814745","method":"POST","path":"/api/v1/auth/login","status":200,"duration_ms":18}
{"event":"http.request","request_id":"8ede4c8f-d0a2-4bb5-8471-77e4e441604b","method":"POST","path":"/api/v1/contents","status":201,"duration_ms":5}
{"event":"http.request","request_id":"6740b9f4-24a7-445c-adac-b114c9f39208","method":"POST","path":"/api/v1/contents/9ad17d9d-7f2f-41da-b43c-5245ba81adb6/revisions","status":403,"duration_ms":4}
{"event":"http.request","request_id":"1ae6a8c7-b1f3-4603-b1f9-8568e8e6b9ce","method":"POST","path":"/api/v1/contents/9ad17d9d-7f2f-41da-b43c-5245ba81adb6/revisions","status":403,"duration_ms":2}
{"event":"http.request","request_id":"0704dab4-7630-4b2e-982a-fab3bb22d8c5","method":"POST","path":"/api/v1/contents/9ad17d9d-7f2f-41da-b43c-5245ba81adb6/revisions","status":201,"duration_ms":6}
✔ 运营只能修改发布文案，不能改逐页制作内容；只读不能保存 (159.382166ms)
{"event":"http.request","request_id":"169bc765-b924-427f-a244-473802e0aff4","method":"POST","path":"/api/v1/contents","status":201,"duration_ms":6}
{"event":"http.request","request_id":"99adf200-11c1-4595-bb99-5df89bd4ca71","method":"POST","path":"/api/v1/contents/9c8313f1-7aa8-4acf-8a13-a266b74dd106/revisions","status":422,"duration_ms":4}
{"event":"http.request","request_id":"f8dc4912-2397-4f97-becb-0a5c3f5e736a","method":"POST","path":"/api/v1/uploads","status":201,"duration_ms":9}
{"event":"http.request","request_id":"bd42491e-95e2-4420-b400-8ec3022d46b3","method":"POST","path":"/api/v1/uploads/0c53443f-d66a-4931-9d23-c65e7ae44ba3/parts","status":200,"duration_ms":6}
{"event":"http.request","request_id":"b64f724c-b74e-4c49-8b6d-98734cca735e","method":"PUT","path":"/api/v1/uploads/0c53443f-d66a-4931-9d23-c65e7ae44ba3/parts/1","status":200,"duration_ms":7}
{"event":"http.request","request_id":"bbbc300b-bb0f-4576-af44-3d2718e9530c","method":"POST","path":"/api/v1/uploads/0c53443f-d66a-4931-9d23-c65e7ae44ba3/complete","status":200,"duration_ms":10}
{"event":"http.request","request_id":"6568b34f-a053-4a31-a1cb-d1f21045bb1f","method":"POST","path":"/api/v1/contents/9c8313f1-7aa8-4acf-8a13-a266b74dd106/revisions","status":422,"duration_ms":4}
{"event":"http.request","request_id":"026a5292-d79b-4e66-b5fd-390cc84d49fa","method":"POST","path":"/api/v1/uploads","status":201,"duration_ms":6}
{"event":"http.request","request_id":"5f1ff3db-f16c-4134-81e8-d8aa4b4db3a4","method":"POST","path":"/api/v1/uploads/9a883fa7-81ef-422d-8ced-614e9197b225/parts","status":200,"duration_ms":4}
{"event":"http.request","request_id":"92f43cf7-5430-427e-bc8d-949a0bb84fa2","method":"PUT","path":"/api/v1/uploads/9a883fa7-81ef-422d-8ced-614e9197b225/parts/1","status":200,"duration_ms":5}
{"event":"http.request","request_id":"4f2fd9e0-90e6-43aa-82c1-b453394d6953","method":"POST","path":"/api/v1/uploads/9a883fa7-81ef-422d-8ced-614e9197b225/complete","status":200,"duration_ms":9}
{"event":"http.request","request_id":"6aa4f60e-7c60-4320-a953-e7fb7f9ea70d","method":"POST","path":"/api/v1/contents/9c8313f1-7aa8-4acf-8a13-a266b74dd106/revisions","status":201,"duration_ms":6}
{"event":"http.request","request_id":"f4679889-c1bc-4192-9923-c8609d33ab6c","method":"GET","path":"/api/v1/contents/9c8313f1-7aa8-4acf-8a13-a266b74dd106","status":200,"duration_ms":3}
✔ 图文成品只关联同空间已上传PNG原件，无效文件和PDF不能保存为发布图片 (109.74825ms)
{"event":"http.request","request_id":"4dfc5278-86f6-4703-88fd-e25b05497948","method":"POST","path":"/api/v1/contents","status":201,"duration_ms":5}
{"event":"http.request","request_id":"9cbe3663-ad24-4b92-975e-120364b00adf","method":"PATCH","path":"/api/v1/contents/c80604eb-ef19-4700-a0fa-f9b2a2857667","status":200,"duration_ms":4}
{"event":"http.request","request_id":"23038681-0455-4c66-8cfb-8c66221bc27b","method":"GET","path":"/api/v1/contents","status":200,"duration_ms":2}
{"event":"http.request","request_id":"ef05e7f2-6900-4836-b352-1aa729817a3c","method":"GET","path":"/api/v1/contents","status":200,"duration_ms":1}
{"event":"http.request","request_id":"cb06bca4-8b16-493f-b030-b591cb143034","method":"GET","path":"/api/v1/contents","status":422,"duration_ms":1}
✔ 内容列表按形式、状态、负责人和计划时间过滤，非法筛选拒绝 (22.747958ms)
{"event":"http.request","request_id":"3b64406a-7af5-48ff-9942-b1fb21c5f427","method":"POST","path":"/api/v1/contents","status":201,"duration_ms":5}
{"event":"http.request","request_id":"6a87b40f-999e-4873-9c9b-e938d0b27470","method":"POST","path":"/api/v1/contents/a4f0275e-97b8-4f83-825f-e91cc655cf58/submit-review","status":422,"duration_ms":3}
{"event":"http.request","request_id":"3bc9b725-fef0-4480-bba1-ef6bc4bc61cf","method":"POST","path":"/api/v1/uploads","status":201,"duration_ms":6}
{"event":"http.request","request_id":"c445e3e1-044d-4ece-845d-134054dae566","method":"POST","path":"/api/v1/uploads/21c73293-5a8a-4398-99ed-1af069d6d342/parts","status":200,"duration_ms":3}
{"event":"http.request","request_id":"1496e942-7c77-42f2-9ccc-493b7e53ea75","method":"PUT","path":"/api/v1/uploads/21c73293-5a8a-4398-99ed-1af069d6d342/parts/1","status":200,"duration_ms":5}
{"event":"http.request","request_id":"5f44e8c4-47a7-43e3-8f3a-30188455687a","method":"POST","path":"/api/v1/uploads/21c73293-5a8a-4398-99ed-1af069d6d342/complete","status":200,"duration_ms":8}
{"event":"http.request","request_id":"66a4e295-8fa2-4d39-b777-bf9d879ab065","method":"POST","path":"/api/v1/contents","status":201,"duration_ms":6}
{"event":"http.request","request_id":"044090d3-3307-4628-a422-6f1b29d13cff","method":"POST","path":"/api/v1/contents/d46a8ba8-2ffc-4f3b-8149-8d4b005e667c/revisions","status":201,"duration_ms":5}
{"event":"http.request","request_id":"89d81ce4-7269-4c91-b381-8a1a62d180ba","method":"POST","path":"/api/v1/contents/d46a8ba8-2ffc-4f3b-8149-8d4b005e667c/submit-review","status":201,"duration_ms":5}
{"event":"http.request","request_id":"5cfc7ca9-7acb-4bae-a395-e8cc6c32f92a","method":"GET","path":"/api/v1/contents/d46a8ba8-2ffc-4f3b-8149-8d4b005e667c","status":200,"duration_ms":4}
{"event":"http.request","request_id":"2293048d-8b5e-4239-85a7-181102f5766f","method":"POST","path":"/api/v1/reviews/77a76d65-4087-4aae-aeb8-70b95a7f01c5/decide","status":200,"duration_ms":11}
{"event":"http.request","request_id":"c54515da-13db-4ba7-a881-37f6237d0d91","method":"GET","path":"/api/v1/contents/d46a8ba8-2ffc-4f3b-8149-8d4b005e667c","status":200,"duration_ms":3}
✔ 提交审核拒绝缺失成品，完整PNG图文冻结并由有权成员显式批准 (170.603375ms)
{"event":"http.request","request_id":"eb0c3199-ba60-494e-99f4-b169bda26d1b","method":"POST","path":"/api/v1/uploads","status":201,"duration_ms":6}
{"event":"http.request","request_id":"364b3cea-8546-4135-aa9f-5b477bc3cfa9","method":"POST","path":"/api/v1/uploads/403ea5fc-e279-41ad-ab41-56ff22c74304/parts","status":200,"duration_ms":4}
{"event":"http.request","request_id":"bbab6d5d-5a00-4e7e-a236-22ec8ebcf883","method":"PUT","path":"/api/v1/uploads/403ea5fc-e279-41ad-ab41-56ff22c74304/parts/1","status":200,"duration_ms":4}
{"event":"http.request","request_id":"69675490-7f79-4df8-8a05-6f63b7dad4cc","method":"POST","path":"/api/v1/uploads/403ea5fc-e279-41ad-ab41-56ff22c74304/complete","status":200,"duration_ms":8}
{"event":"http.request","request_id":"8cc13839-d2cf-48dd-8d4a-40ec66f4359e","method":"POST","path":"/api/v1/contents","status":201,"duration_ms":4}
{"event":"http.request","request_id":"5b554020-f55c-47d2-9b6a-48e08d243ad0","method":"POST","path":"/api/v1/contents/0edf3b7a-d915-4d95-897d-99840b779109/revisions","status":201,"duration_ms":6}
{"event":"http.request","request_id":"e742a41e-a4c3-4008-9edb-2cadf93bb13b","method":"POST","path":"/api/v1/contents/0edf3b7a-d915-4d95-897d-99840b779109/submit-review","status":201,"duration_ms":4}
{"event":"http.request","request_id":"5ca3a5ed-f956-4a31-8cf2-e25614078340","method":"GET","path":"/api/v1/contents/0edf3b7a-d915-4d95-897d-99840b779109","status":200,"duration_ms":2}
{"event":"http.request","request_id":"06c79af5-b2e6-421c-87fe-21f340848a01","method":"POST","path":"/api/v1/contents/0edf3b7a-d915-4d95-897d-99840b779109/revisions","status":409,"duration_ms":2}
{"event":"http.request","request_id":"9ac125a1-8152-4c1a-a994-f1cd6c82c8c2","method":"POST","path":"/api/v1/reviews/cf6f3f36-f884-4ae8-aefc-c08798cb8e54/withdraw","status":200,"duration_ms":6}
{"event":"http.request","request_id":"327c1206-6b8b-4ff1-8a7d-619c0e222057","method":"GET","path":"/api/v1/contents/0edf3b7a-d915-4d95-897d-99840b779109","status":200,"duration_ms":3}
{"event":"http.request","request_id":"0bc5abf2-22ff-43eb-a15b-f16bd9a5d8a3","method":"POST","path":"/api/v1/contents/0edf3b7a-d915-4d95-897d-99840b779109/submit-review","status":201,"duration_ms":5}
{"event":"http.request","request_id":"07142849-326f-481e-8ce9-48eb41e3aea5","method":"POST","path":"/api/v1/reviews/ff9a0195-5b9e-49e7-89a7-d2472d11dd52/decide","status":200,"duration_ms":6}
{"event":"http.request","request_id":"09c186ef-a199-4107-825b-d51df90995ab","method":"GET","path":"/api/v1/contents/0edf3b7a-d915-4d95-897d-99840b779109","status":200,"duration_ms":2}
{"event":"http.request","request_id":"766159d7-db67-42ad-a41d-d568e6dcfbf1","method":"POST","path":"/api/v1/contents/0edf3b7a-d915-4d95-897d-99840b779109/submit-review","status":201,"duration_ms":5}
{"event":"http.request","request_id":"858b07be-5465-4d2e-9814-6bfa5cdb7371","method":"POST","path":"/api/v1/reviews/98f33d7f-3275-413a-9774-a9d42e0005a2/decide","status":200,"duration_ms":8}
{"event":"http.request","request_id":"7c89abe0-2146-4735-acbe-46f9193ddc37","method":"GET","path":"/api/v1/contents/0edf3b7a-d915-4d95-897d-99840b779109","status":200,"duration_ms":3}
{"event":"http.request","request_id":"89532b25-71b7-4013-9176-73268242f92f","method":"PATCH","path":"/api/v1/contents/0edf3b7a-d915-4d95-897d-99840b779109","status":200,"duration_ms":4}
{"event":"http.request","request_id":"22de4f1a-a97d-4b27-8d14-5c3d8df9b0b4","method":"GET","path":"/api/v1/contents/0edf3b7a-d915-4d95-897d-99840b779109","status":200,"duration_ms":3}
{"event":"http.request","request_id":"2227e5e6-7728-4572-a85e-cc29525a777e","method":"POST","path":"/api/v1/contents/0edf3b7a-d915-4d95-897d-99840b779109/revisions","status":201,"duration_ms":5}
{"event":"http.request","request_id":"34d1390e-838a-43e9-b4b1-e04003e67630","method":"GET","path":"/api/v1/contents/0edf3b7a-d915-4d95-897d-99840b779109","status":200,"duration_ms":2}
✔ 审核中禁止编辑，撤回和退回派生新稿；批准后改载荷重审，内部备注不使批准失效 (102.612584ms)
{"event":"http.request","request_id":"d454bcec-d1f1-49a3-ad59-cf53820f54de","method":"POST","path":"/api/v1/members","status":201,"duration_ms":23}
{"event":"http.request","request_id":"07e008d1-2054-4b5c-bb24-8c9a13fa3395","method":"GET","path":"/api/v1/auth/csrf","status":200,"duration_ms":1}
{"event":"http.request","request_id":"cfa2e3b0-7016-4509-8179-bbc0af588aea","method":"POST","path":"/api/v1/auth/accept-invite","status":200,"duration_ms":19}
{"event":"http.request","request_id":"e8d55ce6-b0fa-46b1-aa01-2e5a9beb4b55","method":"GET","path":"/api/v1/auth/csrf","status":200,"duration_ms":0}
{"event":"http.request","request_id":"a18b3eb5-a3f9-48d0-b079-3a5244d9fba8","method":"POST","path":"/api/v1/auth/login","status":200,"duration_ms":19}
{"event":"http.request","request_id":"47406ce6-b980-4639-a35d-4ddfe177d18a","method":"POST","path":"/api/v1/uploads","status":201,"duration_ms":5}
{"event":"http.request","request_id":"d4545bd8-b003-43be-8fe5-8df0a8e6c2b0","method":"POST","path":"/api/v1/uploads/c7723247-eb37-49c7-8632-066d179cbd84/parts","status":200,"duration_ms":3}
{"event":"http.request","request_id":"495c8404-1ba1-4ede-8030-3c6b1dd7d866","method":"PUT","path":"/api/v1/uploads/c7723247-eb37-49c7-8632-066d179cbd84/parts/1","status":200,"duration_ms":4}
{"event":"http.request","request_id":"ca306efa-d27b-4bad-a495-b7eb8a560793","method":"POST","path":"/api/v1/uploads/c7723247-eb37-49c7-8632-066d179cbd84/complete","status":200,"duration_ms":7}
{"event":"http.request","request_id":"b132cd7d-dee9-46e2-aef8-cea6574d1575","method":"POST","path":"/api/v1/contents","status":201,"duration_ms":5}
{"event":"http.request","request_id":"35802721-cb13-4d08-945d-f6df1d39cdb3","method":"POST","path":"/api/v1/contents/f80ded82-b482-4e0b-96db-2eb1a2dd6fde/revisions","status":201,"duration_ms":5}
{"event":"http.request","request_id":"1c5f4cd5-f20a-4a13-8dd9-76807e111cb1","method":"POST","path":"/api/v1/contents/f80ded82-b482-4e0b-96db-2eb1a2dd6fde/submit-review","status":201,"duration_ms":4}
{"event":"http.request","request_id":"222bc8a2-cd40-4a6f-a876-73331750f448","method":"POST","path":"/api/v1/reviews/e5a664dc-4568-4391-a53f-1218f3a658ff/decide","status":403,"duration_ms":2}
{"event":"http.request","request_id":"56c5e729-e524-4c60-b89a-d0b1ae26cfba","method":"POST","path":"/api/v1/reviews/e5a664dc-4568-4391-a53f-1218f3a658ff/decide","status":200,"duration_ms":5}
{"event":"http.request","request_id":"3d559801-ab99-4f93-81af-7475a37d43b4","method":"POST","path":"/api/v1/reviews/e5a664dc-4568-4391-a53f-1218f3a658ff/withdraw","status":409,"duration_ms":6}
✔ 制作角色不能批准，批准与撤回并发只有一个事务成功 (115.730792ms)
{"event":"http.request","request_id":"39deaef7-3306-4bd3-a378-8d546eb87b26","method":"POST","path":"/api/v1/uploads","status":201,"duration_ms":6}
{"event":"http.request","request_id":"cb4d78e6-80b6-43f5-bcc0-dea3d975f6cf","method":"POST","path":"/api/v1/uploads/65ef2f98-a17b-4284-b9d1-54bf25548f5e/parts","status":200,"duration_ms":3}
{"event":"http.request","request_id":"fea05707-a64e-4474-84d0-9ff0ed75ec97","method":"PUT","path":"/api/v1/uploads/65ef2f98-a17b-4284-b9d1-54bf25548f5e/parts/1","status":200,"duration_ms":4}
{"event":"http.request","request_id":"64c8fced-29e1-4764-865e-1f18c41eeb4d","method":"POST","path":"/api/v1/uploads/65ef2f98-a17b-4284-b9d1-54bf25548f5e/complete","status":200,"duration_ms":8}
{"event":"http.request","request_id":"f278ad3f-4f59-46c0-ab19-b622093807d2","method":"POST","path":"/api/v1/contents","status":201,"duration_ms":4}
{"event":"http.request","request_id":"db0543f0-23a5-43f0-aa24-b21bc9645cc7","method":"POST","path":"/api/v1/contents/dfb7e1d7-8e35-489b-9741-b5b4ba91d84e/revisions","status":201,"duration_ms":5}
{"event":"http.request","request_id":"18aafaa3-abbf-4c1a-abf3-66123a3c1651","method":"POST","path":"/api/v1/assets","status":201,"duration_ms":5}
{"event":"http.request","request_id":"c678f712-1ac6-463b-ae57-639f24fcedae","method":"POST","path":"/api/v1/assets/77af5885-8d2b-4397-b633-ce64cb8df994/confirm","status":200,"duration_ms":4}
{"event":"http.request","request_id":"8eb37f1f-f1f8-4740-a963-8ff1e5dff903","method":"POST","path":"/api/v1/contents/dfb7e1d7-8e35-489b-9741-b5b4ba91d84e/revisions","status":201,"duration_ms":6}
{"event":"http.request","request_id":"965d3470-b58f-4849-b0b6-901c51c56ade","method":"POST","path":"/api/v1/contents/dfb7e1d7-8e35-489b-9741-b5b4ba91d84e/submit-review","status":201,"duration_ms":5}
{"event":"http.request","request_id":"55063479-ec91-4244-9609-3bd31ebaec32","method":"POST","path":"/api/v1/assets/77af5885-8d2b-4397-b633-ce64cb8df994/retire","status":200,"duration_ms":4}
{"event":"http.request","request_id":"c41f248b-2331-485f-870d-328f26cb6d13","method":"POST","path":"/api/v1/reviews/93b9b007-e9ff-4b8a-b4ba-2dab5fdbfc2e/decide","status":422,"duration_ms":5}
{"event":"http.request","request_id":"735d1159-041e-475a-9928-c2da5b79e008","method":"POST","path":"/api/v1/reviews/93b9b007-e9ff-4b8a-b4ba-2dab5fdbfc2e/withdraw","status":200,"duration_ms":6}
{"event":"http.request","request_id":"b2ca68f5-29bc-4714-bf0f-cfea9e3219ea","method":"GET","path":"/api/v1/contents/dfb7e1d7-8e35-489b-9741-b5b4ba91d84e","status":200,"duration_ms":3}
{"event":"http.request","request_id":"e63fc54f-0782-4988-bbb0-83ef4a63cb47","method":"POST","path":"/api/v1/contents/dfb7e1d7-8e35-489b-9741-b5b4ba91d84e/revisions","status":201,"duration_ms":5}
✔ 素材停用阻止批准但仍能撤回修稿，冻结历史引用保留 (94.632792ms)
{"event":"http.request","request_id":"9fb2b6c2-4c17-41c4-837b-8e2abc9a0408","method":"POST","path":"/api/v1/contents","status":201,"duration_ms":4}
{"event":"http.request","request_id":"625438c1-1138-4a17-8749-90c86f2c1a30","method":"POST","path":"/api/v1/contents/a8c75066-f65e-4454-9c2e-707054c56f64/start-production","status":200,"duration_ms":3}
{"event":"http.request","request_id":"07004efd-1536-424f-bee7-d126e24d1fe8","method":"POST","path":"/api/v1/contents/a8c75066-f65e-4454-9c2e-707054c56f64/cancel","status":200,"duration_ms":4}
{"event":"http.request","request_id":"6994576e-0ea4-4d94-a87e-2720b2f93a92","method":"GET","path":"/api/v1/contents/a8c75066-f65e-4454-9c2e-707054c56f64","status":200,"duration_ms":2}
{"event":"http.request","request_id":"b5734ded-8d5c-456d-9fa0-23252eabaefb","method":"POST","path":"/api/v1/contents/a8c75066-f65e-4454-9c2e-707054c56f64/submit-review","status":409,"duration_ms":3}
✔ 开始制作保存估时，取消保留理由和版本历史且不能再提审 (19.713458ms)
{"event":"http.request","request_id":"62c5ee40-1156-4c9e-b35d-9da68d0d5609","method":"POST","path":"/api/v1/uploads","status":201,"duration_ms":5}
{"event":"http.request","request_id":"c3fbfa55-333f-442d-b441-aab072cbc3c3","method":"POST","path":"/api/v1/uploads/53e037a2-5d8b-4358-b355-0cc869c526d9/parts","status":200,"duration_ms":8}
{"event":"http.request","request_id":"1a1def5c-ccea-494a-b0e7-b52316751261","method":"PUT","path":"/api/v1/uploads/53e037a2-5d8b-4358-b355-0cc869c526d9/parts/1","status":200,"duration_ms":4}
{"event":"http.request","request_id":"88d906d5-d3d7-4919-a7ba-0b6b9894f4ce","method":"POST","path":"/api/v1/uploads/53e037a2-5d8b-4358-b355-0cc869c526d9/complete","status":200,"duration_ms":8}
{"event":"http.request","request_id":"54d4d65e-361e-4161-a751-04bd2173c721","method":"POST","path":"/api/v1/contents","status":201,"duration_ms":4}
{"event":"http.request","request_id":"d8b0366b-21aa-4ede-a22a-6b03bf940192","method":"POST","path":"/api/v1/contents/37633b20-a9c9-4f85-a484-d84ed9cbb31f/revisions","status":201,"duration_ms":4}
{"event":"http.request","request_id":"c4898039-09c8-4af5-a414-b699d118681d","method":"POST","path":"/api/v1/contents/37633b20-a9c9-4f85-a484-d84ed9cbb31f/submit-review","status":201,"duration_ms":4}
{"event":"http.request","request_id":"32404d54-ecc8-490d-9486-575b3e79d075","method":"POST","path":"/api/v1/reviews/6ac093b6-1884-4789-a3be-83fcc699c190/decide","status":200,"duration_ms":4}
{"event":"http.request","request_id":"40dd0968-9ed7-4a84-993e-354b197cb8d7","method":"GET","path":"/api/v1/contents/37633b20-a9c9-4f85-a484-d84ed9cbb31f","status":200,"duration_ms":2}
{"event":"http.request","request_id":"f3b72e98-c033-4217-8ab9-1230e1e319c8","method":"POST","path":"/api/v1/contents/37633b20-a9c9-4f85-a484-d84ed9cbb31f/export-package","status":404,"duration_ms":1}
✖ 发布包异步打包批准版本，下载PNG原件、页序和文案与批准内容一致 (56.402084ms)
ℹ tests 11
ℹ suites 0
ℹ pass 10
ℹ fail 1
ℹ cancelled 0
ℹ skipped 0
ℹ todo 0
ℹ duration_ms 1707.333042

✖ failing tests:

test at tests/production.test.ts:2:20186
✖ 发布包异步打包批准版本，下载PNG原件、页序和文案与批准内容一致 (56.402084ms)
  AssertionError [ERR_ASSERTION]: Expected values to be strictly equal:
  
  404 !== 202
  
      at TestContext.<anonymous> (/Users/junlong/projects/social-mdeida-ops-platform/tests/production.test.ts:112:130)
      at process.processTicksAndRejections (node:internal/process/task_queues:104:5)
      at async Test.run (node:internal/test_runner/test:1125:7)
      at async Test.processPendingSubtests (node:internal/test_runner/test:787:7) {
    generatedMessage: true,
    code: 'ERR_ASSERTION',
    actual: 404,
    expected: 202,
    operator: 'strictEqual',
    diff: 'simple'
  }
