{"event":"http.request","request_id":"db85c194-136b-4c52-aad4-0d415ffde96a","method":"GET","path":"/api/v1/auth/csrf","status":200,"duration_ms":7}
{"event":"http.request","request_id":"d09896eb-4e77-4676-9fd4-d78dea2c0821","method":"POST","path":"/api/v1/setup","status":201,"duration_ms":36}
{"event":"http.request","request_id":"7ec6b611-20ea-480d-b012-081c527910fb","method":"GET","path":"/api/v1/auth/csrf","status":200,"duration_ms":1}
{"event":"http.request","request_id":"7cffd748-1cb2-4464-adec-51e4e4cf212e","method":"POST","path":"/api/v1/auth/login","status":200,"duration_ms":25}
{"event":"http.request","request_id":"47b6d0df-8958-4e32-8636-de34233d25c5","method":"GET","path":"/api/v1/me","status":200,"duration_ms":78}
{"event":"http.request","request_id":"39979bda-41f3-4b50-9482-8f994f753a7f","method":"POST","path":"/api/v1/accounts","status":201,"duration_ms":9}
{"event":"http.request","request_id":"4a88ea76-e85b-4a71-be04-dbe435a1fed4","method":"POST","path":"/api/v1/contents","status":201,"duration_ms":9}
{"event":"http.request","request_id":"0b88ec5d-4718-4575-9108-ec421edbc3fc","method":"GET","path":"/api/v1/contents/7a5e572d-5f37-4097-a8c5-165b0108c252","status":200,"duration_ms":3}
{"event":"http.request","request_id":"8573b48c-bf14-4e77-88d0-b76225cba92d","method":"POST","path":"/api/v1/contents/7a5e572d-5f37-4097-a8c5-165b0108c252/revisions","status":201,"duration_ms":8}
{"event":"http.request","request_id":"cc898638-71fb-459d-a95b-0964b43eaeb0","method":"GET","path":"/api/v1/contents/7a5e572d-5f37-4097-a8c5-165b0108c252","status":200,"duration_ms":2}
✔ 人工新建图文后保存逐页文案，再从详情恢复原始快照 (397.199834ms)
{"event":"http.request","request_id":"3e2ebb96-d35c-4666-bcac-e0cd0aaf4534","method":"POST","path":"/api/v1/contents","status":201,"duration_ms":5}
{"event":"http.request","request_id":"140f0f7d-6ef0-4f36-b69a-e962d5ce50a5","method":"POST","path":"/api/v1/contents/746e5d70-9f86-4795-bc8b-b264998c3971/revisions","status":201,"duration_ms":7}
{"event":"http.request","request_id":"526f3c33-aaac-4316-ac52-5d7143132b22","method":"POST","path":"/api/v1/contents/746e5d70-9f86-4795-bc8b-b264998c3971/revisions","status":409,"duration_ms":9}
{"event":"http.request","request_id":"f65f4094-2cf4-43a8-aa63-8fabbd2c1245","method":"GET","path":"/api/v1/contents/746e5d70-9f86-4795-bc8b-b264998c3971","status":200,"duration_ms":2}
{"event":"http.request","request_id":"56f96a4d-28e0-4a56-9402-f53c3ceb3502","method":"POST","path":"/api/v1/contents/746e5d70-9f86-4795-bc8b-b264998c3971/restore","status":201,"duration_ms":7}
{"event":"http.request","request_id":"3f2491b7-3553-4aae-881a-bc8633196e01","method":"GET","path":"/api/v1/contents/746e5d70-9f86-4795-bc8b-b264998c3971","status":200,"duration_ms":2}
✔ 同一基础版本并发保存只有一个成功，恢复历史版本产生新快照 (29.835791ms)
{"event":"http.request","request_id":"a612eeb6-6ca3-498e-9dc0-7683aa19089f","method":"POST","path":"/api/v1/members","status":201,"duration_ms":21}
{"event":"http.request","request_id":"5ccb357b-8157-475e-8faa-4efa3149ee51","method":"GET","path":"/api/v1/auth/csrf","status":200,"duration_ms":0}
{"event":"http.request","request_id":"39039011-4dd8-4171-9b96-22853213924b","method":"POST","path":"/api/v1/auth/accept-invite","status":200,"duration_ms":18}
{"event":"http.request","request_id":"ffbf4f31-fe3a-4d42-be6c-0acaf6f958b5","method":"GET","path":"/api/v1/auth/csrf","status":200,"duration_ms":1}
{"event":"http.request","request_id":"cf5eb987-4ede-4426-9d2d-f121c786f711","method":"POST","path":"/api/v1/auth/login","status":200,"duration_ms":20}
{"event":"http.request","request_id":"9a19f27e-bc88-4f83-93bb-46421e08f0a7","method":"POST","path":"/api/v1/members","status":201,"duration_ms":22}
{"event":"http.request","request_id":"758e3eb5-87db-4789-b73e-02c593dbc3bd","method":"GET","path":"/api/v1/auth/csrf","status":200,"duration_ms":2}
{"event":"http.request","request_id":"30c89980-b8d0-4105-9f58-85395c1b3401","method":"POST","path":"/api/v1/auth/accept-invite","status":200,"duration_ms":20}
{"event":"http.request","request_id":"96974e25-8b37-47e7-8874-bb48f6f3dc84","method":"GET","path":"/api/v1/auth/csrf","status":200,"duration_ms":1}
{"event":"http.request","request_id":"c73a712b-d374-4b36-b5fe-1069af0359e5","method":"POST","path":"/api/v1/auth/login","status":200,"duration_ms":19}
{"event":"http.request","request_id":"f43f7145-b669-4113-ba77-04f7a5443e6a","method":"POST","path":"/api/v1/contents","status":201,"duration_ms":6}
{"event":"http.request","request_id":"f07110f2-b914-44b7-9472-5336b124e207","method":"POST","path":"/api/v1/contents/dd8dd9cd-2f06-4c20-9803-3d1435277615/revisions","status":201,"duration_ms":5}
✖ 运营只能修改发布文案，不能改逐页制作内容；只读不能保存 (145.540459ms)
ℹ tests 3
ℹ suites 0
ℹ pass 2
ℹ fail 1
ℹ cancelled 0
ℹ skipped 0
ℹ todo 0
ℹ duration_ms 972.259208

✖ failing tests:

test at tests/production.test.ts:2:4834
✖ 运营只能修改发布文案，不能改逐页制作内容；只读不能保存 (145.540459ms)
  AssertionError [ERR_ASSERTION]: Expected values to be strictly equal:
  
  201 !== 403
  
      at TestContext.<anonymous> (/Users/junlong/projects/social-mdeida-ops-platform/tests/production.test.ts:32:9)
      at process.processTicksAndRejections (node:internal/process/task_queues:104:5)
      at async Test.run (node:internal/test_runner/test:1125:7)
      at async Test.processPendingSubtests (node:internal/test_runner/test:787:7) {
    generatedMessage: true,
    code: 'ERR_ASSERTION',
    actual: 201,
    expected: 403,
    operator: 'strictEqual',
    diff: 'simple'
  }
