{"event":"http.request","request_id":"0fd23dd8-1f0f-4563-8df3-44571f328724","method":"GET","path":"/api/v1/auth/csrf","status":200,"duration_ms":7}
{"event":"http.request","request_id":"2899c584-0b58-4432-96fa-75e9b526ac04","method":"POST","path":"/api/v1/setup","status":201,"duration_ms":35}
{"event":"http.request","request_id":"aff6416b-5e6a-4229-ad4a-c457ce64a7ea","method":"GET","path":"/api/v1/auth/csrf","status":200,"duration_ms":2}
{"event":"http.request","request_id":"fa601f4b-daec-4494-a998-48f4b4a3d4ad","method":"POST","path":"/api/v1/auth/login","status":200,"duration_ms":25}
{"event":"http.request","request_id":"316ec6fc-8703-4922-9adb-dc35f19ca352","method":"GET","path":"/api/v1/me","status":200,"duration_ms":80}
{"event":"http.request","request_id":"47d82087-9a40-40b7-81c1-2c2a17c93b2e","method":"POST","path":"/api/v1/accounts","status":201,"duration_ms":10}
{"event":"http.request","request_id":"2be57110-7e25-473f-a811-14edd76eb5e8","method":"POST","path":"/api/v1/contents","status":201,"duration_ms":10}
{"event":"http.request","request_id":"73c59d38-b692-4b3a-a91e-aef098847341","method":"GET","path":"/api/v1/contents/1ef1b56f-0cae-4666-91d9-ae252e90f940","status":200,"duration_ms":6}
{"event":"http.request","request_id":"8b292acb-a86f-4e6a-af55-8164c7c84bfd","method":"POST","path":"/api/v1/contents/1ef1b56f-0cae-4666-91d9-ae252e90f940/revisions","status":201,"duration_ms":7}
{"event":"http.request","request_id":"07375c21-161e-4f87-bbea-7f8e2a37cbdc","method":"GET","path":"/api/v1/contents/1ef1b56f-0cae-4666-91d9-ae252e90f940","status":200,"duration_ms":3}
✔ 人工新建图文后保存逐页文案，再从详情恢复原始快照 (404.780291ms)
{"event":"http.request","request_id":"219eaddd-55f3-4cc9-acce-5f40582d2fd6","method":"POST","path":"/api/v1/contents","status":201,"duration_ms":6}
{"event":"http.request","request_id":"ebeb4c92-683d-422e-aef1-3070f4c50596","method":"POST","path":"/api/v1/contents/0052cdab-ab3c-4b0a-b387-3f5f1f506d6f/revisions","status":201,"duration_ms":6}
{"event":"http.request","request_id":"eca23895-3065-4e7f-8368-f146da1aca8a","method":"POST","path":"/api/v1/contents/0052cdab-ab3c-4b0a-b387-3f5f1f506d6f/revisions","status":409,"duration_ms":9}
{"event":"http.request","request_id":"0ea4d2d6-fc5a-4606-883f-6c702fbc54ba","method":"GET","path":"/api/v1/contents/0052cdab-ab3c-4b0a-b387-3f5f1f506d6f","status":200,"duration_ms":3}
{"event":"http.request","request_id":"12359715-0ad1-451c-a5e6-c5463682c152","method":"POST","path":"/api/v1/contents/0052cdab-ab3c-4b0a-b387-3f5f1f506d6f/restore","status":201,"duration_ms":7}
{"event":"http.request","request_id":"075705b0-c8f5-407c-874c-02dc8a8b8c9f","method":"GET","path":"/api/v1/contents/0052cdab-ab3c-4b0a-b387-3f5f1f506d6f","status":200,"duration_ms":3}
✔ 同一基础版本并发保存只有一个成功，恢复历史版本产生新快照 (36.231042ms)
{"event":"http.request","request_id":"958d2585-542b-4add-aa11-4f3e0b5c4a8a","method":"POST","path":"/api/v1/members","status":201,"duration_ms":23}
{"event":"http.request","request_id":"8c86ec71-17e6-40de-a175-a8e7c0b2636a","method":"GET","path":"/api/v1/auth/csrf","status":200,"duration_ms":1}
{"event":"http.request","request_id":"8864acea-d124-4cc3-a05b-85dff6634168","method":"POST","path":"/api/v1/auth/accept-invite","status":200,"duration_ms":18}
{"event":"http.request","request_id":"e8f186fc-2ef8-4171-9b62-f165db181b33","method":"GET","path":"/api/v1/auth/csrf","status":200,"duration_ms":0}
{"event":"http.request","request_id":"3ec5ea5c-426e-476c-a393-a6cc4d9a97e0","method":"POST","path":"/api/v1/auth/login","status":200,"duration_ms":18}
{"event":"http.request","request_id":"0ca8172c-be88-465d-9484-484c3d107fd9","method":"POST","path":"/api/v1/members","status":201,"duration_ms":22}
{"event":"http.request","request_id":"6642e87c-8753-457e-af8f-c2b6b71b5c14","method":"GET","path":"/api/v1/auth/csrf","status":200,"duration_ms":1}
{"event":"http.request","request_id":"ac17d690-963f-44ce-894c-47305a6067c8","method":"POST","path":"/api/v1/auth/accept-invite","status":200,"duration_ms":22}
{"event":"http.request","request_id":"2aa3af0d-d58a-4af7-911f-4481989a615c","method":"GET","path":"/api/v1/auth/csrf","status":200,"duration_ms":4}
{"event":"http.request","request_id":"4ba319b7-9fce-4a4b-8a6d-031947f6188c","method":"POST","path":"/api/v1/auth/login","status":200,"duration_ms":22}
{"event":"http.request","request_id":"d962b478-a317-40d6-885f-6a1727c2f261","method":"POST","path":"/api/v1/contents","status":201,"duration_ms":6}
{"event":"http.request","request_id":"cca79849-f907-4c03-a3e2-1a4a7eef0482","method":"POST","path":"/api/v1/contents/b9b3458a-0739-4d44-b8bd-cb31196b5c26/revisions","status":403,"duration_ms":3}
{"event":"http.request","request_id":"32205379-8556-449d-a277-5bdcad3f710a","method":"POST","path":"/api/v1/contents/b9b3458a-0739-4d44-b8bd-cb31196b5c26/revisions","status":403,"duration_ms":3}
{"event":"http.request","request_id":"a50b9e49-5e5c-49e2-89e2-f91d540e54a9","method":"POST","path":"/api/v1/contents/b9b3458a-0739-4d44-b8bd-cb31196b5c26/revisions","status":201,"duration_ms":5}
✔ 运营只能修改发布文案，不能改逐页制作内容；只读不能保存 (162.500958ms)
{"event":"http.request","request_id":"e0ef2597-e2c1-4336-a99a-7205376ac1a0","method":"POST","path":"/api/v1/contents","status":201,"duration_ms":6}
{"event":"http.request","request_id":"3798f60b-d288-46be-a8b9-71d0b7a6192a","method":"POST","path":"/api/v1/contents/076ecd00-aea0-4180-82d1-7c3fe1359ff8/revisions","status":422,"duration_ms":4}
{"event":"http.request","request_id":"5c0a2df1-0622-46e9-ad4e-cf0289ad3411","method":"POST","path":"/api/v1/uploads","status":201,"duration_ms":7}
{"event":"http.request","request_id":"056e2af0-95fc-4b38-ac27-19f182fb6d0f","method":"POST","path":"/api/v1/uploads/4677a46a-073b-44be-90d1-d4df8451459d/parts","status":200,"duration_ms":4}
{"event":"http.request","request_id":"dc721fcc-1c58-4f48-848a-5a489874b0d5","method":"PUT","path":"/api/v1/uploads/4677a46a-073b-44be-90d1-d4df8451459d/parts/1","status":200,"duration_ms":6}
{"event":"http.request","request_id":"ca1daede-49fd-46e6-b3e8-8561a8125116","method":"POST","path":"/api/v1/uploads/4677a46a-073b-44be-90d1-d4df8451459d/complete","status":200,"duration_ms":9}
{"event":"http.request","request_id":"8dd8f144-fd9d-4e2d-a88f-621788ffa961","method":"POST","path":"/api/v1/contents/076ecd00-aea0-4180-82d1-7c3fe1359ff8/revisions","status":422,"duration_ms":5}
{"event":"http.request","request_id":"71c6c9e7-81f3-4b04-8593-eedffff4be97","method":"POST","path":"/api/v1/uploads","status":201,"duration_ms":6}
{"event":"http.request","request_id":"e4c5e181-48fb-49ab-a37e-a084ce363e76","method":"POST","path":"/api/v1/uploads/6de308ba-cb62-4a31-908d-ce702dac71d7/parts","status":200,"duration_ms":4}
{"event":"http.request","request_id":"eab56c8c-c222-4f0e-8880-1695dae65a7c","method":"PUT","path":"/api/v1/uploads/6de308ba-cb62-4a31-908d-ce702dac71d7/parts/1","status":200,"duration_ms":5}
{"event":"http.request","request_id":"aac86041-6a1a-41ce-88e1-71245c114a48","method":"POST","path":"/api/v1/uploads/6de308ba-cb62-4a31-908d-ce702dac71d7/complete","status":200,"duration_ms":8}
{"event":"http.request","request_id":"9dd9a688-7754-4529-9a05-64f7144b5f2a","method":"POST","path":"/api/v1/contents/076ecd00-aea0-4180-82d1-7c3fe1359ff8/revisions","status":201,"duration_ms":5}
{"event":"http.request","request_id":"ef4ff7ca-72b3-4106-b6ed-7fed5648daa7","method":"GET","path":"/api/v1/contents/076ecd00-aea0-4180-82d1-7c3fe1359ff8","status":200,"duration_ms":2}
✔ 图文成品只关联同空间已上传PNG原件，无效文件和PDF不能保存为发布图片 (102.6685ms)
{"event":"http.request","request_id":"fb63be7a-4f71-4d2d-a81a-d66e0ebd7733","method":"POST","path":"/api/v1/contents","status":201,"duration_ms":5}
{"event":"http.request","request_id":"1fa0b085-52d8-4f39-b935-c3d2dd88c2e8","method":"PATCH","path":"/api/v1/contents/a447e73f-7ce5-4733-a0f4-f2fc8ed6421b","status":200,"duration_ms":5}
{"event":"http.request","request_id":"06a73031-4efb-41a5-be60-1a7199b15a65","method":"GET","path":"/api/v1/contents","status":200,"duration_ms":2}
{"event":"http.request","request_id":"e74f0091-14c6-407f-a4b9-66f155f7f446","method":"GET","path":"/api/v1/contents","status":200,"duration_ms":1}
{"event":"http.request","request_id":"a155dd42-d07a-4b58-a9ce-da8c40ded0d8","method":"GET","path":"/api/v1/contents","status":422,"duration_ms":1}
✔ 内容列表按形式、状态、负责人和计划时间过滤，非法筛选拒绝 (22.610584ms)
{"event":"http.request","request_id":"a5809b34-6d60-40a7-a25b-790b2b303931","method":"POST","path":"/api/v1/contents","status":201,"duration_ms":5}
{"event":"http.request","request_id":"994d47e2-cbfa-4341-b1c1-8e5ec2e9af9c","method":"POST","path":"/api/v1/contents/3a64c916-8de3-4b85-952a-aa955fae8f5c/submit-review","status":422,"duration_ms":3}
{"event":"http.request","request_id":"9e499b47-33e0-4768-bdc9-a8efb85e786d","method":"POST","path":"/api/v1/uploads","status":201,"duration_ms":5}
{"event":"http.request","request_id":"75f7ed6c-01a4-4add-9dd3-ad9efb4364f3","method":"POST","path":"/api/v1/uploads/dbb0d889-af69-428a-9a12-305ae48404c6/parts","status":200,"duration_ms":3}
{"event":"http.request","request_id":"6f622381-9842-4e8b-be65-c3b174e6599a","method":"PUT","path":"/api/v1/uploads/dbb0d889-af69-428a-9a12-305ae48404c6/parts/1","status":200,"duration_ms":5}
{"event":"http.request","request_id":"fd6f9acb-cec1-44f5-800d-16890d843729","method":"POST","path":"/api/v1/uploads/dbb0d889-af69-428a-9a12-305ae48404c6/complete","status":200,"duration_ms":8}
{"event":"http.request","request_id":"3c2e5a38-ef8f-490e-abaf-78cb7ccbac70","method":"POST","path":"/api/v1/contents","status":201,"duration_ms":5}
{"event":"http.request","request_id":"0ce55c4c-7f04-4764-a8da-7440e62e077f","method":"POST","path":"/api/v1/contents/de1a50dc-327e-4bbb-8afd-fef71b4726a6/revisions","status":201,"duration_ms":6}
{"event":"http.request","request_id":"be0640c9-cc94-487a-9d57-505bc65fe872","method":"POST","path":"/api/v1/contents/de1a50dc-327e-4bbb-8afd-fef71b4726a6/submit-review","status":201,"duration_ms":5}
{"event":"http.request","request_id":"7c1495ea-850f-416a-82bd-97013c9aeae5","method":"GET","path":"/api/v1/contents/de1a50dc-327e-4bbb-8afd-fef71b4726a6","status":200,"duration_ms":3}
{"event":"http.request","request_id":"e75ab0e6-ac52-41f5-a759-209a927b0bef","method":"POST","path":"/api/v1/reviews/dd7505dd-acda-46f4-b5db-58d22cc70a11/decide","status":200,"duration_ms":10}
{"event":"http.request","request_id":"8cc54fc7-dc8e-4d90-899d-c4260d511713","method":"GET","path":"/api/v1/contents/de1a50dc-327e-4bbb-8afd-fef71b4726a6","status":200,"duration_ms":3}
✔ 提交审核拒绝缺失成品，完整PNG图文冻结并由有权成员显式批准 (161.946ms)
{"event":"http.request","request_id":"383b211a-3d95-4e21-bc08-e17a555f9d1f","method":"POST","path":"/api/v1/uploads","status":201,"duration_ms":5}
{"event":"http.request","request_id":"3058f1d4-a393-4abc-af6d-4d8f50f2ef82","method":"POST","path":"/api/v1/uploads/32e1f6a9-9f58-4265-8cbf-6450be1d83b8/parts","status":200,"duration_ms":4}
{"event":"http.request","request_id":"9b618276-3af0-4b3f-9806-be23051dcc85","method":"PUT","path":"/api/v1/uploads/32e1f6a9-9f58-4265-8cbf-6450be1d83b8/parts/1","status":200,"duration_ms":4}
{"event":"http.request","request_id":"d221e90a-aaf1-4875-be8a-ea203f5ac20b","method":"POST","path":"/api/v1/uploads/32e1f6a9-9f58-4265-8cbf-6450be1d83b8/complete","status":200,"duration_ms":8}
{"event":"http.request","request_id":"3f037ca5-18b2-4bb7-a4a0-737f13a3d9cc","method":"POST","path":"/api/v1/contents","status":201,"duration_ms":5}
{"event":"http.request","request_id":"eda96862-c0f7-4ca7-9e5b-429136c8008d","method":"POST","path":"/api/v1/contents/d39e07ce-2de5-44f2-91fa-2be2f8d03a41/revisions","status":201,"duration_ms":5}
{"event":"http.request","request_id":"f7f61f9f-5243-4625-8c15-50926f925798","method":"POST","path":"/api/v1/contents/d39e07ce-2de5-44f2-91fa-2be2f8d03a41/submit-review","status":201,"duration_ms":4}
{"event":"http.request","request_id":"2dd4e1f1-294a-40ad-8a3d-2d3ce316164d","method":"GET","path":"/api/v1/contents/d39e07ce-2de5-44f2-91fa-2be2f8d03a41","status":200,"duration_ms":3}
{"event":"http.request","request_id":"5aa837b2-b773-47f3-beba-9980c74085b3","method":"POST","path":"/api/v1/contents/d39e07ce-2de5-44f2-91fa-2be2f8d03a41/revisions","status":409,"duration_ms":3}
{"event":"http.request","request_id":"b541475b-499a-41ef-a156-a87e70f85e3c","method":"POST","path":"/api/v1/reviews/30f7a270-d936-47d9-8081-839d2a114dba/withdraw","status":200,"duration_ms":6}
{"event":"http.request","request_id":"bc249ef8-4e49-4772-8e7b-961820a27dbc","method":"GET","path":"/api/v1/contents/d39e07ce-2de5-44f2-91fa-2be2f8d03a41","status":200,"duration_ms":3}
{"event":"http.request","request_id":"125b7ad1-23d5-49ba-ac51-d20182950e24","method":"POST","path":"/api/v1/contents/d39e07ce-2de5-44f2-91fa-2be2f8d03a41/submit-review","status":201,"duration_ms":5}
{"event":"http.request","request_id":"95ff95db-86c7-4984-85bc-457353236ecd","method":"POST","path":"/api/v1/reviews/4f546959-98f6-4f9e-8488-f02754584dda/decide","status":200,"duration_ms":6}
{"event":"http.request","request_id":"9f9eb221-f793-4941-af5c-7b1caf4628e5","method":"GET","path":"/api/v1/contents/d39e07ce-2de5-44f2-91fa-2be2f8d03a41","status":200,"duration_ms":3}
{"event":"http.request","request_id":"a1d98787-0cb7-431e-8d08-342241872e40","method":"POST","path":"/api/v1/contents/d39e07ce-2de5-44f2-91fa-2be2f8d03a41/submit-review","status":201,"duration_ms":4}
{"event":"http.request","request_id":"1a99c651-a6fc-4981-b66e-b513ab35bc43","method":"POST","path":"/api/v1/reviews/24bae7c7-6c3a-4a0b-bf32-ebb2f722ed78/decide","status":200,"duration_ms":5}
{"event":"http.request","request_id":"7e96be95-3fd4-4656-8e6c-ec607489a226","method":"GET","path":"/api/v1/contents/d39e07ce-2de5-44f2-91fa-2be2f8d03a41","status":200,"duration_ms":2}
{"event":"http.request","request_id":"adecf977-266f-4c19-b7d7-5d4379faa5e5","method":"PATCH","path":"/api/v1/contents/d39e07ce-2de5-44f2-91fa-2be2f8d03a41","status":200,"duration_ms":4}
{"event":"http.request","request_id":"1b2bbedc-0772-475d-9055-6f2b8a1d1f81","method":"GET","path":"/api/v1/contents/d39e07ce-2de5-44f2-91fa-2be2f8d03a41","status":200,"duration_ms":2}
{"event":"http.request","request_id":"9d547c19-138e-42b7-8293-cdfa3305c2bc","method":"POST","path":"/api/v1/contents/d39e07ce-2de5-44f2-91fa-2be2f8d03a41/revisions","status":201,"duration_ms":5}
{"event":"http.request","request_id":"149d79e0-001b-4a54-bc15-41e52ab2ce8d","method":"GET","path":"/api/v1/contents/d39e07ce-2de5-44f2-91fa-2be2f8d03a41","status":200,"duration_ms":2}
✔ 审核中禁止编辑，撤回和退回派生新稿；批准后改载荷重审，内部备注不使批准失效 (97.478333ms)
{"event":"http.request","request_id":"6c5fd1b9-1276-4a25-b4ce-a3a3286b52c7","method":"POST","path":"/api/v1/members","status":201,"duration_ms":22}
{"event":"http.request","request_id":"19d5c12c-a625-4ea2-9d59-db5765785598","method":"GET","path":"/api/v1/auth/csrf","status":200,"duration_ms":1}
{"event":"http.request","request_id":"ec929bab-0328-4a2a-9b5d-21a67962ed64","method":"POST","path":"/api/v1/auth/accept-invite","status":200,"duration_ms":20}
{"event":"http.request","request_id":"5182c413-23af-4db5-a0b3-9715cceb1c82","method":"GET","path":"/api/v1/auth/csrf","status":200,"duration_ms":1}
{"event":"http.request","request_id":"bbf4915e-a429-4628-9a6b-8b1d7ecb3c22","method":"POST","path":"/api/v1/auth/login","status":200,"duration_ms":20}
{"event":"http.request","request_id":"2993127c-5470-4c9e-be77-f07e2300ba2c","method":"POST","path":"/api/v1/uploads","status":201,"duration_ms":5}
{"event":"http.request","request_id":"b013f8f8-b5e1-4da8-b2e2-6f51c61a3c44","method":"POST","path":"/api/v1/uploads/275e58a1-c98e-4a34-8485-b4765c5b7b1c/parts","status":200,"duration_ms":3}
{"event":"http.request","request_id":"e474e005-5174-453c-9d3a-9c14b6567d89","method":"PUT","path":"/api/v1/uploads/275e58a1-c98e-4a34-8485-b4765c5b7b1c/parts/1","status":200,"duration_ms":3}
{"event":"http.request","request_id":"0d657fe4-dcb7-40c5-bd60-e8fb0b87998d","method":"POST","path":"/api/v1/uploads/275e58a1-c98e-4a34-8485-b4765c5b7b1c/complete","status":200,"duration_ms":6}
{"event":"http.request","request_id":"b718af30-bc03-4755-9ac1-cd1ace1cf661","method":"POST","path":"/api/v1/contents","status":201,"duration_ms":5}
{"event":"http.request","request_id":"b4323cb1-8f6b-4f30-8e44-a73bbe61cefa","method":"POST","path":"/api/v1/contents/7aaef5fb-d2e0-4402-ad11-8c1e1af2f0bd/revisions","status":201,"duration_ms":5}
{"event":"http.request","request_id":"04612ea7-9cf5-43b3-8508-37c818bc7a43","method":"POST","path":"/api/v1/contents/7aaef5fb-d2e0-4402-ad11-8c1e1af2f0bd/submit-review","status":201,"duration_ms":4}
{"event":"http.request","request_id":"97951b90-40d0-4232-bf13-f11165eba589","method":"POST","path":"/api/v1/reviews/18f84190-ba62-447a-966d-3dab065e6760/decide","status":403,"duration_ms":2}
{"event":"http.request","request_id":"c52ca707-6ca2-4f1d-b9a0-47a0e69b3c9c","method":"POST","path":"/api/v1/reviews/18f84190-ba62-447a-966d-3dab065e6760/decide","status":200,"duration_ms":5}
{"event":"http.request","request_id":"5626bbb7-76ae-41ab-b4fa-19cf9e0f3575","method":"POST","path":"/api/v1/reviews/18f84190-ba62-447a-966d-3dab065e6760/withdraw","status":409,"duration_ms":6}
✔ 制作角色不能批准，批准与撤回并发只有一个事务成功 (114.363167ms)
{"event":"http.request","request_id":"dda22ef8-4a1e-4258-9f6e-b46dc7674405","method":"POST","path":"/api/v1/uploads","status":201,"duration_ms":5}
{"event":"http.request","request_id":"2f2b9099-48e8-4c8d-8836-fb069f25af3c","method":"POST","path":"/api/v1/uploads/c994da33-0573-4f26-90e4-e23edfb82cc3/parts","status":200,"duration_ms":3}
{"event":"http.request","request_id":"a0ed131d-72bb-4f3d-9ad5-af074783e309","method":"PUT","path":"/api/v1/uploads/c994da33-0573-4f26-90e4-e23edfb82cc3/parts/1","status":200,"duration_ms":4}
{"event":"http.request","request_id":"e1a2176c-3ddc-4b4b-80dd-6fd812e381b4","method":"POST","path":"/api/v1/uploads/c994da33-0573-4f26-90e4-e23edfb82cc3/complete","status":200,"duration_ms":8}
{"event":"http.request","request_id":"821fe840-502b-4110-b072-8926b562d55a","method":"POST","path":"/api/v1/contents","status":201,"duration_ms":5}
{"event":"http.request","request_id":"10d15537-9edd-4efd-aa5d-5e2769872d42","method":"POST","path":"/api/v1/contents/6521ecf6-4153-480b-b205-d8ee05ead3b2/revisions","status":201,"duration_ms":5}
{"event":"http.request","request_id":"0b7b9049-e460-499c-9d39-5b5ce39f8473","method":"POST","path":"/api/v1/assets","status":201,"duration_ms":5}
{"event":"http.request","request_id":"21d6082f-d251-4889-9357-6a13a35c68be","method":"POST","path":"/api/v1/assets/48167991-53a8-401e-84e2-7534e6989e95/confirm","status":200,"duration_ms":5}
{"event":"http.request","request_id":"db3cc12d-145f-4c95-929d-cf82bf99bad3","method":"POST","path":"/api/v1/contents/6521ecf6-4153-480b-b205-d8ee05ead3b2/revisions","status":201,"duration_ms":7}
{"event":"http.request","request_id":"ca6af715-0e0f-4bfa-82fc-4fe5b95c8d6f","method":"POST","path":"/api/v1/contents/6521ecf6-4153-480b-b205-d8ee05ead3b2/submit-review","status":201,"duration_ms":5}
{"event":"http.request","request_id":"7400e0f0-0fd4-403c-b77b-71304a05fa70","method":"POST","path":"/api/v1/assets/48167991-53a8-401e-84e2-7534e6989e95/retire","status":200,"duration_ms":3}
{"event":"http.request","request_id":"fd0d6215-2ffc-4694-aa04-353587fd8d85","method":"POST","path":"/api/v1/reviews/33e5d795-5e92-47e5-825f-af5bfe1c91b7/decide","status":422,"duration_ms":5}
{"event":"http.request","request_id":"9f21493e-370f-4555-835e-7bc477ea0507","method":"POST","path":"/api/v1/reviews/33e5d795-5e92-47e5-825f-af5bfe1c91b7/withdraw","status":200,"duration_ms":7}
{"event":"http.request","request_id":"9e7b00d8-c03b-4dc2-abcb-8c2d5fe920de","method":"GET","path":"/api/v1/contents/6521ecf6-4153-480b-b205-d8ee05ead3b2","status":200,"duration_ms":3}
{"event":"http.request","request_id":"a323c038-a865-47d6-a461-82e60e837dd2","method":"POST","path":"/api/v1/contents/6521ecf6-4153-480b-b205-d8ee05ead3b2/revisions","status":201,"duration_ms":5}
✔ 素材停用阻止批准但仍能撤回修稿，冻结历史引用保留 (93.519041ms)
{"event":"http.request","request_id":"fd993151-2ac2-43de-9ad0-3fd0a1b8ec45","method":"POST","path":"/api/v1/contents","status":201,"duration_ms":4}
{"event":"http.request","request_id":"7c404004-3867-4648-bd9e-68df8bb01d08","method":"POST","path":"/api/v1/contents/fe33f4f7-8179-4ff4-8ecc-fd021ebd4fb1/start-production","status":200,"duration_ms":4}
{"event":"http.request","request_id":"05f8c55b-7003-45fa-9b4b-dc206d130917","method":"POST","path":"/api/v1/contents/fe33f4f7-8179-4ff4-8ecc-fd021ebd4fb1/cancel","status":200,"duration_ms":5}
{"event":"http.request","request_id":"40ec5866-44d4-430b-86c0-5233c6c999ca","method":"GET","path":"/api/v1/contents/fe33f4f7-8179-4ff4-8ecc-fd021ebd4fb1","status":200,"duration_ms":3}
{"event":"http.request","request_id":"5cfb491f-02b2-4c38-9ce1-ece8798dd125","method":"POST","path":"/api/v1/contents/fe33f4f7-8179-4ff4-8ecc-fd021ebd4fb1/submit-review","status":409,"duration_ms":4}
✔ 开始制作保存估时，取消保留理由和版本历史且不能再提审 (20.801709ms)
ℹ tests 10
ℹ suites 0
ℹ pass 10
ℹ fail 0
ℹ cancelled 0
ℹ skipped 0
ℹ todo 0
ℹ duration_ms 1598.497
