{"event":"http.request","request_id":"272bfeb2-6c03-461e-9341-af8467419449","method":"GET","path":"/api/v1/auth/csrf","status":200,"duration_ms":6}
{"event":"http.request","request_id":"3c223ae5-1523-47c9-8121-c3d8036756f1","method":"POST","path":"/api/v1/setup","status":201,"duration_ms":36}
{"event":"http.request","request_id":"7a94a98c-2f0c-4cea-8c10-74917e25fe18","method":"GET","path":"/api/v1/auth/csrf","status":200,"duration_ms":1}
{"event":"http.request","request_id":"f77cda33-beed-4d55-a454-7cd81ae028e2","method":"POST","path":"/api/v1/auth/login","status":200,"duration_ms":25}
{"event":"http.request","request_id":"f0d53dc3-8515-4d3d-a408-24e494a4394e","method":"GET","path":"/api/v1/me","status":200,"duration_ms":81}
{"event":"http.request","request_id":"0877c7a5-8e1e-404e-a048-cacc34f390ca","method":"POST","path":"/api/v1/accounts","status":201,"duration_ms":11}
{"event":"http.request","request_id":"38f319a4-8d23-42a4-95a1-1e590718d980","method":"POST","path":"/api/v1/contents","status":201,"duration_ms":11}
{"event":"http.request","request_id":"acd8ade2-5909-4509-8fb9-1a4394b9c4a0","method":"GET","path":"/api/v1/contents/9f08e6ed-25f3-433e-acba-f2e2cab49f40","status":200,"duration_ms":5}
{"event":"http.request","request_id":"b3adbafc-82eb-46c1-811c-228030b86690","method":"POST","path":"/api/v1/contents/9f08e6ed-25f3-433e-acba-f2e2cab49f40/revisions","status":201,"duration_ms":8}
{"event":"http.request","request_id":"e2bd420d-f1bf-4a81-a565-20e45aaecd83","method":"GET","path":"/api/v1/contents/9f08e6ed-25f3-433e-acba-f2e2cab49f40","status":200,"duration_ms":3}
✔ 人工新建图文后保存逐页文案，再从详情恢复原始快照 (410.836042ms)
{"event":"http.request","request_id":"7bff7720-8235-4ebd-b635-131bc8c8ca24","method":"POST","path":"/api/v1/contents","status":201,"duration_ms":6}
{"event":"http.request","request_id":"89479711-be0e-4eb6-acbf-c9a6b52092eb","method":"POST","path":"/api/v1/contents/d055508b-a579-497b-901f-8c846468875f/revisions","status":201,"duration_ms":6}
{"event":"http.request","request_id":"d5d3d280-73ca-499f-8744-30e37000b283","method":"POST","path":"/api/v1/contents/d055508b-a579-497b-901f-8c846468875f/revisions","status":409,"duration_ms":9}
{"event":"http.request","request_id":"4c0fc9dc-4c18-46b8-b476-8abf299e9449","method":"GET","path":"/api/v1/contents/d055508b-a579-497b-901f-8c846468875f","status":200,"duration_ms":3}
{"event":"http.request","request_id":"c58acdc9-9400-4231-b0d0-4e93c7fc57f4","method":"POST","path":"/api/v1/contents/d055508b-a579-497b-901f-8c846468875f/restore","status":201,"duration_ms":8}
{"event":"http.request","request_id":"74b25c24-b44a-4463-9f99-0123cd768c1c","method":"GET","path":"/api/v1/contents/d055508b-a579-497b-901f-8c846468875f","status":200,"duration_ms":3}
✔ 同一基础版本并发保存只有一个成功，恢复历史版本产生新快照 (37.623083ms)
{"event":"http.request","request_id":"d97fc53a-70e7-42a4-b4b1-5f1e518849ee","method":"POST","path":"/api/v1/members","status":201,"duration_ms":22}
{"event":"http.request","request_id":"a72df330-2692-412a-aaad-a6e7cae5be5a","method":"GET","path":"/api/v1/auth/csrf","status":200,"duration_ms":1}
{"event":"http.request","request_id":"f9352b15-5c8c-4701-8073-dbc4e6c60309","method":"POST","path":"/api/v1/auth/accept-invite","status":200,"duration_ms":19}
{"event":"http.request","request_id":"e03d2de2-f840-4b78-81b4-39534d70fbf9","method":"GET","path":"/api/v1/auth/csrf","status":200,"duration_ms":1}
{"event":"http.request","request_id":"626e14f5-57e0-4278-8324-76bfb47ae036","method":"POST","path":"/api/v1/auth/login","status":200,"duration_ms":18}
{"event":"http.request","request_id":"4ca9706b-98d1-4c6d-92f3-2001ad567821","method":"POST","path":"/api/v1/members","status":201,"duration_ms":24}
{"event":"http.request","request_id":"8d4a233c-1f5e-4906-be4c-a93628f15b56","method":"GET","path":"/api/v1/auth/csrf","status":200,"duration_ms":0}
{"event":"http.request","request_id":"320ca178-7107-47ff-988b-b66c379b12b4","method":"POST","path":"/api/v1/auth/accept-invite","status":200,"duration_ms":20}
{"event":"http.request","request_id":"436b0f38-9de1-41e1-aede-6dd6793bf061","method":"GET","path":"/api/v1/auth/csrf","status":200,"duration_ms":1}
{"event":"http.request","request_id":"7837f011-3645-44d5-adfa-703d44b74cf0","method":"POST","path":"/api/v1/auth/login","status":200,"duration_ms":21}
{"event":"http.request","request_id":"1951cd7d-a676-4d43-85b3-aee852892a70","method":"POST","path":"/api/v1/contents","status":201,"duration_ms":10}
{"event":"http.request","request_id":"f4eba360-ffa9-4210-8bc5-a608a8e7bad4","method":"POST","path":"/api/v1/contents/e7aa2a70-6589-445e-b500-21cd90fcf9bd/revisions","status":403,"duration_ms":5}
{"event":"http.request","request_id":"7d6aaa20-2514-4242-9037-96fdeb000f0d","method":"POST","path":"/api/v1/contents/e7aa2a70-6589-445e-b500-21cd90fcf9bd/revisions","status":403,"duration_ms":2}
{"event":"http.request","request_id":"a92553a0-8c7e-42f3-9b0a-241a07cfcbd4","method":"POST","path":"/api/v1/contents/e7aa2a70-6589-445e-b500-21cd90fcf9bd/revisions","status":201,"duration_ms":6}
✔ 运营只能修改发布文案，不能改逐页制作内容；只读不能保存 (166.081708ms)
{"event":"http.request","request_id":"b0b57d30-b775-4b62-8633-bbdf8422e173","method":"POST","path":"/api/v1/contents","status":201,"duration_ms":6}
{"event":"http.request","request_id":"ec17e24d-a8eb-4b40-a0d4-06ce04622eca","method":"POST","path":"/api/v1/contents/5060cf51-3eb8-455d-87b8-e404ba8a0cb5/revisions","status":422,"duration_ms":5}
{"event":"http.request","request_id":"4728ea77-f50e-4e92-a3e7-0c9bb5d4378e","method":"POST","path":"/api/v1/uploads","status":201,"duration_ms":8}
{"event":"http.request","request_id":"ec8e86f1-c9c1-428d-a4b7-3ff503c26494","method":"POST","path":"/api/v1/uploads/6b9767e2-5f19-48fe-ac37-a57f2e0cf1b7/parts","status":200,"duration_ms":4}
{"event":"http.request","request_id":"0f6f3793-cbe7-4780-9a7b-cf286d6daad5","method":"PUT","path":"/api/v1/uploads/6b9767e2-5f19-48fe-ac37-a57f2e0cf1b7/parts/1","status":200,"duration_ms":6}
{"event":"http.request","request_id":"271ab045-b5e7-4c2b-b597-a00134608f53","method":"POST","path":"/api/v1/uploads/6b9767e2-5f19-48fe-ac37-a57f2e0cf1b7/complete","status":200,"duration_ms":9}
{"event":"http.request","request_id":"a7641162-1ac5-4524-9034-cd4ce4f20740","method":"POST","path":"/api/v1/contents/5060cf51-3eb8-455d-87b8-e404ba8a0cb5/revisions","status":422,"duration_ms":5}
{"event":"http.request","request_id":"9b9de5b9-58e5-4017-846d-6d7e93d1eae1","method":"POST","path":"/api/v1/uploads","status":201,"duration_ms":6}
{"event":"http.request","request_id":"361d26e5-280a-46bf-8983-921135bcbdb1","method":"POST","path":"/api/v1/uploads/29d0f124-6b1a-4405-b32b-92fc65187ead/parts","status":200,"duration_ms":3}
{"event":"http.request","request_id":"1bdc78d1-431f-4d13-ac50-33120e322bfc","method":"PUT","path":"/api/v1/uploads/29d0f124-6b1a-4405-b32b-92fc65187ead/parts/1","status":200,"duration_ms":5}
{"event":"http.request","request_id":"ba7792b4-2de3-4635-aa74-82a4c307500f","method":"POST","path":"/api/v1/uploads/29d0f124-6b1a-4405-b32b-92fc65187ead/complete","status":200,"duration_ms":8}
{"event":"http.request","request_id":"f8f85a79-1668-4279-a91e-f969b1026f33","method":"POST","path":"/api/v1/contents/5060cf51-3eb8-455d-87b8-e404ba8a0cb5/revisions","status":201,"duration_ms":5}
{"event":"http.request","request_id":"1640ce1a-683a-436a-9971-0477c503d848","method":"GET","path":"/api/v1/contents/5060cf51-3eb8-455d-87b8-e404ba8a0cb5","status":200,"duration_ms":2}
✔ 图文成品只关联同空间已上传PNG原件，无效文件和PDF不能保存为发布图片 (100.114458ms)
{"event":"http.request","request_id":"0843beeb-499a-4165-9b2b-1bb2e194a4d4","method":"POST","path":"/api/v1/contents","status":201,"duration_ms":4}
{"event":"http.request","request_id":"998ee33d-1ea3-41af-a0e5-814f2705be22","method":"PATCH","path":"/api/v1/contents/9208752a-b1d3-428f-ab60-388eb304d9e7","status":200,"duration_ms":4}
{"event":"http.request","request_id":"22059e58-b6b0-43b1-b5e9-6755bb44030e","method":"GET","path":"/api/v1/contents","status":200,"duration_ms":3}
{"event":"http.request","request_id":"25d573f8-d3ee-49e3-ac3d-4fef666a5132","method":"GET","path":"/api/v1/contents","status":200,"duration_ms":2}
{"event":"http.request","request_id":"494f2ccb-babf-4bb2-94ad-4b01f7aa02d8","method":"GET","path":"/api/v1/contents","status":422,"duration_ms":1}
✔ 内容列表按形式、状态、负责人和计划时间过滤，非法筛选拒绝 (22.499334ms)
{"event":"http.request","request_id":"7c0f0e16-fa37-49e2-9e46-2311d9362e74","method":"POST","path":"/api/v1/contents","status":201,"duration_ms":5}
{"event":"http.request","request_id":"dfc73eec-baf9-4e7e-99d5-2adea81112ce","method":"POST","path":"/api/v1/contents/afa39798-8f6f-4846-83cc-ea62a0f0a475/submit-review","status":422,"duration_ms":3}
{"event":"http.request","request_id":"77fe7bf8-3da5-4318-a433-15da84e53ae9","method":"POST","path":"/api/v1/uploads","status":201,"duration_ms":5}
{"event":"http.request","request_id":"8f5cee91-f201-4329-b961-a61e39928102","method":"POST","path":"/api/v1/uploads/da427234-3bcd-4fcf-8205-f6de971d0044/parts","status":200,"duration_ms":3}
{"event":"http.request","request_id":"e76e7291-ed6e-4e2f-9b6f-af8ce807c5ea","method":"PUT","path":"/api/v1/uploads/da427234-3bcd-4fcf-8205-f6de971d0044/parts/1","status":200,"duration_ms":4}
{"event":"http.request","request_id":"8ae528c8-a970-4fb8-bea4-df5657aa06b4","method":"POST","path":"/api/v1/uploads/da427234-3bcd-4fcf-8205-f6de971d0044/complete","status":200,"duration_ms":8}
{"event":"http.request","request_id":"b3f5a60f-bea0-4f6e-a339-1b8089e4600e","method":"POST","path":"/api/v1/contents","status":201,"duration_ms":5}
{"event":"http.request","request_id":"bc7f88a8-2862-4ed0-92fa-201d5fd3e82e","method":"POST","path":"/api/v1/contents/3a5ecf84-0673-4139-941c-2f4b8662be59/revisions","status":201,"duration_ms":6}
{"event":"http.request","request_id":"15ae02ac-0db0-41f6-b5fd-cf7b143e0143","method":"POST","path":"/api/v1/contents/3a5ecf84-0673-4139-941c-2f4b8662be59/submit-review","status":201,"duration_ms":5}
{"event":"http.request","request_id":"3c8c7f81-c2a8-4a25-8eb6-daa7b2e802bc","method":"GET","path":"/api/v1/contents/3a5ecf84-0673-4139-941c-2f4b8662be59","status":200,"duration_ms":3}
{"event":"http.request","request_id":"80b38bfa-0e4f-4e67-a57f-b666e7ce9013","method":"POST","path":"/api/v1/reviews/46e5f53e-72db-45c5-9432-f6908c41b05f/decide","status":200,"duration_ms":11}
{"event":"http.request","request_id":"57636868-1eaa-4def-a4d3-2cb176a6c597","method":"GET","path":"/api/v1/contents/3a5ecf84-0673-4139-941c-2f4b8662be59","status":200,"duration_ms":2}
✔ 提交审核拒绝缺失成品，完整PNG图文冻结并由有权成员显式批准 (165.274708ms)
{"event":"http.request","request_id":"491454d8-2978-4e56-9428-49dd11c28fb4","method":"POST","path":"/api/v1/uploads","status":201,"duration_ms":5}
{"event":"http.request","request_id":"cf7e2173-f5e2-4bd1-bc13-1bc398529242","method":"POST","path":"/api/v1/uploads/d1196e4b-ade9-4b2d-906e-8c2b3300fcb5/parts","status":200,"duration_ms":3}
{"event":"http.request","request_id":"087b76a3-362a-4dbc-8137-abd06720a285","method":"PUT","path":"/api/v1/uploads/d1196e4b-ade9-4b2d-906e-8c2b3300fcb5/parts/1","status":200,"duration_ms":4}
{"event":"http.request","request_id":"e64ebfee-fb15-4111-ba53-77aff8911d5f","method":"POST","path":"/api/v1/uploads/d1196e4b-ade9-4b2d-906e-8c2b3300fcb5/complete","status":200,"duration_ms":7}
{"event":"http.request","request_id":"47d814cf-dd97-4c98-a8e9-d70f68cac325","method":"POST","path":"/api/v1/contents","status":201,"duration_ms":4}
{"event":"http.request","request_id":"339e9826-5919-4c8e-a547-dfe6ca481a65","method":"POST","path":"/api/v1/contents/1436da85-d231-4a73-b63e-580fbc8a47af/revisions","status":201,"duration_ms":5}
{"event":"http.request","request_id":"ccf2912d-c50b-4286-9224-f254345f2574","method":"POST","path":"/api/v1/contents/1436da85-d231-4a73-b63e-580fbc8a47af/submit-review","status":201,"duration_ms":7}
{"event":"http.request","request_id":"7947e074-d88f-43d7-bbc3-105dc90c3cbd","method":"GET","path":"/api/v1/contents/1436da85-d231-4a73-b63e-580fbc8a47af","status":200,"duration_ms":2}
{"event":"http.request","request_id":"03c57b04-4b2f-4411-83d3-958563d26b18","method":"POST","path":"/api/v1/contents/1436da85-d231-4a73-b63e-580fbc8a47af/revisions","status":409,"duration_ms":3}
{"event":"http.request","request_id":"4092e72d-c5fe-41c1-abf6-f66bc787206a","method":"POST","path":"/api/v1/reviews/f32b01b4-0e6a-4c5b-8e90-3420093d31e3/withdraw","status":200,"duration_ms":8}
{"event":"http.request","request_id":"3086be8d-cc8e-4579-8d1a-ab44c821cfa8","method":"GET","path":"/api/v1/contents/1436da85-d231-4a73-b63e-580fbc8a47af","status":200,"duration_ms":3}
{"event":"http.request","request_id":"e3efa819-0593-4f05-9d2b-68dba803a7c1","method":"POST","path":"/api/v1/contents/1436da85-d231-4a73-b63e-580fbc8a47af/submit-review","status":201,"duration_ms":5}
{"event":"http.request","request_id":"6c674034-fa1b-478d-b8f4-a1fdad65e3a0","method":"POST","path":"/api/v1/reviews/b57770e1-0375-4251-a4ed-b0334ba51ea4/decide","status":200,"duration_ms":8}
{"event":"http.request","request_id":"03d7a40d-10be-4d87-bb7b-b158f9019c08","method":"GET","path":"/api/v1/contents/1436da85-d231-4a73-b63e-580fbc8a47af","status":200,"duration_ms":2}
{"event":"http.request","request_id":"b163682d-e3ed-4c4b-ad84-e47ac5aa422e","method":"POST","path":"/api/v1/contents/1436da85-d231-4a73-b63e-580fbc8a47af/submit-review","status":201,"duration_ms":4}
{"event":"http.request","request_id":"ba5e3eb4-6178-40e3-9f92-66ebf43b8478","method":"POST","path":"/api/v1/reviews/e02ecdab-9700-4e1e-b35b-df8c7c38c3f4/decide","status":200,"duration_ms":6}
{"event":"http.request","request_id":"d411f9bb-dce4-4371-8901-d35c37929bba","method":"GET","path":"/api/v1/contents/1436da85-d231-4a73-b63e-580fbc8a47af","status":200,"duration_ms":2}
{"event":"http.request","request_id":"20d85c01-84bd-45ac-86f8-14639d67e942","method":"PATCH","path":"/api/v1/contents/1436da85-d231-4a73-b63e-580fbc8a47af","status":200,"duration_ms":4}
{"event":"http.request","request_id":"4956f55f-3504-43ab-aac7-c90bb1c7e3e5","method":"GET","path":"/api/v1/contents/1436da85-d231-4a73-b63e-580fbc8a47af","status":200,"duration_ms":2}
{"event":"http.request","request_id":"87365d79-a884-4f93-b321-9e86e3ec6b53","method":"POST","path":"/api/v1/contents/1436da85-d231-4a73-b63e-580fbc8a47af/revisions","status":201,"duration_ms":5}
{"event":"http.request","request_id":"9c0b9b07-da15-4983-a2dc-f4485a7307d4","method":"GET","path":"/api/v1/contents/1436da85-d231-4a73-b63e-580fbc8a47af","status":200,"duration_ms":3}
✔ 审核中禁止编辑，撤回和退回派生新稿；批准后改载荷重审，内部备注不使批准失效 (109.622833ms)
{"event":"http.request","request_id":"0a5c794e-5964-4b8a-949e-696bda843367","method":"POST","path":"/api/v1/members","status":201,"duration_ms":23}
{"event":"http.request","request_id":"e620bf2a-ef45-457a-a277-321ad26f092c","method":"GET","path":"/api/v1/auth/csrf","status":200,"duration_ms":1}
{"event":"http.request","request_id":"c070908d-1237-47d3-919e-681b67453ae6","method":"POST","path":"/api/v1/auth/accept-invite","status":200,"duration_ms":19}
{"event":"http.request","request_id":"da20abe1-db58-4515-9ebf-769d916d5c7c","method":"GET","path":"/api/v1/auth/csrf","status":200,"duration_ms":0}
{"event":"http.request","request_id":"ff9e1493-4ffd-44f1-b543-336212a588ed","method":"POST","path":"/api/v1/auth/login","status":200,"duration_ms":19}
{"event":"http.request","request_id":"b2fc54bd-8ac8-4e05-9fc2-93ddd6621155","method":"POST","path":"/api/v1/uploads","status":201,"duration_ms":5}
{"event":"http.request","request_id":"c11d5ba3-908c-40e2-8556-ea8bf4f51dfa","method":"POST","path":"/api/v1/uploads/34be73d3-da81-4841-8475-2f250aa78642/parts","status":200,"duration_ms":3}
{"event":"http.request","request_id":"74fbfc48-5f7a-4762-bd4b-7ad6ac3c30f7","method":"PUT","path":"/api/v1/uploads/34be73d3-da81-4841-8475-2f250aa78642/parts/1","status":200,"duration_ms":4}
{"event":"http.request","request_id":"4b21bbc9-c69a-40e8-8763-20546a3f2de1","method":"POST","path":"/api/v1/uploads/34be73d3-da81-4841-8475-2f250aa78642/complete","status":200,"duration_ms":7}
{"event":"http.request","request_id":"1aaac27c-4407-4460-bc13-e57d16b91033","method":"POST","path":"/api/v1/contents","status":201,"duration_ms":4}
{"event":"http.request","request_id":"58acad15-b0a8-444c-a99d-d18a2893afd6","method":"POST","path":"/api/v1/contents/4d169a34-be90-4443-b467-3eb52b5a27fb/revisions","status":201,"duration_ms":5}
{"event":"http.request","request_id":"1ca88e56-21f6-4ae5-8464-e084d188e9bb","method":"POST","path":"/api/v1/contents/4d169a34-be90-4443-b467-3eb52b5a27fb/submit-review","status":201,"duration_ms":5}
{"event":"http.request","request_id":"94e42e33-7d12-444d-8b0c-c8d5ba5af3d2","method":"POST","path":"/api/v1/reviews/56f21da0-52d2-48a4-837c-06e9f93fc8c0/decide","status":403,"duration_ms":2}
{"event":"http.request","request_id":"32a62898-a11a-4763-873a-4045ca57f0e4","method":"POST","path":"/api/v1/reviews/56f21da0-52d2-48a4-837c-06e9f93fc8c0/decide","status":200,"duration_ms":5}
{"event":"http.request","request_id":"5d242103-badd-4507-b285-46275dc2eea5","method":"POST","path":"/api/v1/reviews/56f21da0-52d2-48a4-837c-06e9f93fc8c0/withdraw","status":409,"duration_ms":6}
✔ 制作角色不能批准，批准与撤回并发只有一个事务成功 (114.753542ms)
{"event":"http.request","request_id":"5380e7d1-9cf6-491b-a802-fe6e4acdca63","method":"POST","path":"/api/v1/uploads","status":201,"duration_ms":5}
{"event":"http.request","request_id":"0d551352-3b3c-49c7-ac1e-f120140bf869","method":"POST","path":"/api/v1/uploads/3eaf4e75-19dd-4ec2-b3a1-76de40609e9b/parts","status":200,"duration_ms":3}
{"event":"http.request","request_id":"a10d2667-eeee-4317-92d6-8a0c5adb0f04","method":"PUT","path":"/api/v1/uploads/3eaf4e75-19dd-4ec2-b3a1-76de40609e9b/parts/1","status":200,"duration_ms":5}
{"event":"http.request","request_id":"a61b235d-da4f-47d8-9694-4c05372898de","method":"POST","path":"/api/v1/uploads/3eaf4e75-19dd-4ec2-b3a1-76de40609e9b/complete","status":200,"duration_ms":8}
{"event":"http.request","request_id":"e5c8607f-f2ea-48fd-adc3-e11928ea3484","method":"POST","path":"/api/v1/contents","status":201,"duration_ms":5}
{"event":"http.request","request_id":"7056032b-f3a1-48d2-9526-48966e915647","method":"POST","path":"/api/v1/contents/91385ef4-0794-4877-a6c8-ae37782aa7c1/revisions","status":201,"duration_ms":5}
{"event":"http.request","request_id":"9294af96-afc7-496f-af9e-f04742ff8e93","method":"POST","path":"/api/v1/assets","status":201,"duration_ms":5}
{"event":"http.request","request_id":"8a9e5fe5-2cf9-43cb-952f-fa92a52144e3","method":"POST","path":"/api/v1/assets/a518db38-28d1-4bc0-859f-c910bc1305f7/confirm","status":200,"duration_ms":5}
{"event":"http.request","request_id":"06f0f3a4-67e3-4825-bbd6-f7b7c66fd402","method":"POST","path":"/api/v1/contents/91385ef4-0794-4877-a6c8-ae37782aa7c1/revisions","status":201,"duration_ms":6}
{"event":"http.request","request_id":"99a38e34-5efa-4f41-ac15-47302fe004ed","method":"POST","path":"/api/v1/contents/91385ef4-0794-4877-a6c8-ae37782aa7c1/submit-review","status":201,"duration_ms":6}
{"event":"http.request","request_id":"4ea5cbf9-cef5-40fc-87b2-315a7e4bec8f","method":"POST","path":"/api/v1/assets/a518db38-28d1-4bc0-859f-c910bc1305f7/retire","status":200,"duration_ms":4}
{"event":"http.request","request_id":"b77c26e2-6c2b-4b61-87c9-475b1c5929d5","method":"POST","path":"/api/v1/reviews/ad76d9bf-30f0-4185-bdf1-82964db8c590/decide","status":422,"duration_ms":4}
{"event":"http.request","request_id":"4bc0a7b6-6a6e-43d5-96c9-94623cdc0f13","method":"POST","path":"/api/v1/reviews/ad76d9bf-30f0-4185-bdf1-82964db8c590/withdraw","status":200,"duration_ms":6}
{"event":"http.request","request_id":"88194bff-23c9-45ce-96e1-6ae95f715ac2","method":"GET","path":"/api/v1/contents/91385ef4-0794-4877-a6c8-ae37782aa7c1","status":200,"duration_ms":2}
{"event":"http.request","request_id":"caab0b9d-d35c-4b77-ab06-e8b497788c40","method":"POST","path":"/api/v1/contents/91385ef4-0794-4877-a6c8-ae37782aa7c1/revisions","status":201,"duration_ms":5}
✔ 素材停用阻止批准但仍能撤回修稿，冻结历史引用保留 (94.863292ms)
ℹ tests 9
ℹ suites 0
ℹ pass 9
ℹ fail 0
ℹ cancelled 0
ℹ skipped 0
ℹ todo 0
ℹ duration_ms 1614.416291
