[2m[WebServer] [22m(node:75079) Warning: The 'NO_COLOR' env is ignored due to the 'FORCE_COLOR' env being set.
[2m[WebServer] [22m(Use `node --trace-warnings ...` to show where the warning was created)
[2m[WebServer] [22m(node:75080) Warning: The 'NO_COLOR' env is ignored due to the 'FORCE_COLOR' env being set.
[2m[WebServer] [22m(Use `node --trace-warnings ...` to show where the warning was created)
[2m[WebServer] [22m(node:75086) Warning: The 'NO_COLOR' env is ignored due to the 'FORCE_COLOR' env being set.
[2m[WebServer] [22m(Use `node --trace-warnings ...` to show where the warning was created)
[2m[WebServer] [22m(node:75086) Warning: The 'NO_COLOR' env is ignored due to the 'FORCE_COLOR' env being set.
[2m[WebServer] [22m(Use `node --trace-warnings ...` to show where the warning was created)

Running 3 tests using 1 worker

(node:75117) Warning: The 'NO_COLOR' env is ignored due to the 'FORCE_COLOR' env being set.
(Use `node --trace-warnings ...` to show where the warning was created)
(node:75117) Warning: The 'NO_COLOR' env is ignored due to the 'FORCE_COLOR' env being set.
(Use `node --trace-warnings ...` to show where the warning was created)
  ✘  1 tests/production-browser.spec.ts:4:5 › 图文人工新建、逐页保存排序、刷新恢复与历史快照比较 (6.0s)
  -  2 tests/production-browser.spec.ts:15:5 › 逐页PNG成品上传预览、素材引用及未保存离开提示
  -  3 tests/production-browser.spec.ts:25:5 › 人工上传成品后显式提交审核并逐项确认批准


  1) tests/production-browser.spec.ts:4:5 › 图文人工新建、逐页保存排序、刷新恢复与历史快照比较 ──────────────────────────────

    Error: [2mexpect([22m[31mlocator[39m[2m).[22mtoHaveValue[2m([22m[32mexpected[39m[2m)[22m failed

    Locator:  getByLabel('第1页文案')
    Expected: [32m"第[7m一[27m页"[39m
    Received: [31m"第[7m二[27m页"[39m
    Timeout:  5000ms

    Call log:
    [2m  - Expect "toHaveValue" with timeout 5000ms[22m
    [2m  - waiting for getByLabel('第1页文案')[22m
    [2m    9 × locator resolved to <textarea>第二页</textarea>[22m
    [2m      - unexpected value "第二页"[22m


       8 |  await page.getByRole('link',{name:'工作区设置'}).click();await page.getByRole('button',{name:'运营账号',exact:true}).click();await page.getByRole('button',{name:'添加账号',exact:true}).click();await page.getByLabel('平台内部账号 ID').fill('sandbox-s4-browser');await page.getByLabel('名称',{exact:false}).fill('沙盒验收账号');await page.getByRole('button',{name:'保存',exact:true}).click();
       9 |  await page.getByRole('link',{name:'内容工作间'}).click();await page.getByRole('button',{name:'新建图文',exact:true}).click();await page.getByLabel('图文标题').fill('浏览器人工图文');await page.getByRole('button',{name:'创建图文草稿',exact:true}).click();
    > 10 |  await page.getByRole('button',{name:'编辑图文',exact:true}).click();await page.getByLabel('发布正文').fill('人工设计稿正文');await page.getByRole('button',{name:'添加图文页',exact:true}).click();await page.getByLabel('第1页画面').fill('封面');await page.getByLabel('第1页文案').fill('第一页');await page.getByRole('button',{name:'添加图文页',exact:true}).click();await page.getByLabel('第2页文案').fill('第二页');await page.getByRole('button',{name:'第2页上移',exact:true}).click();await page.getByText('拖动第1页排序',{exact:true}).dragTo(page.getByRole('group',{name:'第2页',exact:true}));await expect(page.getByLabel('第1页文案')).toHaveValue('第一页');await page.getByRole('button',{name:'第2页上移',exact:true}).click();await page.getByRole('button',{name:'保存新快照',exact:true}).click();await expect(page.getByRole('status').filter({hasText:'图文快照已保存'})).toBeVisible();
         |                                                                                                                                                                                                                                                                                                                                                                                                                                                                                                                                                                                               ^
      11 |  await page.reload();await page.getByRole('button',{name:'查看制作单与版本'}).click();await page.getByRole('button',{name:'编辑图文',exact:true}).click();await expect(page.getByLabel('发布正文')).toHaveValue('人工设计稿正文');await expect(page.getByLabel('第1页文案')).toHaveValue('第二页');
      12 |  mkdirSync('docs/evidence/s4/screenshots',{recursive:true});for(const width of [1440,1280,390]){await page.setViewportSize({width,height:1000});expect(await page.evaluate(()=>document.documentElement.scrollWidth<=innerWidth)).toBe(true);await page.screenshot({path:`docs/evidence/s4/screenshots/edit-${width}.png`});}
      13 |  expect(failures).toEqual([]);
        at /Users/junlong/projects/social-mdeida-ops-platform/tests/production-browser.spec.ts:10:575

    attachment #1: screenshot (image/png) ──────────────────────────────────────────────────────────
    test-results/production-browser-图文人工新建、逐页保存排序、刷新恢复与历史快照比较/test-failed-1.png
    ────────────────────────────────────────────────────────────────────────────────────────────────

    Error Context: test-results/production-browser-图文人工新建、逐页保存排序、刷新恢复与历史快照比较/error-context.md

    attachment #3: trace (application/zip) ─────────────────────────────────────────────────────────
    test-results/production-browser-图文人工新建、逐页保存排序、刷新恢复与历史快照比较/trace.zip
    Usage:

        pnpm exec playwright show-trace test-results/production-browser-图文人工新建、逐页保存排序、刷新恢复与历史快照比较/trace.zip

    ────────────────────────────────────────────────────────────────────────────────────────────────

  1 failed
    tests/production-browser.spec.ts:4:5 › 图文人工新建、逐页保存排序、刷新恢复与历史快照比较 ───────────────────────────────
  2 did not run
