{"event":"http.request","request_id":"b22d2046-16e6-40f7-8337-34222be4cf2e","method":"GET","path":"/api/v1/auth/csrf","status":200,"duration_ms":7}
{"event":"http.request","request_id":"ae8527d9-abe3-4f8b-b921-2e5f4a4ed227","method":"POST","path":"/api/v1/setup","status":201,"duration_ms":34}
{"event":"http.request","request_id":"d7687701-f3d4-4a26-ab0a-608ce4c5adf2","method":"GET","path":"/api/v1/auth/csrf","status":200,"duration_ms":2}
{"event":"http.request","request_id":"381ac5af-a1c5-4282-a579-560bf4052534","method":"POST","path":"/api/v1/auth/login","status":200,"duration_ms":24}
{"event":"http.request","request_id":"c5b7356d-c3e5-434a-9df9-66c5c094b9f7","method":"GET","path":"/api/v1/me","status":200,"duration_ms":72}
{"event":"http.request","request_id":"25a91a7d-4926-4c08-835f-c8e67875a81c","method":"POST","path":"/api/v1/accounts","status":201,"duration_ms":7}
{"event":"http.request","request_id":"0eef4162-84f7-404d-9e2d-c3e49a80bbf2","method":"POST","path":"/api/v1/contents","status":201,"duration_ms":8}
{"event":"http.request","request_id":"a4b1b4d1-a1b8-4205-abc7-8ec21566fe25","method":"GET","path":"/api/v1/contents/a202bc2e-09ab-449b-bd82-93ad11b0a582","status":200,"duration_ms":3}
{"event":"http.request","request_id":"4ce23514-63de-40b6-b83f-ea72712653fa","method":"POST","path":"/api/v1/contents/a202bc2e-09ab-449b-bd82-93ad11b0a582/revisions","status":201,"duration_ms":7}
{"event":"http.request","request_id":"695849a8-9d95-4c57-8d28-063f02e73925","method":"GET","path":"/api/v1/contents/a202bc2e-09ab-449b-bd82-93ad11b0a582","status":200,"duration_ms":3}
✔ 人工新建图文后保存逐页文案，再从详情恢复原始快照 (374.088292ms)
{"event":"http.request","request_id":"b3a28b01-332e-48c4-a4c0-2625e320e05c","method":"POST","path":"/api/v1/contents","status":201,"duration_ms":6}
{"event":"http.request","request_id":"5e775139-7a26-4fe3-a6c5-750e2cbc55e5","method":"POST","path":"/api/v1/contents/84aeb2b7-55c8-49ac-be31-96bb6645d868/revisions","status":201,"duration_ms":6}
{"event":"http.request","request_id":"6899d1ce-3441-4b80-9d15-2e34a67edca3","method":"POST","path":"/api/v1/contents/84aeb2b7-55c8-49ac-be31-96bb6645d868/revisions","status":409,"duration_ms":9}
{"event":"http.request","request_id":"14528a98-c939-4057-9518-fa11d8e65087","method":"GET","path":"/api/v1/contents/84aeb2b7-55c8-49ac-be31-96bb6645d868","status":200,"duration_ms":4}
{"event":"http.request","request_id":"bc583207-6ff1-4a44-b30f-367e1d81d45a","method":"POST","path":"/api/v1/contents/84aeb2b7-55c8-49ac-be31-96bb6645d868/restore","status":201,"duration_ms":8}
{"event":"http.request","request_id":"3c1d533d-fb8c-471c-9188-a09b96a92450","method":"GET","path":"/api/v1/contents/84aeb2b7-55c8-49ac-be31-96bb6645d868","status":200,"duration_ms":3}
✔ 同一基础版本并发保存只有一个成功，恢复历史版本产生新快照 (37.92375ms)
{"event":"http.request","request_id":"3d799b3b-ad5b-488a-985c-8c3e26cde4ac","method":"POST","path":"/api/v1/members","status":201,"duration_ms":21}
{"event":"http.request","request_id":"a32ed3f1-bc97-4f44-aea9-c411cbb97fbe","method":"GET","path":"/api/v1/auth/csrf","status":200,"duration_ms":1}
{"event":"http.request","request_id":"aaefbb11-f07e-48d8-a9c6-88e093b1d597","method":"POST","path":"/api/v1/auth/accept-invite","status":200,"duration_ms":18}
{"event":"http.request","request_id":"ab66d80b-aabf-4c96-8d9b-a7fe1b364e21","method":"GET","path":"/api/v1/auth/csrf","status":200,"duration_ms":1}
{"event":"http.request","request_id":"7a006a98-5d90-4f75-824d-0ce2433e84a2","method":"POST","path":"/api/v1/auth/login","status":200,"duration_ms":20}
{"event":"http.request","request_id":"e91ebe61-b331-4b9e-9534-227b71b7351f","method":"POST","path":"/api/v1/members","status":201,"duration_ms":21}
{"event":"http.request","request_id":"f537f5e0-a6ab-42c4-9976-5771db6e69a8","method":"GET","path":"/api/v1/auth/csrf","status":200,"duration_ms":0}
{"event":"http.request","request_id":"c8b6a22e-c86f-4217-b278-67266ef15cb5","method":"POST","path":"/api/v1/auth/accept-invite","status":200,"duration_ms":20}
{"event":"http.request","request_id":"24ef61a2-6c10-463d-ae6b-350540adda5a","method":"GET","path":"/api/v1/auth/csrf","status":200,"duration_ms":1}
{"event":"http.request","request_id":"87c04a32-e89a-4df0-a946-97623bf1a1d6","method":"POST","path":"/api/v1/auth/login","status":200,"duration_ms":19}
{"event":"http.request","request_id":"cedd5a75-8af4-49fe-ae85-74b263aecf30","method":"POST","path":"/api/v1/contents","status":201,"duration_ms":6}
{"event":"http.request","request_id":"9ac6fa2b-5fa0-4041-a308-ea73c6cd85f5","method":"POST","path":"/api/v1/contents/133cfd31-f162-4dc9-89df-837fbbc75426/revisions","status":403,"duration_ms":3}
{"event":"http.request","request_id":"456ec91c-2ee7-4019-8a1a-d20f3fab53a0","method":"POST","path":"/api/v1/contents/133cfd31-f162-4dc9-89df-837fbbc75426/revisions","status":403,"duration_ms":2}
{"event":"http.request","request_id":"aa367ade-f035-4097-bad2-2e00b951b315","method":"POST","path":"/api/v1/contents/133cfd31-f162-4dc9-89df-837fbbc75426/revisions","status":201,"duration_ms":5}
✔ 运营只能修改发布文案，不能改逐页制作内容；只读不能保存 (154.775917ms)
{"event":"http.request","request_id":"3431f083-7d9f-4995-a520-160a84d393e0","method":"POST","path":"/api/v1/contents","status":201,"duration_ms":6}
{"event":"http.request","request_id":"510de9a7-38b4-497c-8480-15bf15eed718","method":"POST","path":"/api/v1/contents/58c0973d-4409-47c3-a386-382c65a8bd6c/revisions","status":422,"duration_ms":4}
{"event":"http.request","request_id":"8545366f-3431-4d14-8995-8594522948f9","method":"POST","path":"/api/v1/uploads","status":201,"duration_ms":8}
{"event":"http.request","request_id":"f1a74e06-eb90-4fab-a605-2cdf9703afc2","method":"POST","path":"/api/v1/uploads/e2e12905-7b56-4369-8e02-ef58b097bcb8/parts","status":200,"duration_ms":5}
{"event":"http.request","request_id":"a373a383-a750-4080-bbc2-7dd5fea7a6c2","method":"PUT","path":"/api/v1/uploads/e2e12905-7b56-4369-8e02-ef58b097bcb8/parts/1","status":200,"duration_ms":7}
{"event":"http.request","request_id":"912b82f4-e3fb-431c-b077-e4c996e88f6c","method":"POST","path":"/api/v1/uploads/e2e12905-7b56-4369-8e02-ef58b097bcb8/complete","status":200,"duration_ms":14}
{"event":"http.request","request_id":"96a73f01-1855-4b67-8405-f8119f0ef272","method":"POST","path":"/api/v1/contents/58c0973d-4409-47c3-a386-382c65a8bd6c/revisions","status":422,"duration_ms":6}
{"event":"http.request","request_id":"08457102-7856-40a3-ae8a-8d9951dfef49","method":"POST","path":"/api/v1/uploads","status":201,"duration_ms":5}
{"event":"http.request","request_id":"3909c416-0a04-4b9d-a096-ef13a5c1c6c3","method":"POST","path":"/api/v1/uploads/f5cf024c-6368-484f-93bf-a01e7ce73f6d/parts","status":200,"duration_ms":3}
{"event":"http.request","request_id":"e6987171-4c2c-4feb-a5b2-dbce5d7fde11","method":"PUT","path":"/api/v1/uploads/f5cf024c-6368-484f-93bf-a01e7ce73f6d/parts/1","status":200,"duration_ms":5}
{"event":"http.request","request_id":"968414b7-a89c-4f1a-9d09-b2cfd3e6bab0","method":"POST","path":"/api/v1/uploads/f5cf024c-6368-484f-93bf-a01e7ce73f6d/complete","status":200,"duration_ms":8}
{"event":"http.request","request_id":"0e35ec5b-f54d-4ba0-9141-8b878d4602b6","method":"POST","path":"/api/v1/contents/58c0973d-4409-47c3-a386-382c65a8bd6c/revisions","status":201,"duration_ms":6}
{"event":"http.request","request_id":"4e67f308-e0b0-4b8e-8415-bb667fee0b50","method":"GET","path":"/api/v1/contents/58c0973d-4409-47c3-a386-382c65a8bd6c","status":200,"duration_ms":2}
✔ 图文成品只关联同空间已上传PNG原件，无效文件和PDF不能保存为发布图片 (107.654ms)
{"event":"http.request","request_id":"6d12e15a-8d8c-40ad-b492-117af90edf30","method":"POST","path":"/api/v1/contents","status":201,"duration_ms":5}
{"event":"http.request","request_id":"518ea89c-6b93-4243-aba1-4ff6c4de5cbb","method":"PATCH","path":"/api/v1/contents/6de595e3-46bb-4c56-a16f-11f57e8e5635","status":200,"duration_ms":4}
{"event":"http.request","request_id":"6b29b76f-3a15-4fda-a993-3979bd2dc347","method":"GET","path":"/api/v1/contents","status":200,"duration_ms":2}
{"event":"http.request","request_id":"9a8a4a07-4624-4825-ab9e-1b6751e2dcff","method":"GET","path":"/api/v1/contents","status":200,"duration_ms":1}
{"event":"http.request","request_id":"28e5dcd7-a38f-4fe1-a66c-3eac58a665fe","method":"GET","path":"/api/v1/contents","status":422,"duration_ms":1}
✔ 内容列表按形式、状态、负责人和计划时间过滤，非法筛选拒绝 (21.572ms)
{"event":"http.request","request_id":"9c3637c8-d0a9-4fc1-8701-c046c27962d1","method":"POST","path":"/api/v1/contents","status":201,"duration_ms":5}
{"event":"http.request","request_id":"aa006b3e-0107-4367-86d4-e785c0e9d116","method":"POST","path":"/api/v1/contents/a7f46416-6933-4e6e-bca6-078f7d652f05/submit-review","status":422,"duration_ms":3}
{"event":"http.request","request_id":"4e442f56-622f-4a71-a61c-1439d5f6093d","method":"POST","path":"/api/v1/uploads","status":201,"duration_ms":6}
{"event":"http.request","request_id":"7225d11c-d148-49a0-b195-3948734ddd47","method":"POST","path":"/api/v1/uploads/44d29c20-82a3-4831-a2cb-4935a5b613ef/parts","status":200,"duration_ms":4}
{"event":"http.request","request_id":"d42c93c5-7ae9-46d8-a869-941dde55c2f5","method":"PUT","path":"/api/v1/uploads/44d29c20-82a3-4831-a2cb-4935a5b613ef/parts/1","status":200,"duration_ms":5}
{"event":"http.request","request_id":"34243eb4-240a-4c4b-af4e-15a3bf75aa26","method":"POST","path":"/api/v1/uploads/44d29c20-82a3-4831-a2cb-4935a5b613ef/complete","status":200,"duration_ms":8}
{"event":"http.request","request_id":"5468292c-0d69-46e4-a4e6-a1af417fe0c2","method":"POST","path":"/api/v1/contents","status":201,"duration_ms":5}
{"event":"http.request","request_id":"1753b3be-05ec-48d9-8a73-99c9ef678506","method":"POST","path":"/api/v1/contents/b0cc30f1-4367-47c5-ab55-579a6b648c5d/revisions","status":201,"duration_ms":6}
{"event":"http.request","request_id":"d528464b-a419-450e-8485-7f88d4e1e679","method":"POST","path":"/api/v1/contents/b0cc30f1-4367-47c5-ab55-579a6b648c5d/submit-review","status":201,"duration_ms":5}
{"event":"http.request","request_id":"5778b799-8ae8-4c9b-add5-1e714a5cedc4","method":"GET","path":"/api/v1/contents/b0cc30f1-4367-47c5-ab55-579a6b648c5d","status":200,"duration_ms":2}
{"event":"http.request","request_id":"cfc16a40-06ad-4c75-b450-699329075a1b","method":"POST","path":"/api/v1/reviews/7ca6f11d-60ac-4b12-904f-3192ffce575f/decide","status":200,"duration_ms":10}
{"event":"http.request","request_id":"baaddee5-f2b1-49a3-8b13-52870e12d6ac","method":"GET","path":"/api/v1/contents/b0cc30f1-4367-47c5-ab55-579a6b648c5d","status":200,"duration_ms":2}
✔ 提交审核拒绝缺失成品，完整PNG图文冻结并由有权成员显式批准 (160.042209ms)
{"event":"http.request","request_id":"5d74bfa7-380a-4fc1-a747-2472991bd156","method":"POST","path":"/api/v1/uploads","status":201,"duration_ms":5}
{"event":"http.request","request_id":"0874490d-93e1-416a-898a-e49b5a7b9a5b","method":"POST","path":"/api/v1/uploads/02c55a1c-74f8-4e1f-9871-3b171dd76e8e/parts","status":200,"duration_ms":3}
{"event":"http.request","request_id":"b451c7d6-e0ff-4e17-8f5a-7ee3bae1d989","method":"PUT","path":"/api/v1/uploads/02c55a1c-74f8-4e1f-9871-3b171dd76e8e/parts/1","status":200,"duration_ms":4}
{"event":"http.request","request_id":"be8a1083-b0ee-4ea3-b107-46de871efd3f","method":"POST","path":"/api/v1/uploads/02c55a1c-74f8-4e1f-9871-3b171dd76e8e/complete","status":200,"duration_ms":7}
{"event":"http.request","request_id":"b4bef34d-9efb-448e-9a35-494ce76d9ecf","method":"POST","path":"/api/v1/contents","status":201,"duration_ms":4}
{"event":"http.request","request_id":"bf30152b-205e-4e6d-b642-4b8ce339402d","method":"POST","path":"/api/v1/contents/4aec0c81-21ee-4eb5-b349-5cfc9644852b/revisions","status":201,"duration_ms":5}
{"event":"http.request","request_id":"bbe8b961-da18-488e-ae92-9690311f941d","method":"POST","path":"/api/v1/contents/4aec0c81-21ee-4eb5-b349-5cfc9644852b/submit-review","status":201,"duration_ms":5}
{"event":"http.request","request_id":"f2b06034-9d46-4967-9d23-3ea07f656d37","method":"GET","path":"/api/v1/contents/4aec0c81-21ee-4eb5-b349-5cfc9644852b","status":200,"duration_ms":2}
{"event":"http.request","request_id":"30263a9c-6bb6-4973-9b6e-ac9d312af7da","method":"POST","path":"/api/v1/contents/4aec0c81-21ee-4eb5-b349-5cfc9644852b/revisions","status":409,"duration_ms":3}
{"event":"http.request","request_id":"96710e4a-4f90-4190-890d-6eb00f440f32","method":"POST","path":"/api/v1/reviews/0f36c9e2-43d5-48da-9e1e-c50cfb6a66f0/withdraw","status":200,"duration_ms":6}
{"event":"http.request","request_id":"3b88abb5-4fa8-44d0-842b-c576a363677c","method":"GET","path":"/api/v1/contents/4aec0c81-21ee-4eb5-b349-5cfc9644852b","status":200,"duration_ms":2}
{"event":"http.request","request_id":"148039dd-b61b-43d3-a164-a540f0347cba","method":"POST","path":"/api/v1/contents/4aec0c81-21ee-4eb5-b349-5cfc9644852b/submit-review","status":201,"duration_ms":4}
{"event":"http.request","request_id":"66959060-9f68-42bd-b29a-157269cfcd38","method":"POST","path":"/api/v1/reviews/a011bd4a-e293-417d-b0da-be628c3231a9/decide","status":200,"duration_ms":6}
{"event":"http.request","request_id":"15511556-e6f4-4ea6-98fb-a2ecf496e050","method":"GET","path":"/api/v1/contents/4aec0c81-21ee-4eb5-b349-5cfc9644852b","status":200,"duration_ms":2}
{"event":"http.request","request_id":"ddf3a328-7390-41d8-839e-b5c4bd88b36d","method":"POST","path":"/api/v1/contents/4aec0c81-21ee-4eb5-b349-5cfc9644852b/submit-review","status":201,"duration_ms":5}
{"event":"http.request","request_id":"5289c660-7574-4263-ace5-0cb14dd5c848","method":"POST","path":"/api/v1/reviews/5c173d0d-51da-461f-b065-716709a0bbd7/decide","status":200,"duration_ms":5}
{"event":"http.request","request_id":"7be39fde-b534-431e-b01f-3b5ddbefb224","method":"GET","path":"/api/v1/contents/4aec0c81-21ee-4eb5-b349-5cfc9644852b","status":200,"duration_ms":2}
{"event":"http.request","request_id":"f8182116-9aa4-4673-ac41-6e9348ee8b39","method":"PATCH","path":"/api/v1/contents/4aec0c81-21ee-4eb5-b349-5cfc9644852b","status":200,"duration_ms":4}
{"event":"http.request","request_id":"67ab674b-b861-48bf-b6e3-c7758de5f646","method":"GET","path":"/api/v1/contents/4aec0c81-21ee-4eb5-b349-5cfc9644852b","status":200,"duration_ms":2}
{"event":"http.request","request_id":"8a78027b-ff4e-4c1e-ba7a-cb9eb13107c3","method":"POST","path":"/api/v1/contents/4aec0c81-21ee-4eb5-b349-5cfc9644852b/revisions","status":201,"duration_ms":5}
{"event":"http.request","request_id":"65271faa-6eb1-4e9a-a6c3-f1783e71bf13","method":"GET","path":"/api/v1/contents/4aec0c81-21ee-4eb5-b349-5cfc9644852b","status":200,"duration_ms":2}
✔ 审核中禁止编辑，撤回和退回派生新稿；批准后改载荷重审，内部备注不使批准失效 (96.500834ms)
{"event":"http.request","request_id":"4622be0b-eeb8-44cf-87cf-7f012bc26ac8","method":"POST","path":"/api/v1/members","status":201,"duration_ms":23}
{"event":"http.request","request_id":"c22ac043-777f-4bab-858e-d8d4fcf7f867","method":"GET","path":"/api/v1/auth/csrf","status":200,"duration_ms":0}
{"event":"http.request","request_id":"4c0034b0-0052-4d08-bfd7-c19a46355ff8","method":"POST","path":"/api/v1/auth/accept-invite","status":200,"duration_ms":19}
{"event":"http.request","request_id":"2f95330c-b438-4bdf-b146-ed86e68c9765","method":"GET","path":"/api/v1/auth/csrf","status":200,"duration_ms":1}
{"event":"http.request","request_id":"15485d4b-f829-4f18-805d-a32eb963c6c2","method":"POST","path":"/api/v1/auth/login","status":200,"duration_ms":19}
{"event":"http.request","request_id":"6bc6e8e9-46f7-4bde-bd44-03fd2329cae4","method":"POST","path":"/api/v1/uploads","status":201,"duration_ms":5}
{"event":"http.request","request_id":"02986b31-38bd-4a10-9535-48ae85aa05cc","method":"POST","path":"/api/v1/uploads/3e38ae7e-8f6e-4725-a9f2-c3bca432f082/parts","status":200,"duration_ms":3}
{"event":"http.request","request_id":"f323b76f-70b2-4485-a4f1-45f389c51e4a","method":"PUT","path":"/api/v1/uploads/3e38ae7e-8f6e-4725-a9f2-c3bca432f082/parts/1","status":200,"duration_ms":4}
{"event":"http.request","request_id":"24ef7fff-fdfb-4282-9943-a6276705029e","method":"POST","path":"/api/v1/uploads/3e38ae7e-8f6e-4725-a9f2-c3bca432f082/complete","status":200,"duration_ms":7}
{"event":"http.request","request_id":"24ce80a8-224a-42f1-8f1b-51b6729afc27","method":"POST","path":"/api/v1/contents","status":201,"duration_ms":5}
{"event":"http.request","request_id":"d510f25e-e6ce-4d69-a818-649dd417cf93","method":"POST","path":"/api/v1/contents/ac2e60fc-3699-4c55-b25f-0cba1c68cd67/revisions","status":201,"duration_ms":5}
{"event":"http.request","request_id":"01258eee-6d88-41d2-9c61-1b5eb994b25b","method":"POST","path":"/api/v1/contents/ac2e60fc-3699-4c55-b25f-0cba1c68cd67/submit-review","status":201,"duration_ms":5}
{"event":"http.request","request_id":"eed92c4c-22d1-4a35-84a6-1cd95eba2063","method":"POST","path":"/api/v1/reviews/3167342a-9214-45ec-ba6c-104c0a4c963d/decide","status":403,"duration_ms":2}
{"event":"http.request","request_id":"6e3feb0b-acdb-47a7-9d36-b26349acc285","method":"POST","path":"/api/v1/reviews/3167342a-9214-45ec-ba6c-104c0a4c963d/decide","status":200,"duration_ms":6}
{"event":"http.request","request_id":"156870a4-a9cf-41c3-a477-ab66a9714ba1","method":"POST","path":"/api/v1/reviews/3167342a-9214-45ec-ba6c-104c0a4c963d/withdraw","status":409,"duration_ms":6}
✔ 制作角色不能批准，批准与撤回并发只有一个事务成功 (113.556958ms)
{"event":"http.request","request_id":"61a9fd63-5281-4a2a-b57d-1bb68eaf87fb","method":"POST","path":"/api/v1/uploads","status":201,"duration_ms":5}
{"event":"http.request","request_id":"831fb364-c16a-4d13-bd41-2a8af0292da6","method":"POST","path":"/api/v1/uploads/0b94f56d-2efb-46ad-8edc-9eaa8ffd93b6/parts","status":200,"duration_ms":3}
{"event":"http.request","request_id":"f3017359-da35-4bd4-9715-e375fd558c70","method":"PUT","path":"/api/v1/uploads/0b94f56d-2efb-46ad-8edc-9eaa8ffd93b6/parts/1","status":200,"duration_ms":4}
{"event":"http.request","request_id":"e05faf51-6295-40fb-83a8-fe187c6305f2","method":"POST","path":"/api/v1/uploads/0b94f56d-2efb-46ad-8edc-9eaa8ffd93b6/complete","status":200,"duration_ms":7}
{"event":"http.request","request_id":"2d904d98-65c6-4fc5-a6e6-6d77236508a3","method":"POST","path":"/api/v1/contents","status":201,"duration_ms":4}
{"event":"http.request","request_id":"65a31e49-434e-4a01-87c6-1bda946c07b6","method":"POST","path":"/api/v1/contents/82e1ebf3-3ff3-4281-9c40-5fde7e7f2d81/revisions","status":201,"duration_ms":7}
{"event":"http.request","request_id":"90fa729c-185d-4f8f-9c5c-082962dc7d38","method":"POST","path":"/api/v1/assets","status":201,"duration_ms":5}
{"event":"http.request","request_id":"6cee2846-b0ab-4831-bdab-31e777dabbe2","method":"POST","path":"/api/v1/assets/53b23b95-cd12-42a2-85e6-87402a9b7178/confirm","status":200,"duration_ms":5}
{"event":"http.request","request_id":"f68c2ca7-622c-4412-b61a-b4f80a4dec31","method":"POST","path":"/api/v1/contents/82e1ebf3-3ff3-4281-9c40-5fde7e7f2d81/revisions","status":201,"duration_ms":7}
{"event":"http.request","request_id":"ab054567-48fb-4322-b750-2bb28414d491","method":"POST","path":"/api/v1/contents/82e1ebf3-3ff3-4281-9c40-5fde7e7f2d81/submit-review","status":201,"duration_ms":5}
{"event":"http.request","request_id":"6f1f7577-b351-4009-9f8d-f568c47f1f52","method":"POST","path":"/api/v1/assets/53b23b95-cd12-42a2-85e6-87402a9b7178/retire","status":200,"duration_ms":4}
{"event":"http.request","request_id":"4f8afdd3-deee-4da5-9852-1de8d3935bf0","method":"POST","path":"/api/v1/reviews/add3dc2f-dab2-4ba1-a44b-ceda9df99dfb/decide","status":422,"duration_ms":4}
{"event":"http.request","request_id":"60e286c4-35c5-4b7d-827d-7c4c036bc64a","method":"POST","path":"/api/v1/reviews/add3dc2f-dab2-4ba1-a44b-ceda9df99dfb/withdraw","status":200,"duration_ms":6}
{"event":"http.request","request_id":"2184108b-ffb0-4892-9536-de40a97a2884","method":"GET","path":"/api/v1/contents/82e1ebf3-3ff3-4281-9c40-5fde7e7f2d81","status":200,"duration_ms":2}
{"event":"http.request","request_id":"9ef25d07-50d4-4c8a-a71b-0c6fd1053160","method":"POST","path":"/api/v1/contents/82e1ebf3-3ff3-4281-9c40-5fde7e7f2d81/revisions","status":201,"duration_ms":5}
✔ 素材停用阻止批准但仍能撤回修稿，冻结历史引用保留 (94.515ms)
{"event":"http.request","request_id":"17205caa-600d-4222-842f-ef6fe32c0650","method":"POST","path":"/api/v1/contents","status":201,"duration_ms":5}
{"event":"http.request","request_id":"9cb2dcf8-466d-4ea8-a5d2-5729a6aae4b0","method":"POST","path":"/api/v1/contents/428a79fc-f2b7-4615-92ed-ddad4a7b9a78/start-production","status":200,"duration_ms":4}
{"event":"http.request","request_id":"2931df76-8923-403a-b7dd-a55718e8c2a2","method":"POST","path":"/api/v1/contents/428a79fc-f2b7-4615-92ed-ddad4a7b9a78/cancel","status":200,"duration_ms":4}
{"event":"http.request","request_id":"5e82bfd2-34e1-4fef-ad0a-ca6434945f4b","method":"GET","path":"/api/v1/contents/428a79fc-f2b7-4615-92ed-ddad4a7b9a78","status":200,"duration_ms":2}
{"event":"http.request","request_id":"365d9593-3baa-4e80-a904-436172fdb420","method":"POST","path":"/api/v1/contents/428a79fc-f2b7-4615-92ed-ddad4a7b9a78/submit-review","status":409,"duration_ms":3}
✔ 开始制作保存估时，取消保留理由和版本历史且不能再提审 (19.024417ms)
{"event":"http.request","request_id":"ad22d042-3025-46b6-bd33-b72a72e0adcf","method":"POST","path":"/api/v1/uploads","status":201,"duration_ms":5}
{"event":"http.request","request_id":"5ca9f8a4-9c8d-4640-8bc0-d0918b33ecbd","method":"POST","path":"/api/v1/uploads/c38cf313-9579-4d13-b081-12f5f6c1456c/parts","status":200,"duration_ms":8}
{"event":"http.request","request_id":"0f64f858-6cc6-4e1a-9432-050c31c90bab","method":"PUT","path":"/api/v1/uploads/c38cf313-9579-4d13-b081-12f5f6c1456c/parts/1","status":200,"duration_ms":4}
{"event":"http.request","request_id":"8a397211-92c3-4082-b4d0-7534fa4cf002","method":"POST","path":"/api/v1/uploads/c38cf313-9579-4d13-b081-12f5f6c1456c/complete","status":200,"duration_ms":7}
{"event":"http.request","request_id":"2560cdcd-3f16-4a77-a34a-b2a8ac3cd6a6","method":"POST","path":"/api/v1/contents","status":201,"duration_ms":4}
{"event":"http.request","request_id":"05266d13-1478-49ed-a65a-0e5fbb6728c5","method":"POST","path":"/api/v1/contents/4bb5aaf9-14ca-40c4-b82a-b16e0b35efae/revisions","status":201,"duration_ms":5}
{"event":"http.request","request_id":"d03f4c5a-0a19-4eea-93b4-06c9d580fb8c","method":"POST","path":"/api/v1/contents/4bb5aaf9-14ca-40c4-b82a-b16e0b35efae/submit-review","status":201,"duration_ms":4}
{"event":"http.request","request_id":"fc86927c-796a-40cb-8be8-8e2ef88c8ebd","method":"POST","path":"/api/v1/reviews/cc6dd83a-3d63-460e-849f-1b6c0a583182/decide","status":200,"duration_ms":4}
{"event":"http.request","request_id":"27d3eda4-bfbd-465e-b712-fc5459041676","method":"GET","path":"/api/v1/contents/4bb5aaf9-14ca-40c4-b82a-b16e0b35efae","status":200,"duration_ms":3}
{"event":"http.request","request_id":"71af2ba7-b088-4a5f-8e24-f844e1297246","method":"POST","path":"/api/v1/contents/4bb5aaf9-14ca-40c4-b82a-b16e0b35efae/export-package","status":202,"duration_ms":5}
{"event":"http.request","request_id":"1fa5909b-8b96-4e27-aded-c9bb48380818","method":"GET","path":"/api/v1/export-packages/46fbcda8-bf2c-4c56-89f2-ca6bc6a7a61e","status":200,"duration_ms":2}
{"event":"job.claimed","job_id":"6c156a08-dd82-4664-821d-e9b777378c6b","request_id":"71af2ba7-b088-4a5f-8e24-f844e1297246","pool":"general","attempt":1}
{"event":"http.request","request_id":"dd9d7372-76a0-4a2f-9c56-497fc0aa8651","method":"GET","path":"/api/v1/export-packages/46fbcda8-bf2c-4c56-89f2-ca6bc6a7a61e","status":200,"duration_ms":4}
{"event":"http.request","request_id":"f9d3fa34-5061-447a-9ce1-31b3373422d7","method":"GET","path":"/api/v1/export-packages/46fbcda8-bf2c-4c56-89f2-ca6bc6a7a61e/download","status":200,"duration_ms":19}
{"event":"http.request","request_id":"a461d5fc-0fa6-4bcb-af87-3e5a6e94ba2a","method":"POST","path":"/api/v1/contents/4bb5aaf9-14ca-40c4-b82a-b16e0b35efae/revisions","status":201,"duration_ms":13}
{"event":"http.request","request_id":"8e11c6cf-9ee3-4fd8-b30d-eb241fd8b541","method":"GET","path":"/api/v1/export-packages/46fbcda8-bf2c-4c56-89f2-ca6bc6a7a61e/download","status":409,"duration_ms":4}
{"event":"http.request","request_id":"7ebd9f1e-79b6-4528-b541-edcbd787cf63","method":"GET","path":"/api/v1/files/e2ccb8e0-1bbe-454e-a4c1-a1365cfef66d/download","status":409,"duration_ms":4}
✔ 发布包异步打包批准版本，下载PNG原件、页序和文案与批准内容一致 (1129.231917ms)
{"event":"http.request","request_id":"ca60c65a-ed4e-481d-a2e9-df06a2eef9da","method":"POST","path":"/api/v1/uploads","status":201,"duration_ms":9}
{"event":"http.request","request_id":"7b08ed4f-e4a9-4d04-9187-b01bce171e2e","method":"POST","path":"/api/v1/uploads/d2b0378d-2a54-40f0-a69a-6c99024665cf/parts","status":200,"duration_ms":6}
{"event":"http.request","request_id":"6886b268-f524-4486-af09-b5ea53e39d23","method":"PUT","path":"/api/v1/uploads/d2b0378d-2a54-40f0-a69a-6c99024665cf/parts/1","status":200,"duration_ms":6}
{"event":"http.request","request_id":"30ec3448-901a-4eb1-bab3-e6c9d340f0ac","method":"POST","path":"/api/v1/uploads/d2b0378d-2a54-40f0-a69a-6c99024665cf/complete","status":200,"duration_ms":13}
{"event":"http.request","request_id":"55d86cbc-f2e5-4837-bd49-c264b2427566","method":"POST","path":"/api/v1/contents","status":201,"duration_ms":7}
{"event":"http.request","request_id":"2eda79d7-7a2a-476d-9136-4da2fe2c4472","method":"POST","path":"/api/v1/contents/fe35f59f-baf7-4e58-947b-e6720f65f420/revisions","status":201,"duration_ms":7}
{"event":"http.request","request_id":"04157c61-aa8a-4650-90ec-9e0005e5879d","method":"POST","path":"/api/v1/contents/fe35f59f-baf7-4e58-947b-e6720f65f420/submit-review","status":201,"duration_ms":6}
{"event":"http.request","request_id":"db7bed29-05cf-4601-b00b-34b9510c6dce","method":"POST","path":"/api/v1/reviews/e6c106c9-dd37-4b7b-9981-8dab69b8ac90/decide","status":200,"duration_ms":7}
{"event":"http.request","request_id":"21a52ced-1f44-4b41-83bb-c54f4b8e3319","method":"GET","path":"/api/v1/contents/fe35f59f-baf7-4e58-947b-e6720f65f420","status":200,"duration_ms":3}
{"event":"http.request","request_id":"7bb6fafa-32c1-4020-81aa-d0bae4adf384","method":"POST","path":"/api/v1/publication-drafts","status":404,"duration_ms":1}
✖ 缺笔记ID暂存不算发布，正式登记锁定批准版本、账号和唯一笔记并持久回收事件 (85.223833ms)
ℹ tests 12
ℹ suites 0
ℹ pass 11
ℹ fail 1
ℹ cancelled 0
ℹ skipped 0
ℹ todo 0
ℹ duration_ms 2814.23275

✖ failing tests:

test at tests/production.test.ts:2:22495
✖ 缺笔记ID暂存不算发布，正式登记锁定批准版本、账号和唯一笔记并持久回收事件 (85.223833ms)
  AssertionError [ERR_ASSERTION]: Expected values to be strictly equal:
  
  404 !== 201
  
      at TestContext.<anonymous> (/Users/junlong/projects/social-mdeida-ops-platform/tests/production.test.ts:127:217)
      at process.processTicksAndRejections (node:internal/process/task_queues:104:5)
      at async Test.run (node:internal/test_runner/test:1125:7)
      at async Test.processPendingSubtests (node:internal/test_runner/test:787:7) {
    generatedMessage: true,
    code: 'ERR_ASSERTION',
    actual: 404,
    expected: 201,
    operator: 'strictEqual',
    diff: 'simple'
  }
