{"event":"http.request","request_id":"86b2f373-5116-43ab-aca3-ea615c31a259","method":"GET","path":"/api/v1/auth/csrf","status":200,"duration_ms":6}
{"event":"http.request","request_id":"c2a56813-51e6-46c0-b631-a1ff95d9e793","method":"POST","path":"/api/v1/setup","status":201,"duration_ms":27}
{"event":"http.request","request_id":"a6812460-eabf-4977-b33d-290eed1af07d","method":"GET","path":"/api/v1/auth/csrf","status":200,"duration_ms":2}
{"event":"http.request","request_id":"f4d8c59d-44a7-4186-a0c5-7a8f52c427e2","method":"POST","path":"/api/v1/auth/login","status":200,"duration_ms":21}
{"event":"http.request","request_id":"9712a752-e6dd-418c-ad8b-b5af19df0157","method":"GET","path":"/api/v1/me","status":200,"duration_ms":72}
{"event":"http.request","request_id":"c97f59f8-430e-4532-918a-1786ef9d6445","method":"POST","path":"/api/v1/accounts","status":201,"duration_ms":10}
{"event":"http.request","request_id":"9bbad19e-ab41-417e-8e69-37c14ee5f1e4","method":"POST","path":"/api/v1/contents","status":201,"duration_ms":11}
{"event":"http.request","request_id":"73e9a794-0b60-4159-bc2a-8bc838c5a154","method":"GET","path":"/api/v1/contents/1cc8246f-8cae-4ac2-bfea-f998f96f45a9","status":200,"duration_ms":4}
{"event":"http.request","request_id":"bea39085-a6e1-4ca5-8f7e-da905a189077","method":"POST","path":"/api/v1/contents/1cc8246f-8cae-4ac2-bfea-f998f96f45a9/revisions","status":201,"duration_ms":7}
{"event":"http.request","request_id":"217278a1-ac07-4f85-8e89-cb5f994455df","method":"GET","path":"/api/v1/contents/1cc8246f-8cae-4ac2-bfea-f998f96f45a9","status":200,"duration_ms":3}
✔ 人工新建图文后保存逐页文案，再从详情恢复原始快照 (384.42325ms)
{"event":"http.request","request_id":"2e1cf2b0-2795-4aa7-ac75-de8e32dd6099","method":"POST","path":"/api/v1/contents","status":201,"duration_ms":6}
{"event":"http.request","request_id":"1c517042-99e2-4128-9ed7-78d8e6a8dc83","method":"POST","path":"/api/v1/contents/50baa246-6770-443d-a4f1-0070c61ad7c4/revisions","status":201,"duration_ms":6}
{"event":"http.request","request_id":"fd8d0b01-b09b-4f7d-9fb4-237e4ba67f9a","method":"POST","path":"/api/v1/contents/50baa246-6770-443d-a4f1-0070c61ad7c4/revisions","status":409,"duration_ms":10}
{"event":"http.request","request_id":"35aaa152-905a-4689-91a7-8aec86a5cbeb","method":"GET","path":"/api/v1/contents/50baa246-6770-443d-a4f1-0070c61ad7c4","status":200,"duration_ms":3}
{"event":"http.request","request_id":"3dd97617-fff3-4c3c-891c-b73d2ebaa5e2","method":"POST","path":"/api/v1/contents/50baa246-6770-443d-a4f1-0070c61ad7c4/restore","status":201,"duration_ms":7}
{"event":"http.request","request_id":"b98b5581-c1fe-4bbb-bc01-9fb0f888f33c","method":"GET","path":"/api/v1/contents/50baa246-6770-443d-a4f1-0070c61ad7c4","status":200,"duration_ms":3}
✔ 同一基础版本并发保存只有一个成功，恢复历史版本产生新快照 (37.848833ms)
{"event":"http.request","request_id":"e7431891-4b55-42a5-9c43-3f0a85b07c63","method":"POST","path":"/api/v1/members","status":201,"duration_ms":22}
{"event":"http.request","request_id":"8494b4d8-70d4-4acc-9f59-ee0abc02845a","method":"GET","path":"/api/v1/auth/csrf","status":200,"duration_ms":1}
{"event":"http.request","request_id":"089e7c09-8c8b-45e4-b8af-11721b9c1973","method":"POST","path":"/api/v1/auth/accept-invite","status":200,"duration_ms":21}
{"event":"http.request","request_id":"e64b81df-0154-4c9e-b541-20a81949bcd3","method":"GET","path":"/api/v1/auth/csrf","status":200,"duration_ms":1}
{"event":"http.request","request_id":"b2cb1b1b-b2b1-4b34-9660-f150efb239a6","method":"POST","path":"/api/v1/auth/login","status":200,"duration_ms":20}
{"event":"http.request","request_id":"22e2fc5f-d946-4a98-a1bd-0ca99004bb19","method":"POST","path":"/api/v1/members","status":201,"duration_ms":22}
{"event":"http.request","request_id":"7b5f8398-0124-43ac-b96e-b0bcf28b587f","method":"GET","path":"/api/v1/auth/csrf","status":200,"duration_ms":1}
{"event":"http.request","request_id":"b17e6bf6-bb26-49ad-b063-22209a09933a","method":"POST","path":"/api/v1/auth/accept-invite","status":200,"duration_ms":20}
{"event":"http.request","request_id":"b7839e8d-78e0-4233-a31e-ab763a427d4a","method":"GET","path":"/api/v1/auth/csrf","status":200,"duration_ms":1}
{"event":"http.request","request_id":"874d2cf5-c2c5-41ac-9a5f-8230833de811","method":"POST","path":"/api/v1/auth/login","status":200,"duration_ms":20}
{"event":"http.request","request_id":"f3dc1539-b8c3-4c90-8093-965bf0925007","method":"POST","path":"/api/v1/contents","status":201,"duration_ms":6}
{"event":"http.request","request_id":"71f52f40-4df9-426a-aacf-aa805c20f20e","method":"POST","path":"/api/v1/contents/6fec5ac8-9fda-44ff-a3a9-7a91409bcf17/revisions","status":403,"duration_ms":4}
{"event":"http.request","request_id":"56c45a20-9a13-4e2c-9f97-309f76d23b6b","method":"POST","path":"/api/v1/contents/6fec5ac8-9fda-44ff-a3a9-7a91409bcf17/revisions","status":403,"duration_ms":2}
{"event":"http.request","request_id":"96db438f-353a-4679-b7ec-e9ba6fc0a89d","method":"POST","path":"/api/v1/contents/6fec5ac8-9fda-44ff-a3a9-7a91409bcf17/revisions","status":201,"duration_ms":5}
✔ 运营只能修改发布文案，不能改逐页制作内容；只读不能保存 (160.828708ms)
{"event":"http.request","request_id":"40278710-3597-46b2-823b-f778661c9b02","method":"POST","path":"/api/v1/contents","status":201,"duration_ms":6}
{"event":"http.request","request_id":"d97b059e-c720-4f98-899e-18bfb1d310ae","method":"POST","path":"/api/v1/contents/da30dbb7-d809-418f-9afd-1d919418584c/revisions","status":422,"duration_ms":4}
{"event":"http.request","request_id":"d0d5e122-d818-45b1-a5d6-37dc8f69ef38","method":"POST","path":"/api/v1/uploads","status":201,"duration_ms":9}
{"event":"http.request","request_id":"65e3d9d4-d63e-4c98-9c6b-0d7d668d2ae1","method":"POST","path":"/api/v1/uploads/a16e991e-bdab-4280-bf47-a488983a9423/parts","status":200,"duration_ms":8}
{"event":"http.request","request_id":"a8f83af6-6052-48b6-9a23-87da0f243e5d","method":"PUT","path":"/api/v1/uploads/a16e991e-bdab-4280-bf47-a488983a9423/parts/1","status":200,"duration_ms":7}
{"event":"http.request","request_id":"93af1592-bee7-4146-bc0e-2e04bce081bf","method":"POST","path":"/api/v1/uploads/a16e991e-bdab-4280-bf47-a488983a9423/complete","status":200,"duration_ms":10}
{"event":"http.request","request_id":"204b2186-1ac6-44fb-84e2-2eb8a3e2ffe8","method":"POST","path":"/api/v1/contents/da30dbb7-d809-418f-9afd-1d919418584c/revisions","status":422,"duration_ms":4}
{"event":"http.request","request_id":"5c1ef865-cf2b-4ca6-8b23-2aa3d7e32d4b","method":"POST","path":"/api/v1/uploads","status":201,"duration_ms":5}
{"event":"http.request","request_id":"e2020cd6-1f32-40bf-9757-2115087fe9dd","method":"POST","path":"/api/v1/uploads/3c21eff5-c8a0-4fc0-b964-7c508275766a/parts","status":200,"duration_ms":3}
{"event":"http.request","request_id":"d94f8692-6032-4307-927a-3e011eed1c37","method":"PUT","path":"/api/v1/uploads/3c21eff5-c8a0-4fc0-b964-7c508275766a/parts/1","status":200,"duration_ms":4}
{"event":"http.request","request_id":"162b7d82-f1df-401f-80a3-b7c0b522f990","method":"POST","path":"/api/v1/uploads/3c21eff5-c8a0-4fc0-b964-7c508275766a/complete","status":200,"duration_ms":8}
{"event":"http.request","request_id":"968f4559-c3f0-45b1-8371-76c68e357719","method":"POST","path":"/api/v1/contents/da30dbb7-d809-418f-9afd-1d919418584c/revisions","status":201,"duration_ms":6}
{"event":"http.request","request_id":"93fe4ea9-a37e-42b6-926a-2454509d6653","method":"GET","path":"/api/v1/contents/da30dbb7-d809-418f-9afd-1d919418584c","status":200,"duration_ms":3}
✔ 图文成品只关联同空间已上传PNG原件，无效文件和PDF不能保存为发布图片 (110.164542ms)
{"event":"http.request","request_id":"796ef9e0-405f-4f16-a6a1-d45dd8007dbb","method":"POST","path":"/api/v1/contents","status":201,"duration_ms":5}
{"event":"http.request","request_id":"11775b77-6686-4fc0-9a58-7e0b25f7364c","method":"PATCH","path":"/api/v1/contents/aebec98d-4db3-41df-a807-822c97d7c5ae","status":200,"duration_ms":4}
{"event":"http.request","request_id":"38b2a6a6-87d5-46a7-ac8c-ea50e87597b4","method":"GET","path":"/api/v1/contents","status":200,"duration_ms":2}
{"event":"http.request","request_id":"e24e2a18-4830-4961-80be-e87314450efa","method":"GET","path":"/api/v1/contents","status":200,"duration_ms":1}
{"event":"http.request","request_id":"e988c054-5013-4ecd-addc-ea650e602499","method":"GET","path":"/api/v1/contents","status":422,"duration_ms":2}
✔ 内容列表按形式、状态、负责人和计划时间过滤，非法筛选拒绝 (22.108583ms)
{"event":"http.request","request_id":"fb7a39ac-2e2f-4722-9b62-8ebf9a9825b2","method":"POST","path":"/api/v1/contents","status":201,"duration_ms":4}
{"event":"http.request","request_id":"2b3a47e2-e6cc-4577-b0a1-d5c81ba9afda","method":"POST","path":"/api/v1/contents/95aca884-396c-45fe-bcbe-54c383ba5bd0/submit-review","status":422,"duration_ms":3}
{"event":"http.request","request_id":"fb70fbc3-580a-47ad-a7cb-3bad87ed0323","method":"POST","path":"/api/v1/uploads","status":201,"duration_ms":5}
{"event":"http.request","request_id":"0cb27d3a-8113-4c91-bbe4-7ff414530b55","method":"POST","path":"/api/v1/uploads/ddbebd36-44a2-4f6e-8483-9551a21bcd0d/parts","status":200,"duration_ms":4}
{"event":"http.request","request_id":"8c98191c-f970-4483-a2d8-f16de774d2b1","method":"PUT","path":"/api/v1/uploads/ddbebd36-44a2-4f6e-8483-9551a21bcd0d/parts/1","status":200,"duration_ms":5}
{"event":"http.request","request_id":"5af351d8-62b2-479d-ba84-96519c097f35","method":"POST","path":"/api/v1/uploads/ddbebd36-44a2-4f6e-8483-9551a21bcd0d/complete","status":200,"duration_ms":11}
{"event":"http.request","request_id":"343b4747-d0b0-4362-8b7d-4a0f29de812d","method":"POST","path":"/api/v1/contents","status":201,"duration_ms":5}
{"event":"http.request","request_id":"7e56b367-c981-4649-a223-a8fe5acf7ea1","method":"POST","path":"/api/v1/contents/10a95ef6-12b6-496b-a443-589e1c293e13/revisions","status":201,"duration_ms":5}
{"event":"http.request","request_id":"3c15003f-7648-464a-a698-fabb5dea350f","method":"POST","path":"/api/v1/contents/10a95ef6-12b6-496b-a443-589e1c293e13/submit-review","status":201,"duration_ms":5}
{"event":"http.request","request_id":"abe89bd7-f291-4620-aae7-ef5f330ff013","method":"GET","path":"/api/v1/contents/10a95ef6-12b6-496b-a443-589e1c293e13","status":200,"duration_ms":2}
{"event":"http.request","request_id":"ae47cc9d-89b7-4c60-8adc-a379ce15f4e5","method":"POST","path":"/api/v1/reviews/23e6fc2c-7a52-46d2-bd7c-ca823512b0a1/decide","status":200,"duration_ms":11}
{"event":"http.request","request_id":"375fed20-abd9-45b2-91c2-a07ce8af49f7","method":"GET","path":"/api/v1/contents/10a95ef6-12b6-496b-a443-589e1c293e13","status":200,"duration_ms":3}
✔ 提交审核拒绝缺失成品，完整PNG图文冻结并由有权成员显式批准 (166.665041ms)
{"event":"http.request","request_id":"a2e1a4a0-47ac-40d0-bc08-07f197ef83b0","method":"POST","path":"/api/v1/uploads","status":201,"duration_ms":6}
{"event":"http.request","request_id":"ed9d3e27-6456-42a5-983d-2c138c76bcb6","method":"POST","path":"/api/v1/uploads/5d5fe131-a5f9-4e46-95f3-f2a1ed34db2d/parts","status":200,"duration_ms":3}
{"event":"http.request","request_id":"dcce6f24-1a7b-41e7-aa77-594e09b3674d","method":"PUT","path":"/api/v1/uploads/5d5fe131-a5f9-4e46-95f3-f2a1ed34db2d/parts/1","status":200,"duration_ms":4}
{"event":"http.request","request_id":"c043b85d-30b2-4556-b687-e6610d7fafd3","method":"POST","path":"/api/v1/uploads/5d5fe131-a5f9-4e46-95f3-f2a1ed34db2d/complete","status":200,"duration_ms":7}
{"event":"http.request","request_id":"3f0b583b-98d4-4ad9-9130-9ec37f80b8b2","method":"POST","path":"/api/v1/contents","status":201,"duration_ms":5}
{"event":"http.request","request_id":"0e63aac1-fe5b-45e3-8699-9ed24a174619","method":"POST","path":"/api/v1/contents/a7460c42-5432-4366-9b71-ff44f467425b/revisions","status":201,"duration_ms":5}
{"event":"http.request","request_id":"70cb31d3-a899-48f7-923e-22c418f13046","method":"POST","path":"/api/v1/contents/a7460c42-5432-4366-9b71-ff44f467425b/submit-review","status":201,"duration_ms":4}
{"event":"http.request","request_id":"0d00c644-c69e-4588-a698-b608f8eb6042","method":"GET","path":"/api/v1/contents/a7460c42-5432-4366-9b71-ff44f467425b","status":200,"duration_ms":3}
{"event":"http.request","request_id":"f2796a7c-1af6-47d5-8068-ba324c72b162","method":"POST","path":"/api/v1/contents/a7460c42-5432-4366-9b71-ff44f467425b/revisions","status":409,"duration_ms":3}
{"event":"http.request","request_id":"4b4f4bd9-3738-4c76-8b73-4bf7494ce1ac","method":"POST","path":"/api/v1/reviews/e3d15c39-a581-446c-b77f-0108b7e4eb15/withdraw","status":404,"duration_ms":1}
✖ 审核中禁止编辑，撤回和退回派生新稿；批准后改载荷重审，内部备注不使批准失效 (51.740916ms)
ℹ tests 7
ℹ suites 0
ℹ pass 6
ℹ fail 1
ℹ cancelled 0
ℹ skipped 0
ℹ todo 0
ℹ duration_ms 1354.001958

✖ failing tests:

test at tests/production.test.ts:2:13449
✖ 审核中禁止编辑，撤回和退回派生新稿；批准后改载荷重审，内部备注不使批准失效 (51.740916ms)
  AssertionError [ERR_ASSERTION]: Expected values to be strictly equal:
  
  404 !== 200
  
      at TestContext.<anonymous> (/Users/junlong/projects/social-mdeida-ops-platform/tests/production.test.ts:75:139)
      at process.processTicksAndRejections (node:internal/process/task_queues:104:5)
      at async Test.run (node:internal/test_runner/test:1125:7)
      at async Test.processPendingSubtests (node:internal/test_runner/test:787:7) {
    generatedMessage: true,
    code: 'ERR_ASSERTION',
    actual: 404,
    expected: 200,
    operator: 'strictEqual',
    diff: 'simple'
  }
