{"event":"http.request","request_id":"6d699d94-a8b9-4249-9874-f71a2f5c6f35","method":"GET","path":"/api/v1/auth/csrf","status":200,"duration_ms":6}
{"event":"http.request","request_id":"3a68c676-69da-47e4-afd1-d93d9c379db2","method":"POST","path":"/api/v1/setup","status":201,"duration_ms":33}
{"event":"http.request","request_id":"117241cb-722c-42b2-92cb-85c93233abee","method":"GET","path":"/api/v1/auth/csrf","status":200,"duration_ms":2}
{"event":"http.request","request_id":"ff38a62c-6636-4305-a333-5b8f6fdee8a1","method":"POST","path":"/api/v1/auth/login","status":200,"duration_ms":26}
{"event":"http.request","request_id":"0d004482-6918-4f1e-8e89-f3aa9aad9c84","method":"GET","path":"/api/v1/me","status":200,"duration_ms":67}
{"event":"http.request","request_id":"b4c4a279-608b-4e81-af72-e4d1750744e3","method":"POST","path":"/api/v1/accounts","status":201,"duration_ms":13}
{"event":"http.request","request_id":"2bff28f3-5b83-4619-9d17-57bd693cf85a","method":"POST","path":"/api/v1/contents","status":201,"duration_ms":11}
{"event":"http.request","request_id":"e3dfeb4d-6713-43f7-8642-97fbba97c286","method":"GET","path":"/api/v1/contents/5490839e-7398-4acc-a3fa-2417634037ec","status":200,"duration_ms":6}
{"event":"http.request","request_id":"e02b7cde-bb7c-4337-9623-de4db1d1bf18","method":"POST","path":"/api/v1/contents/5490839e-7398-4acc-a3fa-2417634037ec/revisions","status":201,"duration_ms":9}
{"event":"http.request","request_id":"9e19bacf-c3d3-4ad4-b137-3de5e2974192","method":"GET","path":"/api/v1/contents/5490839e-7398-4acc-a3fa-2417634037ec","status":200,"duration_ms":3}
✔ 人工新建图文后保存逐页文案，再从详情恢复原始快照 (399.791ms)
{"event":"http.request","request_id":"0ad5006c-d96d-41d0-a42f-a59de0bbddca","method":"POST","path":"/api/v1/contents","status":201,"duration_ms":6}
{"event":"http.request","request_id":"7b9b199b-fbb4-4fce-a374-109222bf9de6","method":"POST","path":"/api/v1/contents/74f2afca-2cd6-4f97-a606-af5e479d671e/revisions","status":201,"duration_ms":6}
{"event":"http.request","request_id":"d8d98984-d456-4a3e-8e85-ae0412ddbb6c","method":"POST","path":"/api/v1/contents/74f2afca-2cd6-4f97-a606-af5e479d671e/revisions","status":409,"duration_ms":9}
{"event":"http.request","request_id":"23b11b99-b914-4829-b711-1acaea04cd37","method":"GET","path":"/api/v1/contents/74f2afca-2cd6-4f97-a606-af5e479d671e","status":200,"duration_ms":4}
{"event":"http.request","request_id":"7ee6fcc5-2252-40ca-a269-bebe05fa4f7b","method":"POST","path":"/api/v1/contents/74f2afca-2cd6-4f97-a606-af5e479d671e/restore","status":201,"duration_ms":7}
{"event":"http.request","request_id":"04c5b2a0-75fc-42b5-bf42-695449acfd83","method":"GET","path":"/api/v1/contents/74f2afca-2cd6-4f97-a606-af5e479d671e","status":200,"duration_ms":3}
✔ 同一基础版本并发保存只有一个成功，恢复历史版本产生新快照 (35.369875ms)
{"event":"http.request","request_id":"5970a258-02e8-4170-93c3-db60e2691f40","method":"POST","path":"/api/v1/members","status":201,"duration_ms":23}
{"event":"http.request","request_id":"777bc8f0-6cc3-4170-84e3-66b4aa5e43d6","method":"GET","path":"/api/v1/auth/csrf","status":200,"duration_ms":1}
{"event":"http.request","request_id":"2d4bee84-46ec-4d84-99d4-7c073f0bf799","method":"POST","path":"/api/v1/auth/accept-invite","status":200,"duration_ms":19}
{"event":"http.request","request_id":"f76889b1-0cb1-48d9-b76a-323a7756737e","method":"GET","path":"/api/v1/auth/csrf","status":200,"duration_ms":0}
{"event":"http.request","request_id":"8473ef31-0e4f-4ccf-9669-59fab8df12d2","method":"POST","path":"/api/v1/auth/login","status":200,"duration_ms":19}
{"event":"http.request","request_id":"bafca5e6-e72c-4404-9ffb-4f9a0cbc5019","method":"POST","path":"/api/v1/members","status":201,"duration_ms":21}
{"event":"http.request","request_id":"a5e543e1-65de-42f2-b33f-44f2b42a3dfe","method":"GET","path":"/api/v1/auth/csrf","status":200,"duration_ms":0}
{"event":"http.request","request_id":"214ed3e5-4b84-4fa9-90e8-0831efd57df6","method":"POST","path":"/api/v1/auth/accept-invite","status":200,"duration_ms":21}
{"event":"http.request","request_id":"921cbec2-71df-40b3-ae11-729bb7bebe8d","method":"GET","path":"/api/v1/auth/csrf","status":200,"duration_ms":3}
{"event":"http.request","request_id":"18d58067-6ff5-4498-8af6-f081b519a39f","method":"POST","path":"/api/v1/auth/login","status":200,"duration_ms":21}
{"event":"http.request","request_id":"8a066d80-4221-40ad-b955-191e1bc11a43","method":"POST","path":"/api/v1/contents","status":201,"duration_ms":6}
{"event":"http.request","request_id":"3362e93d-0072-47c5-bf27-a82e03a58fc1","method":"POST","path":"/api/v1/contents/5fe710e3-5876-4b49-8481-c514c8a8aec3/revisions","status":403,"duration_ms":3}
{"event":"http.request","request_id":"070abad8-9da3-444d-8fb5-a4624e180a8d","method":"POST","path":"/api/v1/contents/5fe710e3-5876-4b49-8481-c514c8a8aec3/revisions","status":403,"duration_ms":2}
{"event":"http.request","request_id":"2bec30c1-6069-4591-9f35-cfef992cc0be","method":"POST","path":"/api/v1/contents/5fe710e3-5876-4b49-8481-c514c8a8aec3/revisions","status":201,"duration_ms":6}
✔ 运营只能修改发布文案，不能改逐页制作内容；只读不能保存 (158.653959ms)
{"event":"http.request","request_id":"751ca7e2-2d65-4eef-a6ae-b741aa4328e7","method":"POST","path":"/api/v1/contents","status":201,"duration_ms":7}
{"event":"http.request","request_id":"c4138568-aac6-4db9-88da-cc84e59e2eff","method":"POST","path":"/api/v1/contents/0adab43d-d6f0-413e-b618-87161d9a90cb/revisions","status":422,"duration_ms":5}
{"event":"http.request","request_id":"f455d684-a6f7-438a-8608-4b594bdf889a","method":"POST","path":"/api/v1/uploads","status":201,"duration_ms":8}
{"event":"http.request","request_id":"eea22e3a-44ab-4ecd-ad3c-05ffb610f32e","method":"POST","path":"/api/v1/uploads/ec7b0431-eee6-4dc7-9c28-cc82d44dc97d/parts","status":200,"duration_ms":4}
{"event":"http.request","request_id":"6bfae800-26ea-46eb-a2c5-e38282393466","method":"PUT","path":"/api/v1/uploads/ec7b0431-eee6-4dc7-9c28-cc82d44dc97d/parts/1","status":200,"duration_ms":6}
{"event":"http.request","request_id":"acbe07b5-410e-44eb-98a8-d63719ab3a16","method":"POST","path":"/api/v1/uploads/ec7b0431-eee6-4dc7-9c28-cc82d44dc97d/complete","status":200,"duration_ms":9}
{"event":"http.request","request_id":"4e7841a0-4d45-4f8c-aa1c-39d18f78cc7e","method":"POST","path":"/api/v1/contents/0adab43d-d6f0-413e-b618-87161d9a90cb/revisions","status":422,"duration_ms":5}
{"event":"http.request","request_id":"675426f3-d8cb-4e50-9673-7f1b2c2c2ed2","method":"POST","path":"/api/v1/uploads","status":201,"duration_ms":6}
{"event":"http.request","request_id":"196a5dc7-8b5e-4c87-93e4-9fac67f3fa98","method":"POST","path":"/api/v1/uploads/6c074ef2-2fcf-4c2c-ba16-ce1620b1d31a/parts","status":200,"duration_ms":3}
{"event":"http.request","request_id":"3196fa70-7e67-4852-b47c-b115018366cf","method":"PUT","path":"/api/v1/uploads/6c074ef2-2fcf-4c2c-ba16-ce1620b1d31a/parts/1","status":200,"duration_ms":4}
{"event":"http.request","request_id":"313686bb-a4d8-4fce-a3ca-decd34d6991a","method":"POST","path":"/api/v1/uploads/6c074ef2-2fcf-4c2c-ba16-ce1620b1d31a/complete","status":200,"duration_ms":7}
{"event":"http.request","request_id":"7033fd69-0782-4f11-a4e8-26a29f44ce43","method":"POST","path":"/api/v1/contents/0adab43d-d6f0-413e-b618-87161d9a90cb/revisions","status":201,"duration_ms":6}
{"event":"http.request","request_id":"d05d7711-92f1-4ccb-9aa8-a2e2b483f118","method":"GET","path":"/api/v1/contents/0adab43d-d6f0-413e-b618-87161d9a90cb","status":200,"duration_ms":2}
✔ 图文成品只关联同空间已上传PNG原件，无效文件和PDF不能保存为发布图片 (101.723667ms)
{"event":"http.request","request_id":"24e06e9c-cd44-4b93-9af3-1c29a973c297","method":"POST","path":"/api/v1/contents","status":201,"duration_ms":5}
{"event":"http.request","request_id":"4fd81b08-b4c9-4594-86c4-83301e8ae356","method":"PATCH","path":"/api/v1/contents/9b193a50-4cea-4b9c-86aa-3f195563f204","status":200,"duration_ms":4}
{"event":"http.request","request_id":"cf05d0bf-f1f6-4f49-b3c2-c2a7e810957b","method":"GET","path":"/api/v1/contents","status":200,"duration_ms":2}
{"event":"http.request","request_id":"39c74d42-7b40-41b9-a92d-189b18670c71","method":"GET","path":"/api/v1/contents","status":200,"duration_ms":1}
{"event":"http.request","request_id":"c41142cc-81db-48ca-bf8d-0870d69f51fc","method":"GET","path":"/api/v1/contents","status":422,"duration_ms":2}
✔ 内容列表按形式、状态、负责人和计划时间过滤，非法筛选拒绝 (21.412ms)
{"event":"http.request","request_id":"e8b53deb-de87-4ff1-abb6-48a11bd3f596","method":"POST","path":"/api/v1/contents","status":201,"duration_ms":4}
{"event":"http.request","request_id":"0740e7db-ff90-4ed2-9e83-c8602f266f1d","method":"POST","path":"/api/v1/contents/72749f99-95bd-44ef-bf4d-ce7c0ea22ab7/submit-review","status":422,"duration_ms":3}
{"event":"http.request","request_id":"95e15e6a-646b-40f0-92fe-48414cd5d679","method":"POST","path":"/api/v1/uploads","status":201,"duration_ms":6}
{"event":"http.request","request_id":"911454be-08fc-4c36-84f6-3339a854d706","method":"POST","path":"/api/v1/uploads/ca94555c-0a8b-4596-9b5f-44efa9553e8b/parts","status":200,"duration_ms":7}
{"event":"http.request","request_id":"d10fcf72-d0b6-464c-aa38-6a74b4816cc2","method":"PUT","path":"/api/v1/uploads/ca94555c-0a8b-4596-9b5f-44efa9553e8b/parts/1","status":200,"duration_ms":5}
{"event":"http.request","request_id":"93ede4e2-f915-4835-9a14-bc686cd46464","method":"POST","path":"/api/v1/uploads/ca94555c-0a8b-4596-9b5f-44efa9553e8b/complete","status":200,"duration_ms":7}
{"event":"http.request","request_id":"6c5f23bf-b3f0-4975-8403-f9bbe2f9fa1f","method":"POST","path":"/api/v1/contents","status":201,"duration_ms":5}
{"event":"http.request","request_id":"7ddaa0b6-733e-4f63-8386-d631ed4bd595","method":"POST","path":"/api/v1/contents/d5fa55bc-c240-4789-a3e4-c4d7b077b505/revisions","status":201,"duration_ms":6}
{"event":"http.request","request_id":"69c19bde-ad02-4aab-bb86-3d1702cbe780","method":"POST","path":"/api/v1/contents/d5fa55bc-c240-4789-a3e4-c4d7b077b505/submit-review","status":201,"duration_ms":5}
{"event":"http.request","request_id":"444b8e59-c084-45e1-9cc4-268f6c4fed91","method":"GET","path":"/api/v1/contents/d5fa55bc-c240-4789-a3e4-c4d7b077b505","status":200,"duration_ms":2}
{"event":"http.request","request_id":"2440f396-7e77-42e8-8601-7474645f16d4","method":"POST","path":"/api/v1/reviews/26aaee72-2c78-4f65-ab2a-3177099e7003/decide","status":200,"duration_ms":10}
{"event":"http.request","request_id":"d7e9b8d9-dd29-43f9-9c7b-d9049c89c493","method":"GET","path":"/api/v1/contents/d5fa55bc-c240-4789-a3e4-c4d7b077b505","status":200,"duration_ms":2}
✔ 提交审核拒绝缺失成品，完整PNG图文冻结并由有权成员显式批准 (163.050875ms)
{"event":"http.request","request_id":"f5198e94-39e2-401b-9712-ede3b0b33bf2","method":"POST","path":"/api/v1/uploads","status":201,"duration_ms":5}
{"event":"http.request","request_id":"e44b0dee-ce67-4b18-9b4f-5f330e0173d9","method":"POST","path":"/api/v1/uploads/cfdef538-5e52-400b-a74e-736e76e721cd/parts","status":200,"duration_ms":3}
{"event":"http.request","request_id":"88bd641d-65b9-475b-a938-f42ac1080f0a","method":"PUT","path":"/api/v1/uploads/cfdef538-5e52-400b-a74e-736e76e721cd/parts/1","status":200,"duration_ms":4}
{"event":"http.request","request_id":"2e89a408-c236-4e5c-a935-cfa242a23cdb","method":"POST","path":"/api/v1/uploads/cfdef538-5e52-400b-a74e-736e76e721cd/complete","status":200,"duration_ms":7}
{"event":"http.request","request_id":"65a0f436-87a4-4ca7-9aeb-cc6041a61ca7","method":"POST","path":"/api/v1/contents","status":201,"duration_ms":5}
{"event":"http.request","request_id":"4bea7967-a305-4d00-9d01-632bab2a5099","method":"POST","path":"/api/v1/contents/cda893a9-41e0-423a-b734-797414ad4cfc/revisions","status":201,"duration_ms":5}
{"event":"http.request","request_id":"4c8d3268-aec1-4b0f-b976-b13fe288a96e","method":"POST","path":"/api/v1/contents/cda893a9-41e0-423a-b734-797414ad4cfc/submit-review","status":201,"duration_ms":5}
{"event":"http.request","request_id":"43d552da-ba41-42ed-aabd-b2349df4f0a9","method":"GET","path":"/api/v1/contents/cda893a9-41e0-423a-b734-797414ad4cfc","status":200,"duration_ms":2}
{"event":"http.request","request_id":"f5a077ca-1ab4-486c-8500-454dc423dd80","method":"POST","path":"/api/v1/contents/cda893a9-41e0-423a-b734-797414ad4cfc/revisions","status":409,"duration_ms":3}
{"event":"http.request","request_id":"2f17d7a7-b857-4acf-a7dc-af99b8a375aa","method":"POST","path":"/api/v1/reviews/75598a45-b75a-40b0-9b60-e9944db7262c/withdraw","status":200,"duration_ms":6}
{"event":"http.request","request_id":"923fc5a9-f446-43e9-a37c-772086fae2f7","method":"GET","path":"/api/v1/contents/cda893a9-41e0-423a-b734-797414ad4cfc","status":200,"duration_ms":2}
{"event":"http.request","request_id":"e2c19928-1635-4af1-ad6c-a8b5b449847e","method":"POST","path":"/api/v1/contents/cda893a9-41e0-423a-b734-797414ad4cfc/submit-review","status":201,"duration_ms":4}
{"event":"http.request","request_id":"694fbaff-3606-4318-b16a-78c980b6505b","method":"POST","path":"/api/v1/reviews/d1b90e07-760b-46ae-a949-c64c3a8fb4fb/decide","status":200,"duration_ms":6}
{"event":"http.request","request_id":"5f3e3d04-096a-414f-849f-eeff02b2104a","method":"GET","path":"/api/v1/contents/cda893a9-41e0-423a-b734-797414ad4cfc","status":200,"duration_ms":2}
{"event":"http.request","request_id":"99c6e000-cdb8-43c1-85ed-88fa28a6a971","method":"POST","path":"/api/v1/contents/cda893a9-41e0-423a-b734-797414ad4cfc/submit-review","status":201,"duration_ms":4}
{"event":"http.request","request_id":"914f4fee-a3c8-4a93-baf5-87ec492d0f68","method":"POST","path":"/api/v1/reviews/e5f07185-036f-422d-9932-ffc2d4b95aa5/decide","status":200,"duration_ms":5}
{"event":"http.request","request_id":"6d665489-0b7f-431b-8b96-793b78e29b66","method":"GET","path":"/api/v1/contents/cda893a9-41e0-423a-b734-797414ad4cfc","status":200,"duration_ms":2}
{"event":"http.request","request_id":"36320e25-edbb-4242-bd75-b148b1df637f","method":"PATCH","path":"/api/v1/contents/cda893a9-41e0-423a-b734-797414ad4cfc","status":200,"duration_ms":4}
{"event":"http.request","request_id":"1a9be9d8-8247-48b8-80ae-1ea9fb931a23","method":"GET","path":"/api/v1/contents/cda893a9-41e0-423a-b734-797414ad4cfc","status":200,"duration_ms":2}
{"event":"http.request","request_id":"c5b9e5d0-c260-4164-9e23-71cd1fb0cb36","method":"POST","path":"/api/v1/contents/cda893a9-41e0-423a-b734-797414ad4cfc/revisions","status":201,"duration_ms":6}
{"event":"http.request","request_id":"73f3d472-5c8a-4361-81f2-11a8b650ad06","method":"GET","path":"/api/v1/contents/cda893a9-41e0-423a-b734-797414ad4cfc","status":200,"duration_ms":2}
✔ 审核中禁止编辑，撤回和退回派生新稿；批准后改载荷重审，内部备注不使批准失效 (96.133291ms)
{"event":"http.request","request_id":"4cf458ab-beaf-4afa-b4c1-e16965d2736f","method":"POST","path":"/api/v1/members","status":201,"duration_ms":23}
{"event":"http.request","request_id":"0c7f91c7-862c-4a9d-98fd-b0b9bf308f07","method":"GET","path":"/api/v1/auth/csrf","status":200,"duration_ms":1}
{"event":"http.request","request_id":"191c40dc-3aab-41d6-a7b5-5f1037c5cc13","method":"POST","path":"/api/v1/auth/accept-invite","status":200,"duration_ms":19}
{"event":"http.request","request_id":"4f3916c0-46e6-4fe5-8806-bd529b1d6c8e","method":"GET","path":"/api/v1/auth/csrf","status":200,"duration_ms":0}
{"event":"http.request","request_id":"abd77c69-13f6-4259-afaf-9779a94a4ecc","method":"POST","path":"/api/v1/auth/login","status":200,"duration_ms":18}
{"event":"http.request","request_id":"b0c917d4-93bb-4f15-8956-ed595623e9b3","method":"POST","path":"/api/v1/uploads","status":201,"duration_ms":5}
{"event":"http.request","request_id":"e6c46467-5325-4f6f-a8d0-231e7c194db7","method":"POST","path":"/api/v1/uploads/f9b25b31-50f6-466a-ae80-aa959fb42b71/parts","status":200,"duration_ms":3}
{"event":"http.request","request_id":"5bbbebe5-57df-40bf-9c26-a102deaa9e12","method":"PUT","path":"/api/v1/uploads/f9b25b31-50f6-466a-ae80-aa959fb42b71/parts/1","status":200,"duration_ms":3}
{"event":"http.request","request_id":"3d2c2786-bbbb-40af-b0b7-cd35ad4f1ab4","method":"POST","path":"/api/v1/uploads/f9b25b31-50f6-466a-ae80-aa959fb42b71/complete","status":200,"duration_ms":7}
{"event":"http.request","request_id":"dd7d30d8-d480-49ee-91b8-db6f6df91a60","method":"POST","path":"/api/v1/contents","status":201,"duration_ms":5}
{"event":"http.request","request_id":"9bc263c9-8e2b-4f82-b569-e11bb2322f53","method":"POST","path":"/api/v1/contents/7b4542c0-9dbe-4597-9d77-80ae95db8c51/revisions","status":201,"duration_ms":5}
{"event":"http.request","request_id":"f8b962e2-f0b8-40c0-a22b-7349e95b5779","method":"POST","path":"/api/v1/contents/7b4542c0-9dbe-4597-9d77-80ae95db8c51/submit-review","status":201,"duration_ms":4}
{"event":"http.request","request_id":"bb292672-3a79-42ce-ac98-11d1fa54deef","method":"POST","path":"/api/v1/reviews/d9d45ca1-3e54-466e-bfd1-6f39cd5e6923/decide","status":403,"duration_ms":1}
{"event":"http.request","request_id":"f30fd3b8-08ea-4ce6-8619-9db957f55dd5","method":"POST","path":"/api/v1/reviews/d9d45ca1-3e54-466e-bfd1-6f39cd5e6923/decide","status":200,"duration_ms":5}
{"event":"http.request","request_id":"a48fed4d-780e-4497-928d-a9b090405363","method":"POST","path":"/api/v1/reviews/d9d45ca1-3e54-466e-bfd1-6f39cd5e6923/withdraw","status":409,"duration_ms":6}
✔ 制作角色不能批准，批准与撤回并发只有一个事务成功 (114.402291ms)
{"event":"http.request","request_id":"7fac9f15-1cd9-478a-97e6-05fdfdbba460","method":"POST","path":"/api/v1/uploads","status":201,"duration_ms":5}
{"event":"http.request","request_id":"70a4e8ae-4061-4f99-bfda-592f3e796b6e","method":"POST","path":"/api/v1/uploads/58384b6e-0719-4587-8ef9-0e1bdf0024df/parts","status":200,"duration_ms":3}
{"event":"http.request","request_id":"f94302c2-3549-416d-add4-95b71ef7baa7","method":"PUT","path":"/api/v1/uploads/58384b6e-0719-4587-8ef9-0e1bdf0024df/parts/1","status":200,"duration_ms":4}
{"event":"http.request","request_id":"a26c6061-4390-4545-a918-67539c4eb9ee","method":"POST","path":"/api/v1/uploads/58384b6e-0719-4587-8ef9-0e1bdf0024df/complete","status":200,"duration_ms":7}
{"event":"http.request","request_id":"5218c6fd-5a14-44d4-a462-b6406a849d22","method":"POST","path":"/api/v1/contents","status":201,"duration_ms":4}
{"event":"http.request","request_id":"429e9a8e-4ad3-4ed5-a597-c90bee76b831","method":"POST","path":"/api/v1/contents/131fe0d9-c01b-47ca-83db-e0ffbe8769d1/revisions","status":201,"duration_ms":7}
{"event":"http.request","request_id":"ee1363db-411e-4e88-b429-6f12afd9b533","method":"POST","path":"/api/v1/assets","status":201,"duration_ms":5}
{"event":"http.request","request_id":"f58b7a9d-fe4e-47c0-8a07-a1d0404356e7","method":"POST","path":"/api/v1/assets/92c81ad7-6099-4491-a40a-629893056ac2/confirm","status":200,"duration_ms":5}
{"event":"http.request","request_id":"1b19f158-0a0c-41b3-885b-aded4efe1494","method":"POST","path":"/api/v1/contents/131fe0d9-c01b-47ca-83db-e0ffbe8769d1/revisions","status":201,"duration_ms":7}
{"event":"http.request","request_id":"a88d7be5-cc5a-434c-8cd1-f9015dc1f1ea","method":"POST","path":"/api/v1/contents/131fe0d9-c01b-47ca-83db-e0ffbe8769d1/submit-review","status":201,"duration_ms":5}
{"event":"http.request","request_id":"2484977a-8de0-47c1-a27c-59bc8eef7602","method":"POST","path":"/api/v1/assets/92c81ad7-6099-4491-a40a-629893056ac2/retire","status":200,"duration_ms":3}
{"event":"http.request","request_id":"de95f031-6f39-4749-8eac-2e4b9f61ec90","method":"POST","path":"/api/v1/reviews/0302c9f0-fd67-46cc-b3f2-2a7cfe5890b3/decide","status":422,"duration_ms":4}
{"event":"http.request","request_id":"6bfdb1b1-0e84-4466-b3b9-79b585e6267f","method":"POST","path":"/api/v1/reviews/0302c9f0-fd67-46cc-b3f2-2a7cfe5890b3/withdraw","status":200,"duration_ms":6}
{"event":"http.request","request_id":"1be2e9d1-e042-46c6-ab77-d8fee9cbd9a2","method":"GET","path":"/api/v1/contents/131fe0d9-c01b-47ca-83db-e0ffbe8769d1","status":200,"duration_ms":2}
{"event":"http.request","request_id":"c503fd3a-0c4c-4098-b6b9-140e6540280a","method":"POST","path":"/api/v1/contents/131fe0d9-c01b-47ca-83db-e0ffbe8769d1/revisions","status":201,"duration_ms":5}
✔ 素材停用阻止批准但仍能撤回修稿，冻结历史引用保留 (92.496167ms)
{"event":"http.request","request_id":"da417234-3317-4ce1-94bb-98089bfe20c4","method":"POST","path":"/api/v1/contents","status":201,"duration_ms":4}
{"event":"http.request","request_id":"94640a9d-b40e-4829-8ac7-a98d0118b965","method":"POST","path":"/api/v1/contents/2e717a1b-c21b-4f4a-8b28-2685a9c6b2ab/start-production","status":200,"duration_ms":4}
{"event":"http.request","request_id":"c029d644-31cf-45b3-8010-45c9d2b6b810","method":"POST","path":"/api/v1/contents/2e717a1b-c21b-4f4a-8b28-2685a9c6b2ab/cancel","status":200,"duration_ms":5}
{"event":"http.request","request_id":"ca869b57-b3e0-4e56-8c34-4efa0eeeee55","method":"GET","path":"/api/v1/contents/2e717a1b-c21b-4f4a-8b28-2685a9c6b2ab","status":200,"duration_ms":2}
{"event":"http.request","request_id":"6e29fdae-6131-4fc5-a7f7-07577ea1f9e9","method":"POST","path":"/api/v1/contents/2e717a1b-c21b-4f4a-8b28-2685a9c6b2ab/submit-review","status":409,"duration_ms":3}
✔ 开始制作保存估时，取消保留理由和版本历史且不能再提审 (19.765708ms)
{"event":"http.request","request_id":"efc86ca0-372f-4167-9cc1-99933a579bcf","method":"POST","path":"/api/v1/uploads","status":201,"duration_ms":5}
{"event":"http.request","request_id":"113c994e-c0ae-4d60-81bf-56d5f142518a","method":"POST","path":"/api/v1/uploads/25ab9a86-2624-4ca1-bfb2-5553f0a25269/parts","status":200,"duration_ms":4}
{"event":"http.request","request_id":"e472ab89-1d7c-4a62-ad72-619c39ef7224","method":"PUT","path":"/api/v1/uploads/25ab9a86-2624-4ca1-bfb2-5553f0a25269/parts/1","status":200,"duration_ms":4}
{"event":"http.request","request_id":"00019772-7142-4eb2-a96e-ff3432938736","method":"POST","path":"/api/v1/uploads/25ab9a86-2624-4ca1-bfb2-5553f0a25269/complete","status":200,"duration_ms":8}
{"event":"http.request","request_id":"0d43d730-d157-4aa3-b647-4cf4ae8b2e60","method":"POST","path":"/api/v1/contents","status":201,"duration_ms":4}
{"event":"http.request","request_id":"de2998b5-1c17-425b-b01f-0a9b33e4835f","method":"POST","path":"/api/v1/contents/dc16ee62-6956-46ae-8a68-78b1e704ae93/revisions","status":201,"duration_ms":5}
{"event":"http.request","request_id":"60ff14ff-11e3-4113-acd7-037e008999bb","method":"POST","path":"/api/v1/contents/dc16ee62-6956-46ae-8a68-78b1e704ae93/submit-review","status":201,"duration_ms":4}
{"event":"http.request","request_id":"ee2cff1d-e088-4195-b822-c6fe63083055","method":"POST","path":"/api/v1/reviews/b523db85-0169-45c2-9ba0-7b1174be4a55/decide","status":200,"duration_ms":4}
{"event":"http.request","request_id":"009e212d-c2a4-45fc-b0d7-ed6621fa96ab","method":"GET","path":"/api/v1/contents/dc16ee62-6956-46ae-8a68-78b1e704ae93","status":200,"duration_ms":2}
{"event":"http.request","request_id":"3bbcd1f4-b716-41d8-a749-02b58292ecb5","method":"POST","path":"/api/v1/contents/dc16ee62-6956-46ae-8a68-78b1e704ae93/export-package","status":202,"duration_ms":5}
{"event":"job.claimed","job_id":"f9232c38-575c-4640-9df9-4e320b0ee1e5","request_id":"3bbcd1f4-b716-41d8-a749-02b58292ecb5","pool":"general","attempt":1}
{"event":"http.request","request_id":"c29b6904-f0fe-4e42-80f8-268b6f92ef91","method":"GET","path":"/api/v1/export-packages/72f724be-e718-40d8-9bc8-87afbf34f1f1","status":200,"duration_ms":2}
{"event":"http.request","request_id":"96fcc3f7-abe9-4cee-9f6a-c87c737fcdf8","method":"GET","path":"/api/v1/export-packages/72f724be-e718-40d8-9bc8-87afbf34f1f1","status":200,"duration_ms":3}
{"event":"http.request","request_id":"4856dfa0-e5b3-46a2-80e5-e9d3981af47e","method":"GET","path":"/api/v1/export-packages/72f724be-e718-40d8-9bc8-87afbf34f1f1/download","status":200,"duration_ms":24}
{"event":"http.request","request_id":"362494c3-8eaf-4a20-a2f2-eb5df7804b49","method":"POST","path":"/api/v1/contents/dc16ee62-6956-46ae-8a68-78b1e704ae93/revisions","status":201,"duration_ms":14}
{"event":"http.request","request_id":"b1fc9cec-3c18-4577-b69f-e47dc8061d0c","method":"GET","path":"/api/v1/export-packages/72f724be-e718-40d8-9bc8-87afbf34f1f1/download","status":409,"duration_ms":5}
{"event":"http.request","request_id":"855ff231-e38d-4956-a700-9e7752d84f79","method":"GET","path":"/api/v1/files/d0118582-1fbd-46a1-894c-947adccab37f/download","status":409,"duration_ms":5}
✔ 发布包异步打包批准版本，下载PNG原件、页序和文案与批准内容一致 (1142.093666ms)
{"event":"http.request","request_id":"9fcf6e10-2ad1-4b9a-9988-9a3accbf6fcb","method":"POST","path":"/api/v1/uploads","status":201,"duration_ms":11}
{"event":"http.request","request_id":"c4172734-0177-40b6-950d-4c27447d9f6e","method":"POST","path":"/api/v1/uploads/c0ed436b-5b07-47af-b913-444786aaf1aa/parts","status":200,"duration_ms":6}
{"event":"http.request","request_id":"24768393-2919-4791-921b-9417cfb91ed5","method":"PUT","path":"/api/v1/uploads/c0ed436b-5b07-47af-b913-444786aaf1aa/parts/1","status":200,"duration_ms":8}
{"event":"http.request","request_id":"f59afec7-0eea-45f0-95a6-a773f92439a4","method":"POST","path":"/api/v1/uploads/c0ed436b-5b07-47af-b913-444786aaf1aa/complete","status":200,"duration_ms":16}
{"event":"http.request","request_id":"4e42d02d-581f-487d-b484-35cfffc19d8e","method":"POST","path":"/api/v1/contents","status":201,"duration_ms":9}
{"event":"http.request","request_id":"43f9fc54-2266-425e-8e08-c4e453042df5","method":"POST","path":"/api/v1/contents/3198dad2-a259-45c1-91dd-d28c9c420b74/revisions","status":201,"duration_ms":10}
{"event":"http.request","request_id":"631788ce-6597-40e2-9b2c-c3608bbc6e55","method":"POST","path":"/api/v1/contents/3198dad2-a259-45c1-91dd-d28c9c420b74/submit-review","status":201,"duration_ms":7}
{"event":"http.request","request_id":"fed7d6d3-9fe6-481f-ab50-068f9353d0e9","method":"POST","path":"/api/v1/reviews/971b18ec-19c2-4aa6-bfc3-a08cb11acb63/decide","status":200,"duration_ms":7}
{"event":"http.request","request_id":"9dc5fa7d-9409-4396-9f28-a95d80503b05","method":"GET","path":"/api/v1/contents/3198dad2-a259-45c1-91dd-d28c9c420b74","status":200,"duration_ms":3}
{"event":"http.request","request_id":"201eaa9b-233a-40be-94e8-1b63d5678153","method":"POST","path":"/api/v1/publication-drafts","status":201,"duration_ms":6}
{"event":"http.request","request_id":"87acd986-e7b2-49ed-b3f5-55c6d7161e7b","method":"GET","path":"/api/v1/contents/3198dad2-a259-45c1-91dd-d28c9c420b74","status":200,"duration_ms":3}
{"event":"http.request","request_id":"36b41af9-d57d-41d9-9018-39be8286f700","method":"POST","path":"/api/v1/publications","status":422,"duration_ms":5}
{"event":"http.request","request_id":"4cd45604-3ae0-4fe9-a241-3ed4e6ceb492","method":"POST","path":"/api/v1/publications","status":422,"duration_ms":5}
{"event":"http.request","request_id":"81141115-fd47-4a4f-bddc-ec4c31488df3","method":"POST","path":"/api/v1/publications","status":201,"duration_ms":7}
{"event":"http.request","request_id":"c7cc6071-4e03-4a69-a830-6cd6b7585a53","method":"GET","path":"/api/v1/contents/3198dad2-a259-45c1-91dd-d28c9c420b74","status":200,"duration_ms":3}
{"event":"http.request","request_id":"5f459471-8804-4f9f-9245-253126cc6630","method":"POST","path":"/api/v1/uploads","status":201,"duration_ms":7}
{"event":"http.request","request_id":"aa7ba14c-b864-43dd-881d-92e074053d1c","method":"POST","path":"/api/v1/uploads/b1ca239d-1328-4557-a97b-e9452b8cb749/parts","status":200,"duration_ms":4}
{"event":"http.request","request_id":"9160d8fa-79c4-42cc-bba1-1841d2df679e","method":"PUT","path":"/api/v1/uploads/b1ca239d-1328-4557-a97b-e9452b8cb749/parts/1","status":200,"duration_ms":5}
{"event":"http.request","request_id":"4e328c13-66e0-4c24-9952-8f08376cd717","method":"POST","path":"/api/v1/uploads/b1ca239d-1328-4557-a97b-e9452b8cb749/complete","status":200,"duration_ms":8}
{"event":"http.request","request_id":"4791bcb0-913b-48e6-8582-1d466bfa4e58","method":"POST","path":"/api/v1/contents","status":201,"duration_ms":5}
{"event":"http.request","request_id":"fd1b44a0-8355-4b48-bdd5-51f2e090b169","method":"POST","path":"/api/v1/contents/62e40d35-632d-43d2-a999-8f9729247e80/revisions","status":201,"duration_ms":5}
{"event":"http.request","request_id":"61473d65-1a7b-4eb9-abcc-c0a83f7ec704","method":"POST","path":"/api/v1/contents/62e40d35-632d-43d2-a999-8f9729247e80/submit-review","status":201,"duration_ms":4}
{"event":"http.request","request_id":"22f276ca-1365-444b-b31d-10cd44a48043","method":"POST","path":"/api/v1/reviews/ee2cc3e9-3110-4efd-b95a-0cd60b746d4a/decide","status":200,"duration_ms":5}
{"event":"http.request","request_id":"41109147-1976-4163-92be-3feff79063c6","method":"GET","path":"/api/v1/contents/62e40d35-632d-43d2-a999-8f9729247e80","status":200,"duration_ms":2}
{"event":"http.request","request_id":"4504da39-477b-456a-81e0-86148657c4ba","method":"POST","path":"/api/v1/publications","status":409,"duration_ms":4}
✔ 缺笔记ID暂存不算发布，正式登记锁定批准版本、账号和唯一笔记并持久回收事件 (197.791ms)
{"event":"http.request","request_id":"b43de72d-b343-42e1-8c48-bf0fe7c042db","method":"POST","path":"/api/v1/uploads","status":201,"duration_ms":5}
{"event":"http.request","request_id":"8e20e051-6180-4930-a13c-c8ecc0970f1f","method":"POST","path":"/api/v1/uploads/f4b23d84-80c1-493f-8431-d78caf86ccdf/parts","status":200,"duration_ms":3}
{"event":"http.request","request_id":"239a5e8c-eb11-4f84-84b0-ba08e3a31d94","method":"PUT","path":"/api/v1/uploads/f4b23d84-80c1-493f-8431-d78caf86ccdf/parts/1","status":200,"duration_ms":4}
{"event":"http.request","request_id":"a5b3691d-1916-470f-b497-e16d34f09e3f","method":"POST","path":"/api/v1/uploads/f4b23d84-80c1-493f-8431-d78caf86ccdf/complete","status":200,"duration_ms":8}
{"event":"http.request","request_id":"5504a2e1-b73d-4302-a154-8966f62167a7","method":"POST","path":"/api/v1/contents","status":201,"duration_ms":4}
{"event":"http.request","request_id":"5ce7fc60-d535-4ce1-80ca-b7bd489c06a3","method":"POST","path":"/api/v1/contents/33376019-944e-4cfb-b931-85743297626b/revisions","status":201,"duration_ms":5}
{"event":"http.request","request_id":"b5e5fc4c-b927-4d06-9e59-3269f8f81968","method":"POST","path":"/api/v1/contents/33376019-944e-4cfb-b931-85743297626b/submit-review","status":201,"duration_ms":5}
{"event":"http.request","request_id":"92b750f6-3968-49f5-8ad7-6467386e0ca1","method":"POST","path":"/api/v1/reviews/b0cf1768-53bc-4b7d-ae93-b0c32875eb6b/decide","status":200,"duration_ms":5}
{"event":"http.request","request_id":"9fd9ee3b-3b3c-4b2d-9e65-7ffc4f193eb5","method":"GET","path":"/api/v1/contents/33376019-944e-4cfb-b931-85743297626b","status":200,"duration_ms":2}
{"event":"http.request","request_id":"e8ab220a-e348-4446-8a77-4528dc17b5c5","method":"POST","path":"/api/v1/publications","status":201,"duration_ms":5}
{"event":"http.request","request_id":"e7a133e9-d99b-40a4-8bca-f2e6c7ba2841","method":"GET","path":"/api/v1/contents/33376019-944e-4cfb-b931-85743297626b","status":200,"duration_ms":2}
{"event":"http.request","request_id":"ca381d12-0516-49b4-8830-79d471db38ab","method":"POST","path":"/api/v1/contents/33376019-944e-4cfb-b931-85743297626b/create-revision-work-item","status":201,"duration_ms":7}
{"event":"http.request","request_id":"ec78bd3b-f955-4b28-8962-7f50d2632cf2","method":"GET","path":"/api/v1/contents/2571621c-c423-4622-b229-5a77f112cf33","status":200,"duration_ms":2}
{"event":"http.request","request_id":"f9f21a62-9bab-42c6-9861-2595f18a6a43","method":"GET","path":"/api/v1/contents/33376019-944e-4cfb-b931-85743297626b","status":200,"duration_ms":2}
{"event":"http.request","request_id":"5257a93d-1aa9-4543-8a8e-518033b45598","method":"GET","path":"/api/v1/publications/6bed08a9-b2ef-4146-ac6f-4e84d09de7a1","status":200,"duration_ms":3}
✔ 已发布内容派生独立修订工作项，原稿和文件归档保持不变 (70.619458ms)
{"event":"http.request","request_id":"c0305369-5197-46a5-9f62-e3ec236085b4","method":"POST","path":"/api/v1/uploads","status":201,"duration_ms":5}
{"event":"http.request","request_id":"48397394-249a-4812-bd43-62b236836280","method":"POST","path":"/api/v1/uploads/6abd92d0-d43c-4820-b56b-0f1ab9bb5527/parts","status":200,"duration_ms":3}
{"event":"http.request","request_id":"57abac6a-f048-4f0b-93d4-21ec278f992a","method":"PUT","path":"/api/v1/uploads/6abd92d0-d43c-4820-b56b-0f1ab9bb5527/parts/1","status":200,"duration_ms":4}
{"event":"http.request","request_id":"f1517b96-7981-44ae-b152-1637204bc8d6","method":"POST","path":"/api/v1/uploads/6abd92d0-d43c-4820-b56b-0f1ab9bb5527/complete","status":200,"duration_ms":14}
{"event":"http.request","request_id":"326be913-7443-4cf1-9588-3b0471bca5b2","method":"POST","path":"/api/v1/contents","status":201,"duration_ms":5}
{"event":"http.request","request_id":"07275a2b-b0e2-49d3-8106-35a85ff52f4b","method":"POST","path":"/api/v1/contents/b7386d5b-4687-4282-ab08-fab739d9e758/revisions","status":201,"duration_ms":5}
{"event":"http.request","request_id":"3a326c4d-9860-4f13-b541-51464bee3038","method":"POST","path":"/api/v1/contents/b7386d5b-4687-4282-ab08-fab739d9e758/submit-review","status":201,"duration_ms":4}
{"event":"http.request","request_id":"4b8f89ed-64f5-42c0-a3ad-10bf279cf269","method":"POST","path":"/api/v1/reviews/f86e9b9f-47bc-413e-8581-7569d6fc6874/decide","status":200,"duration_ms":4}
{"event":"http.request","request_id":"be6f8a02-0126-4dca-b53a-dfbb1ea4f5fd","method":"GET","path":"/api/v1/contents/b7386d5b-4687-4282-ab08-fab739d9e758","status":200,"duration_ms":2}
{"event":"http.request","request_id":"5b04a304-8beb-413d-a7f1-3e47c3acd96d","method":"POST","path":"/api/v1/publications","status":201,"duration_ms":5}
{"event":"http.request","request_id":"930e5ad7-7449-4a60-8a5e-84644859b61c","method":"GET","path":"/api/v1/contents/b7386d5b-4687-4282-ab08-fab739d9e758","status":200,"duration_ms":2}
{"event":"http.request","request_id":"b4a1acde-53f9-4fa6-8dd6-fd9bf73be663","method":"POST","path":"/api/v1/contents/b7386d5b-4687-4282-ab08-fab739d9e758/create-revision-work-item","status":201,"duration_ms":7}
{"event":"http.request","request_id":"65f3d9f7-2a0e-4edf-9ac3-99c65960fe62","method":"GET","path":"/api/v1/contents/02cb2a61-a5de-4c79-b7eb-ed0eb5252bc3","status":200,"duration_ms":3}
{"event":"http.request","request_id":"14997c7f-e2db-4e83-af72-63bfe546ef2b","method":"POST","path":"/api/v1/publications/99529d14-98bc-48a3-999b-614f2dea6350/changes","status":409,"duration_ms":4}
{"event":"http.request","request_id":"6a2732b8-a799-4270-a46a-f82f621c716a","method":"POST","path":"/api/v1/contents/02cb2a61-a5de-4c79-b7eb-ed0eb5252bc3/revisions","status":201,"duration_ms":5}
{"event":"http.request","request_id":"c038b633-b1da-4908-8207-107695a82911","method":"POST","path":"/api/v1/contents/02cb2a61-a5de-4c79-b7eb-ed0eb5252bc3/submit-review","status":201,"duration_ms":4}
{"event":"http.request","request_id":"d3ca3584-821d-4e93-b9f1-bd08cedb7e08","method":"POST","path":"/api/v1/reviews/ab3b1be8-9398-4f6a-84cb-ff6f622ca7f1/decide","status":200,"duration_ms":5}
{"event":"http.request","request_id":"fd1931ba-bafb-47b6-bed1-77a222e86af7","method":"GET","path":"/api/v1/contents/02cb2a61-a5de-4c79-b7eb-ed0eb5252bc3","status":200,"duration_ms":3}
{"event":"http.request","request_id":"c12cfde7-cda1-4cc7-b7ad-9272ff1b45ea","method":"POST","path":"/api/v1/publications/99529d14-98bc-48a3-999b-614f2dea6350/changes","status":201,"duration_ms":6}
{"event":"http.request","request_id":"3fb80d04-dd2c-4f82-a355-a8224437fb58","method":"POST","path":"/api/v1/publications/99529d14-98bc-48a3-999b-614f2dea6350/changes","status":409,"duration_ms":7}
{"event":"http.request","request_id":"4a04b286-6005-4373-be3b-54834d251dc2","method":"GET","path":"/api/v1/publications/99529d14-98bc-48a3-999b-614f2dea6350","status":200,"duration_ms":2}
{"event":"http.request","request_id":"b7b148c4-e0e8-4853-baad-dcb3f68979fd","method":"GET","path":"/api/v1/contents/02cb2a61-a5de-4c79-b7eb-ed0eb5252bc3","status":200,"duration_ms":2}
{"event":"http.request","request_id":"c6b7d935-69d7-4be6-ad9a-a3a6ea3f9bbc","method":"GET","path":"/api/v1/contents/b7386d5b-4687-4282-ab08-fab739d9e758","status":200,"duration_ms":2}
✔ 外部编辑必须关联重新批准的修订工作项，初次版本不变并拒绝重复并发确认 (118.469291ms)
{"event":"http.request","request_id":"1bea9a90-1a42-4f19-89b1-123a2d3cd499","method":"POST","path":"/api/v1/uploads","status":201,"duration_ms":5}
{"event":"http.request","request_id":"5f60deff-5e9f-4582-b492-d66b8a495770","method":"POST","path":"/api/v1/uploads/e7abaf4d-337f-4fa1-aadd-3d31339075bf/parts","status":200,"duration_ms":3}
{"event":"http.request","request_id":"710e11b3-20d4-4a58-99d4-b9e06d56c8de","method":"PUT","path":"/api/v1/uploads/e7abaf4d-337f-4fa1-aadd-3d31339075bf/parts/1","status":200,"duration_ms":3}
{"event":"http.request","request_id":"d3b185a2-5d25-4655-bcf3-1588b65c8432","method":"POST","path":"/api/v1/uploads/e7abaf4d-337f-4fa1-aadd-3d31339075bf/complete","status":200,"duration_ms":6}
{"event":"http.request","request_id":"6596cc0e-b0a8-417f-86d8-69c98c4ffc0c","method":"POST","path":"/api/v1/contents","status":201,"duration_ms":4}
{"event":"http.request","request_id":"00cf6d3e-0117-48ad-afab-dc1d861aaa27","method":"POST","path":"/api/v1/contents/ded65801-dd1e-4983-884c-1993ccf3b40b/revisions","status":201,"duration_ms":5}
{"event":"http.request","request_id":"dea199aa-ada8-4f16-8b4a-89e366572320","method":"POST","path":"/api/v1/contents/ded65801-dd1e-4983-884c-1993ccf3b40b/submit-review","status":201,"duration_ms":4}
{"event":"http.request","request_id":"984599cb-9429-4458-97ec-6203ac67a6ee","method":"POST","path":"/api/v1/reviews/12d6c9a6-e953-452d-86b1-f20c4108c438/decide","status":200,"duration_ms":5}
{"event":"http.request","request_id":"0b853a1f-296b-4893-8130-96ef24778a12","method":"GET","path":"/api/v1/contents/ded65801-dd1e-4983-884c-1993ccf3b40b","status":200,"duration_ms":3}
{"event":"http.request","request_id":"fc541393-f2bf-484b-b5cd-5cda8ba7c001","method":"POST","path":"/api/v1/publications","status":201,"duration_ms":5}
{"event":"http.request","request_id":"853689e1-57c7-460e-975a-a6e8bfa095c8","method":"POST","path":"/api/v1/publications/ed82a3eb-1789-4215-ad5b-9442c2b01a4e/changes","status":201,"duration_ms":4}
{"event":"http.request","request_id":"8a88cb15-1440-4230-a880-515b0a1aba98","method":"GET","path":"/api/v1/publications/ed82a3eb-1789-4215-ad5b-9442c2b01a4e","status":200,"duration_ms":2}
{"event":"http.request","request_id":"91e2b286-5a86-4cd8-ae39-1b28bf51cf21","method":"POST","path":"/api/v1/publications/ed82a3eb-1789-4215-ad5b-9442c2b01a4e/changes","status":409,"duration_ms":3}
{"event":"http.request","request_id":"0fb2705c-4f36-46c1-a91c-163eb7449c03","method":"GET","path":"/api/v1/contents/ded65801-dd1e-4983-884c-1993ccf3b40b","status":200,"duration_ms":2}
{"event":"http.request","request_id":"85d26bea-f062-4a68-907b-9f5f35bd8f32","method":"POST","path":"/api/v1/contents/ded65801-dd1e-4983-884c-1993ccf3b40b/create-revision-work-item","status":201,"duration_ms":6}
{"event":"http.request","request_id":"7ec85dff-0333-4cbc-93e6-a63d31ed1740","method":"GET","path":"/api/v1/contents/026af74c-1ab1-4e70-b0d5-8833a2727209","status":200,"duration_ms":2}
{"event":"http.request","request_id":"8a3c0142-9f50-467b-a9a3-1b2b29d2dbc1","method":"POST","path":"/api/v1/contents/026af74c-1ab1-4e70-b0d5-8833a2727209/submit-review","status":201,"duration_ms":4}
{"event":"http.request","request_id":"b6cf1aa1-d6da-4ff5-8439-cfc755e4fbaa","method":"POST","path":"/api/v1/reviews/7164f32e-8603-4e40-8957-1383c0e692c2/decide","status":200,"duration_ms":5}
{"event":"http.request","request_id":"c0fc6f7a-41c7-4eb2-afbe-86587f200596","method":"GET","path":"/api/v1/contents/026af74c-1ab1-4e70-b0d5-8833a2727209","status":200,"duration_ms":2}
{"event":"http.request","request_id":"fc0142d1-1208-4d6f-9a79-f181a20a282b","method":"POST","path":"/api/v1/publications","status":201,"duration_ms":4}
{"event":"http.request","request_id":"792a9697-0023-4319-8d4f-7c37fec1b7bb","method":"POST","path":"/api/v1/publications/ed82a3eb-1789-4215-ad5b-9442c2b01a4e/changes","status":422,"duration_ms":3}
{"event":"http.request","request_id":"644007cc-a317-466d-9d7a-b6188fe091d4","method":"POST","path":"/api/v1/publications/ed82a3eb-1789-4215-ad5b-9442c2b01a4e/changes","status":201,"duration_ms":5}
{"event":"http.request","request_id":"8b78e2f8-aab7-4601-9af4-c2eb9861d38a","method":"GET","path":"/api/v1/publications/ed82a3eb-1789-4215-ad5b-9442c2b01a4e","status":200,"duration_ms":3}
✔ 删除保留发布历史，重发必须登记同账号新笔记并单独关联 (101.51525ms)
{"event":"http.request","request_id":"89462426-9d9f-4467-b0aa-2d8cdf97599f","method":"POST","path":"/api/v1/uploads","status":201,"duration_ms":5}
{"event":"http.request","request_id":"8ee1b2ae-d2ad-42a2-82f5-5d40ce1b8467","method":"POST","path":"/api/v1/uploads/3ce6eb91-6b9d-4073-9314-b9e3610bf745/parts","status":200,"duration_ms":3}
{"event":"http.request","request_id":"58403509-88cc-4132-ae5b-66a13159ea00","method":"PUT","path":"/api/v1/uploads/3ce6eb91-6b9d-4073-9314-b9e3610bf745/parts/1","status":200,"duration_ms":4}
{"event":"http.request","request_id":"657f1ce3-e1c4-4d75-ac97-ba7e418a2274","method":"POST","path":"/api/v1/uploads/3ce6eb91-6b9d-4073-9314-b9e3610bf745/complete","status":200,"duration_ms":6}
{"event":"http.request","request_id":"be8c347e-b8c1-4840-92e3-543d31e6ab97","method":"POST","path":"/api/v1/contents","status":201,"duration_ms":4}
{"event":"http.request","request_id":"c03bb4f9-925a-40d3-937a-9cf85ee8ae11","method":"POST","path":"/api/v1/contents/75c8d66b-256a-4d40-991e-743631303af3/revisions","status":201,"duration_ms":5}
{"event":"http.request","request_id":"6e279cdc-cf59-478e-9cb9-4e522beea1ed","method":"POST","path":"/api/v1/contents/75c8d66b-256a-4d40-991e-743631303af3/check","status":200,"duration_ms":4}
{"event":"http.request","request_id":"fdaceae1-547d-40db-a96b-4c7dd48bb29a","method":"GET","path":"/api/v1/contents/75c8d66b-256a-4d40-991e-743631303af3","status":200,"duration_ms":2}
✔ 品牌辅助检查给出可追溯建议，不改变审核或自动批准 (40.879833ms)
{"event":"http.request","request_id":"fe60b891-c6db-43a1-b103-339641eb5d92","method":"POST","path":"/api/v1/uploads","status":201,"duration_ms":5}
{"event":"http.request","request_id":"d8c04872-a244-4dc1-b857-518ee106c06c","method":"POST","path":"/api/v1/uploads/0f0d72e1-da6c-47fe-99af-5437fde01d19/parts","status":200,"duration_ms":3}
{"event":"http.request","request_id":"b62f8ac4-7181-4940-8e19-030791efeb74","method":"PUT","path":"/api/v1/uploads/0f0d72e1-da6c-47fe-99af-5437fde01d19/parts/1","status":200,"duration_ms":3}
{"event":"http.request","request_id":"2dd81582-a99b-4a4d-afc0-44147405251b","method":"POST","path":"/api/v1/uploads/0f0d72e1-da6c-47fe-99af-5437fde01d19/complete","status":200,"duration_ms":6}
{"event":"http.request","request_id":"93838b14-76fd-44d1-b2b2-3fe0c55304e4","method":"POST","path":"/api/v1/contents","status":201,"duration_ms":4}
{"event":"http.request","request_id":"c412f4f2-1f77-489a-ab0c-84b59d7b2a0f","method":"POST","path":"/api/v1/contents/2f3a591e-b63c-4b2a-9b36-3baf9888618f/revisions","status":201,"duration_ms":5}
{"event":"http.request","request_id":"c970b62e-66a9-40d4-a29e-9b806004eaf0","method":"POST","path":"/api/v1/contents/2f3a591e-b63c-4b2a-9b36-3baf9888618f/submit-review","status":201,"duration_ms":4}
{"event":"http.request","request_id":"b7363883-86b4-4f29-a5bb-35b57eea6fb3","method":"POST","path":"/api/v1/reviews/9134b16b-3829-4560-8e60-5e0d974afff3/decide","status":200,"duration_ms":5}
{"event":"http.request","request_id":"ab3e2785-6b91-4679-8890-769d1b0464b1","method":"GET","path":"/api/v1/contents/2f3a591e-b63c-4b2a-9b36-3baf9888618f","status":200,"duration_ms":2}
{"event":"http.request","request_id":"adfa8a76-6f65-44bb-81ef-9017e7077b8d","method":"POST","path":"/api/v1/contents/2f3a591e-b63c-4b2a-9b36-3baf9888618f/export-package","status":202,"duration_ms":5}
{"event":"http.request","request_id":"28eb6d84-8d3b-4a7c-b905-4b5ad05c16da","method":"POST","path":"/api/v1/jobs/4a2bb620-22a6-4a5c-9f70-2b1c3b05edfe/cancel","status":200,"duration_ms":4}
{"event":"http.request","request_id":"ff5cb6f2-76d7-43c8-9d2a-fe10354e7adf","method":"GET","path":"/api/v1/export-packages/2b29c529-33e2-4fdc-beb9-cb122136c216","status":200,"duration_ms":1}
{"event":"http.request","request_id":"0d51628b-6fa4-4826-9c90-843d30a24609","method":"POST","path":"/api/v1/contents/2f3a591e-b63c-4b2a-9b36-3baf9888618f/export-package","status":202,"duration_ms":4}
{"event":"http.request","request_id":"d75c7467-e3d3-4960-be0e-a113e301413b","method":"GET","path":"/api/v1/jobs/96b80917-c650-49ee-889b-1637f53c66cf","status":200,"duration_ms":1}
{"event":"http.request","request_id":"b4f60b18-0c39-42bc-8ae8-a15f9c29c681","method":"POST","path":"/api/v1/contents/2f3a591e-b63c-4b2a-9b36-3baf9888618f/cancel","status":200,"duration_ms":5}
{"event":"http.request","request_id":"74671e1b-5b3a-40c5-b9a8-24610a90fe96","method":"GET","path":"/api/v1/jobs/96b80917-c650-49ee-889b-1637f53c66cf","status":200,"duration_ms":1}
{"event":"http.request","request_id":"c236ab17-6190-46a6-a9f8-c37fefd62a26","method":"POST","path":"/api/v1/contents/2f3a591e-b63c-4b2a-9b36-3baf9888618f/export-package","status":409,"duration_ms":3}
✔ 取消发布包后可对同一批准版本重新排队，内容取消同时终止待处理导出 (79.379042ms)
ℹ tests 17
ℹ suites 0
ℹ pass 17
ℹ fail 0
ℹ cancelled 0
ℹ skipped 0
ℹ todo 0
ℹ duration_ms 3340.226208
