{"event":"http.request","request_id":"62f0f2f5-53af-4907-b70f-6b989da508a2","method":"GET","path":"/api/v1/auth/csrf","status":200,"duration_ms":7}
{"event":"http.request","request_id":"847884c0-cb63-40ca-a9ca-daf25495498e","method":"POST","path":"/api/v1/setup","status":201,"duration_ms":34}
{"event":"http.request","request_id":"fd63557c-f3e3-4dff-9155-642b0999f3fe","method":"GET","path":"/api/v1/auth/csrf","status":200,"duration_ms":1}
{"event":"http.request","request_id":"349b2790-f187-4522-86b0-4ff921f05fd9","method":"POST","path":"/api/v1/auth/login","status":200,"duration_ms":23}
{"event":"http.request","request_id":"51a29d4e-402d-4ed9-8178-2343e4d4503f","method":"GET","path":"/api/v1/me","status":200,"duration_ms":79}
{"event":"http.request","request_id":"3a99df66-acb6-4442-9406-b188bbbea231","method":"POST","path":"/api/v1/accounts","status":201,"duration_ms":9}
{"event":"http.request","request_id":"e3e20e45-10e3-47f2-ae3b-ad314a052c42","method":"POST","path":"/api/v1/contents","status":201,"duration_ms":10}
{"event":"http.request","request_id":"9065838d-48d3-45c7-bc4f-c51db1765613","method":"GET","path":"/api/v1/contents/700b4986-94b6-4b2d-8def-83a924273b83","status":200,"duration_ms":5}
{"event":"http.request","request_id":"122b9471-6197-432a-a516-126c8acca1ec","method":"POST","path":"/api/v1/contents/700b4986-94b6-4b2d-8def-83a924273b83/revisions","status":201,"duration_ms":8}
{"event":"http.request","request_id":"a439356b-5729-4bfe-a3d4-250521dab905","method":"GET","path":"/api/v1/contents/700b4986-94b6-4b2d-8def-83a924273b83","status":200,"duration_ms":3}
✔ 人工新建图文后保存逐页文案，再从详情恢复原始快照 (390.91725ms)
{"event":"http.request","request_id":"b0caf362-9861-4a2d-b5d9-7f1b340100bc","method":"POST","path":"/api/v1/contents","status":201,"duration_ms":6}
{"event":"http.request","request_id":"b49f8efe-eca5-4c26-af1e-e1c8ea9f8125","method":"POST","path":"/api/v1/contents/5913d389-c492-43f2-bfa0-f5e5cb627d47/revisions","status":201,"duration_ms":6}
{"event":"http.request","request_id":"69e7b272-2167-40f6-91e8-1885e75cbffa","method":"POST","path":"/api/v1/contents/5913d389-c492-43f2-bfa0-f5e5cb627d47/revisions","status":409,"duration_ms":9}
{"event":"http.request","request_id":"810f96cd-4d29-46e3-b7c3-32e1f20e9d7f","method":"GET","path":"/api/v1/contents/5913d389-c492-43f2-bfa0-f5e5cb627d47","status":200,"duration_ms":3}
{"event":"http.request","request_id":"617648c5-b0ae-4006-8e57-c5c253a638b0","method":"POST","path":"/api/v1/contents/5913d389-c492-43f2-bfa0-f5e5cb627d47/restore","status":201,"duration_ms":7}
{"event":"http.request","request_id":"05fc0a0e-837a-405e-a5ff-e880ce57a658","method":"GET","path":"/api/v1/contents/5913d389-c492-43f2-bfa0-f5e5cb627d47","status":200,"duration_ms":2}
✔ 同一基础版本并发保存只有一个成功，恢复历史版本产生新快照 (35.064042ms)
{"event":"http.request","request_id":"f4d40944-959b-4796-9fa7-788c4beb8231","method":"POST","path":"/api/v1/members","status":201,"duration_ms":21}
{"event":"http.request","request_id":"1f049833-5ff8-4864-a5f3-54c434bf16b0","method":"GET","path":"/api/v1/auth/csrf","status":200,"duration_ms":1}
{"event":"http.request","request_id":"e4410685-3fe8-46f1-a96c-5c26885cffb6","method":"POST","path":"/api/v1/auth/accept-invite","status":200,"duration_ms":20}
{"event":"http.request","request_id":"ebfb2f2d-cf04-4229-b072-b7cba437a157","method":"GET","path":"/api/v1/auth/csrf","status":200,"duration_ms":1}
{"event":"http.request","request_id":"0b3aa35e-5238-47c4-aacd-e72310e04f4a","method":"POST","path":"/api/v1/auth/login","status":200,"duration_ms":19}
{"event":"http.request","request_id":"764515cb-0cdd-4963-a4c1-ffc446211a24","method":"POST","path":"/api/v1/members","status":201,"duration_ms":22}
{"event":"http.request","request_id":"46c12bd2-6273-45c8-a2fe-602ee3266794","method":"GET","path":"/api/v1/auth/csrf","status":200,"duration_ms":1}
{"event":"http.request","request_id":"ce8c9719-8a1d-4184-a8cf-fd08b3ccfe1b","method":"POST","path":"/api/v1/auth/accept-invite","status":200,"duration_ms":18}
{"event":"http.request","request_id":"d8e3a9db-f239-44e0-bbf2-84b70dfb186c","method":"GET","path":"/api/v1/auth/csrf","status":200,"duration_ms":0}
{"event":"http.request","request_id":"788c7112-f9f0-4e43-ab56-99baa7377f69","method":"POST","path":"/api/v1/auth/login","status":200,"duration_ms":18}
{"event":"http.request","request_id":"d8d3f540-f81a-4acf-94e3-e9da91459dd5","method":"POST","path":"/api/v1/contents","status":201,"duration_ms":5}
{"event":"http.request","request_id":"ce1d89e8-acf0-434b-8d43-621ae13b7db2","method":"POST","path":"/api/v1/contents/f32fd34d-bb66-4b1d-8594-e39a864fbd5c/revisions","status":403,"duration_ms":3}
{"event":"http.request","request_id":"444fee7f-1d93-4361-a4a2-d18b3beadfc5","method":"POST","path":"/api/v1/contents/f32fd34d-bb66-4b1d-8594-e39a864fbd5c/revisions","status":403,"duration_ms":2}
{"event":"http.request","request_id":"1ec28e7d-bad8-4d08-9cab-742aa664b091","method":"POST","path":"/api/v1/contents/f32fd34d-bb66-4b1d-8594-e39a864fbd5c/revisions","status":201,"duration_ms":5}
✔ 运营只能修改发布文案，不能改逐页制作内容；只读不能保存 (152.162459ms)
{"event":"http.request","request_id":"2070574c-4739-4714-95ec-e5a915a07490","method":"POST","path":"/api/v1/contents","status":201,"duration_ms":6}
{"event":"http.request","request_id":"ecedc492-7815-45bf-aaf9-f3cd1d8faafb","method":"POST","path":"/api/v1/contents/03a40ffb-ebcc-43ba-ac71-2256d10b0c16/revisions","status":422,"duration_ms":4}
{"event":"http.request","request_id":"7f5285fb-b027-4413-84fb-1b1b60b12636","method":"POST","path":"/api/v1/uploads","status":201,"duration_ms":8}
{"event":"http.request","request_id":"b2834df2-217b-4803-bbe9-75dddcbd153c","method":"POST","path":"/api/v1/uploads/eb686de4-3bd6-4bc9-ba52-c396759cae13/parts","status":200,"duration_ms":7}
{"event":"http.request","request_id":"6af181fd-db95-4f03-b67f-91be3850dfda","method":"PUT","path":"/api/v1/uploads/eb686de4-3bd6-4bc9-ba52-c396759cae13/parts/1","status":200,"duration_ms":7}
{"event":"http.request","request_id":"1480e503-99d2-4162-8193-02d27779d38d","method":"POST","path":"/api/v1/uploads/eb686de4-3bd6-4bc9-ba52-c396759cae13/complete","status":200,"duration_ms":10}
{"event":"http.request","request_id":"28c8123f-39b5-428c-bc7f-d3574bbedb77","method":"POST","path":"/api/v1/contents/03a40ffb-ebcc-43ba-ac71-2256d10b0c16/revisions","status":422,"duration_ms":4}
{"event":"http.request","request_id":"4b0c63d8-10fc-47a9-ba46-66beef372ae7","method":"POST","path":"/api/v1/uploads","status":201,"duration_ms":5}
{"event":"http.request","request_id":"e8dcb7af-b924-487b-9dd7-317d48137d1f","method":"POST","path":"/api/v1/uploads/424feee0-000e-4b3c-8a2d-86dc70d8dae1/parts","status":200,"duration_ms":4}
{"event":"http.request","request_id":"edb9f354-ca77-4498-ac2f-e215ef13cdaa","method":"PUT","path":"/api/v1/uploads/424feee0-000e-4b3c-8a2d-86dc70d8dae1/parts/1","status":200,"duration_ms":4}
{"event":"http.request","request_id":"a03e2008-2937-479b-a14b-4f1b46f27636","method":"POST","path":"/api/v1/uploads/424feee0-000e-4b3c-8a2d-86dc70d8dae1/complete","status":200,"duration_ms":8}
{"event":"http.request","request_id":"4d97b15d-c41d-4c06-9be9-967b6f4add62","method":"POST","path":"/api/v1/contents/03a40ffb-ebcc-43ba-ac71-2256d10b0c16/revisions","status":201,"duration_ms":5}
{"event":"http.request","request_id":"120b2ace-ee5c-4857-a8b4-1dbcbf26a6fe","method":"GET","path":"/api/v1/contents/03a40ffb-ebcc-43ba-ac71-2256d10b0c16","status":200,"duration_ms":2}
✔ 图文成品只关联同空间已上传PNG原件，无效文件和PDF不能保存为发布图片 (102.841625ms)
{"event":"http.request","request_id":"d92eed35-93eb-4c90-86b6-fcc1ba0012c7","method":"POST","path":"/api/v1/contents","status":201,"duration_ms":5}
{"event":"http.request","request_id":"d958b4cd-f27c-4cae-b947-873742318f1a","method":"PATCH","path":"/api/v1/contents/6eed801c-53f4-4c7a-bc4c-4c137bb7a749","status":200,"duration_ms":4}
{"event":"http.request","request_id":"db4c0905-3a03-4417-b059-9c24a0784ecc","method":"GET","path":"/api/v1/contents","status":200,"duration_ms":2}
{"event":"http.request","request_id":"dafa0fc4-f6bf-4a14-9fb5-0cf438e4d101","method":"GET","path":"/api/v1/contents","status":200,"duration_ms":1}
{"event":"http.request","request_id":"5a29d605-5c06-48a5-82dd-73a1bf8a7119","method":"GET","path":"/api/v1/contents","status":422,"duration_ms":1}
✔ 内容列表按形式、状态、负责人和计划时间过滤，非法筛选拒绝 (21.739708ms)
{"event":"http.request","request_id":"47eed455-6a48-40c4-a3a5-38264a101c30","method":"POST","path":"/api/v1/contents","status":201,"duration_ms":5}
{"event":"http.request","request_id":"d033a251-7b84-434c-b3f4-761761e709c6","method":"POST","path":"/api/v1/contents/ec2c67b9-9eed-4d39-ace5-6c74e085c7eb/submit-review","status":422,"duration_ms":6}
{"event":"http.request","request_id":"f15f7d9c-501a-406e-9090-99590efd14c6","method":"POST","path":"/api/v1/uploads","status":201,"duration_ms":6}
{"event":"http.request","request_id":"9b4cdec9-2b1f-4635-ab4e-0420ff4a2f70","method":"POST","path":"/api/v1/uploads/2a070acd-8c8e-4ab3-8b8a-32719bcb1bf6/parts","status":200,"duration_ms":3}
{"event":"http.request","request_id":"b80c2f4d-c32e-432c-8b3d-1e47f134c211","method":"PUT","path":"/api/v1/uploads/2a070acd-8c8e-4ab3-8b8a-32719bcb1bf6/parts/1","status":200,"duration_ms":4}
{"event":"http.request","request_id":"45cb48fe-b7f9-4bbd-aba2-690f86ab358b","method":"POST","path":"/api/v1/uploads/2a070acd-8c8e-4ab3-8b8a-32719bcb1bf6/complete","status":200,"duration_ms":8}
{"event":"http.request","request_id":"f26d8265-71ba-441f-ad0e-222bd8fe5f9a","method":"POST","path":"/api/v1/contents","status":201,"duration_ms":5}
{"event":"http.request","request_id":"8b3f2aa4-ebab-44a0-aa6e-67c5a08b8e83","method":"POST","path":"/api/v1/contents/0666ae61-7465-4e0a-8421-762e27585562/revisions","status":201,"duration_ms":5}
{"event":"http.request","request_id":"273f7ab6-8711-4983-a7ae-42e5bc4cceb7","method":"POST","path":"/api/v1/contents/0666ae61-7465-4e0a-8421-762e27585562/submit-review","status":201,"duration_ms":5}
{"event":"http.request","request_id":"3590f636-3eb9-4ad1-b30b-c155cbc260a5","method":"GET","path":"/api/v1/contents/0666ae61-7465-4e0a-8421-762e27585562","status":200,"duration_ms":2}
{"event":"http.request","request_id":"fedf1922-d747-4bb5-925a-13c6ba743689","method":"POST","path":"/api/v1/reviews/782d69bd-3dbb-4809-a051-dc2b9ff27df9/decide","status":200,"duration_ms":10}
{"event":"http.request","request_id":"4c519e41-00ed-4ad6-ac2d-98ca7b470129","method":"GET","path":"/api/v1/contents/0666ae61-7465-4e0a-8421-762e27585562","status":200,"duration_ms":2}
✔ 提交审核拒绝缺失成品，完整PNG图文冻结并由有权成员显式批准 (170.352667ms)
{"event":"http.request","request_id":"69695143-186a-4f91-a0e3-529eb5305cef","method":"POST","path":"/api/v1/uploads","status":201,"duration_ms":6}
{"event":"http.request","request_id":"4d560d23-5e78-4dbb-a6b1-92f01ba2bb12","method":"POST","path":"/api/v1/uploads/376683cf-4b2e-4382-a54c-68bc6cb35a14/parts","status":200,"duration_ms":3}
{"event":"http.request","request_id":"d1266c9b-831b-4f2f-aeab-283d4a780d3e","method":"PUT","path":"/api/v1/uploads/376683cf-4b2e-4382-a54c-68bc6cb35a14/parts/1","status":200,"duration_ms":4}
{"event":"http.request","request_id":"ae38bd2a-1b01-4faa-8ed8-d6ecdde014f9","method":"POST","path":"/api/v1/uploads/376683cf-4b2e-4382-a54c-68bc6cb35a14/complete","status":200,"duration_ms":8}
{"event":"http.request","request_id":"cca11567-369a-4fbe-be89-2b6175fc52df","method":"POST","path":"/api/v1/contents","status":201,"duration_ms":4}
{"event":"http.request","request_id":"cb63eb00-3f72-4ffa-a6e8-035e036724b9","method":"POST","path":"/api/v1/contents/ad88fc86-ca2b-4b19-9e13-0c428083e22c/revisions","status":201,"duration_ms":5}
{"event":"http.request","request_id":"16e786aa-b193-4de3-b015-0b86c2ff52b1","method":"POST","path":"/api/v1/contents/ad88fc86-ca2b-4b19-9e13-0c428083e22c/submit-review","status":201,"duration_ms":4}
{"event":"http.request","request_id":"7c779fd0-a5f2-4b07-ad8f-96675dd66f0c","method":"GET","path":"/api/v1/contents/ad88fc86-ca2b-4b19-9e13-0c428083e22c","status":200,"duration_ms":2}
{"event":"http.request","request_id":"cc1fa11a-5250-487c-9b6f-93a881a50bf0","method":"POST","path":"/api/v1/contents/ad88fc86-ca2b-4b19-9e13-0c428083e22c/revisions","status":409,"duration_ms":3}
{"event":"http.request","request_id":"a52810bd-efcf-4a98-8c28-5447ec06ce47","method":"POST","path":"/api/v1/reviews/8ecfffdb-ae2a-4fbe-bcac-3b467c4729ad/withdraw","status":200,"duration_ms":6}
{"event":"http.request","request_id":"63c33949-ab64-4b15-8bf5-00db325ef050","method":"GET","path":"/api/v1/contents/ad88fc86-ca2b-4b19-9e13-0c428083e22c","status":200,"duration_ms":2}
{"event":"http.request","request_id":"2fa2172c-f57f-4b9b-be8e-1ebb6f85d652","method":"POST","path":"/api/v1/contents/ad88fc86-ca2b-4b19-9e13-0c428083e22c/submit-review","status":201,"duration_ms":5}
{"event":"http.request","request_id":"afa1d4ed-5d76-4880-a36e-008b8ee82a50","method":"POST","path":"/api/v1/reviews/1ecc8cb0-94d4-4d59-ad35-8b519bd194f6/decide","status":200,"duration_ms":6}
{"event":"http.request","request_id":"ea3bbba2-b5fc-4cc1-bb5d-b701866ab73c","method":"GET","path":"/api/v1/contents/ad88fc86-ca2b-4b19-9e13-0c428083e22c","status":200,"duration_ms":2}
{"event":"http.request","request_id":"a9d92aeb-799c-41a5-b7e8-97cd92332ccc","method":"POST","path":"/api/v1/contents/ad88fc86-ca2b-4b19-9e13-0c428083e22c/submit-review","status":201,"duration_ms":4}
{"event":"http.request","request_id":"fbb34980-ecd1-4cb7-bb7d-eba6f16ba6d9","method":"POST","path":"/api/v1/reviews/2ee6a4a2-1be4-49e7-9a6b-164ab5c60217/decide","status":200,"duration_ms":5}
{"event":"http.request","request_id":"756907d9-665b-4d4a-9ea2-8dd4446c0286","method":"GET","path":"/api/v1/contents/ad88fc86-ca2b-4b19-9e13-0c428083e22c","status":200,"duration_ms":2}
{"event":"http.request","request_id":"ef60fd72-596d-427c-b266-5007fcd95be8","method":"PATCH","path":"/api/v1/contents/ad88fc86-ca2b-4b19-9e13-0c428083e22c","status":200,"duration_ms":3}
{"event":"http.request","request_id":"7974e95a-0e1d-4fd9-bf99-fb9be4152a46","method":"GET","path":"/api/v1/contents/ad88fc86-ca2b-4b19-9e13-0c428083e22c","status":200,"duration_ms":2}
{"event":"http.request","request_id":"c3ccd0dc-312f-45e2-82e7-b10567f5a953","method":"POST","path":"/api/v1/contents/ad88fc86-ca2b-4b19-9e13-0c428083e22c/revisions","status":201,"duration_ms":5}
{"event":"http.request","request_id":"ba6fd525-9f18-4bfd-b6a2-99231ede337c","method":"GET","path":"/api/v1/contents/ad88fc86-ca2b-4b19-9e13-0c428083e22c","status":200,"duration_ms":2}
✔ 审核中禁止编辑，撤回和退回派生新稿；批准后改载荷重审，内部备注不使批准失效 (96.830584ms)
{"event":"http.request","request_id":"28dde39b-c628-4b18-a8ca-a9dba9213968","method":"POST","path":"/api/v1/members","status":201,"duration_ms":23}
{"event":"http.request","request_id":"0c6016bb-f0a7-4818-871a-7b32f47a0f83","method":"GET","path":"/api/v1/auth/csrf","status":200,"duration_ms":0}
{"event":"http.request","request_id":"8e45dfcb-4d70-4a79-bb9e-19bad0a7458c","method":"POST","path":"/api/v1/auth/accept-invite","status":200,"duration_ms":18}
{"event":"http.request","request_id":"2df1ec82-60a0-4dae-80d0-9d2881d5bddc","method":"GET","path":"/api/v1/auth/csrf","status":200,"duration_ms":1}
{"event":"http.request","request_id":"68cabcdb-1b19-4c09-bbc6-073bcb784acd","method":"POST","path":"/api/v1/auth/login","status":200,"duration_ms":19}
{"event":"http.request","request_id":"8167ca31-6619-4cc1-9aa6-b9adcd10460d","method":"POST","path":"/api/v1/uploads","status":201,"duration_ms":5}
{"event":"http.request","request_id":"ac38c596-b08b-4977-b039-51b137d12589","method":"POST","path":"/api/v1/uploads/4afe6acd-8f3e-4dcf-844f-9dd5e6baafe4/parts","status":200,"duration_ms":3}
{"event":"http.request","request_id":"157b74fa-1c15-48ff-bd6a-667e437edd3c","method":"PUT","path":"/api/v1/uploads/4afe6acd-8f3e-4dcf-844f-9dd5e6baafe4/parts/1","status":200,"duration_ms":3}
{"event":"http.request","request_id":"a84f0f32-cb44-4db3-92e5-76db9b3e1a22","method":"POST","path":"/api/v1/uploads/4afe6acd-8f3e-4dcf-844f-9dd5e6baafe4/complete","status":200,"duration_ms":7}
{"event":"http.request","request_id":"d5ca14fa-8792-4ccf-b7cb-5a66e690d608","method":"POST","path":"/api/v1/contents","status":201,"duration_ms":5}
{"event":"http.request","request_id":"4cdae1f2-7e9f-4819-97a8-86ca0760f2a3","method":"POST","path":"/api/v1/contents/247de022-15f9-486c-adc4-71d48fd4bfdc/revisions","status":201,"duration_ms":5}
{"event":"http.request","request_id":"fba8f155-9614-4bba-a881-f032b2d6712c","method":"POST","path":"/api/v1/contents/247de022-15f9-486c-adc4-71d48fd4bfdc/submit-review","status":201,"duration_ms":4}
{"event":"http.request","request_id":"2b9a0c28-6b4f-4680-b926-e2cb8e8c1738","method":"POST","path":"/api/v1/reviews/a2d6a37a-7415-461e-8bed-6b133fbd2aa0/decide","status":403,"duration_ms":1}
{"event":"http.request","request_id":"478b31c2-aae6-4343-af62-52771dfd56bb","method":"POST","path":"/api/v1/reviews/a2d6a37a-7415-461e-8bed-6b133fbd2aa0/decide","status":200,"duration_ms":5}
{"event":"http.request","request_id":"3e16c67d-bc4f-43b9-acd8-30a7e7cef979","method":"POST","path":"/api/v1/reviews/a2d6a37a-7415-461e-8bed-6b133fbd2aa0/withdraw","status":409,"duration_ms":6}
✔ 制作角色不能批准，批准与撤回并发只有一个事务成功 (114.561708ms)
{"event":"http.request","request_id":"9fce958b-ef12-490c-bfb2-3aa4678bf8ec","method":"POST","path":"/api/v1/uploads","status":201,"duration_ms":5}
{"event":"http.request","request_id":"8fda7812-2b34-4bba-8dda-0d788f02c01a","method":"POST","path":"/api/v1/uploads/a4bfd7a7-9e12-49bd-ae34-7a1ee5fe29a0/parts","status":200,"duration_ms":3}
{"event":"http.request","request_id":"78e8e607-27c7-474a-b0de-5ec3d40e6efc","method":"PUT","path":"/api/v1/uploads/a4bfd7a7-9e12-49bd-ae34-7a1ee5fe29a0/parts/1","status":200,"duration_ms":5}
{"event":"http.request","request_id":"33650dab-63f3-4c67-94fa-2e4385174229","method":"POST","path":"/api/v1/uploads/a4bfd7a7-9e12-49bd-ae34-7a1ee5fe29a0/complete","status":200,"duration_ms":8}
{"event":"http.request","request_id":"3f4a4c8e-5d89-4c4d-b43e-e4fe6b4c7771","method":"POST","path":"/api/v1/contents","status":201,"duration_ms":4}
{"event":"http.request","request_id":"8c142b97-428d-401e-b8f6-6d059b12c31a","method":"POST","path":"/api/v1/contents/22ee24e7-178f-4dd9-aaed-c4fc435eb01e/revisions","status":201,"duration_ms":5}
{"event":"http.request","request_id":"c84322e2-fabc-4c89-95b7-78e5506b932e","method":"POST","path":"/api/v1/assets","status":201,"duration_ms":4}
{"event":"http.request","request_id":"2dae8f15-6ce5-4d29-a5a5-a4adcdaecb9a","method":"POST","path":"/api/v1/assets/8d77de70-3a60-4032-99f8-ba141a923aa6/confirm","status":200,"duration_ms":5}
{"event":"http.request","request_id":"b66b8daa-40f5-4272-81a0-7e606ae6f17b","method":"POST","path":"/api/v1/contents/22ee24e7-178f-4dd9-aaed-c4fc435eb01e/revisions","status":201,"duration_ms":6}
{"event":"http.request","request_id":"7bd7fb95-bf94-4b3b-a911-52a160564b3f","method":"POST","path":"/api/v1/contents/22ee24e7-178f-4dd9-aaed-c4fc435eb01e/submit-review","status":201,"duration_ms":5}
{"event":"http.request","request_id":"dd4bc40a-c3de-4a4d-96f2-c9a25f927752","method":"POST","path":"/api/v1/assets/8d77de70-3a60-4032-99f8-ba141a923aa6/retire","status":200,"duration_ms":4}
{"event":"http.request","request_id":"1635b8d3-1ca7-45d0-9134-69e740c64d7a","method":"POST","path":"/api/v1/reviews/99c21c9b-bead-45d7-a9d5-a2c1ed444187/decide","status":422,"duration_ms":5}
{"event":"http.request","request_id":"cd78d7f1-6003-48b2-9225-104ddaa1f5a1","method":"POST","path":"/api/v1/reviews/99c21c9b-bead-45d7-a9d5-a2c1ed444187/withdraw","status":200,"duration_ms":6}
{"event":"http.request","request_id":"c31d1ad6-5390-4e73-954b-6042f559c3a6","method":"GET","path":"/api/v1/contents/22ee24e7-178f-4dd9-aaed-c4fc435eb01e","status":200,"duration_ms":2}
{"event":"http.request","request_id":"11bcd4a1-b3c7-4ab8-bd53-bf7abeee1055","method":"POST","path":"/api/v1/contents/22ee24e7-178f-4dd9-aaed-c4fc435eb01e/revisions","status":201,"duration_ms":5}
✔ 素材停用阻止批准但仍能撤回修稿，冻结历史引用保留 (93.088792ms)
{"event":"http.request","request_id":"e84ea120-3e38-4c13-8e51-005939636d7b","method":"POST","path":"/api/v1/contents","status":201,"duration_ms":4}
{"event":"http.request","request_id":"c9698efc-d4c6-4cc2-b386-2daf02c24804","method":"POST","path":"/api/v1/contents/f52c71d5-0698-475c-bb1e-0185bb4b6aa9/start-production","status":200,"duration_ms":3}
{"event":"http.request","request_id":"43fe786c-b508-40ed-b55d-29759db8ee34","method":"POST","path":"/api/v1/contents/f52c71d5-0698-475c-bb1e-0185bb4b6aa9/cancel","status":200,"duration_ms":5}
{"event":"http.request","request_id":"0a57c0ed-4763-487d-942e-8e2c1b7a5122","method":"GET","path":"/api/v1/contents/f52c71d5-0698-475c-bb1e-0185bb4b6aa9","status":200,"duration_ms":2}
{"event":"http.request","request_id":"f4593350-9b01-4235-b79b-db425c4a962e","method":"POST","path":"/api/v1/contents/f52c71d5-0698-475c-bb1e-0185bb4b6aa9/submit-review","status":409,"duration_ms":3}
✔ 开始制作保存估时，取消保留理由和版本历史且不能再提审 (20.157792ms)
{"event":"http.request","request_id":"4cb3f74d-5269-40d4-83d4-1fec956c79c6","method":"POST","path":"/api/v1/uploads","status":201,"duration_ms":5}
{"event":"http.request","request_id":"4fb641b2-941b-4ccd-831d-0274171b9e68","method":"POST","path":"/api/v1/uploads/2745f431-ffd0-4f66-b6e1-2310afa1d620/parts","status":200,"duration_ms":8}
{"event":"http.request","request_id":"ad23b30f-ae69-46a2-beb6-3c190b773f3d","method":"PUT","path":"/api/v1/uploads/2745f431-ffd0-4f66-b6e1-2310afa1d620/parts/1","status":200,"duration_ms":5}
{"event":"http.request","request_id":"c11ad6ec-7a14-4be1-a34d-e09ab8db78ba","method":"POST","path":"/api/v1/uploads/2745f431-ffd0-4f66-b6e1-2310afa1d620/complete","status":200,"duration_ms":8}
{"event":"http.request","request_id":"40f8b91d-841a-4580-9be9-c079ef089c0e","method":"POST","path":"/api/v1/contents","status":201,"duration_ms":4}
{"event":"http.request","request_id":"f1bb7992-883a-4216-b4f7-323cde5e99b3","method":"POST","path":"/api/v1/contents/e9a762b3-16ef-4608-ae90-64d7556dd014/revisions","status":201,"duration_ms":5}
{"event":"http.request","request_id":"10c5fe27-b09b-4170-bea1-b833c27846dd","method":"POST","path":"/api/v1/contents/e9a762b3-16ef-4608-ae90-64d7556dd014/submit-review","status":201,"duration_ms":4}
{"event":"http.request","request_id":"a165c4eb-a7a9-4cd3-93dc-5ce32bb8dbd7","method":"POST","path":"/api/v1/reviews/d16ca1c7-1afe-471f-b249-5a7229e91e43/decide","status":200,"duration_ms":5}
{"event":"http.request","request_id":"00223778-aa36-452c-81df-fdf4245db1c3","method":"GET","path":"/api/v1/contents/e9a762b3-16ef-4608-ae90-64d7556dd014","status":200,"duration_ms":2}
{"event":"http.request","request_id":"c715baab-f234-4f22-8f5b-a57b31c0116d","method":"POST","path":"/api/v1/contents/e9a762b3-16ef-4608-ae90-64d7556dd014/export-package","status":202,"duration_ms":6}
{"event":"job.claimed","job_id":"0dd9c0d7-346f-48d0-aa32-d419bcd08001","request_id":"c715baab-f234-4f22-8f5b-a57b31c0116d","pool":"general","attempt":1}
{"event":"http.request","request_id":"29786b23-3bb7-401d-9690-a251fd7441f3","method":"GET","path":"/api/v1/export-packages/4d5dd515-8fa0-49e4-92d5-59c7a64e155f","status":200,"duration_ms":3}
{"event":"http.request","request_id":"b57ad3ee-9f6a-4e59-ad0a-d0cf2a1e698a","method":"GET","path":"/api/v1/export-packages/4d5dd515-8fa0-49e4-92d5-59c7a64e155f","status":200,"duration_ms":5}
{"event":"http.request","request_id":"c1f7e037-28af-47e2-9c4c-e66a5b38f10d","method":"GET","path":"/api/v1/export-packages/4d5dd515-8fa0-49e4-92d5-59c7a64e155f/download","status":200,"duration_ms":25}
{"event":"http.request","request_id":"7e1dc48e-2731-411a-b3f9-35220e306130","method":"POST","path":"/api/v1/contents/e9a762b3-16ef-4608-ae90-64d7556dd014/revisions","status":201,"duration_ms":15}
{"event":"http.request","request_id":"debe87e4-f952-4e45-8e21-7f6ad2fb08de","method":"GET","path":"/api/v1/export-packages/4d5dd515-8fa0-49e4-92d5-59c7a64e155f/download","status":409,"duration_ms":5}
{"event":"http.request","request_id":"5f25efce-4914-4a91-b8ba-26203924bdfd","method":"GET","path":"/api/v1/files/8c13e7aa-ace8-4f0f-ae2c-00c3213e86df/download","status":409,"duration_ms":5}
✔ 发布包异步打包批准版本，下载PNG原件、页序和文案与批准内容一致 (1147.866917ms)
{"event":"http.request","request_id":"29a6ea24-5161-4492-8cb2-e0820b340bf1","method":"POST","path":"/api/v1/uploads","status":201,"duration_ms":11}
{"event":"http.request","request_id":"ac2b6e12-db33-43e6-b68f-4338474aad78","method":"POST","path":"/api/v1/uploads/bcb5e1ad-b539-4e36-a1dc-78edf90a3959/parts","status":200,"duration_ms":6}
{"event":"http.request","request_id":"ddfc6e89-aac1-4f7c-8753-3c9b9c334939","method":"PUT","path":"/api/v1/uploads/bcb5e1ad-b539-4e36-a1dc-78edf90a3959/parts/1","status":200,"duration_ms":7}
{"event":"http.request","request_id":"d10bb9c3-39d8-4c89-91f9-29365b1a1a6c","method":"POST","path":"/api/v1/uploads/bcb5e1ad-b539-4e36-a1dc-78edf90a3959/complete","status":200,"duration_ms":15}
{"event":"http.request","request_id":"9ebe72be-aa62-4074-bc8c-5e5960d8c86e","method":"POST","path":"/api/v1/contents","status":201,"duration_ms":7}
{"event":"http.request","request_id":"65b895af-bf3f-401d-93b2-9dc4dfd5c9a3","method":"POST","path":"/api/v1/contents/898b0959-1571-4477-87bd-735e1dd2978e/revisions","status":201,"duration_ms":7}
{"event":"http.request","request_id":"03a35d9d-eaed-4451-ac53-28ef029a080a","method":"POST","path":"/api/v1/contents/898b0959-1571-4477-87bd-735e1dd2978e/submit-review","status":201,"duration_ms":7}
{"event":"http.request","request_id":"beff0b32-e4a2-4168-b5e2-516d24b0648a","method":"POST","path":"/api/v1/reviews/c4c6ff5f-e485-42e0-9740-4169f2749ba3/decide","status":200,"duration_ms":7}
{"event":"http.request","request_id":"cb1aa1c5-d41d-4f9c-b832-fcabaf1313da","method":"GET","path":"/api/v1/contents/898b0959-1571-4477-87bd-735e1dd2978e","status":200,"duration_ms":3}
{"event":"http.request","request_id":"e31836ef-ef47-47a2-8177-a2ef22b581a5","method":"POST","path":"/api/v1/publication-drafts","status":201,"duration_ms":5}
{"event":"http.request","request_id":"b429cd8b-d52f-4e25-843d-773b0d8d7c5e","method":"GET","path":"/api/v1/contents/898b0959-1571-4477-87bd-735e1dd2978e","status":200,"duration_ms":3}
{"event":"http.request","request_id":"eb43bfec-e4e4-410b-b75a-261f4cfbcefc","method":"POST","path":"/api/v1/publications","status":422,"duration_ms":4}
{"event":"http.request","request_id":"32f5783b-4c72-4980-b002-3ac95b254419","method":"POST","path":"/api/v1/publications","status":422,"duration_ms":3}
{"event":"http.request","request_id":"c147dee3-88a7-41bd-8d4a-a71c905473b5","method":"POST","path":"/api/v1/publications","status":201,"duration_ms":6}
{"event":"http.request","request_id":"82560e44-5dd8-42c0-aaf6-24f121e5435e","method":"GET","path":"/api/v1/contents/898b0959-1571-4477-87bd-735e1dd2978e","status":200,"duration_ms":2}
{"event":"http.request","request_id":"a25ca0c9-5e81-4ebb-8cf1-326a67585879","method":"POST","path":"/api/v1/uploads","status":201,"duration_ms":5}
{"event":"http.request","request_id":"efc07cdf-a2b9-4eba-b64a-ce9957456ab8","method":"POST","path":"/api/v1/uploads/008cf58f-3bdb-4fce-8a96-ce99ec0fc404/parts","status":200,"duration_ms":3}
{"event":"http.request","request_id":"38a1fcb1-3364-4358-9a61-4da43cadc2c6","method":"PUT","path":"/api/v1/uploads/008cf58f-3bdb-4fce-8a96-ce99ec0fc404/parts/1","status":200,"duration_ms":4}
{"event":"http.request","request_id":"9c48fc6c-aaaf-4ffb-a862-fe751d48ef1f","method":"POST","path":"/api/v1/uploads/008cf58f-3bdb-4fce-8a96-ce99ec0fc404/complete","status":200,"duration_ms":8}
{"event":"http.request","request_id":"cc3c8ddb-5379-4f39-a840-3e1cea2f7677","method":"POST","path":"/api/v1/contents","status":201,"duration_ms":5}
{"event":"http.request","request_id":"942a8363-cb17-4f44-b721-e474812a881d","method":"POST","path":"/api/v1/contents/ec6b084b-dac6-437e-9160-398f3ffdd4f1/revisions","status":201,"duration_ms":6}
{"event":"http.request","request_id":"db338f16-66c6-4bff-9353-91185aa5fe64","method":"POST","path":"/api/v1/contents/ec6b084b-dac6-437e-9160-398f3ffdd4f1/submit-review","status":201,"duration_ms":5}
{"event":"http.request","request_id":"41dfee23-e087-4d77-8ffb-9c4cc9a0033a","method":"POST","path":"/api/v1/reviews/dca78276-18ef-466f-957e-579fa7ea3688/decide","status":200,"duration_ms":5}
{"event":"http.request","request_id":"8db8c609-5dc8-434f-b047-3157ae375146","method":"GET","path":"/api/v1/contents/ec6b084b-dac6-437e-9160-398f3ffdd4f1","status":200,"duration_ms":2}
{"event":"http.request","request_id":"bd85e8f2-a0f8-43f4-ba9d-faecc3dc4ae3","method":"POST","path":"/api/v1/publications","status":409,"duration_ms":4}
✔ 缺笔记ID暂存不算发布，正式登记锁定批准版本、账号和唯一笔记并持久回收事件 (183.533958ms)
{"event":"http.request","request_id":"5989e528-d071-423c-8d34-104a27891c3a","method":"POST","path":"/api/v1/uploads","status":201,"duration_ms":5}
{"event":"http.request","request_id":"55828fd5-e257-40b4-9c1d-50bfd92735f5","method":"POST","path":"/api/v1/uploads/6be30d1e-6404-4720-a661-fb90eccdfcc0/parts","status":200,"duration_ms":3}
{"event":"http.request","request_id":"12c3e06f-43ec-41af-8b61-d99634f05471","method":"PUT","path":"/api/v1/uploads/6be30d1e-6404-4720-a661-fb90eccdfcc0/parts/1","status":200,"duration_ms":4}
{"event":"http.request","request_id":"41967cc6-e8b5-40e3-bfbd-b75f13a2ba9f","method":"POST","path":"/api/v1/uploads/6be30d1e-6404-4720-a661-fb90eccdfcc0/complete","status":200,"duration_ms":7}
{"event":"http.request","request_id":"b5de583b-9b2c-4b08-9eec-347d16656f09","method":"POST","path":"/api/v1/contents","status":201,"duration_ms":4}
{"event":"http.request","request_id":"cff7a5c2-3647-4e52-aa40-b54a9083616f","method":"POST","path":"/api/v1/contents/f0689891-71d3-4672-8be9-cf8e38a04fd2/revisions","status":201,"duration_ms":5}
{"event":"http.request","request_id":"fba40bb6-bdbe-4a95-8ff0-9069422ce13a","method":"POST","path":"/api/v1/contents/f0689891-71d3-4672-8be9-cf8e38a04fd2/submit-review","status":201,"duration_ms":5}
{"event":"http.request","request_id":"b879692f-56f5-4d9d-b424-bd423a83a1f7","method":"POST","path":"/api/v1/reviews/786a100f-5b17-4161-9b78-ea0a9c2603e3/decide","status":200,"duration_ms":5}
{"event":"http.request","request_id":"32f063d1-c0ae-49fa-afc4-1fc2f8ad512a","method":"GET","path":"/api/v1/contents/f0689891-71d3-4672-8be9-cf8e38a04fd2","status":200,"duration_ms":2}
{"event":"http.request","request_id":"f1b28bf8-911f-4273-8084-c38f9c6ab9ea","method":"POST","path":"/api/v1/publications","status":201,"duration_ms":4}
{"event":"http.request","request_id":"a8e65cc2-40c0-4b4f-be3c-1833d04f2872","method":"GET","path":"/api/v1/contents/f0689891-71d3-4672-8be9-cf8e38a04fd2","status":200,"duration_ms":2}
{"event":"http.request","request_id":"69688425-3f79-41c2-a9e3-bc82770cc442","method":"POST","path":"/api/v1/contents/f0689891-71d3-4672-8be9-cf8e38a04fd2/create-revision-work-item","status":404,"duration_ms":1}
✖ 已发布内容派生独立修订工作项，原稿和文件归档保持不变 (60.836875ms)
ℹ tests 13
ℹ suites 0
ℹ pass 12
ℹ fail 1
ℹ cancelled 0
ℹ skipped 0
ℹ todo 0
ℹ duration_ms 2957.518916

✖ failing tests:

test at tests/production.test.ts:2:25057
✖ 已发布内容派生独立修订工作项，原稿和文件归档保持不变 (60.836875ms)
  AssertionError [ERR_ASSERTION]: Expected values to be strictly equal:
  
  404 !== 201
  
      at TestContext.<anonymous> (/Users/junlong/projects/social-mdeida-ops-platform/tests/production.test.ts:143:173)
      at process.processTicksAndRejections (node:internal/process/task_queues:104:5)
      at async Test.run (node:internal/test_runner/test:1125:7)
      at async Test.processPendingSubtests (node:internal/test_runner/test:787:7) {
    generatedMessage: true,
    code: 'ERR_ASSERTION',
    actual: 404,
    expected: 201,
    operator: 'strictEqual',
    diff: 'simple'
  }
