{"event":"http.request","request_id":"81c40f1a-2be6-4094-9f26-917577be3174","method":"GET","path":"/api/v1/auth/csrf","status":200,"duration_ms":6}
{"event":"http.request","request_id":"b6a545bc-c6b1-441c-ad86-43ca3d64b126","method":"POST","path":"/api/v1/setup","status":201,"duration_ms":35}
{"event":"http.request","request_id":"5045626e-1c7a-4de1-817d-47c33eb765e4","method":"GET","path":"/api/v1/auth/csrf","status":200,"duration_ms":3}
{"event":"http.request","request_id":"f469a608-2953-4829-bd89-50fb38f6920c","method":"POST","path":"/api/v1/auth/login","status":200,"duration_ms":27}
{"event":"http.request","request_id":"570f67bb-4ab7-490b-bc4b-c81f6fac446f","method":"GET","path":"/api/v1/me","status":200,"duration_ms":81}
{"event":"http.request","request_id":"ac556ab5-fbb8-4e48-a628-e3b76c5b6dca","method":"POST","path":"/api/v1/accounts","status":201,"duration_ms":9}
{"event":"http.request","request_id":"9652b496-6418-4a9c-ba1d-87a29f0b2c41","method":"POST","path":"/api/v1/contents","status":201,"duration_ms":10}
{"event":"http.request","request_id":"e9082985-9ad1-490d-bb21-43db489eeb20","method":"GET","path":"/api/v1/contents/e5269463-1ea3-4b55-915d-11196b3a0694","status":200,"duration_ms":5}
{"event":"http.request","request_id":"2a86cef5-fbe7-4a9a-9fc8-b96f814c57e6","method":"POST","path":"/api/v1/contents/e5269463-1ea3-4b55-915d-11196b3a0694/revisions","status":201,"duration_ms":7}
{"event":"http.request","request_id":"89715465-b075-4bd7-a552-f198bf91c160","method":"GET","path":"/api/v1/contents/e5269463-1ea3-4b55-915d-11196b3a0694","status":200,"duration_ms":3}
✔ 人工新建图文后保存逐页文案，再从详情恢复原始快照 (401.767666ms)
{"event":"http.request","request_id":"df5428cd-543b-4d11-a818-1dce329ea9f9","method":"POST","path":"/api/v1/contents","status":201,"duration_ms":5}
{"event":"http.request","request_id":"bd93459f-2b9f-45fc-aa20-9f4d39148add","method":"POST","path":"/api/v1/contents/30e026ce-180e-4bff-b48a-d2efc61d3949/revisions","status":201,"duration_ms":6}
{"event":"http.request","request_id":"032f5032-cdc1-46ca-93de-0f803fadae34","method":"POST","path":"/api/v1/contents/30e026ce-180e-4bff-b48a-d2efc61d3949/revisions","status":409,"duration_ms":8}
{"event":"http.request","request_id":"aac84d51-d20b-4c39-9bee-4745d6a99409","method":"GET","path":"/api/v1/contents/30e026ce-180e-4bff-b48a-d2efc61d3949","status":200,"duration_ms":3}
{"event":"http.request","request_id":"8b1f8f7c-6be2-440b-8da5-e0bb64fc8bc5","method":"POST","path":"/api/v1/contents/30e026ce-180e-4bff-b48a-d2efc61d3949/restore","status":201,"duration_ms":7}
{"event":"http.request","request_id":"0661a761-7b83-499d-87bd-5928d4b05ceb","method":"GET","path":"/api/v1/contents/30e026ce-180e-4bff-b48a-d2efc61d3949","status":200,"duration_ms":3}
✔ 同一基础版本并发保存只有一个成功，恢复历史版本产生新快照 (33.952042ms)
{"event":"http.request","request_id":"954d3a67-78ae-4142-b043-b11c4c123627","method":"POST","path":"/api/v1/members","status":201,"duration_ms":21}
{"event":"http.request","request_id":"60c903d7-0489-4212-9904-84c265f6d7cf","method":"GET","path":"/api/v1/auth/csrf","status":200,"duration_ms":1}
{"event":"http.request","request_id":"1ad4264b-61a1-42da-9b88-1fb5f7028f93","method":"POST","path":"/api/v1/auth/accept-invite","status":200,"duration_ms":19}
{"event":"http.request","request_id":"fb9ea070-cc4b-4e1f-bc96-7a35146bed63","method":"GET","path":"/api/v1/auth/csrf","status":200,"duration_ms":0}
{"event":"http.request","request_id":"1fc0b3b6-a40d-43d9-a10b-febe0a8def36","method":"POST","path":"/api/v1/auth/login","status":200,"duration_ms":19}
{"event":"http.request","request_id":"281c7ad7-7506-4416-8469-6335d6407eef","method":"POST","path":"/api/v1/members","status":201,"duration_ms":24}
{"event":"http.request","request_id":"bc5b954e-9578-4bbd-900d-8670110aa30e","method":"GET","path":"/api/v1/auth/csrf","status":200,"duration_ms":1}
{"event":"http.request","request_id":"0e2930c3-6dd0-470a-bd43-ae1a9b7fa677","method":"POST","path":"/api/v1/auth/accept-invite","status":200,"duration_ms":18}
{"event":"http.request","request_id":"af4baf7c-0097-4531-a443-60ee2770efaf","method":"GET","path":"/api/v1/auth/csrf","status":200,"duration_ms":3}
{"event":"http.request","request_id":"204d777f-2738-488a-9c1c-1e65e1e0b5a1","method":"POST","path":"/api/v1/auth/login","status":200,"duration_ms":18}
{"event":"http.request","request_id":"f46f0a93-f6c5-4553-8416-3d94c2f47f48","method":"POST","path":"/api/v1/contents","status":201,"duration_ms":5}
{"event":"http.request","request_id":"b5544bd7-cfd6-42d3-ba68-9668b6013542","method":"POST","path":"/api/v1/contents/1f21dfac-9788-4b0a-8635-f070d97a8914/revisions","status":403,"duration_ms":3}
{"event":"http.request","request_id":"73253a1a-26a2-4223-8884-1a18e6ae70b9","method":"POST","path":"/api/v1/contents/1f21dfac-9788-4b0a-8635-f070d97a8914/revisions","status":403,"duration_ms":2}
{"event":"http.request","request_id":"75ae1ea7-9163-4de9-9016-73ed416049a2","method":"POST","path":"/api/v1/contents/1f21dfac-9788-4b0a-8635-f070d97a8914/revisions","status":201,"duration_ms":5}
✔ 运营只能修改发布文案，不能改逐页制作内容；只读不能保存 (154.297584ms)
{"event":"http.request","request_id":"24b37853-8fc7-4da2-a282-5e8ce169aaca","method":"POST","path":"/api/v1/contents","status":201,"duration_ms":6}
{"event":"http.request","request_id":"cabf8509-7d14-4801-b042-5cec56a7fd3d","method":"POST","path":"/api/v1/contents/450f1d83-6aeb-4d64-8e7d-0c7f2e029d91/revisions","status":422,"duration_ms":4}
{"event":"http.request","request_id":"8722bb10-89d2-4658-955b-07897a7654ca","method":"POST","path":"/api/v1/uploads","status":201,"duration_ms":8}
{"event":"http.request","request_id":"e876c824-0f2f-45f8-b302-b2769c3bc970","method":"POST","path":"/api/v1/uploads/bfbf7cca-404e-400b-9334-32ffcb39214c/parts","status":200,"duration_ms":5}
{"event":"http.request","request_id":"f1899066-54c3-4b35-b8b8-39ae52fbcbcc","method":"PUT","path":"/api/v1/uploads/bfbf7cca-404e-400b-9334-32ffcb39214c/parts/1","status":200,"duration_ms":6}
{"event":"http.request","request_id":"b212332f-4a83-4ce8-b5f7-d9ba44e02e26","method":"POST","path":"/api/v1/uploads/bfbf7cca-404e-400b-9334-32ffcb39214c/complete","status":200,"duration_ms":10}
{"event":"http.request","request_id":"46002a22-1c45-4c93-8fd7-71c1fe001e1c","method":"POST","path":"/api/v1/contents/450f1d83-6aeb-4d64-8e7d-0c7f2e029d91/revisions","status":422,"duration_ms":5}
{"event":"http.request","request_id":"145ca846-da49-487a-a83a-099e49479ba8","method":"POST","path":"/api/v1/uploads","status":201,"duration_ms":9}
{"event":"http.request","request_id":"b2ffe97b-16dc-4f02-991c-cb89b267f1f5","method":"POST","path":"/api/v1/uploads/b233f473-d689-46ae-84dc-6156f47b3eba/parts","status":200,"duration_ms":5}
{"event":"http.request","request_id":"46c2faeb-df54-4a24-89af-affed78bb671","method":"PUT","path":"/api/v1/uploads/b233f473-d689-46ae-84dc-6156f47b3eba/parts/1","status":200,"duration_ms":6}
{"event":"http.request","request_id":"86bd36f5-acd2-4002-aa7a-ccea5aa61a79","method":"POST","path":"/api/v1/uploads/b233f473-d689-46ae-84dc-6156f47b3eba/complete","status":200,"duration_ms":9}
{"event":"http.request","request_id":"a7d84d19-1b53-44d2-a8e3-9eb6f4eb1932","method":"POST","path":"/api/v1/contents/450f1d83-6aeb-4d64-8e7d-0c7f2e029d91/revisions","status":201,"duration_ms":6}
{"event":"http.request","request_id":"ecc57a5e-ebb9-46db-a049-180d2bf87919","method":"GET","path":"/api/v1/contents/450f1d83-6aeb-4d64-8e7d-0c7f2e029d91","status":200,"duration_ms":3}
✔ 图文成品只关联同空间已上传PNG原件，无效文件和PDF不能保存为发布图片 (109.612166ms)
{"event":"http.request","request_id":"e282369f-7776-4981-847f-5771c56f0b9f","method":"POST","path":"/api/v1/contents","status":201,"duration_ms":5}
{"event":"http.request","request_id":"97bcedcb-4c6c-4bc5-8ec4-722dbb106312","method":"PATCH","path":"/api/v1/contents/198a40e6-8d28-4bce-ac93-bae762f19896","status":200,"duration_ms":4}
{"event":"http.request","request_id":"9d810acd-d9d8-4b0a-93d8-7cd0797b8cc3","method":"GET","path":"/api/v1/contents","status":200,"duration_ms":3}
{"event":"http.request","request_id":"d6ce7270-68be-4d18-b9a6-284fb0216cba","method":"GET","path":"/api/v1/contents","status":200,"duration_ms":1}
{"event":"http.request","request_id":"cf97f4dc-3912-4f13-81a1-ca239507eede","method":"GET","path":"/api/v1/contents","status":422,"duration_ms":1}
✔ 内容列表按形式、状态、负责人和计划时间过滤，非法筛选拒绝 (22.657375ms)
{"event":"http.request","request_id":"a9d9e486-f3ac-4109-8e0a-8abd7e9baf55","method":"POST","path":"/api/v1/contents","status":201,"duration_ms":5}
{"event":"http.request","request_id":"c55d77f5-9fb5-4f4f-9f86-f614c8014014","method":"POST","path":"/api/v1/contents/3fc50da8-c800-48b7-874d-f1934c22e9c8/submit-review","status":422,"duration_ms":3}
{"event":"http.request","request_id":"12c1d4ac-8462-4124-9e3b-14aee52e8a9e","method":"POST","path":"/api/v1/uploads","status":201,"duration_ms":6}
{"event":"http.request","request_id":"2754928b-5c07-4e48-a0fc-a6ea43e7f6ae","method":"POST","path":"/api/v1/uploads/fd572e3d-1735-4123-a2e8-523e130fc117/parts","status":200,"duration_ms":3}
{"event":"http.request","request_id":"de46ea4a-54e6-4c0b-94d5-2b29dc54ad3e","method":"PUT","path":"/api/v1/uploads/fd572e3d-1735-4123-a2e8-523e130fc117/parts/1","status":200,"duration_ms":4}
{"event":"http.request","request_id":"798ae04d-5bad-4248-a06a-c1f26ce4fabd","method":"POST","path":"/api/v1/uploads/fd572e3d-1735-4123-a2e8-523e130fc117/complete","status":200,"duration_ms":8}
{"event":"http.request","request_id":"84922cb1-3d0e-42b2-921c-13c5772ee576","method":"POST","path":"/api/v1/contents","status":201,"duration_ms":6}
{"event":"http.request","request_id":"84d6dbe7-50ce-4602-9849-70507eb270db","method":"POST","path":"/api/v1/contents/34e3a895-4608-4d1a-957f-79e5ef4abc56/revisions","status":201,"duration_ms":6}
{"event":"http.request","request_id":"0dc16bf8-258f-48cb-b690-e4cbd19bf29a","method":"POST","path":"/api/v1/contents/34e3a895-4608-4d1a-957f-79e5ef4abc56/submit-review","status":201,"duration_ms":5}
{"event":"http.request","request_id":"0028c61b-7b53-4e98-8c43-ab4abec9c3d6","method":"GET","path":"/api/v1/contents/34e3a895-4608-4d1a-957f-79e5ef4abc56","status":200,"duration_ms":2}
{"event":"http.request","request_id":"9d32fbb8-5d50-4569-9129-b6a157955a06","method":"POST","path":"/api/v1/reviews/cc0d594c-b7a4-4da8-857e-dddb63ada81c/decide","status":200,"duration_ms":10}
{"event":"http.request","request_id":"d93efbb8-9ff3-46db-9e07-3c8fe8a173ee","method":"GET","path":"/api/v1/contents/34e3a895-4608-4d1a-957f-79e5ef4abc56","status":200,"duration_ms":2}
✔ 提交审核拒绝缺失成品，完整PNG图文冻结并由有权成员显式批准 (164.317541ms)
{"event":"http.request","request_id":"74bab7da-142b-4b79-acef-9bf5813f9534","method":"POST","path":"/api/v1/uploads","status":201,"duration_ms":5}
{"event":"http.request","request_id":"7c44e71e-39f4-4b7e-b2f6-7d61d2d22139","method":"POST","path":"/api/v1/uploads/d11b00e1-8512-418c-8c6f-c4f05224aa49/parts","status":200,"duration_ms":3}
{"event":"http.request","request_id":"9362c7ae-e9eb-4c11-a12b-6de6632def98","method":"PUT","path":"/api/v1/uploads/d11b00e1-8512-418c-8c6f-c4f05224aa49/parts/1","status":200,"duration_ms":4}
{"event":"http.request","request_id":"d04724b3-1cde-4d43-9ff7-52c96c5135f3","method":"POST","path":"/api/v1/uploads/d11b00e1-8512-418c-8c6f-c4f05224aa49/complete","status":200,"duration_ms":7}
{"event":"http.request","request_id":"3159e4de-004f-47b4-9240-cde4f54c75e1","method":"POST","path":"/api/v1/contents","status":201,"duration_ms":5}
{"event":"http.request","request_id":"0be0d1f6-2235-47c1-9763-c687f9ad0f65","method":"POST","path":"/api/v1/contents/b4bf1897-1a03-4a44-aa7c-1fe919635cd1/revisions","status":201,"duration_ms":5}
{"event":"http.request","request_id":"bead94c3-17bf-4b9b-aa56-aa2841a15b14","method":"POST","path":"/api/v1/contents/b4bf1897-1a03-4a44-aa7c-1fe919635cd1/submit-review","status":201,"duration_ms":4}
{"event":"http.request","request_id":"66710171-5f44-4e81-b02a-2c58e86e2fb7","method":"GET","path":"/api/v1/contents/b4bf1897-1a03-4a44-aa7c-1fe919635cd1","status":200,"duration_ms":2}
{"event":"http.request","request_id":"1f6aa585-d97d-4737-9fce-b59330c2cf7e","method":"POST","path":"/api/v1/contents/b4bf1897-1a03-4a44-aa7c-1fe919635cd1/revisions","status":409,"duration_ms":3}
{"event":"http.request","request_id":"cbe9aa0b-78a9-4e3e-8b83-809cf86c65f1","method":"POST","path":"/api/v1/reviews/d428cb8c-ab31-4248-a675-92bebb1032b5/withdraw","status":200,"duration_ms":6}
{"event":"http.request","request_id":"4cb38333-6dda-4f25-949f-4f7d789dc070","method":"GET","path":"/api/v1/contents/b4bf1897-1a03-4a44-aa7c-1fe919635cd1","status":200,"duration_ms":2}
{"event":"http.request","request_id":"0c8bc990-29a8-4848-afc6-5a0cdb64a64a","method":"POST","path":"/api/v1/contents/b4bf1897-1a03-4a44-aa7c-1fe919635cd1/submit-review","status":201,"duration_ms":5}
{"event":"http.request","request_id":"77afaf87-dbcb-462b-bfd4-2d9b22e7b5dc","method":"POST","path":"/api/v1/reviews/6e959af4-e459-44a7-8d9e-7da85a1aab2b/decide","status":200,"duration_ms":6}
{"event":"http.request","request_id":"b774ebbb-f063-47a9-b1ed-23c48a5689d2","method":"GET","path":"/api/v1/contents/b4bf1897-1a03-4a44-aa7c-1fe919635cd1","status":200,"duration_ms":2}
{"event":"http.request","request_id":"f886eb64-7b66-4c1f-b7d1-cc399225e9e1","method":"POST","path":"/api/v1/contents/b4bf1897-1a03-4a44-aa7c-1fe919635cd1/submit-review","status":201,"duration_ms":4}
{"event":"http.request","request_id":"96d15b79-e7d8-4426-adf8-6640b8a45a51","method":"POST","path":"/api/v1/reviews/59a0daea-32c0-411e-bc8e-88f4a951cbc3/decide","status":200,"duration_ms":5}
{"event":"http.request","request_id":"68ae80a8-c754-43e4-824d-8f6634e35ba2","method":"GET","path":"/api/v1/contents/b4bf1897-1a03-4a44-aa7c-1fe919635cd1","status":200,"duration_ms":2}
{"event":"http.request","request_id":"63be8ede-9459-4f21-a62f-73d9b7d3a950","method":"PATCH","path":"/api/v1/contents/b4bf1897-1a03-4a44-aa7c-1fe919635cd1","status":200,"duration_ms":4}
{"event":"http.request","request_id":"1734e475-a59c-4e25-8ee6-be086e3f664a","method":"GET","path":"/api/v1/contents/b4bf1897-1a03-4a44-aa7c-1fe919635cd1","status":200,"duration_ms":2}
{"event":"http.request","request_id":"c7b084f0-4d08-4762-aa08-42d61bced79e","method":"POST","path":"/api/v1/contents/b4bf1897-1a03-4a44-aa7c-1fe919635cd1/revisions","status":201,"duration_ms":6}
{"event":"http.request","request_id":"1bbeb288-941e-4650-b089-ff31fa9e1494","method":"GET","path":"/api/v1/contents/b4bf1897-1a03-4a44-aa7c-1fe919635cd1","status":200,"duration_ms":2}
✔ 审核中禁止编辑，撤回和退回派生新稿；批准后改载荷重审，内部备注不使批准失效 (95.15875ms)
{"event":"http.request","request_id":"3d1e33ad-9c98-4fce-b744-11211a3e878a","method":"POST","path":"/api/v1/members","status":201,"duration_ms":22}
{"event":"http.request","request_id":"6ad751b7-aeae-4727-8e6a-93783a30bead","method":"GET","path":"/api/v1/auth/csrf","status":200,"duration_ms":1}
{"event":"http.request","request_id":"2313b7e7-ff6c-46e0-af43-1bef470e9885","method":"POST","path":"/api/v1/auth/accept-invite","status":200,"duration_ms":20}
{"event":"http.request","request_id":"b658df39-fb92-4cd6-bdb7-f4e140c09b5a","method":"GET","path":"/api/v1/auth/csrf","status":200,"duration_ms":1}
{"event":"http.request","request_id":"ce32a76a-34bc-4018-bef9-b038ea455325","method":"POST","path":"/api/v1/auth/login","status":200,"duration_ms":18}
{"event":"http.request","request_id":"ce858e4d-b07a-4995-8d7e-e3b6d9837526","method":"POST","path":"/api/v1/uploads","status":201,"duration_ms":5}
{"event":"http.request","request_id":"d5a3a857-915d-4e7d-ab84-75e0466986a8","method":"POST","path":"/api/v1/uploads/2afe6d45-324a-4800-9fd0-07468efb0c4a/parts","status":200,"duration_ms":3}
{"event":"http.request","request_id":"2cd54880-f710-4cc1-bad2-fea69d2624e6","method":"PUT","path":"/api/v1/uploads/2afe6d45-324a-4800-9fd0-07468efb0c4a/parts/1","status":200,"duration_ms":3}
{"event":"http.request","request_id":"595717aa-c8f2-45c3-9c72-ca1ac2da2c2a","method":"POST","path":"/api/v1/uploads/2afe6d45-324a-4800-9fd0-07468efb0c4a/complete","status":200,"duration_ms":7}
{"event":"http.request","request_id":"b5ceccc1-14ef-46a0-a7cf-3aa7ec8b93cd","method":"POST","path":"/api/v1/contents","status":201,"duration_ms":5}
{"event":"http.request","request_id":"1d82e76b-c394-41a2-8f72-c6993c715300","method":"POST","path":"/api/v1/contents/27c44b45-71ad-4a66-8492-4d778c15aa0e/revisions","status":201,"duration_ms":6}
{"event":"http.request","request_id":"c5d2489d-1f38-4de0-b313-7c7233581a8b","method":"POST","path":"/api/v1/contents/27c44b45-71ad-4a66-8492-4d778c15aa0e/submit-review","status":201,"duration_ms":5}
{"event":"http.request","request_id":"c537a832-c038-4c0e-8da2-38da444478b4","method":"POST","path":"/api/v1/reviews/f9540131-bde6-4a94-90ee-f74c4f300ca9/decide","status":403,"duration_ms":2}
{"event":"http.request","request_id":"07d3c1a9-c607-4a20-a838-bfeafc290a25","method":"POST","path":"/api/v1/reviews/f9540131-bde6-4a94-90ee-f74c4f300ca9/decide","status":200,"duration_ms":5}
{"event":"http.request","request_id":"77406085-9a4b-4171-b7df-804f1280c204","method":"POST","path":"/api/v1/reviews/f9540131-bde6-4a94-90ee-f74c4f300ca9/withdraw","status":409,"duration_ms":6}
✔ 制作角色不能批准，批准与撤回并发只有一个事务成功 (113.422542ms)
{"event":"http.request","request_id":"97e8caf1-1bc6-4be4-aeb5-a001bae6f026","method":"POST","path":"/api/v1/uploads","status":201,"duration_ms":5}
{"event":"http.request","request_id":"850e91fb-a67a-430c-b39a-5a063f5cadd8","method":"POST","path":"/api/v1/uploads/5dee6e9c-9d20-49c1-99e5-2dcf271f82b8/parts","status":200,"duration_ms":3}
{"event":"http.request","request_id":"2ae79918-f263-4e43-9900-b28e435c6c47","method":"PUT","path":"/api/v1/uploads/5dee6e9c-9d20-49c1-99e5-2dcf271f82b8/parts/1","status":200,"duration_ms":3}
{"event":"http.request","request_id":"93890ab8-0c1a-44ac-963e-73991730c1a9","method":"POST","path":"/api/v1/uploads/5dee6e9c-9d20-49c1-99e5-2dcf271f82b8/complete","status":200,"duration_ms":7}
{"event":"http.request","request_id":"7c4c0d06-6f0c-4506-b9fa-5ea1dfd2f980","method":"POST","path":"/api/v1/contents","status":201,"duration_ms":4}
{"event":"http.request","request_id":"0fb40181-4594-4307-8f8e-feee2b02770d","method":"POST","path":"/api/v1/contents/7090d911-4bff-4c5b-bfc3-aa185db0ce38/revisions","status":201,"duration_ms":5}
{"event":"http.request","request_id":"d307774f-e169-4d7d-9748-850b05916f61","method":"POST","path":"/api/v1/assets","status":201,"duration_ms":5}
{"event":"http.request","request_id":"f986e9d6-a51d-4cf4-9c66-f107c44f075a","method":"POST","path":"/api/v1/assets/df6cc3a5-57c5-46ff-8b1f-c0c5e683329b/confirm","status":200,"duration_ms":5}
{"event":"http.request","request_id":"9c5a3dca-33fc-4fa3-abe2-e3d438975165","method":"POST","path":"/api/v1/contents/7090d911-4bff-4c5b-bfc3-aa185db0ce38/revisions","status":201,"duration_ms":6}
{"event":"http.request","request_id":"1df5e1b6-3d3c-4762-a77a-59bc0af8026f","method":"POST","path":"/api/v1/contents/7090d911-4bff-4c5b-bfc3-aa185db0ce38/submit-review","status":201,"duration_ms":5}
{"event":"http.request","request_id":"d3cd7573-42a9-4ccd-8f44-283ff792d68b","method":"POST","path":"/api/v1/assets/df6cc3a5-57c5-46ff-8b1f-c0c5e683329b/retire","status":200,"duration_ms":4}
{"event":"http.request","request_id":"f7b89503-d393-4df0-9daf-40118044574a","method":"POST","path":"/api/v1/reviews/a349b8cf-3f61-4e79-88a8-d7015f411d5a/decide","status":422,"duration_ms":5}
{"event":"http.request","request_id":"bc2db55a-ba42-4969-a4f4-b389cead8903","method":"POST","path":"/api/v1/reviews/a349b8cf-3f61-4e79-88a8-d7015f411d5a/withdraw","status":200,"duration_ms":6}
{"event":"http.request","request_id":"5751d4be-944d-4b0c-8438-e4e6d6ba69b7","method":"GET","path":"/api/v1/contents/7090d911-4bff-4c5b-bfc3-aa185db0ce38","status":200,"duration_ms":3}
{"event":"http.request","request_id":"e26794c3-5050-4a4f-99d5-04d12d439bc0","method":"POST","path":"/api/v1/contents/7090d911-4bff-4c5b-bfc3-aa185db0ce38/revisions","status":201,"duration_ms":5}
✔ 素材停用阻止批准但仍能撤回修稿，冻结历史引用保留 (90.634583ms)
{"event":"http.request","request_id":"fdf58969-6ae5-4233-b626-b6fb908168cc","method":"POST","path":"/api/v1/contents","status":201,"duration_ms":5}
{"event":"http.request","request_id":"97de75cb-5458-4254-b146-bc529a5d8085","method":"POST","path":"/api/v1/contents/3d3165f4-d5fd-477b-b2a3-7e37ccee1ecb/start-production","status":200,"duration_ms":3}
{"event":"http.request","request_id":"c651252c-cd67-47a9-9235-50777a5902b3","method":"POST","path":"/api/v1/contents/3d3165f4-d5fd-477b-b2a3-7e37ccee1ecb/cancel","status":200,"duration_ms":4}
{"event":"http.request","request_id":"d842a1d5-7434-41e2-95a2-2632962ad261","method":"GET","path":"/api/v1/contents/3d3165f4-d5fd-477b-b2a3-7e37ccee1ecb","status":200,"duration_ms":2}
{"event":"http.request","request_id":"12d0299a-9cc6-4df0-8a5d-615a7dff98fe","method":"POST","path":"/api/v1/contents/3d3165f4-d5fd-477b-b2a3-7e37ccee1ecb/submit-review","status":409,"duration_ms":3}
✔ 开始制作保存估时，取消保留理由和版本历史且不能再提审 (19.413667ms)
{"event":"http.request","request_id":"45a2ce09-794e-49ce-9c83-f1026c79db4a","method":"POST","path":"/api/v1/uploads","status":201,"duration_ms":5}
{"event":"http.request","request_id":"26935895-1e94-4d04-ae4e-0c87b3b5b2d3","method":"POST","path":"/api/v1/uploads/87fceb66-61dc-40dc-90bf-257e118dc65f/parts","status":200,"duration_ms":8}
{"event":"http.request","request_id":"6a675e1d-27ac-4b8d-9477-e33fd14ade42","method":"PUT","path":"/api/v1/uploads/87fceb66-61dc-40dc-90bf-257e118dc65f/parts/1","status":200,"duration_ms":5}
{"event":"http.request","request_id":"4022356a-1942-4b6a-823f-01a403323f83","method":"POST","path":"/api/v1/uploads/87fceb66-61dc-40dc-90bf-257e118dc65f/complete","status":200,"duration_ms":7}
{"event":"http.request","request_id":"3b8e07aa-5208-426a-8622-6a61884f7118","method":"POST","path":"/api/v1/contents","status":201,"duration_ms":5}
{"event":"http.request","request_id":"cf1d30d2-5160-494b-9dae-1abb00dbbff6","method":"POST","path":"/api/v1/contents/bd470573-b202-4093-a0a0-bccf3596a7dc/revisions","status":201,"duration_ms":6}
{"event":"http.request","request_id":"d89ab054-47bf-4f22-aff0-437b77c54806","method":"POST","path":"/api/v1/contents/bd470573-b202-4093-a0a0-bccf3596a7dc/submit-review","status":201,"duration_ms":5}
{"event":"http.request","request_id":"47b38be7-98e3-4de4-899f-f0cdfb773afd","method":"POST","path":"/api/v1/reviews/b3d6563c-a4a5-4877-871e-de48373b0fb8/decide","status":200,"duration_ms":5}
{"event":"http.request","request_id":"4f9fbbea-cbec-4dfa-88f5-0b2d384826db","method":"GET","path":"/api/v1/contents/bd470573-b202-4093-a0a0-bccf3596a7dc","status":200,"duration_ms":2}
{"event":"http.request","request_id":"92bdc87e-18e7-4f33-89cd-577c784c3f15","method":"POST","path":"/api/v1/contents/bd470573-b202-4093-a0a0-bccf3596a7dc/export-package","status":202,"duration_ms":6}
{"event":"http.request","request_id":"c206040b-1ff9-4e45-9cf0-5485187c713e","method":"GET","path":"/api/v1/export-packages/64675ecf-cbcf-40a4-a9d8-0e785fdf0e9c","status":200,"duration_ms":2}
{"event":"job.claimed","job_id":"fe85a58d-932d-446b-8696-1c640d7f917d","request_id":"92bdc87e-18e7-4f33-89cd-577c784c3f15","pool":"general","attempt":1}
{"event":"http.request","request_id":"8c03c344-c516-4d74-9d64-96e2dad22e69","method":"GET","path":"/api/v1/export-packages/64675ecf-cbcf-40a4-a9d8-0e785fdf0e9c","status":200,"duration_ms":3}
{"event":"http.request","request_id":"e2315f1d-449c-4b14-a5f5-d63afd19d4cc","method":"GET","path":"/api/v1/export-packages/64675ecf-cbcf-40a4-a9d8-0e785fdf0e9c/download","status":200,"duration_ms":22}
{"event":"http.request","request_id":"6c0fca65-c500-4bd9-a7f2-b1b41fec2aa4","method":"POST","path":"/api/v1/contents/bd470573-b202-4093-a0a0-bccf3596a7dc/revisions","status":201,"duration_ms":17}
{"event":"http.request","request_id":"3a77bcfc-639d-42cf-9094-392efb46000b","method":"GET","path":"/api/v1/export-packages/64675ecf-cbcf-40a4-a9d8-0e785fdf0e9c/download","status":409,"duration_ms":5}
{"event":"http.request","request_id":"6c95bec2-d105-4751-b361-42bb2adb3288","method":"GET","path":"/api/v1/files/d48b8bfd-6d55-4e24-8f7f-a8d959cd2d39/download","status":409,"duration_ms":4}
✔ 发布包异步打包批准版本，下载PNG原件、页序和文案与批准内容一致 (1148.973875ms)
{"event":"http.request","request_id":"6cb466a4-bfc4-459c-b305-3a0e7c60c71d","method":"POST","path":"/api/v1/uploads","status":201,"duration_ms":13}
{"event":"http.request","request_id":"09374542-5f84-4029-9750-9c8358cbe4bb","method":"POST","path":"/api/v1/uploads/b2591080-384a-4198-b095-84c19184d511/parts","status":200,"duration_ms":7}
{"event":"http.request","request_id":"329319d0-dd73-49cd-bc4d-b3f7bf1c8f3c","method":"PUT","path":"/api/v1/uploads/b2591080-384a-4198-b095-84c19184d511/parts/1","status":200,"duration_ms":8}
{"event":"http.request","request_id":"e8d58450-8b19-4b67-98e0-9abd8f2e895b","method":"POST","path":"/api/v1/uploads/b2591080-384a-4198-b095-84c19184d511/complete","status":200,"duration_ms":12}
{"event":"http.request","request_id":"c04fae65-5026-4404-9168-26a1e30dae5b","method":"POST","path":"/api/v1/contents","status":201,"duration_ms":7}
{"event":"http.request","request_id":"dac9437b-815b-44c1-965d-9af6544ec4f1","method":"POST","path":"/api/v1/contents/ab114ee2-4771-4109-876e-df4a4bb9d999/revisions","status":201,"duration_ms":8}
{"event":"http.request","request_id":"3de44743-bc8f-4ec1-a838-c06cc0c046a3","method":"POST","path":"/api/v1/contents/ab114ee2-4771-4109-876e-df4a4bb9d999/submit-review","status":201,"duration_ms":6}
{"event":"http.request","request_id":"1e667633-664a-41fe-a376-e623bcb813fd","method":"POST","path":"/api/v1/reviews/79cf6a00-e005-4440-ac25-d252cf40ac02/decide","status":200,"duration_ms":7}
{"event":"http.request","request_id":"5c5edf7b-34a1-47b0-a9db-7f87d439dfa6","method":"GET","path":"/api/v1/contents/ab114ee2-4771-4109-876e-df4a4bb9d999","status":200,"duration_ms":3}
{"event":"http.request","request_id":"f9b44af6-ec36-4ed2-bd66-91eec2711593","method":"POST","path":"/api/v1/publication-drafts","status":201,"duration_ms":5}
{"event":"http.request","request_id":"4085ad4c-21af-4d53-aa6f-b6af39d96e54","method":"GET","path":"/api/v1/contents/ab114ee2-4771-4109-876e-df4a4bb9d999","status":200,"duration_ms":3}
{"event":"http.request","request_id":"6cde0b1e-149a-4737-ab3a-f29f6ffaec2e","method":"POST","path":"/api/v1/publications","status":422,"duration_ms":4}
{"event":"http.request","request_id":"05352e41-4ac3-421d-bab4-7ef07ce8057c","method":"POST","path":"/api/v1/publications","status":422,"duration_ms":4}
{"event":"http.request","request_id":"19121e44-290d-435f-a8d5-610854de5b3c","method":"POST","path":"/api/v1/publications","status":201,"duration_ms":6}
{"event":"http.request","request_id":"2d04cbb6-acfc-4fce-a4c5-c86aab6c6c4b","method":"GET","path":"/api/v1/contents/ab114ee2-4771-4109-876e-df4a4bb9d999","status":200,"duration_ms":2}
{"event":"http.request","request_id":"b11401bb-d46c-484e-b606-a5f42cde3057","method":"POST","path":"/api/v1/uploads","status":201,"duration_ms":6}
{"event":"http.request","request_id":"68252318-7021-4f77-b2da-4771b7be05e3","method":"POST","path":"/api/v1/uploads/86edaba7-e93d-4ffc-844e-057adb623f90/parts","status":200,"duration_ms":4}
{"event":"http.request","request_id":"aa7d3d50-abd2-490e-b90c-78922dc3832a","method":"PUT","path":"/api/v1/uploads/86edaba7-e93d-4ffc-844e-057adb623f90/parts/1","status":200,"duration_ms":5}
{"event":"http.request","request_id":"1ae46834-b5bf-48a4-993c-00806337ce4a","method":"POST","path":"/api/v1/uploads/86edaba7-e93d-4ffc-844e-057adb623f90/complete","status":200,"duration_ms":8}
{"event":"http.request","request_id":"9c300c9a-1c61-4cfa-8f43-264247591699","method":"POST","path":"/api/v1/contents","status":201,"duration_ms":5}
{"event":"http.request","request_id":"b2b4b113-ed4f-4259-9382-37e03c065174","method":"POST","path":"/api/v1/contents/45eb2c54-0e05-4966-868e-d88bf6b55fe1/revisions","status":201,"duration_ms":6}
{"event":"http.request","request_id":"1bc34712-6777-4cbc-8f79-3cb5f5d10044","method":"POST","path":"/api/v1/contents/45eb2c54-0e05-4966-868e-d88bf6b55fe1/submit-review","status":201,"duration_ms":5}
{"event":"http.request","request_id":"c08e300e-9981-466d-94ab-41953cf3766f","method":"POST","path":"/api/v1/reviews/c8f88382-2631-4769-b24c-381f4ce3f78f/decide","status":200,"duration_ms":5}
{"event":"http.request","request_id":"c730b073-4fff-4d9e-bb5c-35a54867d42a","method":"GET","path":"/api/v1/contents/45eb2c54-0e05-4966-868e-d88bf6b55fe1","status":200,"duration_ms":2}
{"event":"http.request","request_id":"650724cd-743a-4280-8c27-2de537493333","method":"POST","path":"/api/v1/publications","status":409,"duration_ms":4}
✔ 缺笔记ID暂存不算发布，正式登记锁定批准版本、账号和唯一笔记并持久回收事件 (177.85275ms)
{"event":"http.request","request_id":"f9e1f64d-a3b3-4a1f-b579-4c1a2a0a004e","method":"POST","path":"/api/v1/uploads","status":201,"duration_ms":6}
{"event":"http.request","request_id":"15277de2-6bbe-45d7-960f-d5b4a004ebf3","method":"POST","path":"/api/v1/uploads/e785e464-9298-4deb-b1f5-6bac3eb0ca8a/parts","status":200,"duration_ms":4}
{"event":"http.request","request_id":"36596aee-f327-4e05-b718-0f0eccd84e0c","method":"PUT","path":"/api/v1/uploads/e785e464-9298-4deb-b1f5-6bac3eb0ca8a/parts/1","status":200,"duration_ms":4}
{"event":"http.request","request_id":"be03efd2-d98e-46ac-86a9-0b338192c5c9","method":"POST","path":"/api/v1/uploads/e785e464-9298-4deb-b1f5-6bac3eb0ca8a/complete","status":200,"duration_ms":7}
{"event":"http.request","request_id":"290aabc0-8acf-4bf7-ab03-6323b89f97de","method":"POST","path":"/api/v1/contents","status":201,"duration_ms":5}
{"event":"http.request","request_id":"6801882f-b404-410b-8418-8cc43f7f3aca","method":"POST","path":"/api/v1/contents/23c8d423-4eaa-435f-927a-bb91e0d65d4b/revisions","status":201,"duration_ms":5}
{"event":"http.request","request_id":"d5da49bb-6015-4a2c-a400-e96028f009ce","method":"POST","path":"/api/v1/contents/23c8d423-4eaa-435f-927a-bb91e0d65d4b/submit-review","status":201,"duration_ms":4}
{"event":"http.request","request_id":"e711de47-b890-4dc3-a9d9-95a3569d0467","method":"POST","path":"/api/v1/reviews/309a3afc-5dc1-44d0-bd99-976a285b084d/decide","status":200,"duration_ms":4}
{"event":"http.request","request_id":"d25cc64f-37e2-4cfb-b6af-17651d67450d","method":"GET","path":"/api/v1/contents/23c8d423-4eaa-435f-927a-bb91e0d65d4b","status":200,"duration_ms":2}
{"event":"http.request","request_id":"a722b593-13f9-4a78-a891-239cdbe78064","method":"POST","path":"/api/v1/publications","status":201,"duration_ms":5}
{"event":"http.request","request_id":"8f31d6db-1747-4ffd-a149-b7d68f081a4f","method":"GET","path":"/api/v1/contents/23c8d423-4eaa-435f-927a-bb91e0d65d4b","status":200,"duration_ms":2}
{"event":"http.request","request_id":"c5bf0d35-caa7-4705-9a65-6059e91df68a","method":"POST","path":"/api/v1/contents/23c8d423-4eaa-435f-927a-bb91e0d65d4b/create-revision-work-item","status":201,"duration_ms":7}
{"event":"http.request","request_id":"f902cf5c-2185-4aad-9338-db9b94399f2d","method":"GET","path":"/api/v1/contents/f1229256-fa74-485f-a39e-757fe3178ac7","status":200,"duration_ms":2}
{"event":"http.request","request_id":"8d0d8c0d-025f-4117-b47a-198a352ac620","method":"GET","path":"/api/v1/contents/23c8d423-4eaa-435f-927a-bb91e0d65d4b","status":200,"duration_ms":2}
{"event":"http.request","request_id":"0f7e22a9-9ba2-47ae-8b0f-aa0816a88aa2","method":"GET","path":"/api/v1/publications/0709a614-8617-486c-8076-c4be07ad6546","status":200,"duration_ms":2}
✔ 已发布内容派生独立修订工作项，原稿和文件归档保持不变 (71.253125ms)
{"event":"http.request","request_id":"b392dfef-4e07-455f-a12d-9312b22d0aa2","method":"POST","path":"/api/v1/uploads","status":201,"duration_ms":5}
{"event":"http.request","request_id":"e8156812-3d94-4a93-be97-bd5fda41392f","method":"POST","path":"/api/v1/uploads/97385d04-7ec5-4f58-ae62-6677b6a49f61/parts","status":200,"duration_ms":3}
{"event":"http.request","request_id":"57766446-908f-43ea-920b-b0585e879285","method":"PUT","path":"/api/v1/uploads/97385d04-7ec5-4f58-ae62-6677b6a49f61/parts/1","status":200,"duration_ms":4}
{"event":"http.request","request_id":"358a404e-62b4-45bc-8309-9483e3e82a61","method":"POST","path":"/api/v1/uploads/97385d04-7ec5-4f58-ae62-6677b6a49f61/complete","status":200,"duration_ms":25}
{"event":"http.request","request_id":"6d0d26a5-1a87-4d54-9b01-25be66ee9e82","method":"POST","path":"/api/v1/contents","status":201,"duration_ms":4}
{"event":"http.request","request_id":"ec1259ed-d69e-4736-8615-a35bde4b99ef","method":"POST","path":"/api/v1/contents/3699edb0-abed-4592-bbc3-61f22828cc6f/revisions","status":201,"duration_ms":5}
{"event":"http.request","request_id":"80624d5f-fea6-4fac-b81a-4954277b4781","method":"POST","path":"/api/v1/contents/3699edb0-abed-4592-bbc3-61f22828cc6f/submit-review","status":201,"duration_ms":4}
{"event":"http.request","request_id":"e0cefb18-a52e-45e5-9895-ce029c3a1411","method":"POST","path":"/api/v1/reviews/5e4b6e92-3182-41e1-ab66-f42a419d68a7/decide","status":200,"duration_ms":5}
{"event":"http.request","request_id":"16ad337f-d951-407d-926f-433c3230667b","method":"GET","path":"/api/v1/contents/3699edb0-abed-4592-bbc3-61f22828cc6f","status":200,"duration_ms":3}
{"event":"http.request","request_id":"bc25df63-93c4-470f-a259-763c1464c663","method":"POST","path":"/api/v1/publications","status":201,"duration_ms":5}
{"event":"http.request","request_id":"654c5f3e-9fe1-4134-8f7c-2fe0d745e8a8","method":"GET","path":"/api/v1/contents/3699edb0-abed-4592-bbc3-61f22828cc6f","status":200,"duration_ms":3}
{"event":"http.request","request_id":"bf297542-1528-4413-97e9-fcca616f8a50","method":"POST","path":"/api/v1/contents/3699edb0-abed-4592-bbc3-61f22828cc6f/create-revision-work-item","status":201,"duration_ms":7}
{"event":"http.request","request_id":"514f066f-4f43-4577-a7fc-e03bc958eca5","method":"GET","path":"/api/v1/contents/a378f4ae-f4f0-45d1-8654-e6ffa0878a97","status":200,"duration_ms":2}
{"event":"http.request","request_id":"9ae1255a-3769-4bde-8587-f0bbdad52ea8","method":"POST","path":"/api/v1/publications/80273738-aff9-4eda-af76-07ae0e6a1dcc/changes","status":409,"duration_ms":4}
{"event":"http.request","request_id":"189cd230-73ed-4b96-902f-ed84662e2aee","method":"POST","path":"/api/v1/contents/a378f4ae-f4f0-45d1-8654-e6ffa0878a97/revisions","status":201,"duration_ms":5}
{"event":"http.request","request_id":"ed186ace-f598-4e84-8fa8-b5f4d27ae138","method":"POST","path":"/api/v1/contents/a378f4ae-f4f0-45d1-8654-e6ffa0878a97/submit-review","status":201,"duration_ms":4}
{"event":"http.request","request_id":"d984eae3-620d-4ef3-945d-b530e4d7b9a6","method":"POST","path":"/api/v1/reviews/0d2a5e97-45c1-4d06-8bb0-8b53cb9bcb62/decide","status":200,"duration_ms":5}
{"event":"http.request","request_id":"0f2d630f-1b78-4ef5-9294-dccfdc9b96ec","method":"GET","path":"/api/v1/contents/a378f4ae-f4f0-45d1-8654-e6ffa0878a97","status":200,"duration_ms":2}
{"event":"http.request","request_id":"7eee7928-b530-44ba-84fe-1da2c9f55a5a","method":"POST","path":"/api/v1/publications/80273738-aff9-4eda-af76-07ae0e6a1dcc/changes","status":201,"duration_ms":6}
{"event":"http.request","request_id":"26208858-c4ea-4e9c-ad98-0f33307c184f","method":"POST","path":"/api/v1/publications/80273738-aff9-4eda-af76-07ae0e6a1dcc/changes","status":409,"duration_ms":6}
{"event":"http.request","request_id":"85108cea-f529-4311-a462-a0c6a9801d9a","method":"GET","path":"/api/v1/publications/80273738-aff9-4eda-af76-07ae0e6a1dcc","status":200,"duration_ms":2}
{"event":"http.request","request_id":"028bd1f8-821b-4dfe-9562-fcb7da63dac4","method":"GET","path":"/api/v1/contents/a378f4ae-f4f0-45d1-8654-e6ffa0878a97","status":200,"duration_ms":2}
{"event":"http.request","request_id":"43b1dcfd-e00b-46de-ab81-b8b85a59ea04","method":"GET","path":"/api/v1/contents/3699edb0-abed-4592-bbc3-61f22828cc6f","status":200,"duration_ms":2}
✔ 外部编辑必须关联重新批准的修订工作项，初次版本不变并拒绝重复并发确认 (122.052792ms)
{"event":"http.request","request_id":"a505d4d6-d264-444e-8e06-aacbcda59c4e","method":"POST","path":"/api/v1/uploads","status":201,"duration_ms":5}
{"event":"http.request","request_id":"fbb988bd-3aaa-440a-9218-81f4023a9723","method":"POST","path":"/api/v1/uploads/a9cae81a-c5e5-47c7-91f7-3d2fac7c7af4/parts","status":200,"duration_ms":3}
{"event":"http.request","request_id":"90e7389a-d9d7-49d7-b7ff-12a112b454b2","method":"PUT","path":"/api/v1/uploads/a9cae81a-c5e5-47c7-91f7-3d2fac7c7af4/parts/1","status":200,"duration_ms":4}
{"event":"http.request","request_id":"a223163f-a51b-4c5b-89db-9ad0fce75382","method":"POST","path":"/api/v1/uploads/a9cae81a-c5e5-47c7-91f7-3d2fac7c7af4/complete","status":200,"duration_ms":7}
{"event":"http.request","request_id":"8c072993-635b-40b3-b0c6-c29fad69eec9","method":"POST","path":"/api/v1/contents","status":201,"duration_ms":4}
{"event":"http.request","request_id":"39121be5-a706-44f5-b5ab-5e1fde743895","method":"POST","path":"/api/v1/contents/3c096d66-6c8b-4de7-b996-3424265ff6e2/revisions","status":201,"duration_ms":5}
{"event":"http.request","request_id":"59205956-91fa-438c-89fa-584f7869af1a","method":"POST","path":"/api/v1/contents/3c096d66-6c8b-4de7-b996-3424265ff6e2/submit-review","status":201,"duration_ms":4}
{"event":"http.request","request_id":"9dbee15c-35ff-4bf3-a2bb-47e550b053f7","method":"POST","path":"/api/v1/reviews/3ecc609e-7f5d-4d64-8b13-851f19810b1f/decide","status":200,"duration_ms":5}
{"event":"http.request","request_id":"8b9aebaa-0a46-4bbe-854c-efa8ed135064","method":"GET","path":"/api/v1/contents/3c096d66-6c8b-4de7-b996-3424265ff6e2","status":200,"duration_ms":2}
{"event":"http.request","request_id":"d507001c-07c1-48ac-9138-e13fc845e30e","method":"POST","path":"/api/v1/publications","status":201,"duration_ms":4}
{"event":"http.request","request_id":"d2bdaf17-b023-4036-ab48-27e46e84903a","method":"POST","path":"/api/v1/publications/133bca83-6ca3-4b0b-ba56-e2f15726fd33/changes","status":201,"duration_ms":4}
{"event":"http.request","request_id":"aacc2440-90d7-40d4-8898-c6f839b1667d","method":"GET","path":"/api/v1/publications/133bca83-6ca3-4b0b-ba56-e2f15726fd33","status":200,"duration_ms":2}
{"event":"http.request","request_id":"08623383-bee2-4174-8546-cc35a1e1d2a0","method":"POST","path":"/api/v1/publications/133bca83-6ca3-4b0b-ba56-e2f15726fd33/changes","status":409,"duration_ms":4}
{"event":"http.request","request_id":"494a0dcd-0158-450f-80c9-9db4a01d1df4","method":"GET","path":"/api/v1/contents/3c096d66-6c8b-4de7-b996-3424265ff6e2","status":200,"duration_ms":2}
{"event":"http.request","request_id":"f197b495-8960-4963-812c-cc91f2cd754a","method":"POST","path":"/api/v1/contents/3c096d66-6c8b-4de7-b996-3424265ff6e2/create-revision-work-item","status":201,"duration_ms":7}
{"event":"http.request","request_id":"814de933-667e-4866-8f72-56c3397ef86d","method":"GET","path":"/api/v1/contents/2243a637-5b3f-48cc-bfa6-367f43684d0c","status":200,"duration_ms":3}
{"event":"http.request","request_id":"7a0e6b3a-c451-4aaf-a449-e6fb4123e5ea","method":"POST","path":"/api/v1/contents/2243a637-5b3f-48cc-bfa6-367f43684d0c/submit-review","status":201,"duration_ms":5}
{"event":"http.request","request_id":"bf7023ab-84c9-4a10-afe8-54a086eee744","method":"POST","path":"/api/v1/reviews/5e7fb26e-b074-4788-820c-e6217445e3e2/decide","status":200,"duration_ms":5}
{"event":"http.request","request_id":"7df3eb69-4418-42b7-994e-776ac3e5edd5","method":"GET","path":"/api/v1/contents/2243a637-5b3f-48cc-bfa6-367f43684d0c","status":200,"duration_ms":2}
{"event":"http.request","request_id":"adfc2c35-6f1d-4fd0-8f82-2b977753417d","method":"POST","path":"/api/v1/publications","status":201,"duration_ms":5}
{"event":"http.request","request_id":"4f7b456e-7983-4495-a0bb-86a1f6cc1eb8","method":"POST","path":"/api/v1/publications/133bca83-6ca3-4b0b-ba56-e2f15726fd33/changes","status":422,"duration_ms":3}
{"event":"http.request","request_id":"6fe037c2-ee93-4edb-98ce-315466b33676","method":"POST","path":"/api/v1/publications/133bca83-6ca3-4b0b-ba56-e2f15726fd33/changes","status":201,"duration_ms":5}
{"event":"http.request","request_id":"c4e065d2-f972-4ecb-aa5b-a13a91a91299","method":"GET","path":"/api/v1/publications/133bca83-6ca3-4b0b-ba56-e2f15726fd33","status":200,"duration_ms":3}
✔ 删除保留发布历史，重发必须登记同账号新笔记并单独关联 (104.457708ms)
ℹ tests 15
ℹ suites 0
ℹ pass 15
ℹ fail 0
ℹ cancelled 0
ℹ skipped 0
ℹ todo 0
ℹ duration_ms 3220.287708
