[2m[WebServer] [22m(node:70960) Warning: The 'NO_COLOR' env is ignored due to the 'FORCE_COLOR' env being set.
[2m[WebServer] [22m(Use `node --trace-warnings ...` to show where the warning was created)
[2m[WebServer] [22m(node:70961) Warning: The 'NO_COLOR' env is ignored due to the 'FORCE_COLOR' env being set.
[2m[WebServer] [22m(Use `node --trace-warnings ...` to show where the warning was created)
[2m[WebServer] [22m(node:70971) Warning: The 'NO_COLOR' env is ignored due to the 'FORCE_COLOR' env being set.
[2m[WebServer] [22m(Use `node --trace-warnings ...` to show where the warning was created)
[2m[WebServer] [22m(node:70971) Warning: The 'NO_COLOR' env is ignored due to the 'FORCE_COLOR' env being set.
[2m[WebServer] [22m(Use `node --trace-warnings ...` to show where the warning was created)

Running 1 test using 1 worker

(node:70988) Warning: The 'NO_COLOR' env is ignored due to the 'FORCE_COLOR' env being set.
(Use `node --trace-warnings ...` to show where the warning was created)
(node:70988) Warning: The 'NO_COLOR' env is ignored due to the 'FORCE_COLOR' env being set.
(Use `node --trace-warnings ...` to show where the warning was created)
  ✘  1 tests/production-browser.spec.ts:3:5 › 图文人工新建、逐页保存排序、刷新恢复与历史快照比较 (30.1s)


  1) tests/production-browser.spec.ts:3:5 › 图文人工新建、逐页保存排序、刷新恢复与历史快照比较 ──────────────────────────────

    [31mTest timeout of 30000ms exceeded.[39m

    Error: locator.click: Test timeout of 30000ms exceeded.
    Call log:
    [2m  - waiting for getByRole('button', { name: '新建图文', exact: true })[22m


       6 |  await page.getByLabel('实例初始化凭据').fill(credentials.setup_token);await page.getByLabel('工作区名称').fill('S4隔离浏览器验收');await page.getByLabel('你的名字').fill('S4验收者');await page.getByLabel('邮箱').fill('s4-browser@example.test');await page.getByLabel('密码',{exact:false}).fill('Browser-test-password-987');await page.getByRole('button',{name:'创建并进入'}).click();
       7 |  await page.getByRole('link',{name:'工作区设置'}).click();await page.getByRole('button',{name:'运营账号',exact:true}).click();await page.getByRole('button',{name:'添加账号',exact:true}).click();await page.getByLabel('平台内部账号 ID').fill('sandbox-s4-browser');await page.getByLabel('名称',{exact:false}).fill('沙盒验收账号');await page.getByRole('button',{name:'保存',exact:true}).click();
    >  8 |  await page.getByRole('link',{name:'内容工作间'}).click();await page.getByRole('button',{name:'新建图文',exact:true}).click();await page.getByLabel('图文标题').fill('浏览器人工图文');await page.getByRole('button',{name:'创建图文草稿',exact:true}).click();
         |                                                                                                              ^
       9 |  await page.getByRole('button',{name:'编辑图文',exact:true}).click();await page.getByLabel('发布正文').fill('人工设计稿正文');await page.getByRole('button',{name:'添加图文页',exact:true}).click();await page.getByLabel('第1页画面').fill('封面');await page.getByLabel('第1页文案').fill('第一页');await page.getByRole('button',{name:'添加图文页',exact:true}).click();await page.getByLabel('第2页文案').fill('第二页');await page.getByRole('button',{name:'第2页上移',exact:true}).click();await page.getByRole('button',{name:'保存新快照',exact:true}).click();await expect(page.getByRole('status').filter({hasText:'图文快照已保存'})).toBeVisible();
      10 |  await page.reload();await page.getByRole('button',{name:'查看制作单与版本'}).click();await page.getByRole('button',{name:'编辑图文',exact:true}).click();await expect(page.getByLabel('发布正文')).toHaveValue('人工设计稿正文');await expect(page.getByLabel('第1页文案')).toHaveValue('第二页');
      11 |  mkdirSync('docs/evidence/s4/screenshots',{recursive:true});for(const width of [1440,1280,390]){await page.setViewportSize({width,height:1000});expect(await page.evaluate(()=>document.documentElement.scrollWidth<=innerWidth)).toBe(true);await page.screenshot({path:`docs/evidence/s4/screenshots/edit-${width}.png`});}
        at /Users/junlong/projects/social-mdeida-ops-platform/tests/production-browser.spec.ts:8:110

    attachment #1: screenshot (image/png) ──────────────────────────────────────────────────────────
    test-results/production-browser-图文人工新建、逐页保存排序、刷新恢复与历史快照比较/test-failed-1.png
    ────────────────────────────────────────────────────────────────────────────────────────────────

    Error Context: test-results/production-browser-图文人工新建、逐页保存排序、刷新恢复与历史快照比较/error-context.md

    attachment #3: trace (application/zip) ─────────────────────────────────────────────────────────
    test-results/production-browser-图文人工新建、逐页保存排序、刷新恢复与历史快照比较/trace.zip
    Usage:

        pnpm exec playwright show-trace test-results/production-browser-图文人工新建、逐页保存排序、刷新恢复与历史快照比较/trace.zip

    ────────────────────────────────────────────────────────────────────────────────────────────────

  1 failed
    tests/production-browser.spec.ts:3:5 › 图文人工新建、逐页保存排序、刷新恢复与历史快照比较 ───────────────────────────────
