{"event":"http.request","request_id":"2314e34b-5fbd-4d61-b04e-550cb5a6d628","method":"GET","path":"/api/v1/auth/csrf","status":200,"duration_ms":6}
{"event":"http.request","request_id":"ef115660-cf0b-4777-ba19-705f0a75deac","method":"POST","path":"/api/v1/setup","status":201,"duration_ms":34}
{"event":"http.request","request_id":"a52d2444-dd6f-4568-a403-6b09455aee92","method":"GET","path":"/api/v1/auth/csrf","status":200,"duration_ms":1}
{"event":"http.request","request_id":"772b1769-d46b-40b2-a014-ad51a927ca69","method":"POST","path":"/api/v1/auth/login","status":200,"duration_ms":23}
{"event":"http.request","request_id":"114dba8e-9401-464b-9f8b-26296ae0eec7","method":"GET","path":"/api/v1/me","status":200,"duration_ms":71}
{"event":"http.request","request_id":"5a2c5d97-e32b-4a93-8733-0732cbed35be","method":"POST","path":"/api/v1/accounts","status":201,"duration_ms":9}
{"event":"http.request","request_id":"23257ed7-9b36-4714-8992-f37c8786743d","method":"POST","path":"/api/v1/contents","status":201,"duration_ms":10}
{"event":"http.request","request_id":"6afd03b0-6538-47d8-a31e-50649ac2f64d","method":"GET","path":"/api/v1/contents/29b1ce70-5806-4b07-8d1f-c8e581a3a2f6","status":200,"duration_ms":4}
{"event":"http.request","request_id":"009ef2ce-7837-4d51-9175-ed98b797b005","method":"POST","path":"/api/v1/contents/29b1ce70-5806-4b07-8d1f-c8e581a3a2f6/revisions","status":201,"duration_ms":8}
{"event":"http.request","request_id":"d9de217c-a5fe-497b-86e3-9eee85c37b0a","method":"GET","path":"/api/v1/contents/29b1ce70-5806-4b07-8d1f-c8e581a3a2f6","status":200,"duration_ms":3}
✔ 人工新建图文后保存逐页文案，再从详情恢复原始快照 (391.0165ms)
{"event":"http.request","request_id":"0def387d-71d8-4265-a2d1-dcf6649bdfa3","method":"POST","path":"/api/v1/contents","status":201,"duration_ms":7}
{"event":"http.request","request_id":"8c2f3f30-ed99-4b02-ab4e-b45a77273705","method":"POST","path":"/api/v1/contents/d1d4c16e-4c3f-4b47-be11-f03d883e154b/revisions","status":201,"duration_ms":6}
{"event":"http.request","request_id":"d193b4b6-7d0f-4dab-a047-694b0f6794df","method":"POST","path":"/api/v1/contents/d1d4c16e-4c3f-4b47-be11-f03d883e154b/revisions","status":409,"duration_ms":9}
{"event":"http.request","request_id":"9d01b670-a0b0-47d8-b1b8-1ca716dabecf","method":"GET","path":"/api/v1/contents/d1d4c16e-4c3f-4b47-be11-f03d883e154b","status":200,"duration_ms":3}
{"event":"http.request","request_id":"59b7844b-f827-4457-aaee-72a7d7775de8","method":"POST","path":"/api/v1/contents/d1d4c16e-4c3f-4b47-be11-f03d883e154b/restore","status":201,"duration_ms":7}
{"event":"http.request","request_id":"97984f18-1c24-417a-93b3-f9a1c668f5e5","method":"GET","path":"/api/v1/contents/d1d4c16e-4c3f-4b47-be11-f03d883e154b","status":200,"duration_ms":3}
✔ 同一基础版本并发保存只有一个成功，恢复历史版本产生新快照 (36.009334ms)
{"event":"http.request","request_id":"2c164667-2c71-4780-be77-141d5f345992","method":"POST","path":"/api/v1/members","status":201,"duration_ms":23}
{"event":"http.request","request_id":"c153c962-1fe5-4998-b86f-0305f3ed7ca5","method":"GET","path":"/api/v1/auth/csrf","status":200,"duration_ms":0}
{"event":"http.request","request_id":"bb489cb5-d8a0-4f11-b5ab-60fddda1b842","method":"POST","path":"/api/v1/auth/accept-invite","status":200,"duration_ms":21}
{"event":"http.request","request_id":"76291655-f568-45e0-90bb-7aff05a1dda3","method":"GET","path":"/api/v1/auth/csrf","status":200,"duration_ms":1}
{"event":"http.request","request_id":"dbd447b9-5a98-4ccc-912f-7f0185ed3ce8","method":"POST","path":"/api/v1/auth/login","status":200,"duration_ms":21}
{"event":"http.request","request_id":"8985139e-890c-450b-8b99-ea87491ccedf","method":"POST","path":"/api/v1/members","status":201,"duration_ms":21}
{"event":"http.request","request_id":"c51427f5-ec02-4170-9e0e-88b8b66230b6","method":"GET","path":"/api/v1/auth/csrf","status":200,"duration_ms":1}
{"event":"http.request","request_id":"9278aa20-a165-4dbe-8d6d-524f9c68895b","method":"POST","path":"/api/v1/auth/accept-invite","status":200,"duration_ms":18}
{"event":"http.request","request_id":"c7a5fc5c-f33f-4d6d-9242-dbe79e252014","method":"GET","path":"/api/v1/auth/csrf","status":200,"duration_ms":0}
{"event":"http.request","request_id":"3ae08c67-8182-4c90-a5b8-1c7060bd0305","method":"POST","path":"/api/v1/auth/login","status":200,"duration_ms":19}
{"event":"http.request","request_id":"08627151-2da9-4750-ac22-8aa23cecb53c","method":"POST","path":"/api/v1/contents","status":201,"duration_ms":6}
{"event":"http.request","request_id":"ea49e303-3979-47eb-affb-0fea31b660a4","method":"POST","path":"/api/v1/contents/6846d017-f840-4740-ba1a-62db9d003800/revisions","status":403,"duration_ms":4}
{"event":"http.request","request_id":"c7df68c5-c4a2-49c2-a782-0c897ba88e00","method":"POST","path":"/api/v1/contents/6846d017-f840-4740-ba1a-62db9d003800/revisions","status":403,"duration_ms":3}
{"event":"http.request","request_id":"df3ddddc-ea43-436e-aacc-c656af9e8632","method":"POST","path":"/api/v1/contents/6846d017-f840-4740-ba1a-62db9d003800/revisions","status":201,"duration_ms":6}
✔ 运营只能修改发布文案，不能改逐页制作内容；只读不能保存 (159.906209ms)
{"event":"http.request","request_id":"7fb15428-2600-4228-9ee0-65b746660557","method":"POST","path":"/api/v1/contents","status":201,"duration_ms":6}
{"event":"http.request","request_id":"7aa4f381-c501-486a-a7c3-c83c599955ef","method":"POST","path":"/api/v1/contents/1545e01f-c5ad-4497-b18f-0feec46bdea3/revisions","status":422,"duration_ms":4}
{"event":"http.request","request_id":"98bbfbc4-3cbb-488f-9ca0-603ed0e5d545","method":"POST","path":"/api/v1/uploads","status":201,"duration_ms":11}
{"event":"http.request","request_id":"2ce7f5ec-0153-4bee-8c9a-c9f64bc4be37","method":"POST","path":"/api/v1/uploads/e9b7aa46-ddda-488b-bc05-4d0bd15760cb/parts","status":200,"duration_ms":5}
{"event":"http.request","request_id":"c20dac43-61c2-445f-be97-60065c91e22d","method":"PUT","path":"/api/v1/uploads/e9b7aa46-ddda-488b-bc05-4d0bd15760cb/parts/1","status":200,"duration_ms":7}
{"event":"http.request","request_id":"a2ea6b93-1a6a-4def-9888-b99009092d07","method":"POST","path":"/api/v1/uploads/e9b7aa46-ddda-488b-bc05-4d0bd15760cb/complete","status":200,"duration_ms":10}
{"event":"http.request","request_id":"0ea16ebe-fd25-4ccd-9b76-2e39dd38a137","method":"POST","path":"/api/v1/contents/1545e01f-c5ad-4497-b18f-0feec46bdea3/revisions","status":422,"duration_ms":5}
{"event":"http.request","request_id":"e630d85b-a6c1-427e-b3e1-a9eef219f86c","method":"POST","path":"/api/v1/uploads","status":201,"duration_ms":5}
{"event":"http.request","request_id":"6d94ca06-ebbd-46b9-bfe7-bd0730f0c18f","method":"POST","path":"/api/v1/uploads/e99885c2-f9ec-43f2-b497-cf7eb9ced3cd/parts","status":200,"duration_ms":3}
{"event":"http.request","request_id":"34b2b678-b968-4d13-9fe8-7ef0ff55e9f6","method":"PUT","path":"/api/v1/uploads/e99885c2-f9ec-43f2-b497-cf7eb9ced3cd/parts/1","status":200,"duration_ms":5}
{"event":"http.request","request_id":"0068a106-3dfc-47bf-b9e9-9d72d01c5609","method":"POST","path":"/api/v1/uploads/e99885c2-f9ec-43f2-b497-cf7eb9ced3cd/complete","status":200,"duration_ms":8}
{"event":"http.request","request_id":"2e7c7834-5d8a-4fe5-8571-bf98041e1782","method":"POST","path":"/api/v1/contents/1545e01f-c5ad-4497-b18f-0feec46bdea3/revisions","status":201,"duration_ms":6}
{"event":"http.request","request_id":"afee1db9-da02-4a6e-b905-fc4052f502ff","method":"GET","path":"/api/v1/contents/1545e01f-c5ad-4497-b18f-0feec46bdea3","status":200,"duration_ms":2}
✔ 图文成品只关联同空间已上传PNG原件，无效文件和PDF不能保存为发布图片 (110.407375ms)
{"event":"http.request","request_id":"e58968da-2206-49fc-b470-aa46eda8ce7b","method":"POST","path":"/api/v1/contents","status":201,"duration_ms":5}
{"event":"http.request","request_id":"da7b4993-e3e3-4c96-afb7-eeb61471b74b","method":"PATCH","path":"/api/v1/contents/354f0aa7-1a1d-4a52-a2b3-a234059da3f8","status":200,"duration_ms":4}
{"event":"http.request","request_id":"1afcb0e0-c5fb-47e4-976f-317249f314a1","method":"GET","path":"/api/v1/contents","status":200,"duration_ms":2}
{"event":"http.request","request_id":"36c8e8d6-a979-4975-9988-14ffa18f9563","method":"GET","path":"/api/v1/contents","status":200,"duration_ms":1}
{"event":"http.request","request_id":"8b40c74d-1c9b-4332-a8dc-0ff4d9720db7","method":"GET","path":"/api/v1/contents","status":422,"duration_ms":1}
✔ 内容列表按形式、状态、负责人和计划时间过滤，非法筛选拒绝 (23.045417ms)
{"event":"http.request","request_id":"782e94aa-62cd-477e-ae1e-d6924225418c","method":"POST","path":"/api/v1/contents","status":201,"duration_ms":5}
{"event":"http.request","request_id":"83e24ea1-f079-4cf1-a5a7-4e9c7cd567af","method":"POST","path":"/api/v1/contents/65dc8a54-e9c0-4b80-b1c0-37bc8b05bcbd/submit-review","status":422,"duration_ms":4}
{"event":"http.request","request_id":"5c41c0bf-bb17-478d-ba72-a822ec9929f0","method":"POST","path":"/api/v1/uploads","status":201,"duration_ms":6}
{"event":"http.request","request_id":"2a7201d3-6abb-4d64-a9b5-35b126ceeba0","method":"POST","path":"/api/v1/uploads/bcdd612b-1a7d-4d2b-a02d-4b607839179d/parts","status":200,"duration_ms":4}
{"event":"http.request","request_id":"bff20eae-ea3a-451c-8400-1f931d533b66","method":"PUT","path":"/api/v1/uploads/bcdd612b-1a7d-4d2b-a02d-4b607839179d/parts/1","status":200,"duration_ms":5}
{"event":"http.request","request_id":"61dbff23-e67f-4806-a3c3-94fd7d81e91e","method":"POST","path":"/api/v1/uploads/bcdd612b-1a7d-4d2b-a02d-4b607839179d/complete","status":200,"duration_ms":8}
{"event":"http.request","request_id":"fba440d4-7851-43d8-96e5-fe33e564878f","method":"POST","path":"/api/v1/contents","status":201,"duration_ms":4}
{"event":"http.request","request_id":"67ed78e7-87eb-42ff-864e-e880b4a811b7","method":"POST","path":"/api/v1/contents/cc259e82-53a2-4a84-b67b-9395fa6d55f0/revisions","status":201,"duration_ms":5}
{"event":"http.request","request_id":"f33c6dbc-2419-4036-b06c-42fa1c407a26","method":"POST","path":"/api/v1/contents/cc259e82-53a2-4a84-b67b-9395fa6d55f0/submit-review","status":201,"duration_ms":5}
{"event":"http.request","request_id":"6eaf2951-9827-4df6-8b3f-22cb4cf94e84","method":"GET","path":"/api/v1/contents/cc259e82-53a2-4a84-b67b-9395fa6d55f0","status":200,"duration_ms":2}
{"event":"http.request","request_id":"d24cda01-f06d-43f3-acad-d3da59dfbd77","method":"POST","path":"/api/v1/reviews/855bdcd6-d6df-410e-a2e6-9ae55f7191ec/decide","status":200,"duration_ms":11}
{"event":"http.request","request_id":"695929f5-3225-4260-b296-1ef9d4d9c355","method":"GET","path":"/api/v1/contents/cc259e82-53a2-4a84-b67b-9395fa6d55f0","status":200,"duration_ms":2}
✔ 提交审核拒绝缺失成品，完整PNG图文冻结并由有权成员显式批准 (165.89325ms)
{"event":"http.request","request_id":"2c62cad0-a0fa-41fd-bac1-600aa386e701","method":"POST","path":"/api/v1/uploads","status":201,"duration_ms":6}
{"event":"http.request","request_id":"bdbca2d7-c48c-4f6c-b577-eb9da57de388","method":"POST","path":"/api/v1/uploads/43e07c6f-2e77-4c50-9bbd-4f447826d937/parts","status":200,"duration_ms":3}
{"event":"http.request","request_id":"e1905820-3405-4d50-a02e-d2b10aa0f880","method":"PUT","path":"/api/v1/uploads/43e07c6f-2e77-4c50-9bbd-4f447826d937/parts/1","status":200,"duration_ms":4}
{"event":"http.request","request_id":"384890bb-de78-47fe-a3ec-2a4de58bbe4c","method":"POST","path":"/api/v1/uploads/43e07c6f-2e77-4c50-9bbd-4f447826d937/complete","status":200,"duration_ms":7}
{"event":"http.request","request_id":"81d3d66b-5671-4654-9900-9e76124dd2a2","method":"POST","path":"/api/v1/contents","status":201,"duration_ms":5}
{"event":"http.request","request_id":"1aa24081-19b4-44fd-b747-10bc6d713968","method":"POST","path":"/api/v1/contents/fb15f991-4453-4c71-a616-97012170e5f4/revisions","status":201,"duration_ms":5}
{"event":"http.request","request_id":"ea2e1587-e119-4181-bf23-df5f7176718b","method":"POST","path":"/api/v1/contents/fb15f991-4453-4c71-a616-97012170e5f4/submit-review","status":201,"duration_ms":4}
{"event":"http.request","request_id":"25dfb483-4b3a-49a5-b986-d100657b849f","method":"GET","path":"/api/v1/contents/fb15f991-4453-4c71-a616-97012170e5f4","status":200,"duration_ms":2}
{"event":"http.request","request_id":"9edeb001-6353-47c4-aed3-801c6b19ddd4","method":"POST","path":"/api/v1/contents/fb15f991-4453-4c71-a616-97012170e5f4/revisions","status":409,"duration_ms":3}
{"event":"http.request","request_id":"17000612-9a41-487e-8850-0cf44873ccfd","method":"POST","path":"/api/v1/reviews/da760a86-ab75-4a68-af76-d9949a8f6ccb/withdraw","status":200,"duration_ms":6}
{"event":"http.request","request_id":"bbd17a60-717a-460f-aad3-b589bf4cfaff","method":"GET","path":"/api/v1/contents/fb15f991-4453-4c71-a616-97012170e5f4","status":200,"duration_ms":2}
{"event":"http.request","request_id":"edac33e9-0cfb-45c6-9744-1696e9f18057","method":"POST","path":"/api/v1/contents/fb15f991-4453-4c71-a616-97012170e5f4/submit-review","status":201,"duration_ms":4}
{"event":"http.request","request_id":"59218085-4981-406d-ba34-22c1afbc2b62","method":"POST","path":"/api/v1/reviews/3dcd2e11-542f-4e26-aab8-5a99a8ead583/decide","status":200,"duration_ms":6}
{"event":"http.request","request_id":"fe81ede5-990c-4d14-917d-ee45c29c3ec6","method":"GET","path":"/api/v1/contents/fb15f991-4453-4c71-a616-97012170e5f4","status":200,"duration_ms":2}
{"event":"http.request","request_id":"86a34010-ec86-4a8b-968e-45fd78c6ed8f","method":"POST","path":"/api/v1/contents/fb15f991-4453-4c71-a616-97012170e5f4/submit-review","status":201,"duration_ms":4}
{"event":"http.request","request_id":"5312d8a9-00bf-436a-8557-3e89e7ec2726","method":"POST","path":"/api/v1/reviews/4b9a15df-d34d-4474-8c97-ba7fbdcc6682/decide","status":200,"duration_ms":5}
{"event":"http.request","request_id":"e48c8f56-752f-4ae2-bfdd-f67026ff755d","method":"GET","path":"/api/v1/contents/fb15f991-4453-4c71-a616-97012170e5f4","status":200,"duration_ms":2}
{"event":"http.request","request_id":"fe9e3f1b-a551-40d9-a59b-1845736d9dd8","method":"PATCH","path":"/api/v1/contents/fb15f991-4453-4c71-a616-97012170e5f4","status":200,"duration_ms":4}
{"event":"http.request","request_id":"edc9747d-24e9-4f3e-9cd0-90ba70df9ee2","method":"GET","path":"/api/v1/contents/fb15f991-4453-4c71-a616-97012170e5f4","status":200,"duration_ms":2}
{"event":"http.request","request_id":"1bade5c0-e335-493f-a5e4-a094dbc6749d","method":"POST","path":"/api/v1/contents/fb15f991-4453-4c71-a616-97012170e5f4/revisions","status":201,"duration_ms":5}
{"event":"http.request","request_id":"b77d8c18-082c-4d9f-8670-bfe3559ce78b","method":"GET","path":"/api/v1/contents/fb15f991-4453-4c71-a616-97012170e5f4","status":200,"duration_ms":2}
✔ 审核中禁止编辑，撤回和退回派生新稿；批准后改载荷重审，内部备注不使批准失效 (97.354542ms)
{"event":"http.request","request_id":"fce04309-c2ec-48ec-a91e-f8844a53edbc","method":"POST","path":"/api/v1/members","status":201,"duration_ms":23}
{"event":"http.request","request_id":"e3e662d7-d60a-4d51-86b6-f81689d97d49","method":"GET","path":"/api/v1/auth/csrf","status":200,"duration_ms":1}
{"event":"http.request","request_id":"57c77dd3-fda0-4631-9c97-517534d2a15b","method":"POST","path":"/api/v1/auth/accept-invite","status":200,"duration_ms":19}
{"event":"http.request","request_id":"3c40a567-8b24-40cb-b696-28b9e950177b","method":"GET","path":"/api/v1/auth/csrf","status":200,"duration_ms":0}
{"event":"http.request","request_id":"4360823b-712c-4710-84d7-4c89ad507bd4","method":"POST","path":"/api/v1/auth/login","status":200,"duration_ms":19}
{"event":"http.request","request_id":"428400bd-660e-452d-9740-50cd7d907a3b","method":"POST","path":"/api/v1/uploads","status":201,"duration_ms":5}
{"event":"http.request","request_id":"0624d7fd-3f63-47ae-8dee-395da192332b","method":"POST","path":"/api/v1/uploads/25027d54-5841-49e4-b74f-076a687ae910/parts","status":200,"duration_ms":3}
{"event":"http.request","request_id":"02af4796-7029-4880-b1fe-50f436071ccc","method":"PUT","path":"/api/v1/uploads/25027d54-5841-49e4-b74f-076a687ae910/parts/1","status":200,"duration_ms":4}
{"event":"http.request","request_id":"cfaeb267-f71c-4198-aa97-da13788249cd","method":"POST","path":"/api/v1/uploads/25027d54-5841-49e4-b74f-076a687ae910/complete","status":200,"duration_ms":7}
{"event":"http.request","request_id":"9c3c1515-1461-44e1-8976-0b338c41ebac","method":"POST","path":"/api/v1/contents","status":201,"duration_ms":5}
{"event":"http.request","request_id":"3b7e51d6-9db6-4c1a-8d3d-50f61ebd4264","method":"POST","path":"/api/v1/contents/8b059f5c-a498-48c0-8155-023e7aaa5a1e/revisions","status":201,"duration_ms":5}
{"event":"http.request","request_id":"b26316a4-5bb5-4cfb-998c-55442cde86cb","method":"POST","path":"/api/v1/contents/8b059f5c-a498-48c0-8155-023e7aaa5a1e/submit-review","status":201,"duration_ms":4}
{"event":"http.request","request_id":"5d4b5b58-802b-4927-a582-8a7c117de951","method":"POST","path":"/api/v1/reviews/5c29bf24-c9b9-41c7-8136-c100efea5e25/decide","status":403,"duration_ms":2}
{"event":"http.request","request_id":"47e760dd-3af0-4477-8e5a-07f1d98f02b5","method":"POST","path":"/api/v1/reviews/5c29bf24-c9b9-41c7-8136-c100efea5e25/decide","status":200,"duration_ms":5}
{"event":"http.request","request_id":"4f1c65f7-7a30-4ed6-8c36-d79bf7bacbe7","method":"POST","path":"/api/v1/reviews/5c29bf24-c9b9-41c7-8136-c100efea5e25/withdraw","status":409,"duration_ms":5}
✔ 制作角色不能批准，批准与撤回并发只有一个事务成功 (114.535667ms)
{"event":"http.request","request_id":"b207cc47-2408-43f9-a0ab-8f3f530a688c","method":"POST","path":"/api/v1/uploads","status":201,"duration_ms":7}
{"event":"http.request","request_id":"8c843aef-3373-4579-8ecf-e0cb5069dcfc","method":"POST","path":"/api/v1/uploads/c8f21116-56e1-4e81-bf95-8e237a31e0ac/parts","status":200,"duration_ms":4}
{"event":"http.request","request_id":"33f4d023-c039-4ba6-b830-cadffae9c079","method":"PUT","path":"/api/v1/uploads/c8f21116-56e1-4e81-bf95-8e237a31e0ac/parts/1","status":200,"duration_ms":4}
{"event":"http.request","request_id":"cf50e44f-9ef9-482d-90e6-d042314e1e57","method":"POST","path":"/api/v1/uploads/c8f21116-56e1-4e81-bf95-8e237a31e0ac/complete","status":200,"duration_ms":6}
{"event":"http.request","request_id":"86fd859d-e872-418c-9787-9592a4a1b7ed","method":"POST","path":"/api/v1/contents","status":201,"duration_ms":4}
{"event":"http.request","request_id":"ca3e2d3d-3759-4527-b46d-6131cdfdc9c4","method":"POST","path":"/api/v1/contents/14ea0f2b-a6d3-4461-a41a-e22d00a0f243/revisions","status":201,"duration_ms":5}
{"event":"http.request","request_id":"369bcf28-a0f6-48a4-a6a7-40432c72b427","method":"POST","path":"/api/v1/assets","status":201,"duration_ms":5}
{"event":"http.request","request_id":"da9620ab-8951-4013-a20e-c2e5b18c73ca","method":"POST","path":"/api/v1/assets/723ae741-506e-44b0-a755-e100cb1f91ba/confirm","status":200,"duration_ms":5}
{"event":"http.request","request_id":"2675c91c-5efc-485e-8826-42e1069ab34f","method":"POST","path":"/api/v1/contents/14ea0f2b-a6d3-4461-a41a-e22d00a0f243/revisions","status":201,"duration_ms":6}
{"event":"http.request","request_id":"813efee3-a699-44a6-b06a-c2158a80cc14","method":"POST","path":"/api/v1/contents/14ea0f2b-a6d3-4461-a41a-e22d00a0f243/submit-review","status":201,"duration_ms":4}
{"event":"http.request","request_id":"d8e2eb32-1578-4d8a-aa07-7e272d3d50d3","method":"POST","path":"/api/v1/assets/723ae741-506e-44b0-a755-e100cb1f91ba/retire","status":200,"duration_ms":3}
{"event":"http.request","request_id":"f3619bcc-2fd7-4a85-acf7-3af20c2f16f4","method":"POST","path":"/api/v1/reviews/cbd36d29-93c7-4db2-aaff-1e9a9e139d73/decide","status":422,"duration_ms":5}
{"event":"http.request","request_id":"9aa5b4b1-4b2b-4b34-8bba-d3ed26191d5c","method":"POST","path":"/api/v1/reviews/cbd36d29-93c7-4db2-aaff-1e9a9e139d73/withdraw","status":200,"duration_ms":6}
{"event":"http.request","request_id":"e086ba16-3e2b-4dc9-9c6d-b7aabdd2d550","method":"GET","path":"/api/v1/contents/14ea0f2b-a6d3-4461-a41a-e22d00a0f243","status":200,"duration_ms":3}
{"event":"http.request","request_id":"34c37ead-8b8e-48e8-b953-7d1919f425a9","method":"POST","path":"/api/v1/contents/14ea0f2b-a6d3-4461-a41a-e22d00a0f243/revisions","status":201,"duration_ms":5}
✔ 素材停用阻止批准但仍能撤回修稿，冻结历史引用保留 (92.023333ms)
{"event":"http.request","request_id":"dbdc36f0-4653-4874-b479-e9291aa3ce85","method":"POST","path":"/api/v1/contents","status":201,"duration_ms":4}
{"event":"http.request","request_id":"db364efe-0a34-4767-8f97-d4645b1968b3","method":"POST","path":"/api/v1/contents/c5918aaf-9898-491c-9b88-19d3343ce5b3/start-production","status":200,"duration_ms":4}
{"event":"http.request","request_id":"d2ac7a4b-f770-478e-8bca-8d8857f5a47e","method":"POST","path":"/api/v1/contents/c5918aaf-9898-491c-9b88-19d3343ce5b3/cancel","status":200,"duration_ms":5}
{"event":"http.request","request_id":"de9abf54-2980-4a02-9bc5-2e5f7a714ce3","method":"GET","path":"/api/v1/contents/c5918aaf-9898-491c-9b88-19d3343ce5b3","status":200,"duration_ms":2}
{"event":"http.request","request_id":"d4c29319-a68e-4951-855e-bb85261ef018","method":"POST","path":"/api/v1/contents/c5918aaf-9898-491c-9b88-19d3343ce5b3/submit-review","status":409,"duration_ms":3}
✔ 开始制作保存估时，取消保留理由和版本历史且不能再提审 (20.040333ms)
{"event":"http.request","request_id":"b35dcfbc-7f86-4570-868e-272d474fca1d","method":"POST","path":"/api/v1/uploads","status":201,"duration_ms":6}
{"event":"http.request","request_id":"b263392a-fa15-4bd1-9a01-f1d8fc094489","method":"POST","path":"/api/v1/uploads/074c6a57-53f8-4ad4-9ea2-7dc15a25135c/parts","status":200,"duration_ms":9}
{"event":"http.request","request_id":"c81910cc-7cc2-46f5-a756-210ffd785389","method":"PUT","path":"/api/v1/uploads/074c6a57-53f8-4ad4-9ea2-7dc15a25135c/parts/1","status":200,"duration_ms":5}
{"event":"http.request","request_id":"e4f30f85-e6c4-4397-88cc-99d4d9a7f616","method":"POST","path":"/api/v1/uploads/074c6a57-53f8-4ad4-9ea2-7dc15a25135c/complete","status":200,"duration_ms":7}
{"event":"http.request","request_id":"4743e121-2008-475f-83e4-adbe2eab16a9","method":"POST","path":"/api/v1/contents","status":201,"duration_ms":4}
{"event":"http.request","request_id":"494626c2-f6dd-4d88-8bce-a8566883a748","method":"POST","path":"/api/v1/contents/0a6cc7c9-391d-46a5-bad9-92049f3b2453/revisions","status":201,"duration_ms":5}
{"event":"http.request","request_id":"b2c922f8-58db-4091-bacd-6da4b55a940b","method":"POST","path":"/api/v1/contents/0a6cc7c9-391d-46a5-bad9-92049f3b2453/submit-review","status":201,"duration_ms":4}
{"event":"http.request","request_id":"86124cf5-3c57-410d-ae66-fda0de12ed8f","method":"POST","path":"/api/v1/reviews/11a5e0d3-84ac-43a3-9ab9-864c822b855c/decide","status":200,"duration_ms":5}
{"event":"http.request","request_id":"ed8a2d7f-298b-43a5-94a7-0310468e3fde","method":"GET","path":"/api/v1/contents/0a6cc7c9-391d-46a5-bad9-92049f3b2453","status":200,"duration_ms":2}
{"event":"http.request","request_id":"12061aef-d1c1-467e-8519-4144749acf43","method":"POST","path":"/api/v1/contents/0a6cc7c9-391d-46a5-bad9-92049f3b2453/export-package","status":202,"duration_ms":6}
{"event":"http.request","request_id":"f66d3abc-da6b-4c7a-adc1-fe8249234314","method":"GET","path":"/api/v1/export-packages/ee157f20-e3d4-440a-b0f5-6c99022806ce","status":200,"duration_ms":2}
{"event":"job.claimed","job_id":"bd380b63-5d67-4f7f-afd0-222f83263d33","request_id":"12061aef-d1c1-467e-8519-4144749acf43","pool":"general","attempt":1}
{"event":"http.request","request_id":"23c32d75-94d6-46ab-b384-cf4049fca786","method":"GET","path":"/api/v1/export-packages/ee157f20-e3d4-440a-b0f5-6c99022806ce","status":200,"duration_ms":3}
{"event":"http.request","request_id":"8a59908c-6816-487a-a202-7a612dcfc222","method":"GET","path":"/api/v1/export-packages/ee157f20-e3d4-440a-b0f5-6c99022806ce/download","status":200,"duration_ms":19}
{"event":"http.request","request_id":"d23ba1c7-3145-421e-9b53-3e5d41480bb9","method":"POST","path":"/api/v1/contents/0a6cc7c9-391d-46a5-bad9-92049f3b2453/revisions","status":201,"duration_ms":18}
{"event":"http.request","request_id":"0aaef1eb-9bf9-467c-9475-5133ffe8e9b7","method":"GET","path":"/api/v1/export-packages/ee157f20-e3d4-440a-b0f5-6c99022806ce/download","status":409,"duration_ms":5}
{"event":"http.request","request_id":"f6a92cf5-37f1-40e2-b874-b0c15a878d42","method":"GET","path":"/api/v1/files/b4e70a01-0fe2-4590-8f88-8d6c577d67f2/download","status":200,"duration_ms":5}
✖ 发布包异步打包批准版本，下载PNG原件、页序和文案与批准内容一致 (1151.455834ms)
ℹ tests 11
ℹ suites 0
ℹ pass 10
ℹ fail 1
ℹ cancelled 0
ℹ skipped 0
ℹ todo 0
ℹ duration_ms 2797.509625

✖ failing tests:

test at tests/production.test.ts:2:20186
✖ 发布包异步打包批准版本，下载PNG原件、页序和文案与批准内容一致 (1151.455834ms)
  AssertionError [ERR_ASSERTION]: Expected values to be strictly equal:
  
  200 !== 409
  
      at TestContext.<anonymous> (/Users/junlong/projects/social-mdeida-ops-platform/tests/production.test.ts:122:9)
      at process.processTicksAndRejections (node:internal/process/task_queues:104:5)
      at async Test.run (node:internal/test_runner/test:1125:7)
      at async Test.processPendingSubtests (node:internal/test_runner/test:787:7) {
    generatedMessage: true,
    code: 'ERR_ASSERTION',
    actual: 200,
    expected: 409,
    operator: 'strictEqual',
    diff: 'simple'
  }
