{"event":"http.request","request_id":"e9821ba8-ae91-45ce-a4e5-cc0a7dc87a34","method":"GET","path":"/api/v1/auth/csrf","status":200,"duration_ms":5}
{"event":"http.request","request_id":"5a81fa4e-d65d-495f-b8df-ed27b492aac6","method":"POST","path":"/api/v1/setup","status":201,"duration_ms":35}
{"event":"http.request","request_id":"24cbfa89-bafd-4c29-bc9a-f745d6269065","method":"GET","path":"/api/v1/auth/csrf","status":200,"duration_ms":2}
{"event":"http.request","request_id":"e1b762bf-4170-41ef-bac8-5edf214933e0","method":"POST","path":"/api/v1/auth/login","status":200,"duration_ms":23}
{"event":"http.request","request_id":"b58df9b2-7390-40d2-af83-3dbe39f003e1","method":"GET","path":"/api/v1/me","status":200,"duration_ms":81}
{"event":"http.request","request_id":"cc064c44-33f0-4531-a3b9-3847aed3faad","method":"POST","path":"/api/v1/accounts","status":201,"duration_ms":11}
{"event":"http.request","request_id":"d86b86d0-6cad-48e2-b552-b0f65fc4af40","method":"POST","path":"/api/v1/contents","status":201,"duration_ms":11}
{"event":"http.request","request_id":"2e6dc776-6a65-4358-b3e4-fdca959e79a4","method":"GET","path":"/api/v1/contents/881fbea6-8a46-4ca3-ab32-fa79281f21ef","status":200,"duration_ms":5}
{"event":"http.request","request_id":"951fdb98-26fe-4166-976b-d7abb5bd9789","method":"POST","path":"/api/v1/contents/881fbea6-8a46-4ca3-ab32-fa79281f21ef/revisions","status":201,"duration_ms":11}
{"event":"http.request","request_id":"22e6aa2d-0108-42f2-a91c-19c55b46e342","method":"GET","path":"/api/v1/contents/881fbea6-8a46-4ca3-ab32-fa79281f21ef","status":200,"duration_ms":3}
✔ 人工新建图文后保存逐页文案，再从详情恢复原始快照 (410.062458ms)
{"event":"http.request","request_id":"3a3da243-ac67-4913-a89a-5c8e47b8e805","method":"POST","path":"/api/v1/contents","status":201,"duration_ms":6}
{"event":"http.request","request_id":"dacd8701-43c0-4276-a7ea-9c7acbb221ec","method":"POST","path":"/api/v1/contents/59c54e68-137f-49ae-a112-a7565701387c/revisions","status":201,"duration_ms":6}
{"event":"http.request","request_id":"c25441bf-6082-4ccd-8dc1-623ff1eb2e76","method":"POST","path":"/api/v1/contents/59c54e68-137f-49ae-a112-a7565701387c/revisions","status":409,"duration_ms":8}
{"event":"http.request","request_id":"f24fb47e-8354-4b2e-b735-ba45115a37d2","method":"GET","path":"/api/v1/contents/59c54e68-137f-49ae-a112-a7565701387c","status":200,"duration_ms":3}
{"event":"http.request","request_id":"29db7d99-73d5-49f0-9e77-daccfd337846","method":"POST","path":"/api/v1/contents/59c54e68-137f-49ae-a112-a7565701387c/restore","status":201,"duration_ms":8}
{"event":"http.request","request_id":"f475ede9-ede6-404e-95e8-bb437a362b1a","method":"GET","path":"/api/v1/contents/59c54e68-137f-49ae-a112-a7565701387c","status":200,"duration_ms":3}
✔ 同一基础版本并发保存只有一个成功，恢复历史版本产生新快照 (36.143209ms)
{"event":"http.request","request_id":"1cd17325-b3a7-4279-989e-fd30d81c8f5e","method":"POST","path":"/api/v1/members","status":201,"duration_ms":21}
{"event":"http.request","request_id":"2fa26edf-620c-4dfd-a6f5-9c922db64f2f","method":"GET","path":"/api/v1/auth/csrf","status":200,"duration_ms":1}
{"event":"http.request","request_id":"ce8be82b-5a7a-4db0-8bf4-15e09e8e93bb","method":"POST","path":"/api/v1/auth/accept-invite","status":200,"duration_ms":18}
{"event":"http.request","request_id":"093b757e-a207-43a5-bee9-6b42664df2aa","method":"GET","path":"/api/v1/auth/csrf","status":200,"duration_ms":1}
{"event":"http.request","request_id":"dca2999a-9405-448a-bc5d-256e1696f4d8","method":"POST","path":"/api/v1/auth/login","status":200,"duration_ms":18}
{"event":"http.request","request_id":"1e37c9fa-afd0-45ff-9ea9-e3a92a0ae49c","method":"POST","path":"/api/v1/members","status":201,"duration_ms":37}
{"event":"http.request","request_id":"e7bc9202-91ed-4e87-bb57-ce8a23717ed9","method":"GET","path":"/api/v1/auth/csrf","status":200,"duration_ms":4}
{"event":"http.request","request_id":"50737975-f5bc-472e-97a7-59757c120cea","method":"POST","path":"/api/v1/auth/accept-invite","status":200,"duration_ms":44}
{"event":"http.request","request_id":"d6ad7f6c-2537-4b55-9fa1-fb3de6de0b36","method":"GET","path":"/api/v1/auth/csrf","status":200,"duration_ms":1}
{"event":"http.request","request_id":"b3d0fc7f-60a9-4ba7-a9b4-d6a2ca071a3a","method":"POST","path":"/api/v1/auth/login","status":200,"duration_ms":21}
{"event":"http.request","request_id":"d4913c82-63d9-4c72-99be-536586bab8eb","method":"POST","path":"/api/v1/contents","status":201,"duration_ms":8}
{"event":"http.request","request_id":"bc6bf2f9-81d1-44bd-803f-9fdf106e7dd7","method":"POST","path":"/api/v1/contents/10f9f6eb-b524-4c94-b649-66fad1effa91/revisions","status":403,"duration_ms":3}
{"event":"http.request","request_id":"593e413c-1926-4d83-8120-b82091760d55","method":"POST","path":"/api/v1/contents/10f9f6eb-b524-4c94-b649-66fad1effa91/revisions","status":403,"duration_ms":2}
{"event":"http.request","request_id":"b76e859e-4658-4a2d-a7a9-a4f9ce54bd7e","method":"POST","path":"/api/v1/contents/10f9f6eb-b524-4c94-b649-66fad1effa91/revisions","status":201,"duration_ms":5}
✔ 运营只能修改发布文案，不能改逐页制作内容；只读不能保存 (200.997583ms)
{"event":"http.request","request_id":"1eec66cc-8a1c-415d-b578-84d1b195c345","method":"POST","path":"/api/v1/contents","status":201,"duration_ms":5}
{"event":"http.request","request_id":"fc728712-30db-417f-a462-2023fa7b2b0c","method":"POST","path":"/api/v1/contents/60864e43-d025-485c-8e32-e0bfba9742e2/revisions","status":422,"duration_ms":4}
{"event":"http.request","request_id":"08dbcb78-a444-4ab8-9070-8f4fbbf64939","method":"POST","path":"/api/v1/uploads","status":201,"duration_ms":7}
{"event":"http.request","request_id":"db4c4fed-ccad-4147-971e-e12f9f382884","method":"POST","path":"/api/v1/uploads/ec3cd50f-08a1-47d4-b896-578bfad564a3/parts","status":200,"duration_ms":4}
{"event":"http.request","request_id":"bcae949a-ecf4-4ca2-a64f-dd3cda92f547","method":"PUT","path":"/api/v1/uploads/ec3cd50f-08a1-47d4-b896-578bfad564a3/parts/1","status":200,"duration_ms":7}
{"event":"http.request","request_id":"d72d87f9-0f67-4187-ba3f-efe023659a52","method":"POST","path":"/api/v1/uploads/ec3cd50f-08a1-47d4-b896-578bfad564a3/complete","status":200,"duration_ms":10}
{"event":"http.request","request_id":"9df4a1b9-ae05-44cd-994a-d821b3e457f4","method":"POST","path":"/api/v1/contents/60864e43-d025-485c-8e32-e0bfba9742e2/revisions","status":422,"duration_ms":5}
{"event":"http.request","request_id":"5145f58d-a862-44a7-8a59-5035f6b94bcc","method":"POST","path":"/api/v1/uploads","status":201,"duration_ms":5}
{"event":"http.request","request_id":"1ee2d8c9-966b-45f9-a568-8cca45da1329","method":"POST","path":"/api/v1/uploads/6df760f8-7826-4767-8c6f-c7e1fc4175b1/parts","status":200,"duration_ms":3}
{"event":"http.request","request_id":"4785002e-af5f-45ea-bd63-7c8206658692","method":"PUT","path":"/api/v1/uploads/6df760f8-7826-4767-8c6f-c7e1fc4175b1/parts/1","status":200,"duration_ms":4}
{"event":"http.request","request_id":"40cc9cdb-e4a4-4c64-81f8-255ecca66a63","method":"POST","path":"/api/v1/uploads/6df760f8-7826-4767-8c6f-c7e1fc4175b1/complete","status":200,"duration_ms":8}
{"event":"http.request","request_id":"0a17ff5d-29ed-41fa-9770-35ae8f9494f1","method":"POST","path":"/api/v1/contents/60864e43-d025-485c-8e32-e0bfba9742e2/revisions","status":201,"duration_ms":8}
{"event":"http.request","request_id":"05261a5e-6836-4cfa-a3d4-41be35043c41","method":"GET","path":"/api/v1/contents/60864e43-d025-485c-8e32-e0bfba9742e2","status":200,"duration_ms":2}
✔ 图文成品只关联同空间已上传PNG原件，无效文件和PDF不能保存为发布图片 (100.415917ms)
{"event":"http.request","request_id":"681fd4a6-270d-4f65-ad67-8e05869e4501","method":"POST","path":"/api/v1/contents","status":201,"duration_ms":4}
{"event":"http.request","request_id":"4adbe638-fcf9-4aa7-bd6b-ca79b974fba0","method":"PATCH","path":"/api/v1/contents/b45d6a71-0aa2-4e3e-a5f4-c9707c9f915f","status":200,"duration_ms":4}
{"event":"http.request","request_id":"f067626d-2c20-4e87-9649-98d41d9e5bda","method":"GET","path":"/api/v1/contents","status":200,"duration_ms":2}
{"event":"http.request","request_id":"40795761-25aa-4917-a988-54d06aa9b862","method":"GET","path":"/api/v1/contents","status":200,"duration_ms":1}
{"event":"http.request","request_id":"1d2e4339-3d1d-4f62-b5ec-42246008358e","method":"GET","path":"/api/v1/contents","status":422,"duration_ms":1}
✔ 内容列表按形式、状态、负责人和计划时间过滤，非法筛选拒绝 (21.595708ms)
{"event":"http.request","request_id":"70f0eb74-52ee-47e7-85c9-05ed68471987","method":"POST","path":"/api/v1/contents","status":201,"duration_ms":5}
{"event":"http.request","request_id":"82ed41bc-f7e0-400d-9bbd-f1ea67187810","method":"POST","path":"/api/v1/contents/249041f2-edc4-4fc0-98c2-0cb9dd197ec1/submit-review","status":422,"duration_ms":3}
{"event":"http.request","request_id":"d176075c-0569-410c-84a5-684b695fd9d4","method":"POST","path":"/api/v1/uploads","status":201,"duration_ms":5}
{"event":"http.request","request_id":"d8a62517-cf77-4b7c-bedc-0fc521fe895b","method":"POST","path":"/api/v1/uploads/7d8af7a7-f0f6-4ef5-a8a8-a701b4b34031/parts","status":200,"duration_ms":3}
{"event":"http.request","request_id":"cb1c8682-8683-45a6-8bc6-184087787505","method":"PUT","path":"/api/v1/uploads/7d8af7a7-f0f6-4ef5-a8a8-a701b4b34031/parts/1","status":200,"duration_ms":5}
{"event":"http.request","request_id":"61070997-2879-4245-ad4c-cdcc998e5e1e","method":"POST","path":"/api/v1/uploads/7d8af7a7-f0f6-4ef5-a8a8-a701b4b34031/complete","status":200,"duration_ms":8}
{"event":"http.request","request_id":"9724cf54-4955-4b48-b74b-3311be1efe83","method":"POST","path":"/api/v1/contents","status":201,"duration_ms":5}
{"event":"http.request","request_id":"004335bc-7731-4025-9574-f0fdff40107d","method":"POST","path":"/api/v1/contents/28d8a5ef-aa5f-4385-aef3-a8f96b3f8a34/revisions","status":201,"duration_ms":6}
{"event":"http.request","request_id":"1e8b67b0-33f4-4632-a0c3-b56b8b34c6bf","method":"POST","path":"/api/v1/contents/28d8a5ef-aa5f-4385-aef3-a8f96b3f8a34/submit-review","status":201,"duration_ms":5}
{"event":"http.request","request_id":"214a6a0a-b843-4017-8263-4aafe16ad4e9","method":"GET","path":"/api/v1/contents/28d8a5ef-aa5f-4385-aef3-a8f96b3f8a34","status":200,"duration_ms":3}
{"event":"http.request","request_id":"0999b70f-63b1-4bcb-96fe-aaf68348f0aa","method":"POST","path":"/api/v1/reviews/5be5239b-e2d4-4cc7-b2b7-f32b6ffc3640/decide","status":200,"duration_ms":6}
{"event":"http.request","request_id":"db350363-1b43-4ae3-8bfe-a6a9ad93534f","method":"GET","path":"/api/v1/contents/28d8a5ef-aa5f-4385-aef3-a8f96b3f8a34","status":200,"duration_ms":2}
✔ 提交审核拒绝缺失成品，完整PNG图文冻结并由有权成员显式批准 (154.554083ms)
{"event":"http.request","request_id":"7eb9b01f-7bae-4e79-bcac-d2c5751ddae7","method":"POST","path":"/api/v1/uploads","status":201,"duration_ms":5}
{"event":"http.request","request_id":"6d791334-7249-4fca-a836-bc3dd432d00f","method":"POST","path":"/api/v1/uploads/17334bdb-b706-4a34-b253-0add70e85b74/parts","status":200,"duration_ms":3}
{"event":"http.request","request_id":"5103d592-c91d-44de-af24-f05181a832d8","method":"PUT","path":"/api/v1/uploads/17334bdb-b706-4a34-b253-0add70e85b74/parts/1","status":200,"duration_ms":4}
{"event":"http.request","request_id":"8d66a3bf-0c1a-4b31-b3f7-ef539ecc0717","method":"POST","path":"/api/v1/uploads/17334bdb-b706-4a34-b253-0add70e85b74/complete","status":200,"duration_ms":7}
{"event":"http.request","request_id":"1dea820d-f32b-48ac-8729-3baa015cee3a","method":"POST","path":"/api/v1/contents","status":201,"duration_ms":5}
{"event":"http.request","request_id":"df5471ca-8ee8-4984-a518-5a737b3e0470","method":"POST","path":"/api/v1/contents/f501a002-8432-4ba7-bb06-d692eb21c266/revisions","status":201,"duration_ms":6}
{"event":"http.request","request_id":"52946df1-8d23-4505-a7b0-3d9816aadd4e","method":"POST","path":"/api/v1/contents/f501a002-8432-4ba7-bb06-d692eb21c266/submit-review","status":201,"duration_ms":4}
{"event":"http.request","request_id":"92be9e11-002d-46fc-a380-aa8fe197cd68","method":"GET","path":"/api/v1/contents/f501a002-8432-4ba7-bb06-d692eb21c266","status":200,"duration_ms":2}
{"event":"http.request","request_id":"236cf677-4467-4a5a-8cc2-436246e2b3e7","method":"POST","path":"/api/v1/contents/f501a002-8432-4ba7-bb06-d692eb21c266/revisions","status":409,"duration_ms":3}
{"event":"http.request","request_id":"216e7518-cd78-4d1c-aac3-4a97fb6989b4","method":"POST","path":"/api/v1/reviews/15f93c3f-1665-4f04-985e-b6c885ffbe4f/withdraw","status":200,"duration_ms":5}
{"event":"http.request","request_id":"27e1b9b9-e6ce-41e0-9ba1-1fe32ed1ab37","method":"GET","path":"/api/v1/contents/f501a002-8432-4ba7-bb06-d692eb21c266","status":200,"duration_ms":2}
{"event":"http.request","request_id":"fdb7f4fc-951d-4d04-8e49-d8031a62abe1","method":"POST","path":"/api/v1/contents/f501a002-8432-4ba7-bb06-d692eb21c266/submit-review","status":201,"duration_ms":5}
{"event":"http.request","request_id":"579f4435-6458-4116-989a-35eddae71690","method":"POST","path":"/api/v1/reviews/2311b4ac-d2b7-42e2-9422-2a0969edf6e8/decide","status":200,"duration_ms":6}
{"event":"http.request","request_id":"9b8516c0-8f0a-4619-a6e3-ad61c8b4bcaa","method":"GET","path":"/api/v1/contents/f501a002-8432-4ba7-bb06-d692eb21c266","status":200,"duration_ms":2}
{"event":"http.request","request_id":"8a3e97da-5026-4dac-81d1-77e9b3315a79","method":"POST","path":"/api/v1/contents/f501a002-8432-4ba7-bb06-d692eb21c266/submit-review","status":201,"duration_ms":4}
{"event":"http.request","request_id":"b0729fc0-6e47-426f-85f1-ea6612f29e68","method":"POST","path":"/api/v1/reviews/a22b541f-0b9a-4a65-a3fa-9b10bf0037bf/decide","status":200,"duration_ms":4}
{"event":"http.request","request_id":"1c1c7365-5d51-46b7-a3ab-0c6aa8332a4e","method":"GET","path":"/api/v1/contents/f501a002-8432-4ba7-bb06-d692eb21c266","status":200,"duration_ms":2}
{"event":"http.request","request_id":"26391e6a-2901-48f5-b668-14a3d23bc105","method":"PATCH","path":"/api/v1/contents/f501a002-8432-4ba7-bb06-d692eb21c266","status":200,"duration_ms":4}
{"event":"http.request","request_id":"5352e64c-84e7-4597-9ff3-d8aa9817a478","method":"GET","path":"/api/v1/contents/f501a002-8432-4ba7-bb06-d692eb21c266","status":200,"duration_ms":3}
{"event":"http.request","request_id":"9d20cb1f-9e1e-4ed5-b1d6-6362b50c40ef","method":"POST","path":"/api/v1/contents/f501a002-8432-4ba7-bb06-d692eb21c266/revisions","status":201,"duration_ms":5}
{"event":"http.request","request_id":"c04432e0-69aa-413e-ab38-172729272922","method":"GET","path":"/api/v1/contents/f501a002-8432-4ba7-bb06-d692eb21c266","status":200,"duration_ms":2}
✔ 审核中禁止编辑，撤回和退回派生新稿；批准后改载荷重审，内部备注不使批准失效 (99.442541ms)
ℹ tests 7
ℹ suites 0
ℹ pass 7
ℹ fail 0
ℹ cancelled 0
ℹ skipped 0
ℹ todo 0
ℹ duration_ms 1415.25075
