Applied 018-content-production-metadata.sql
{"event":"http.request","request_id":"491b5ae2-8072-4db8-82b1-6ef148a81f08","method":"GET","path":"/api/v1/auth/csrf","status":200,"duration_ms":6}
{"event":"http.request","request_id":"a639b479-72e7-4648-9ca8-5fc5d12fcb9f","method":"POST","path":"/api/v1/setup","status":201,"duration_ms":36}
{"event":"http.request","request_id":"77b88af7-a271-4740-8c46-a086efc86fd7","method":"GET","path":"/api/v1/auth/csrf","status":200,"duration_ms":2}
{"event":"http.request","request_id":"958dc1bf-21e1-431f-8a8a-e5bc45f88833","method":"POST","path":"/api/v1/auth/login","status":200,"duration_ms":24}
{"event":"http.request","request_id":"1fe2de29-9281-476e-bdab-62ca3953eade","method":"GET","path":"/api/v1/me","status":200,"duration_ms":78}
{"event":"http.request","request_id":"62cc855b-9f70-4552-83ae-6038bcd466c1","method":"POST","path":"/api/v1/accounts","status":201,"duration_ms":7}
{"event":"http.request","request_id":"8a2a63ef-90d2-4db9-a1ef-47ab1c23b8d1","method":"POST","path":"/api/v1/contents","status":201,"duration_ms":7}
{"event":"http.request","request_id":"5f49955c-9b1f-45f4-b968-ca043d296bcd","method":"GET","path":"/api/v1/contents/93ec6338-4bf9-48a0-a602-e0ba03e3f3cc","status":200,"duration_ms":3}
{"event":"http.request","request_id":"39261889-32aa-46a8-83cb-369dc28ab2ba","method":"POST","path":"/api/v1/contents/93ec6338-4bf9-48a0-a602-e0ba03e3f3cc/revisions","status":201,"duration_ms":8}
{"event":"http.request","request_id":"60285e2c-d96b-4f26-98ba-90507882d9f0","method":"GET","path":"/api/v1/contents/93ec6338-4bf9-48a0-a602-e0ba03e3f3cc","status":200,"duration_ms":3}
✔ 人工新建图文后保存逐页文案，再从详情恢复原始快照 (404.927459ms)
{"event":"http.request","request_id":"3a5657ef-842d-47ab-a14c-7cadf8ecac75","method":"POST","path":"/api/v1/contents","status":201,"duration_ms":7}
{"event":"http.request","request_id":"6259ce05-b973-491e-91ca-a8126376b1e4","method":"POST","path":"/api/v1/contents/b6ea1801-83de-4cf8-8d01-0aeee04ae746/revisions","status":201,"duration_ms":6}
{"event":"http.request","request_id":"a35aa456-1a56-4398-8f9d-617f5687ffbc","method":"POST","path":"/api/v1/contents/b6ea1801-83de-4cf8-8d01-0aeee04ae746/revisions","status":409,"duration_ms":10}
{"event":"http.request","request_id":"379b4040-d5c5-48d2-8ac2-49281cda1f43","method":"GET","path":"/api/v1/contents/b6ea1801-83de-4cf8-8d01-0aeee04ae746","status":200,"duration_ms":3}
{"event":"http.request","request_id":"307460c5-1194-4734-8c79-02c7d7da0af4","method":"POST","path":"/api/v1/contents/b6ea1801-83de-4cf8-8d01-0aeee04ae746/restore","status":201,"duration_ms":7}
{"event":"http.request","request_id":"d509661a-bfc0-40aa-be48-653d2c1f3811","method":"GET","path":"/api/v1/contents/b6ea1801-83de-4cf8-8d01-0aeee04ae746","status":200,"duration_ms":3}
✔ 同一基础版本并发保存只有一个成功，恢复历史版本产生新快照 (32.65575ms)
{"event":"http.request","request_id":"64401e24-59f0-4a6c-a079-9171cf0fd59a","method":"POST","path":"/api/v1/members","status":201,"duration_ms":22}
{"event":"http.request","request_id":"2a9c6cbe-d363-4c11-8175-c6cdb10cce35","method":"GET","path":"/api/v1/auth/csrf","status":200,"duration_ms":1}
{"event":"http.request","request_id":"a40f0de0-3395-48d9-89df-f72047e8c2d4","method":"POST","path":"/api/v1/auth/accept-invite","status":200,"duration_ms":21}
{"event":"http.request","request_id":"b5e32612-9f58-457b-9167-92e336a46ad2","method":"GET","path":"/api/v1/auth/csrf","status":200,"duration_ms":1}
{"event":"http.request","request_id":"4fc95188-5024-4da4-99a4-7b42a0d7f852","method":"POST","path":"/api/v1/auth/login","status":200,"duration_ms":19}
{"event":"http.request","request_id":"3b7ad48d-580d-4e52-a52d-b614eb5761fa","method":"POST","path":"/api/v1/members","status":201,"duration_ms":21}
{"event":"http.request","request_id":"bad69b08-4293-4bcd-a2a7-5ee4c5839e84","method":"GET","path":"/api/v1/auth/csrf","status":200,"duration_ms":1}
{"event":"http.request","request_id":"61c61cfc-14d7-4569-9541-b83a91c86458","method":"POST","path":"/api/v1/auth/accept-invite","status":200,"duration_ms":20}
{"event":"http.request","request_id":"dd2bfec8-b922-4784-bf98-8b9a00b47a91","method":"GET","path":"/api/v1/auth/csrf","status":200,"duration_ms":0}
{"event":"http.request","request_id":"f4a35ef0-135d-4330-884f-44e2a1819004","method":"POST","path":"/api/v1/auth/login","status":200,"duration_ms":18}
{"event":"http.request","request_id":"f4423e43-0667-4dbd-86e7-cc9b2943a8c4","method":"POST","path":"/api/v1/contents","status":201,"duration_ms":5}
{"event":"http.request","request_id":"3a016dfb-d2a9-4339-996a-3fdeb04f8d27","method":"POST","path":"/api/v1/contents/16519227-55e5-4c1a-b972-3262311c8c75/revisions","status":403,"duration_ms":3}
{"event":"http.request","request_id":"345c61a6-e09b-42fe-8383-28b816f9778d","method":"POST","path":"/api/v1/contents/16519227-55e5-4c1a-b972-3262311c8c75/revisions","status":403,"duration_ms":2}
{"event":"http.request","request_id":"3b1bff7c-0c8a-45c5-a2b2-45163cc9407b","method":"POST","path":"/api/v1/contents/16519227-55e5-4c1a-b972-3262311c8c75/revisions","status":201,"duration_ms":5}
✔ 运营只能修改发布文案，不能改逐页制作内容；只读不能保存 (153.246458ms)
{"event":"http.request","request_id":"bbc1ddd7-5d5f-49d4-aea6-21d04516d4e3","method":"POST","path":"/api/v1/contents","status":201,"duration_ms":6}
{"event":"http.request","request_id":"278f47d0-1650-4f21-823d-80573fc2cb0f","method":"POST","path":"/api/v1/contents/f2f17575-37bd-4744-9920-52fb323ca9f6/revisions","status":422,"duration_ms":4}
{"event":"http.request","request_id":"5b9990ae-9181-468a-b15f-af1bfbf9f52b","method":"POST","path":"/api/v1/uploads","status":201,"duration_ms":8}
{"event":"http.request","request_id":"0b74b155-b78f-4802-9e4c-45fc6ec9a8ef","method":"POST","path":"/api/v1/uploads/691eb61f-51ad-4175-9b58-1db5a50f1f60/parts","status":200,"duration_ms":5}
{"event":"http.request","request_id":"c90178b6-3a48-4f00-b943-5f2816efcae5","method":"PUT","path":"/api/v1/uploads/691eb61f-51ad-4175-9b58-1db5a50f1f60/parts/1","status":200,"duration_ms":8}
{"event":"http.request","request_id":"66819081-7c9f-4dbf-b37f-88e6412a263b","method":"POST","path":"/api/v1/uploads/691eb61f-51ad-4175-9b58-1db5a50f1f60/complete","status":200,"duration_ms":11}
{"event":"http.request","request_id":"f2cf0f47-00fd-4cc2-b1c7-7363b074e60e","method":"POST","path":"/api/v1/contents/f2f17575-37bd-4744-9920-52fb323ca9f6/revisions","status":422,"duration_ms":4}
{"event":"http.request","request_id":"858b54e4-9958-4b31-b8fb-111fd1a1c642","method":"POST","path":"/api/v1/uploads","status":201,"duration_ms":5}
{"event":"http.request","request_id":"07b6c746-adce-49c0-ac29-f7d659cd3737","method":"POST","path":"/api/v1/uploads/86135fc5-fed3-40c4-a939-f1748f6e5f7e/parts","status":200,"duration_ms":4}
{"event":"http.request","request_id":"9541ca74-19ba-48e3-b362-02ffe403fef9","method":"PUT","path":"/api/v1/uploads/86135fc5-fed3-40c4-a939-f1748f6e5f7e/parts/1","status":200,"duration_ms":5}
{"event":"http.request","request_id":"ae4ae7d0-320d-4d68-a07e-90f5d687f29c","method":"POST","path":"/api/v1/uploads/86135fc5-fed3-40c4-a939-f1748f6e5f7e/complete","status":200,"duration_ms":8}
{"event":"http.request","request_id":"42e132cc-564c-45d3-b50c-51febc83e624","method":"POST","path":"/api/v1/contents/f2f17575-37bd-4744-9920-52fb323ca9f6/revisions","status":201,"duration_ms":6}
{"event":"http.request","request_id":"7446ce03-4791-491f-8ca3-d8e0042d6556","method":"GET","path":"/api/v1/contents/f2f17575-37bd-4744-9920-52fb323ca9f6","status":200,"duration_ms":2}
✔ 图文成品只关联同空间已上传PNG原件，无效文件和PDF不能保存为发布图片 (107.177542ms)
{"event":"http.request","request_id":"52ba03fe-039e-49fe-beca-9b8c6d6b2e10","method":"POST","path":"/api/v1/contents","status":201,"duration_ms":4}
{"event":"http.request","request_id":"408198c9-8d12-4c2d-b6e4-12cd324a2149","method":"PATCH","path":"/api/v1/contents/0e7f3696-a197-4b7e-92b7-5ea145e9e76a","status":200,"duration_ms":4}
{"event":"http.request","request_id":"36f70f10-970c-47b5-a837-346a1aa9e2da","method":"GET","path":"/api/v1/contents","status":200,"duration_ms":3}
{"event":"http.request","request_id":"8165a74d-40d8-4e7c-abc0-00c5ce13c10c","method":"GET","path":"/api/v1/contents","status":200,"duration_ms":1}
{"event":"http.request","request_id":"057d0fca-3b50-4ff8-8a5a-2f2f625cb1ac","method":"GET","path":"/api/v1/contents","status":422,"duration_ms":1}
✔ 内容列表按形式、状态、负责人和计划时间过滤，非法筛选拒绝 (19.949792ms)
ℹ tests 5
ℹ suites 0
ℹ pass 5
ℹ fail 0
ℹ cancelled 0
ℹ skipped 0
ℹ todo 0
ℹ duration_ms 1105.171125
