node:internal/modules/run_main:107
    triggerUncaughtException(
    ^

Error: Transform failed with 1 error:
/Users/junlong/projects/social-mdeida-ops-platform/apps/api/src/production.ts:105:128: ERROR: Expected ")" but found "ready_to_publish"
    at failureErrorWithLog (/Users/junlong/projects/social-mdeida-ops-platform/node_modules/.pnpm/esbuild@0.25.12/node_modules/esbuild/lib/main.js:1467:15)
    at /Users/junlong/projects/social-mdeida-ops-platform/node_modules/.pnpm/esbuild@0.25.12/node_modules/esbuild/lib/main.js:736:50
    at responseCallbacks.<computed> (/Users/junlong/projects/social-mdeida-ops-platform/node_modules/.pnpm/esbuild@0.25.12/node_modules/esbuild/lib/main.js:603:9)
    at handleIncomingPacket (/Users/junlong/projects/social-mdeida-ops-platform/node_modules/.pnpm/esbuild@0.25.12/node_modules/esbuild/lib/main.js:658:12)
    at Socket.readFromStdout (/Users/junlong/projects/social-mdeida-ops-platform/node_modules/.pnpm/esbuild@0.25.12/node_modules/esbuild/lib/main.js:581:7)
    at Socket.emit (node:events:508:28)
    at addChunk (node:internal/streams/readable:563:12)
    at readableAddChunkPushByteMode (node:internal/streams/readable:514:3)
    at Readable.push (node:internal/streams/readable:394:5)
    at Pipe.onStreamRead (node:internal/stream_base_commons:189:23) {
  name: 'TransformError'
}

Node.js v24.14.1
✖ tests/production.test.ts (335.553333ms)
ℹ tests 1
ℹ suites 0
ℹ pass 0
ℹ fail 1
ℹ cancelled 0
ℹ skipped 0
ℹ todo 0
ℹ duration_ms 338.617209

✖ failing tests:

test at tests/production.test.ts:1:1
✖ tests/production.test.ts (335.553333ms)
  'test failed'
