{"event":"http.request","request_id":"c4a20eb1-5533-4765-b642-c11e231a7d62","method":"GET","path":"/api/v1/auth/csrf","status":200,"duration_ms":4}
{"event":"http.request","request_id":"6af6d677-5631-48af-9df8-20a70ad2e6a0","method":"POST","path":"/api/v1/setup","status":201,"duration_ms":35}
{"event":"http.request","request_id":"26f98eca-fc30-4265-ade5-c82e198341dc","method":"GET","path":"/api/v1/auth/csrf","status":200,"duration_ms":1}
{"event":"http.request","request_id":"1216410d-85cf-4703-883f-1c4eb9f57b3d","method":"POST","path":"/api/v1/auth/login","status":200,"duration_ms":24}
{"event":"http.request","request_id":"855fa30d-536e-4c04-813e-6adc9dc933b3","method":"GET","path":"/api/v1/me","status":200,"duration_ms":74}
{"event":"http.request","request_id":"c96b8f36-d3dd-4fde-86c5-dbc86034d440","method":"POST","path":"/api/v1/accounts","status":201,"duration_ms":10}
{"event":"http.request","request_id":"4aeaf596-ead5-42f0-8044-16b0438ac2a4","method":"POST","path":"/api/v1/contents","status":201,"duration_ms":10}
{"event":"http.request","request_id":"37cc18fc-0b63-43ae-a452-17eb0016a861","method":"GET","path":"/api/v1/contents/e2d42ff3-a771-4dbd-aef2-d513bae0943b","status":200,"duration_ms":3}
{"event":"http.request","request_id":"02e65062-aeb1-4b3b-aec8-825c1b574e48","method":"POST","path":"/api/v1/contents/e2d42ff3-a771-4dbd-aef2-d513bae0943b/revisions","status":201,"duration_ms":8}
{"event":"http.request","request_id":"f1e8b6b0-f207-4fa8-9091-f3754a1d18b5","method":"GET","path":"/api/v1/contents/e2d42ff3-a771-4dbd-aef2-d513bae0943b","status":200,"duration_ms":3}
✔ 人工新建图文后保存逐页文案，再从详情恢复原始快照 (379.266458ms)
{"event":"http.request","request_id":"1f1bbaba-1cab-44c0-aab7-fa9701c03b39","method":"POST","path":"/api/v1/contents","status":201,"duration_ms":7}
{"event":"http.request","request_id":"3cb720b4-0108-4900-af85-85073192ae1b","method":"POST","path":"/api/v1/contents/2f67274d-101d-4a1f-8764-c5427613f9b5/revisions","status":201,"duration_ms":6}
{"event":"http.request","request_id":"234e0896-55d4-4579-978f-7fe49363640e","method":"POST","path":"/api/v1/contents/2f67274d-101d-4a1f-8764-c5427613f9b5/revisions","status":409,"duration_ms":10}
{"event":"http.request","request_id":"0ddd7afc-a608-49b3-a770-f1e856455b17","method":"GET","path":"/api/v1/contents/2f67274d-101d-4a1f-8764-c5427613f9b5","status":200,"duration_ms":3}
{"event":"http.request","request_id":"0792bfab-0d4b-4ff8-b4e7-60d84614d3af","method":"POST","path":"/api/v1/contents/2f67274d-101d-4a1f-8764-c5427613f9b5/restore","status":201,"duration_ms":9}
{"event":"http.request","request_id":"3ed4d6d7-2761-41b7-8afe-54afd9a91754","method":"GET","path":"/api/v1/contents/2f67274d-101d-4a1f-8764-c5427613f9b5","status":200,"duration_ms":3}
✔ 同一基础版本并发保存只有一个成功，恢复历史版本产生新快照 (35.071292ms)
{"event":"http.request","request_id":"daa3172f-b443-40b4-879e-22b2058a8fc0","method":"POST","path":"/api/v1/members","status":201,"duration_ms":22}
{"event":"http.request","request_id":"550b8abf-e1ee-478c-8424-88ef45e1bb30","method":"GET","path":"/api/v1/auth/csrf","status":200,"duration_ms":1}
{"event":"http.request","request_id":"65c16f3a-37f1-4961-8889-5e177b3d22a4","method":"POST","path":"/api/v1/auth/accept-invite","status":200,"duration_ms":20}
{"event":"http.request","request_id":"68da38a2-ff20-4dee-bc53-b177b7b87c64","method":"GET","path":"/api/v1/auth/csrf","status":200,"duration_ms":2}
{"event":"http.request","request_id":"78dbb553-6d7e-457c-bdfc-480a9cf3e797","method":"POST","path":"/api/v1/auth/login","status":200,"duration_ms":19}
{"event":"http.request","request_id":"bdf6c175-160e-41f6-ad7e-bfba9fc1b516","method":"POST","path":"/api/v1/members","status":201,"duration_ms":21}
{"event":"http.request","request_id":"b6b69c1d-4388-41ac-b227-d9dfe3f8a707","method":"GET","path":"/api/v1/auth/csrf","status":200,"duration_ms":1}
{"event":"http.request","request_id":"8310830e-88ee-4346-9e05-6c1e2505e6ac","method":"POST","path":"/api/v1/auth/accept-invite","status":200,"duration_ms":21}
{"event":"http.request","request_id":"bbd99b15-83d9-4d37-94a1-74c22ba8e4f3","method":"GET","path":"/api/v1/auth/csrf","status":200,"duration_ms":1}
{"event":"http.request","request_id":"12aee89c-205d-4500-b49b-8b085bcaf214","method":"POST","path":"/api/v1/auth/login","status":200,"duration_ms":19}
{"event":"http.request","request_id":"faaa3975-0c4f-4960-ae2d-32163d99bf23","method":"POST","path":"/api/v1/contents","status":201,"duration_ms":6}
{"event":"http.request","request_id":"49b6b59b-51e6-4e09-bb31-fbc41dab16c0","method":"POST","path":"/api/v1/contents/35487b5f-652c-4567-9bd7-2f3931ac9482/revisions","status":403,"duration_ms":4}
{"event":"http.request","request_id":"b793292d-1170-4fda-a0e1-4488c16324de","method":"POST","path":"/api/v1/contents/35487b5f-652c-4567-9bd7-2f3931ac9482/revisions","status":403,"duration_ms":2}
{"event":"http.request","request_id":"2cb93bdd-be8c-4bc4-814b-68fe0985ac99","method":"POST","path":"/api/v1/contents/35487b5f-652c-4567-9bd7-2f3931ac9482/revisions","status":201,"duration_ms":6}
✔ 运营只能修改发布文案，不能改逐页制作内容；只读不能保存 (159.12725ms)
{"event":"http.request","request_id":"c911efdc-ff3b-4f7e-9142-5b49c6ee68a4","method":"POST","path":"/api/v1/contents","status":201,"duration_ms":6}
{"event":"http.request","request_id":"06cd64c3-ab9a-407b-859d-9a40dadcc83f","method":"POST","path":"/api/v1/contents/7de62275-fc00-449a-b7b1-3232ad53b10b/revisions","status":422,"duration_ms":4}
{"event":"http.request","request_id":"0000dbd0-0858-439b-b19e-022482db0cfe","method":"POST","path":"/api/v1/uploads","status":201,"duration_ms":7}
{"event":"http.request","request_id":"2b5c5830-efce-495d-84ac-af824a484017","method":"POST","path":"/api/v1/uploads/84968af7-613f-45f2-960d-274f032e433f/parts","status":200,"duration_ms":5}
{"event":"http.request","request_id":"4e578e83-641b-41e4-be14-86b025bafa08","method":"PUT","path":"/api/v1/uploads/84968af7-613f-45f2-960d-274f032e433f/parts/1","status":200,"duration_ms":6}
{"event":"http.request","request_id":"f6309f82-a485-4672-b64e-4fa380475d2b","method":"POST","path":"/api/v1/uploads/84968af7-613f-45f2-960d-274f032e433f/complete","status":200,"duration_ms":10}
{"event":"http.request","request_id":"bfc7be7f-2114-43f4-83cd-9edb861dbe27","method":"POST","path":"/api/v1/contents/7de62275-fc00-449a-b7b1-3232ad53b10b/revisions","status":422,"duration_ms":4}
{"event":"http.request","request_id":"c0284990-754e-4ba3-ba9f-b3239cabd20a","method":"POST","path":"/api/v1/uploads","status":201,"duration_ms":6}
{"event":"http.request","request_id":"698eeb5b-0746-419f-857a-9e5415150e0d","method":"POST","path":"/api/v1/uploads/3ad5f559-d2c1-4cf4-b8df-e7523595539c/parts","status":200,"duration_ms":4}
{"event":"http.request","request_id":"faa2c87a-78eb-4b43-bdee-f963fc143885","method":"PUT","path":"/api/v1/uploads/3ad5f559-d2c1-4cf4-b8df-e7523595539c/parts/1","status":200,"duration_ms":5}
{"event":"http.request","request_id":"44289628-10c4-465e-ba17-ee33d8cc9044","method":"POST","path":"/api/v1/uploads/3ad5f559-d2c1-4cf4-b8df-e7523595539c/complete","status":200,"duration_ms":8}
{"event":"http.request","request_id":"690d792e-b468-4a7b-bde5-8dcc07d53914","method":"POST","path":"/api/v1/contents/7de62275-fc00-449a-b7b1-3232ad53b10b/revisions","status":201,"duration_ms":6}
{"event":"http.request","request_id":"a8ca0427-4b83-40e0-b345-689c0aede6cc","method":"GET","path":"/api/v1/contents/7de62275-fc00-449a-b7b1-3232ad53b10b","status":200,"duration_ms":2}
✔ 图文成品只关联同空间已上传PNG原件，无效文件和PDF不能保存为发布图片 (102.680625ms)
{"event":"http.request","request_id":"e805104d-853d-4bfd-b1db-797c60d555f6","method":"POST","path":"/api/v1/contents","status":201,"duration_ms":5}
{"event":"http.request","request_id":"dc793243-5f67-45ff-bb7e-b9a7f2c09b29","method":"PATCH","path":"/api/v1/contents/d7282719-c94a-4487-9272-b7244bf2f8db","status":404,"duration_ms":1}
✖ 内容列表按形式、状态、负责人和计划时间过滤，非法筛选拒绝 (7.737916ms)
ℹ tests 5
ℹ suites 0
ℹ pass 4
ℹ fail 1
ℹ cancelled 0
ℹ skipped 0
ℹ todo 0
ℹ duration_ms 1119.097625

✖ failing tests:

test at tests/production.test.ts:2:8065
✖ 内容列表按形式、状态、负责人和计划时间过滤，非法筛选拒绝 (7.737916ms)
  AssertionError [ERR_ASSERTION]: Expected values to be strictly equal:
  
  404 !== 200
  
      at TestContext.<anonymous> (/Users/junlong/projects/social-mdeida-ops-platform/tests/production.test.ts:51:9)
      at process.processTicksAndRejections (node:internal/process/task_queues:104:5)
      at async Test.run (node:internal/test_runner/test:1125:7)
      at async Test.processPendingSubtests (node:internal/test_runner/test:787:7) {
    generatedMessage: true,
    code: 'ERR_ASSERTION',
    actual: 404,
    expected: 200,
    operator: 'strictEqual',
    diff: 'simple'
  }
