{"event":"http.request","request_id":"7857e105-d293-4e2e-abd2-570dcaa4bec6","method":"GET","path":"/api/v1/auth/csrf","status":200,"duration_ms":7}
{"event":"http.request","request_id":"e8a91f0e-d87c-4e8f-aaf2-0b303c49ccf0","method":"POST","path":"/api/v1/setup","status":201,"duration_ms":38}
{"event":"http.request","request_id":"5cd6d050-c1a6-4d2a-b8c9-3a9d17949061","method":"GET","path":"/api/v1/auth/csrf","status":200,"duration_ms":1}
{"event":"http.request","request_id":"373e1771-d96e-4d9d-88ca-bc17c1145342","method":"POST","path":"/api/v1/auth/login","status":200,"duration_ms":25}
{"event":"http.request","request_id":"17a4c520-618a-4b4b-8dba-a410e34d6cda","method":"GET","path":"/api/v1/me","status":200,"duration_ms":83}
{"event":"http.request","request_id":"dfe55d39-e545-4092-826b-cf166e74b46d","method":"POST","path":"/api/v1/accounts","status":201,"duration_ms":11}
{"event":"http.request","request_id":"cf42024c-cb85-412a-8611-cf2a15608850","method":"POST","path":"/api/v1/contents","status":404,"duration_ms":2}
✖ 人工新建图文后保存逐页文案，再从详情恢复原始快照 (415.714542ms)
ℹ tests 1
ℹ suites 0
ℹ pass 0
ℹ fail 1
ℹ cancelled 0
ℹ skipped 0
ℹ todo 0
ℹ duration_ms 1174.513625

✖ failing tests:

test at tests/production.test.ts:2:1318
✖ 人工新建图文后保存逐页文案，再从详情恢复原始快照 (415.714542ms)
  AssertionError [ERR_ASSERTION]: Expected values to be strictly equal:
  
  404 !== 201
  
      at TestContext.<anonymous> (/Users/junlong/projects/social-mdeida-ops-platform/tests/production.test.ts:8:145)
      at process.processTicksAndRejections (node:internal/process/task_queues:104:5)
      at async Test.run (node:internal/test_runner/test:1125:7)
      at async startSubtestAfterBootstrap (node:internal/test_runner/harness:358:3) {
    generatedMessage: true,
    code: 'ERR_ASSERTION',
    actual: 404,
    expected: 201,
    operator: 'strictEqual',
    diff: 'simple'
  }
