{"event":"http.request","request_id":"3bb3a086-ab32-431d-b6b2-d87fabc227b4","method":"GET","path":"/api/v1/auth/csrf","status":200,"duration_ms":6}
{"event":"http.request","request_id":"2fd8251f-7b6d-487a-a8ca-88a6f3a76ff2","method":"POST","path":"/api/v1/setup","status":201,"duration_ms":36}
{"event":"http.request","request_id":"d3bf8c72-499a-4de4-88d8-2183149362ab","method":"GET","path":"/api/v1/auth/csrf","status":200,"duration_ms":1}
{"event":"http.request","request_id":"316253f4-e61c-4c89-9717-f42808f67850","method":"POST","path":"/api/v1/auth/login","status":200,"duration_ms":23}
{"event":"http.request","request_id":"9f1908ad-856d-4393-9ba2-b436f4d72f4f","method":"GET","path":"/api/v1/me","status":200,"duration_ms":63}
{"event":"http.request","request_id":"9126e159-f283-4d42-bff8-aaa07cbe8c69","method":"POST","path":"/api/v1/accounts","status":201,"duration_ms":10}
{"event":"http.request","request_id":"382d295b-1c16-4967-84ff-ffdb60e8c710","method":"POST","path":"/api/v1/contents","status":201,"duration_ms":11}
{"event":"http.request","request_id":"001da874-4726-4170-a38a-79f0f2bff967","method":"GET","path":"/api/v1/contents/519a7c8f-fdf2-4043-8819-f15da88702cb","status":200,"duration_ms":4}
{"event":"http.request","request_id":"31e2f250-5d84-4ad1-aa6a-c665ab443354","method":"POST","path":"/api/v1/contents/519a7c8f-fdf2-4043-8819-f15da88702cb/revisions","status":201,"duration_ms":7}
{"event":"http.request","request_id":"fee45b16-62e9-459a-a428-d2674efc9de7","method":"GET","path":"/api/v1/contents/519a7c8f-fdf2-4043-8819-f15da88702cb","status":200,"duration_ms":3}
✔ 人工新建图文后保存逐页文案，再从详情恢复原始快照 (372.019542ms)
{"event":"http.request","request_id":"1eaf4d64-7634-45b6-aed6-d6b325afdc60","method":"POST","path":"/api/v1/contents","status":201,"duration_ms":6}
{"event":"http.request","request_id":"6ad4473c-5326-4de8-a9a0-7be2195238c0","method":"POST","path":"/api/v1/contents/2db543a7-863a-436d-8c51-9643f50ff8db/revisions","status":201,"duration_ms":6}
{"event":"http.request","request_id":"c4a4c49a-d7db-42d9-9cf9-02af700d2724","method":"POST","path":"/api/v1/contents/2db543a7-863a-436d-8c51-9643f50ff8db/revisions","status":409,"duration_ms":9}
{"event":"http.request","request_id":"bb89cbf1-358a-4442-ae2a-3f52fb461996","method":"GET","path":"/api/v1/contents/2db543a7-863a-436d-8c51-9643f50ff8db","status":200,"duration_ms":3}
{"event":"http.request","request_id":"53d17ffc-0356-4564-aa90-4ad9564e6beb","method":"POST","path":"/api/v1/contents/2db543a7-863a-436d-8c51-9643f50ff8db/restore","status":201,"duration_ms":7}
{"event":"http.request","request_id":"14d08cbc-e114-4040-9c72-41b921a29226","method":"GET","path":"/api/v1/contents/2db543a7-863a-436d-8c51-9643f50ff8db","status":200,"duration_ms":3}
✔ 同一基础版本并发保存只有一个成功，恢复历史版本产生新快照 (34.986583ms)
{"event":"http.request","request_id":"56341fc5-2864-4d00-b2c3-b89527320f43","method":"POST","path":"/api/v1/members","status":201,"duration_ms":23}
{"event":"http.request","request_id":"4ab7729d-21c8-4cd8-8368-869eece6532e","method":"GET","path":"/api/v1/auth/csrf","status":200,"duration_ms":1}
{"event":"http.request","request_id":"980c5dd4-0d5e-4fb9-bb61-5c8bf312efa0","method":"POST","path":"/api/v1/auth/accept-invite","status":200,"duration_ms":19}
{"event":"http.request","request_id":"e457c4ae-683d-4f9e-bd61-2da1ce761d9e","method":"GET","path":"/api/v1/auth/csrf","status":200,"duration_ms":0}
{"event":"http.request","request_id":"df7e6caf-ead2-4570-a175-d7b92359fcc5","method":"POST","path":"/api/v1/auth/login","status":200,"duration_ms":19}
{"event":"http.request","request_id":"9f2e24fc-aedf-4510-a060-65ca60c42cb6","method":"POST","path":"/api/v1/members","status":201,"duration_ms":21}
{"event":"http.request","request_id":"642e9dfe-7b12-4cef-8bdb-75571eb2f635","method":"GET","path":"/api/v1/auth/csrf","status":200,"duration_ms":0}
{"event":"http.request","request_id":"8e5195d5-b759-46ff-b7e5-3ac90ddbe116","method":"POST","path":"/api/v1/auth/accept-invite","status":200,"duration_ms":18}
{"event":"http.request","request_id":"38fab19c-bf28-47e2-8f51-c4de3fef6c0a","method":"GET","path":"/api/v1/auth/csrf","status":200,"duration_ms":1}
{"event":"http.request","request_id":"a0a80a90-f53e-4c8d-b301-bfa5ec5d824b","method":"POST","path":"/api/v1/auth/login","status":200,"duration_ms":23}
{"event":"http.request","request_id":"63f34a84-df1c-4dde-ab2a-7b5140298d21","method":"POST","path":"/api/v1/contents","status":201,"duration_ms":5}
{"event":"http.request","request_id":"620e3878-3531-4ad3-aaf7-71b9fc04534c","method":"POST","path":"/api/v1/contents/d829733b-315f-4671-9ada-4c9f0c4dbfc2/revisions","status":403,"duration_ms":3}
{"event":"http.request","request_id":"29c7acf7-d306-41eb-a7d2-7a91af054dd2","method":"POST","path":"/api/v1/contents/d829733b-315f-4671-9ada-4c9f0c4dbfc2/revisions","status":403,"duration_ms":2}
{"event":"http.request","request_id":"e196307d-3fc9-4937-9f2c-c79d9f31fc86","method":"POST","path":"/api/v1/contents/d829733b-315f-4671-9ada-4c9f0c4dbfc2/revisions","status":201,"duration_ms":6}
✔ 运营只能修改发布文案，不能改逐页制作内容；只读不能保存 (156.022375ms)
{"event":"http.request","request_id":"717be0a8-03f8-4d95-ba5d-c5a57b37610a","method":"POST","path":"/api/v1/contents","status":201,"duration_ms":7}
{"event":"http.request","request_id":"e9cca0de-f318-4f1f-a744-45e33ea98d5f","method":"POST","path":"/api/v1/contents/79edc791-9865-48f3-a56b-9075e39c6adb/revisions","status":422,"duration_ms":4}
{"event":"http.request","request_id":"e0113b5a-7cdd-4722-8d83-7deb5606f561","method":"POST","path":"/api/v1/uploads","status":201,"duration_ms":9}
{"event":"http.request","request_id":"381e708a-0613-41e9-a112-711449234eb0","method":"POST","path":"/api/v1/uploads/09decf78-12dd-48ab-9de5-0147a20e7923/parts","status":200,"duration_ms":4}
{"event":"http.request","request_id":"0189b560-d82f-43d4-92ed-d4e40a71c983","method":"PUT","path":"/api/v1/uploads/09decf78-12dd-48ab-9de5-0147a20e7923/parts/1","status":200,"duration_ms":6}
{"event":"http.request","request_id":"baa90b7e-ce30-4a0a-a3d1-0da3f5c276b0","method":"POST","path":"/api/v1/uploads/09decf78-12dd-48ab-9de5-0147a20e7923/complete","status":200,"duration_ms":10}
{"event":"http.request","request_id":"066427af-661e-4655-8266-b1f1ec239113","method":"POST","path":"/api/v1/contents/79edc791-9865-48f3-a56b-9075e39c6adb/revisions","status":422,"duration_ms":5}
{"event":"http.request","request_id":"27e8d478-a783-4c00-b48e-62ef0d070131","method":"POST","path":"/api/v1/uploads","status":201,"duration_ms":5}
{"event":"http.request","request_id":"030a0ee8-b626-4ec7-939d-50c723d1526e","method":"POST","path":"/api/v1/uploads/2964cf0f-c6be-470c-a457-880c7307e6e1/parts","status":200,"duration_ms":3}
{"event":"http.request","request_id":"52fc3bc9-4df0-45e9-ad95-1f53dbdcd65d","method":"PUT","path":"/api/v1/uploads/2964cf0f-c6be-470c-a457-880c7307e6e1/parts/1","status":200,"duration_ms":4}
{"event":"http.request","request_id":"719a5936-bb37-4a8a-b306-d62ddffc83c4","method":"POST","path":"/api/v1/uploads/2964cf0f-c6be-470c-a457-880c7307e6e1/complete","status":200,"duration_ms":9}
{"event":"http.request","request_id":"44edf41b-c721-4283-87c4-d66140d32159","method":"POST","path":"/api/v1/contents/79edc791-9865-48f3-a56b-9075e39c6adb/revisions","status":201,"duration_ms":7}
{"event":"http.request","request_id":"f6fe7c31-c7f2-454e-bcd1-6f2777033f72","method":"GET","path":"/api/v1/contents/79edc791-9865-48f3-a56b-9075e39c6adb","status":200,"duration_ms":2}
✔ 图文成品只关联同空间已上传PNG原件，无效文件和PDF不能保存为发布图片 (106.360333ms)
{"event":"http.request","request_id":"a1993943-56ee-4f39-89a9-a0d9751a1ce0","method":"POST","path":"/api/v1/contents","status":201,"duration_ms":7}
{"event":"http.request","request_id":"c7ec6fc0-1d5a-462c-9aab-6a98538a24b0","method":"PATCH","path":"/api/v1/contents/f8139adb-9110-4035-82c4-de69d415fd4e","status":200,"duration_ms":5}
{"event":"http.request","request_id":"85b4421a-0107-4eb7-8ffc-8b78d6489063","method":"GET","path":"/api/v1/contents","status":200,"duration_ms":2}
{"event":"http.request","request_id":"d063a04b-d5ab-461f-a335-f081955967e7","method":"GET","path":"/api/v1/contents","status":200,"duration_ms":3}
{"event":"http.request","request_id":"0153ad21-51fe-43e4-a135-e897d4e9207f","method":"GET","path":"/api/v1/contents","status":422,"duration_ms":2}
✔ 内容列表按形式、状态、负责人和计划时间过滤，非法筛选拒绝 (26.522542ms)
{"event":"http.request","request_id":"492a11a5-49e7-4e42-b140-46f1460b6004","method":"POST","path":"/api/v1/contents","status":201,"duration_ms":5}
{"event":"http.request","request_id":"0b6dbd41-6ac1-49c4-9047-fb2e93afe848","method":"POST","path":"/api/v1/contents/a9aa23de-a287-42a2-853b-fef8f295dc6f/submit-review","status":404,"duration_ms":2}
✖ 提交审核拒绝缺失成品，完整PNG图文冻结并由有权成员显式批准 (9.315083ms)
ℹ tests 6
ℹ suites 0
ℹ pass 5
ℹ fail 1
ℹ cancelled 0
ℹ skipped 0
ℹ todo 0
ℹ duration_ms 1114.619042

✖ failing tests:

test at tests/production.test.ts:2:10794
✖ 提交审核拒绝缺失成品，完整PNG图文冻结并由有权成员显式批准 (9.315083ms)
  AssertionError [ERR_ASSERTION]: Expected values to be strictly equal:
  
  404 !== 422
  
      at TestContext.<anonymous> (/Users/junlong/projects/social-mdeida-ops-platform/tests/production.test.ts:64:9)
      at process.processTicksAndRejections (node:internal/process/task_queues:104:5)
      at async Test.run (node:internal/test_runner/test:1125:7)
      at async Test.processPendingSubtests (node:internal/test_runner/test:787:7) {
    generatedMessage: true,
    code: 'ERR_ASSERTION',
    actual: 404,
    expected: 422,
    operator: 'strictEqual',
    diff: 'simple'
  }
