 Image yoyo-local:0.1.0 Building
 Image yoyo-local:0.1.0 Building
#1 [internal] load local bake definitions
#1 reading from stdin 1.03kB done
#1 DONE 0.0s

#2 [migrate internal] load build definition from Dockerfile
#2 transferring dockerfile: 1.59kB done
#2 DONE 0.0s

#3 [api internal] load metadata for docker.io/library/node:24.14.1-bookworm-slim@sha256:b506e7321f176aae77317f99d67a24b272c1f09f1d10f1761f2773447d8da26c
#3 DONE 0.0s

#4 [api internal] load .dockerignore
#4 transferring context: 177B done
#4 DONE 0.0s

#5 [api build  1/20] FROM docker.io/library/node:24.14.1-bookworm-slim@sha256:b506e7321f176aae77317f99d67a24b272c1f09f1d10f1761f2773447d8da26c
#5 resolve docker.io/library/node:24.14.1-bookworm-slim@sha256:b506e7321f176aae77317f99d67a24b272c1f09f1d10f1761f2773447d8da26c done
#5 DONE 0.0s

#6 [api internal] load build context
#6 transferring context: 31.20kB done
#6 DONE 0.0s

#7 [migrate build 10/20] COPY packages/db/package.json ./packages/db/package.json
#7 CACHED

#8 [migrate build  5/20] COPY package.json pnpm-lock.yaml pnpm-workspace.yaml ./
#8 CACHED

#9 [migrate build  9/20] COPY apps/scheduler/package.json ./apps/scheduler/package.json
#9 CACHED

#10 [migrate build  3/20] RUN corepack enable && corepack prepare pnpm@10.33.0 --activate
#10 CACHED

#11 [migrate build  2/20] RUN apt-get update && apt-get install -y --no-install-recommends openssl ca-certificates && rm -rf /var/lib/apt/lists/*
#11 CACHED

#12 [migrate build  6/20] COPY apps/api/package.json ./apps/api/package.json
#12 CACHED

#13 [migrate build  4/20] WORKDIR /app
#13 CACHED

#14 [migrate build  7/20] COPY apps/web/package.json ./apps/web/package.json
#14 CACHED

#15 [migrate build  8/20] COPY apps/worker/package.json ./apps/worker/package.json
#15 CACHED

#16 [migrate build 11/20] COPY packages/domain/package.json ./packages/domain/package.json
#16 CACHED

#17 [migrate build 12/20] COPY packages/contracts/package.json ./packages/contracts/package.json
#17 CACHED

#18 [api build 13/20] RUN --mount=type=cache,id=yoyo-pnpm,target=/pnpm/store pnpm config set store-dir /pnpm/store && pnpm install --frozen-lockfile
#18 CACHED

#19 [api build 14/20] COPY apps ./apps
#19 DONE 0.0s

#20 [api build 15/20] COPY packages ./packages
#20 DONE 0.0s

#21 [migrate build 16/20] COPY tools ./tools
#21 DONE 0.0s

#22 [migrate build 17/20] COPY tests ./tests
#22 DONE 0.0s

#23 [api build 18/20] COPY contracts ./contracts
#23 DONE 0.0s

#24 [api build 19/20] COPY tsconfig.json prisma.config.ts ./
#24 DONE 0.0s

#25 [api build 20/20] RUN pnpm build
#25 0.198
#25 0.198 > yoyo-workbench@0.1.0 build /app
#25 0.198 > pnpm db:generate && tsc -p tsconfig.json && pnpm --filter @yoyo/web build
#25 0.198
#25 0.326
#25 0.326 > yoyo-workbench@0.1.0 db:generate /app
#25 0.326 > prisma generate
#25 0.326
#25 0.654 Loaded Prisma config from prisma.config.ts.
#25 0.654
#25 0.674 Prisma schema loaded from packages/db/prisma/schema.prisma.
#25 0.845
#25 0.845 ✔ Generated Prisma Client (v7.10.0) to ./node_modules/.pnpm/@prisma+client@7.10.0_prisma@7.10.0_@types+react-dom@19.2.2_@types+react@19.2.2__@types_a5f616641512722fa171c0ec0738743a/node_modules/@prisma/client in 118ms
#25 0.845
#25 0.845 Start by importing your Prisma Client (See: https://pris.ly/d/importing-client)
#25 0.845
#25 0.845
#25 2.247
#25 2.247 > @yoyo/web@0.1.0 build /app/apps/web
#25 2.247 > vite build
#25 2.247
#25 2.330 vite v8.3.3 building client environment for production...
#25 2.333 transforming...
#25 2.363 ✓ 17 modules transformed.
#25 2.375 rendering chunks...
#25 2.393 computing gzip size...
#25 2.395 dist/index.html                   0.36 kB │ gzip:  0.28 kB
#25 2.395 dist/assets/index-Bjl8Bgmi.css    7.58 kB │ gzip:  2.40 kB
#25 2.395 dist/assets/index-BsFAhswS.js   244.37 kB │ gzip: 76.25 kB
#25 2.395
#25 2.395 ✓ built in 65ms
#25 DONE 2.4s

#26 [migrate stage-1 2/6] WORKDIR /app
#26 CACHED

#27 [migrate stage-1 3/6] COPY --from=build --chown=node:node /app/node_modules ./node_modules
#27 CACHED

#26 [api stage-1 2/6] WORKDIR /app
#26 CACHED

#28 [migrate stage-1 4/6] COPY --from=build --chown=node:node /app/dist ./dist
#28 DONE 0.0s

#29 [api stage-1 5/6] COPY --from=build --chown=node:node /app/apps/web/dist ./apps/web/dist
#29 DONE 0.0s

#30 [migrate stage-1 6/6] COPY --from=build --chown=node:node /app/packages/db/migrations ./packages/db/migrations
#30 DONE 0.0s

#31 [migrate] exporting to image
#31 exporting layers 0.0s done
#31 exporting manifest sha256:ef76334ab85f895cbcc1cfd8877447e22ee0dd9b2200d38a4a0d1bc78a88d99a done
#31 exporting config sha256:c629ab158e51154687e96baa3e77ea009fe190be0fd0022998d4025026ccb2ee done
#31 exporting attestation manifest sha256:1575a67b65f3adf0ab007c805b8a34e50d77cdeac2a72bc5f31dc7c3a95a6821
#31 exporting attestation manifest sha256:1575a67b65f3adf0ab007c805b8a34e50d77cdeac2a72bc5f31dc7c3a95a6821 0.0s done
#31 exporting manifest list sha256:3c4f8e27fb7db5465adee33483cde93388a2cbaaf9b56088b9923717f7ccfc4d done
#31 naming to docker.io/library/yoyo-local:0.1.0 done
#31 unpacking to docker.io/library/yoyo-local:0.1.0 0.0s done
#31 DONE 0.1s

#32 [api] exporting to image
#32 exporting layers 0.0s done
#32 exporting manifest sha256:fa4c9ee6670164edf308fb26f13d99e8ac22dc667f00957216d902477b32275a done
#32 exporting config sha256:b5a6be34377f01a6be5c11d5ce2b329fba28b80eca76ee68a2f4d9df8594b3e7 done
#32 exporting attestation manifest sha256:8e058132e31afff7a127c354a5c9c44b81842c41ef773cd13d644bef93925756 0.0s done
#32 exporting manifest list sha256:ebf127b251e18fc94980c7bf94ef1d0526ea8d56c2bb6ea6dc958b8dec605f9e done
#32 naming to docker.io/library/yoyo-local:0.1.0 done
#32 unpacking to docker.io/library/yoyo-local:0.1.0 0.0s done
#32 DONE 0.1s

#33 [migrate] resolving provenance for metadata file
#33 DONE 0.0s

#34 [api] resolving provenance for metadata file
#34 DONE 0.0s
 Image yoyo-local:0.1.0 Built
 Image yoyo-local:0.1.0 Built
