#0 building with "desktop-linux" instance using docker driver

#1 [internal] load build definition from Dockerfile
#1 transferring dockerfile: 1.82kB done
#1 DONE 0.0s

#2 [internal] load metadata for docker.io/library/node:24.14.1-bookworm-slim@sha256:b506e7321f176aae77317f99d67a24b272c1f09f1d10f1761f2773447d8da26c
#2 DONE 0.0s

#3 [internal] load .dockerignore
#3 transferring context: 177B done
#3 DONE 0.0s

#4 [build  1/21] FROM docker.io/library/node:24.14.1-bookworm-slim@sha256:b506e7321f176aae77317f99d67a24b272c1f09f1d10f1761f2773447d8da26c
#4 resolve docker.io/library/node:24.14.1-bookworm-slim@sha256:b506e7321f176aae77317f99d67a24b272c1f09f1d10f1761f2773447d8da26c done
#4 DONE 0.0s

#5 [internal] load build context
#5 transferring context: 1.56MB 0.0s done
#5 DONE 0.0s

#6 [build  9/21] COPY apps/scheduler/package.json ./apps/scheduler/package.json
#6 CACHED

#7 [build 13/21] RUN --mount=type=cache,id=yoyo-pnpm,target=/pnpm/store pnpm config set store-dir /pnpm/store && pnpm install --frozen-lockfile
#7 CACHED

#8 [build 12/21] COPY packages/contracts/package.json ./packages/contracts/package.json
#8 CACHED

#9 [build  5/21] COPY package.json pnpm-lock.yaml pnpm-workspace.yaml ./
#9 CACHED

#10 [build  7/21] COPY apps/web/package.json ./apps/web/package.json
#10 CACHED

#11 [build 11/21] COPY packages/domain/package.json ./packages/domain/package.json
#11 CACHED

#12 [build  2/21] RUN apt-get update && apt-get install -y --no-install-recommends openssl ca-certificates && rm -rf /var/lib/apt/lists/*
#12 CACHED

#13 [build  6/21] COPY apps/api/package.json ./apps/api/package.json
#13 CACHED

#14 [build  8/21] COPY apps/worker/package.json ./apps/worker/package.json
#14 CACHED

#15 [build  4/21] WORKDIR /app
#15 CACHED

#16 [build 10/21] COPY packages/db/package.json ./packages/db/package.json
#16 CACHED

#17 [build  3/21] RUN corepack enable && corepack prepare pnpm@10.33.0 --activate
#17 CACHED

#18 [build 14/21] COPY apps ./apps
#18 CACHED

#19 [build 15/21] COPY packages ./packages
#19 DONE 0.0s

#20 [build 16/21] COPY tools ./tools
#20 DONE 0.0s

#21 [build 17/21] COPY tests ./tests
#21 DONE 0.0s

#22 [build 18/21] COPY contracts ./contracts
#22 DONE 0.0s

#23 [build 19/21] COPY docs/templates ./docs/templates
#23 DONE 0.0s

#24 [build 20/21] COPY tsconfig.json prisma.config.ts ./
#24 DONE 0.0s

#25 [build 21/21] RUN pnpm build
#25 0.269
#25 0.269 > yoyo-workbench@0.1.0 build /app
#25 0.269 > pnpm db:generate && tsc -p tsconfig.json && pnpm --filter @yoyo/web build
#25 0.269
#25 0.443
#25 0.443 > yoyo-workbench@0.1.0 db:generate /app
#25 0.443 > prisma generate
#25 0.443
#25 1.114 Loaded Prisma config from prisma.config.ts.
#25 1.114
#25 1.157 Prisma schema loaded from packages/db/prisma/schema.prisma.
#25 1.711
#25 1.711 ✔ Generated Prisma Client (v7.10.0) to ./node_modules/.pnpm/@prisma+client@7.10.0_prisma@7.10.0_@types+react-dom@19.2.2_@types+react@19.2.2__@types_a5f616641512722fa171c0ec0738743a/node_modules/@prisma/client in 348ms
#25 1.711
#25 1.711 Start by importing your Prisma Client (See: https://pris.ly/d/importing-client)
#25 1.711
#25 1.711
#25 4.909
#25 4.909 > @yoyo/web@0.1.0 build /app/apps/web
#25 4.909 > vite build
#25 4.909
#25 5.147 vite v8.3.3 building client environment for production...
#25 5.176 transforming...
#25 5.251 ✓ 22 modules transformed.
#25 5.307 rendering chunks...
#25 5.338 computing gzip size...
#25 5.341 dist/index.html                   0.36 kB │ gzip:  0.29 kB
#25 5.341 dist/assets/index-CfQXgyjo.css    9.06 kB │ gzip:  2.73 kB
#25 5.341 dist/assets/index-DKfOZ1Fs.js   292.98 kB │ gzip: 88.13 kB
#25 5.341
#25 5.342 ✓ built in 195ms
#25 DONE 5.4s

#26 [stage-1 2/9] WORKDIR /app
#26 CACHED

#27 [stage-1 3/9] COPY --from=build --chown=node:node /app/node_modules ./node_modules
#27 CACHED

#28 [stage-1 4/9] COPY --from=build --chown=node:node /app/dist ./dist
#28 DONE 0.0s

#29 [stage-1 5/9] COPY --from=build --chown=node:node /app/apps/web/dist ./apps/web/dist
#29 DONE 0.0s

#30 [stage-1 6/9] COPY --from=build --chown=node:node /app/packages/db/migrations ./packages/db/migrations
#30 DONE 0.0s

#31 [stage-1 7/9] COPY --from=build --chown=node:node /app/docs/templates ./docs/templates
#31 DONE 0.0s

#32 [stage-1 8/9] COPY --from=build --chown=node:node /app/tools/s3 ./tools/s3
#32 DONE 0.0s

#33 [stage-1 9/9] COPY --from=build --chown=node:node /app/tools/s0 ./tools/s0
#33 DONE 0.0s

#34 exporting to image
#34 exporting layers 0.1s done
#34 exporting manifest sha256:410baebbdefbad92877ecc1f4474c200a0b35c2882012b16069f0521e5d0b750 done
#34 exporting config sha256:8ab2d394e86aaacf5c29d0262ef0de524623a0786af86f024b6fb6bb89236168 done
#34 exporting attestation manifest sha256:5d94cc494308e0cf6c5303ca33e2297f6320511d5a2ebe6be2c5a098ac51fb02 done
#34 exporting manifest list sha256:72f6eed4e274c2e21fb1a35c10bd58a78781b50c1633b3dc5a6855635c0452f9 done
#34 naming to docker.io/library/yoyo-s7-app:local done
#34 unpacking to docker.io/library/yoyo-s7-app:local
#34 unpacking to docker.io/library/yoyo-s7-app:local 0.0s done
#34 DONE 0.1s
