 Image yoyo-import-parser-local:1.3.0 Building
#1 [internal] load local bake definitions
#1 reading from stdin 610B done
#1 DONE 0.0s

#2 [internal] load build definition from Dockerfile
#2 transferring dockerfile: 1.19kB done
#2 DONE 0.0s

#3 [internal] load metadata for docker.io/library/node:24.14.1-bookworm-slim@sha256:b506e7321f176aae77317f99d67a24b272c1f09f1d10f1761f2773447d8da26c
#3 DONE 0.0s

#4 [internal] load .dockerignore
#4 transferring context: 177B done
#4 DONE 0.0s

#5 [build 1/4] FROM docker.io/library/node:24.14.1-bookworm-slim@sha256:b506e7321f176aae77317f99d67a24b272c1f09f1d10f1761f2773447d8da26c
#5 resolve docker.io/library/node:24.14.1-bookworm-slim@sha256:b506e7321f176aae77317f99d67a24b272c1f09f1d10f1761f2773447d8da26c done
#5 DONE 0.0s

#6 [internal] load build context
#6 transferring context: 5.52kB done
#6 DONE 0.0s

#7 [build 2/4] RUN --mount=type=cache,target=/var/cache/apt,sharing=locked rm -f /etc/apt/apt.conf.d/docker-clean && apt-get update && apt-get -o Acquire::Retries=3 install -y --no-install-recommends gcc libc6-dev linux-libc-dev
#7 CACHED

#8 [stage-1 3/6] COPY --from=build /media-sandbox /usr/local/bin/media-sandbox
#8 CACHED

#9 [build 3/4] COPY tools/media/sandbox.c /sandbox.c
#9 CACHED

#10 [build 4/4] RUN gcc -O2 -Wall /sandbox.c -o /media-sandbox
#10 CACHED

#11 [stage-1 2/6] RUN --mount=type=cache,target=/var/cache/apt,sharing=locked rm -f /etc/apt/apt.conf.d/docker-clean && apt-get update && (apt-get -o Acquire::Retries=3 install -y --no-install-recommends python3 python3-pil ca-certificates || apt-get -o Acquire::Retries=3 install -y --no-install-recommends python3 python3-pil ca-certificates) && rm -rf /var/lib/apt/lists/* && mkdir /scratch && chown node:node /scratch
#11 CACHED

#12 [stage-1 4/6] COPY tools/media/server.mjs /app/server.mjs
#12 CACHED

#13 [stage-1 5/6] COPY tools/media/import-validate.py /usr/local/lib/yoyo/import-validate.py
#13 DONE 0.0s

#14 [stage-1 6/6] WORKDIR /app
#14 DONE 0.0s

#15 exporting to image
#15 exporting layers 0.0s done
#15 exporting manifest sha256:605b6734f081a1769060c1117486b5b24152f58a64c716e659cfb4f62519b6a2 0.0s done
#15 exporting config sha256:98317956d11886e330e3979705cfb04cba611e8f20827d07cc507e20ea7c6e7d
#15 exporting config sha256:98317956d11886e330e3979705cfb04cba611e8f20827d07cc507e20ea7c6e7d done
#15 exporting attestation manifest sha256:755412a72d6a2985989fb94380f97a9529d5f6234f01847ca29560e567205af5 done
#15 exporting manifest list sha256:358035cd77bdd757a005d826ad09c64bf160db147c1cd824de23c351f384f546 done
#15 naming to docker.io/library/yoyo-import-parser-local:1.3.0 done
#15 unpacking to docker.io/library/yoyo-import-parser-local:1.3.0 done
#15 DONE 0.1s

#16 resolving provenance for metadata file
#16 DONE 0.0s
 Image yoyo-import-parser-local:1.3.0 Built
 Container yoyo-s7-tests-media-executor-1 Recreate
 Container yoyo-s7-tests-media-executor-1 Recreated
 Container yoyo-s7-tests-media-executor-1 Starting
 Container yoyo-s7-tests-media-executor-1 Started
