{"database":"yoyo","migrations":8}
{"database":"yoyo_test","migrations":26}
Applied 029-metric-revert-provenance.sql
{"event":"http.request","request_id":"4c253d46-6e20-4396-b9a0-a4469035eaf6","method":"GET","path":"/api/v1/auth/csrf","status":200,"duration_ms":5}
{"event":"http.request","request_id":"312d4ebc-8f3d-423d-88ef-22a4d88df06d","method":"POST","path":"/api/v1/setup","status":201,"duration_ms":39}
{"event":"http.request","request_id":"ff59fa38-00d3-4f22-86d1-edd380fa50ef","method":"GET","path":"/api/v1/auth/csrf","status":200,"duration_ms":2}
{"event":"http.request","request_id":"92767c3d-41d3-429f-91fe-b8b261e30407","method":"POST","path":"/api/v1/auth/login","status":200,"duration_ms":23}
{"event":"http.request","request_id":"d5ad6108-445f-4813-b3eb-7e9a611d2c4f","method":"GET","path":"/api/v1/me","status":200,"duration_ms":82}
{"event":"http.request","request_id":"ed0a6d3f-da09-4950-b369-77f560957f86","method":"POST","path":"/api/v1/accounts","status":201,"duration_ms":13}
{"event":"http.request","request_id":"9108e0a1-8e51-4264-a60b-7a5c38f4e37b","method":"POST","path":"/api/v1/publications","status":201,"duration_ms":8}
{"event":"http.request","request_id":"e2307692-67ac-42ed-8217-72a06529d225","method":"GET","path":"/api/v1/imports/template","status":200,"duration_ms":3}
{"event":"http.request","request_id":"22b30f1a-2120-40b6-a74c-d8e394032e70","method":"POST","path":"/api/v1/uploads","status":201,"duration_ms":22}
{"event":"http.request","request_id":"4f59c85f-8a17-4092-a560-b056511a76a0","method":"POST","path":"/api/v1/uploads/98795794-0fec-49a6-aa5d-b6ed8f35b342/parts","status":200,"duration_ms":8}
{"event":"http.request","request_id":"08f9fcd9-565d-444e-a577-295017e7ea90","method":"PUT","path":"/api/v1/uploads/98795794-0fec-49a6-aa5d-b6ed8f35b342/parts/1","status":200,"duration_ms":12}
{"event":"http.request","request_id":"4314c8d6-6538-495a-a5b9-f9197773258a","method":"POST","path":"/api/v1/uploads/98795794-0fec-49a6-aa5d-b6ed8f35b342/complete","status":200,"duration_ms":15}
{"event":"http.request","request_id":"9da98c36-f1c6-4443-a3b5-10707cb6327d","method":"POST","path":"/api/v1/imports","status":202,"duration_ms":5}
{"event":"http.request","request_id":"f7d5ad4b-617b-4da0-a9d1-ce2697ccb804","method":"GET","path":"/api/v1/imports/4cd13fc5-1fa3-4963-8463-a9a67474ca68/rows","status":200,"duration_ms":2}
{"event":"http.request","request_id":"ed271089-b890-4d25-89c4-9c2eebd8f93a","method":"PATCH","path":"/api/v1/import-rows/8f82e7de-e7e6-460a-9c2f-8647651e31a8","status":422,"duration_ms":5}
{"event":"http.request","request_id":"c97e5395-6a60-4718-9055-0d93f8ea9d97","method":"GET","path":"/api/v1/imports/template","status":200,"duration_ms":2}
{"event":"http.request","request_id":"6c514ef4-0fb3-4acb-b226-40c9637d3720","method":"POST","path":"/api/v1/uploads","status":201,"duration_ms":8}
{"event":"http.request","request_id":"39f70a30-cf11-4420-9847-f3d2bccf2dc6","method":"POST","path":"/api/v1/uploads/961ddb78-71d4-40bc-bc09-cc85a41cad31/parts","status":200,"duration_ms":4}
{"event":"http.request","request_id":"dc537586-f79f-4bb4-a128-2fc3cfdc3da4","method":"PUT","path":"/api/v1/uploads/961ddb78-71d4-40bc-bc09-cc85a41cad31/parts/1","status":200,"duration_ms":8}
{"event":"http.request","request_id":"f73c98bc-b4a4-4b25-99f9-307b9770e66f","method":"POST","path":"/api/v1/uploads/961ddb78-71d4-40bc-bc09-cc85a41cad31/complete","status":200,"duration_ms":10}
{"event":"http.request","request_id":"557636af-ba0b-404f-95f7-985a6d3a45b8","method":"POST","path":"/api/v1/imports","status":202,"duration_ms":5}
{"event":"http.request","request_id":"34579337-1790-4dca-b0a9-3aa6435da36c","method":"GET","path":"/api/v1/imports/d297e421-10e7-47d0-9277-7fc67146d405/rows","status":200,"duration_ms":1}
{"event":"http.request","request_id":"dea6174d-3e98-4284-b0f9-6aec60f1077b","method":"PATCH","path":"/api/v1/import-rows/54ab2dac-cb6f-429b-9b78-5276cd82889d","status":422,"duration_ms":4}
✔ 模板含中文说明，CSV/XLSX在实际隔离解析器提取，示例永久不可确认 (702.796167ms)
{"event":"http.request","request_id":"cb531fdb-5841-43cb-bf4f-561836740fe7","method":"POST","path":"/api/v1/uploads","status":201,"duration_ms":6}
{"event":"http.request","request_id":"5a101cd9-dc87-43f2-a34a-4e2c0d98c4c6","method":"POST","path":"/api/v1/uploads/cfcd1ac1-69d1-49aa-9f15-b7881e079210/parts","status":200,"duration_ms":4}
{"event":"http.request","request_id":"4b92b3cf-4ac8-412e-80b1-cd50cbf1bc9f","method":"PUT","path":"/api/v1/uploads/cfcd1ac1-69d1-49aa-9f15-b7881e079210/parts/1","status":200,"duration_ms":5}
{"event":"http.request","request_id":"8ff86a1f-e129-4002-88ab-519df4a4b37d","method":"POST","path":"/api/v1/uploads/cfcd1ac1-69d1-49aa-9f15-b7881e079210/complete","status":200,"duration_ms":8}
{"event":"http.request","request_id":"7455d8dc-edd0-4f05-b715-02a5371b3d45","method":"POST","path":"/api/v1/imports","status":202,"duration_ms":4}
{"event":"http.request","request_id":"83813466-dd22-492d-b12f-0bd0823bc6cd","method":"GET","path":"/api/v1/imports/d8057966-8d8e-48e8-9736-e4a6999084d2/rows","status":200,"duration_ms":2}
{"event":"http.request","request_id":"41d010d1-c91a-40ec-ae31-e7bb81fa56ea","method":"PATCH","path":"/api/v1/import-rows/6580f489-49a3-4869-9af9-42beda3cc871","status":200,"duration_ms":6}
{"event":"http.request","request_id":"e958c49e-35d2-4b45-8cdd-ffb834eeab04","method":"PATCH","path":"/api/v1/import-rows/6580f489-49a3-4869-9af9-42beda3cc871","status":409,"duration_ms":5}
✔ 字段映射异步解析且不猜身份，登记后更正，原值和更正历史保留 (89.821ms)
{"event":"http.request","request_id":"063071b4-1654-48d4-a720-206a7c91071a","method":"POST","path":"/api/v1/imports","status":202,"duration_ms":6}
{"event":"http.request","request_id":"ba3b032b-6c05-440d-a27e-d5d3b6768bfe","method":"GET","path":"/api/v1/imports/5727cb58-fbd5-4224-91a9-0de6d454ae6f/rows","status":200,"duration_ms":3}
{"event":"http.request","request_id":"7f01bc14-89ae-43e7-9e85-7da60a99da07","method":"GET","path":"/api/v1/imports/66e7f97f-44fd-435b-a8b4-1c49e0787ffa","status":404,"duration_ms":1}
{"event":"http.request","request_id":"3f774482-0c0e-4fd1-975c-8f82c9d0fb53","method":"POST","path":"/api/v1/imports","status":403,"duration_ms":2}
{"event":"http.request","request_id":"d4297c6c-4ac1-40b2-a80e-b63c8c761574","method":"GET","path":"/api/v1/imports/5727cb58-fbd5-4224-91a9-0de6d454ae6f/rows","status":200,"duration_ms":2}
{"event":"http.request","request_id":"77cd3fa8-7d81-4d18-ae9a-7ac228104df4","method":"GET","path":"/api/v1/imports/5727cb58-fbd5-4224-91a9-0de6d454ae6f","status":404,"duration_ms":1}
✔ 手工复用行模型，缺失不填零，未知单位/窗/主体/账号和示例隔离 (22.496916ms)
✔ 十进制/约数解析、时间窗口和平台率边界 (0.500459ms)
{"event":"http.request","request_id":"f706674d-19da-4933-bb95-59f8a1fd170f","method":"POST","path":"/api/v1/imports","status":202,"duration_ms":5}
{"event":"http.request","request_id":"c40e94b4-4b1a-4833-9e4f-1b138ee96896","method":"GET","path":"/api/v1/imports/bfd23763-02fd-4f43-97de-a749a3b4916f/rows","status":200,"duration_ms":1}
{"event":"http.request","request_id":"25c468af-865c-4f77-8570-bb90bf05c8d6","method":"POST","path":"/api/v1/imports/bfd23763-02fd-4f43-97de-a749a3b4916f/confirm","status":200,"duration_ms":7}
{"event":"http.request","request_id":"350f9c0d-b26a-4d06-95a5-d82ea9d9ec93","method":"POST","path":"/api/v1/imports","status":202,"duration_ms":7}
{"event":"http.request","request_id":"3b677572-c208-4ce4-adf8-067ea57dd7fe","method":"POST","path":"/api/v1/imports","status":202,"duration_ms":10}
{"event":"http.request","request_id":"70a3ddcc-48ad-458c-a21b-107c4d5ca17e","method":"GET","path":"/api/v1/imports/fad31748-4997-4994-9f2c-a561346592d2/rows","status":200,"duration_ms":2}
{"event":"http.request","request_id":"7b6267d6-ae0a-4230-b6d2-c76e6e9d84f4","method":"GET","path":"/api/v1/imports/263a4cb0-ea60-4bc2-8fde-74031d1a995e/rows","status":200,"duration_ms":2}
{"event":"http.request","request_id":"15791be4-538e-4cc5-b4bc-b3274bd63de6","method":"POST","path":"/api/v1/imports/263a4cb0-ea60-4bc2-8fde-74031d1a995e/confirm","status":200,"duration_ms":6}
{"event":"http.request","request_id":"8b64537d-69ff-4a6e-bd89-dcf07d53daa0","method":"POST","path":"/api/v1/imports/fad31748-4997-4994-9f2c-a561346592d2/confirm","status":200,"duration_ms":9}
{"event":"http.request","request_id":"5637cd18-9810-43b9-862e-596e824145b5","method":"POST","path":"/api/v1/imports","status":202,"duration_ms":4}
{"event":"http.request","request_id":"d843dda5-16d8-4a38-a8d9-489ec94938ab","method":"GET","path":"/api/v1/imports/69526b31-f680-41a2-a385-c99fb780c1e8/rows","status":200,"duration_ms":2}
{"event":"http.request","request_id":"24295c53-2669-4269-ba97-f3863195d85e","method":"POST","path":"/api/v1/imports/69526b31-f680-41a2-a385-c99fb780c1e8/confirm","status":409,"duration_ms":4}
{"event":"http.request","request_id":"e9ebb06e-dcdc-4e49-994e-2c4492123407","method":"POST","path":"/api/v1/imports/69526b31-f680-41a2-a385-c99fb780c1e8/confirm","status":200,"duration_ms":6}
{"event":"http.request","request_id":"310b74c7-69e1-46fd-8d77-d98724701c4d","method":"POST","path":"/api/v1/imports","status":202,"duration_ms":4}
{"event":"http.request","request_id":"388cc254-b6dd-4f63-895d-525a8a50dc4b","method":"GET","path":"/api/v1/imports/a0391c8b-77c9-4b00-af9d-8ee9be21972a/rows","status":200,"duration_ms":1}
{"event":"http.request","request_id":"8b7ea31c-3cc2-4e04-ad5a-fb50dd9da727","method":"POST","path":"/api/v1/imports/a0391c8b-77c9-4b00-af9d-8ee9be21972a/confirm","status":200,"duration_ms":7}
{"event":"http.request","request_id":"45f2291b-6d3d-4fb2-b0c4-120f75321332","method":"PATCH","path":"/api/v1/import-rows/21f30a5b-cf7b-46be-b7a6-79b0209fe939","status":409,"duration_ms":3}
✔ 所选合法行部分确认，重复同键同值并发复用观察与证据，异值必须显式处理 (78.808584ms)
{"event":"http.request","request_id":"267096f3-3b9d-4ed8-ae5e-a58f7ae5aedb","method":"POST","path":"/api/v1/imports","status":202,"duration_ms":4}
{"event":"http.request","request_id":"6a88e787-bb52-4f63-95b5-ef6627c1ba69","method":"GET","path":"/api/v1/imports/ed5db4d9-99bf-4ad1-90ae-357dc3d7abe7/rows","status":200,"duration_ms":1}
{"event":"http.request","request_id":"53993777-97b0-4221-8066-350df52d9d33","method":"POST","path":"/api/v1/imports/ed5db4d9-99bf-4ad1-90ae-357dc3d7abe7/confirm","status":422,"duration_ms":6}
{"event":"http.request","request_id":"dd4dc02c-6c92-4a47-bdf2-e901cdd70ac6","method":"GET","path":"/api/v1/imports/ed5db4d9-99bf-4ad1-90ae-357dc3d7abe7/rows","status":200,"duration_ms":2}
{"event":"http.request","request_id":"1506d14c-2700-4511-9989-0a454dade3f7","method":"POST","path":"/api/v1/imports/ed5db4d9-99bf-4ad1-90ae-357dc3d7abe7/confirm","status":422,"duration_ms":3}
{"event":"http.request","request_id":"6935e857-c69c-42e8-b7f8-35e2f87bd8c7","method":"POST","path":"/api/v1/imports/ed5db4d9-99bf-4ad1-90ae-357dc3d7abe7/confirm","status":422,"duration_ms":2}
{"event":"http.request","request_id":"a779ddb7-c85b-47f2-9dfe-f60626e9ffd5","method":"POST","path":"/api/v1/imports/ed5db4d9-99bf-4ad1-90ae-357dc3d7abe7/confirm","status":200,"duration_ms":5}
{"event":"http.request","request_id":"1ac09371-0b02-4f16-84ca-4f68383e5dfa","method":"POST","path":"/api/v1/imports/ed5db4d9-99bf-4ad1-90ae-357dc3d7abe7/confirm","status":409,"duration_ms":3}
✔ 失败整批回滚；同文件不同值不是业务去重，选择必须属于批次和不能重复 (34.030167ms)
{"event":"http.request","request_id":"489459f3-4951-4de0-a465-6b555ab3bde0","method":"POST","path":"/api/v1/imports","status":202,"duration_ms":4}
{"event":"http.request","request_id":"86cb9643-8e7f-49a4-a67d-cc374e6849c1","method":"GET","path":"/api/v1/imports/d61c1e35-53c8-4180-9045-723ecc86e7f9/rows","status":200,"duration_ms":2}
{"event":"http.request","request_id":"6f75b583-b1f7-4847-b486-7e0d1d41361b","method":"POST","path":"/api/v1/imports/d61c1e35-53c8-4180-9045-723ecc86e7f9/confirm","status":200,"duration_ms":5}
{"event":"http.request","request_id":"8aed8055-b4e9-40e2-9c04-c998addc3027","method":"POST","path":"/api/v1/imports","status":202,"duration_ms":4}
{"event":"http.request","request_id":"d8ccc321-b55e-42c3-9061-47aea762539c","method":"GET","path":"/api/v1/imports/7b474dd2-6917-48d7-8740-a39f7a28ea7b/rows","status":200,"duration_ms":7}
{"event":"http.request","request_id":"817f1804-6ac6-4ea3-9468-c00359154600","method":"POST","path":"/api/v1/imports/7b474dd2-6917-48d7-8740-a39f7a28ea7b/confirm","status":200,"duration_ms":5}
{"event":"http.request","request_id":"48de42c8-e5d6-47d5-90e1-c5994d7e3942","method":"POST","path":"/api/v1/imports/d61c1e35-53c8-4180-9045-723ecc86e7f9/revert","status":200,"duration_ms":6}
{"event":"http.request","request_id":"1770a764-afca-404b-9f9a-72b6d4d0f4c6","method":"POST","path":"/api/v1/imports","status":202,"duration_ms":4}
{"event":"http.request","request_id":"c2382920-8ddd-49b9-8644-f6e1ea44e57c","method":"GET","path":"/api/v1/imports/33d6ba14-7481-45ef-9ede-1099442eab89/rows","status":200,"duration_ms":2}
{"event":"http.request","request_id":"6e759e6e-6625-4fc4-b020-2caccd501dcf","method":"POST","path":"/api/v1/imports/33d6ba14-7481-45ef-9ede-1099442eab89/confirm","status":200,"duration_ms":7}
{"event":"http.request","request_id":"bd987acf-3477-4779-923c-a6ff8807da29","method":"POST","path":"/api/v1/imports","status":202,"duration_ms":4}
{"event":"http.request","request_id":"cade886f-232d-42b3-86c4-fd652405b1f4","method":"GET","path":"/api/v1/imports/3da156e4-3832-43aa-b7d3-4c3d8b9e2f88/rows","status":200,"duration_ms":1}
{"event":"http.request","request_id":"fcfe556d-d9b5-455f-ba5a-a3f4335bfb74","method":"POST","path":"/api/v1/imports/3da156e4-3832-43aa-b7d3-4c3d8b9e2f88/confirm","status":200,"duration_ms":6}
{"event":"http.request","request_id":"c5e83848-0737-44d9-b4d6-599c51a232d4","method":"POST","path":"/api/v1/imports/33d6ba14-7481-45ef-9ede-1099442eab89/revert","status":200,"duration_ms":7}
{"event":"http.request","request_id":"2a074dd5-a9c1-49ab-b38f-d45a20d5f6b6","method":"POST","path":"/api/v1/imports/3da156e4-3832-43aa-b7d3-4c3d8b9e2f88/revert","status":200,"duration_ms":6}
{"event":"http.request","request_id":"04fdf2fb-b4f3-4f10-b9d8-f8c076b60f23","method":"POST","path":"/api/v1/imports/7b474dd2-6917-48d7-8740-a39f7a28ea7b/revert","status":200,"duration_ms":6}
{"event":"http.request","request_id":"c3e66ea7-24bf-44b2-8be0-5d14c841a593","method":"POST","path":"/api/v1/imports/33d6ba14-7481-45ef-9ede-1099442eab89/revert","status":409,"duration_ms":3}
✔ 共享证据保留；撤销早期更正不能覆盖后续，后续撤销只恢复仍有证据的祖先 (91.919625ms)
{"event":"http.request","request_id":"2d8aa22a-2180-424b-9f44-2be555cbcf5b","method":"POST","path":"/api/v1/imports","status":202,"duration_ms":4}
{"event":"http.request","request_id":"5db8feef-ad16-4d83-b94f-d666083fd4bd","method":"GET","path":"/api/v1/imports/57a44f1c-ede1-487a-9f41-62c84a784ea6/rows","status":200,"duration_ms":2}
{"event":"http.request","request_id":"92cf971b-2534-4ffb-bc1c-6d5aed545595","method":"POST","path":"/api/v1/imports/57a44f1c-ede1-487a-9f41-62c84a784ea6/confirm","status":200,"duration_ms":5}
{"event":"http.request","request_id":"b61d4d92-c2ae-4fef-ba5f-e23553e774ba","method":"POST","path":"/api/v1/imports","status":202,"duration_ms":4}
{"event":"http.request","request_id":"87f63772-5c94-42a0-8d4d-f93b2a91b527","method":"GET","path":"/api/v1/imports/fa47f434-46e5-4ead-81e1-ce594ff906f1/rows","status":200,"duration_ms":2}
{"event":"http.request","request_id":"92930200-cd95-4eb1-b098-b0307a6cf58f","method":"POST","path":"/api/v1/imports/fa47f434-46e5-4ead-81e1-ce594ff906f1/confirm","status":200,"duration_ms":7}
{"event":"http.request","request_id":"331a7b7a-2893-45b2-a941-b4246abd36fa","method":"POST","path":"/api/v1/imports/fa47f434-46e5-4ead-81e1-ce594ff906f1/revert","status":200,"duration_ms":6}
{"event":"http.request","request_id":"8d51e201-2cfd-4c8e-a852-967fb2d10b6c","method":"PATCH","path":"/api/v1/publications/88645668-b807-4434-b481-d14a01e7cea2","status":200,"duration_ms":4}
{"event":"http.request","request_id":"7dfeebe9-ed11-457f-83e6-5f4b7c5b7f20","method":"PATCH","path":"/api/v1/publications/88645668-b807-4434-b481-d14a01e7cea2","status":200,"duration_ms":4}
✔ 更正/撤销/发布时间更正使关联报告stale，保留报告事实和无关报告 (47.981416ms)
ℹ tests 8
ℹ suites 0
ℹ pass 8
ℹ fail 0
ℹ cancelled 0
ℹ skipped 0
ℹ todo 0
ℹ duration_ms 1750.473709
