{"database":"yoyo","migrations":8}
{"database":"yoyo_test","migrations":26}
Applied 030-metric-calculations.sql
{"event":"http.request","request_id":"b2b5f010-2a33-4d7d-9de2-0c6fd3427a9e","method":"GET","path":"/api/v1/auth/csrf","status":200,"duration_ms":6}
{"event":"http.request","request_id":"d3eade48-eef2-4c86-ab90-56b8b83da4c1","method":"POST","path":"/api/v1/setup","status":201,"duration_ms":42}
{"event":"http.request","request_id":"b363131e-d5db-4ff4-bd8d-9f7f07c3c174","method":"GET","path":"/api/v1/auth/csrf","status":200,"duration_ms":2}
{"event":"http.request","request_id":"68a19c7d-544c-41e1-879f-6e777e9acb95","method":"POST","path":"/api/v1/auth/login","status":200,"duration_ms":35}
{"event":"http.request","request_id":"8eafb576-8e9e-4096-83d4-7c0c86992a57","method":"GET","path":"/api/v1/me","status":200,"duration_ms":102}
{"event":"http.request","request_id":"b74254d4-a09c-4547-a770-6677f95d5f9a","method":"POST","path":"/api/v1/accounts","status":201,"duration_ms":15}
{"event":"http.request","request_id":"25203fce-002f-48e2-913d-c97ed36c1e97","method":"POST","path":"/api/v1/publications","status":201,"duration_ms":12}
{"event":"http.request","request_id":"f41ee029-4479-4d76-8448-0913d5dc57df","method":"GET","path":"/api/v1/imports/template","status":200,"duration_ms":4}
{"event":"http.request","request_id":"a004c08c-9c14-451f-a38f-ef6c7ac204a6","method":"POST","path":"/api/v1/uploads","status":201,"duration_ms":28}
{"event":"http.request","request_id":"e81a7973-e07c-46f1-aa09-eec9705d9205","method":"POST","path":"/api/v1/uploads/ea77a597-9af4-4b2e-969e-db19e5c8ef3f/parts","status":200,"duration_ms":9}
{"event":"http.request","request_id":"ebc32ba7-18f4-4908-a870-011ce2f1be2c","method":"PUT","path":"/api/v1/uploads/ea77a597-9af4-4b2e-969e-db19e5c8ef3f/parts/1","status":200,"duration_ms":14}
{"event":"http.request","request_id":"95ab8ffc-878a-48fa-949f-a14878af4ffc","method":"POST","path":"/api/v1/uploads/ea77a597-9af4-4b2e-969e-db19e5c8ef3f/complete","status":200,"duration_ms":28}
{"event":"http.request","request_id":"db7cb68d-1030-4926-b506-ff7fbe1cbd78","method":"POST","path":"/api/v1/imports","status":202,"duration_ms":15}
{"event":"http.request","request_id":"f8b0639a-a08c-4b8e-a558-c68acb425f01","method":"GET","path":"/api/v1/imports/4aa209eb-bf62-43e9-a040-605afc5863b9/rows","status":200,"duration_ms":7}
{"event":"http.request","request_id":"e8373a60-331b-48f1-b302-c70554f6e587","method":"PATCH","path":"/api/v1/import-rows/b4ab4df4-9370-40ea-9311-1c727c822a8a","status":422,"duration_ms":16}
{"event":"http.request","request_id":"31ab0c67-4d16-40b0-b63e-9af0e72de4c5","method":"GET","path":"/api/v1/imports/template","status":200,"duration_ms":3}
{"event":"http.request","request_id":"23ddf8f3-c04f-43f3-a96a-bacb033d788a","method":"POST","path":"/api/v1/uploads","status":201,"duration_ms":22}
{"event":"http.request","request_id":"5ba2632c-0ecd-4db6-becb-31e5bd7daaa3","method":"POST","path":"/api/v1/uploads/e05e7e7b-46ff-41d2-8fcf-ca97f58152e5/parts","status":200,"duration_ms":9}
{"event":"http.request","request_id":"1835c5c2-6f83-48c2-a97f-d4e46190e81d","method":"PUT","path":"/api/v1/uploads/e05e7e7b-46ff-41d2-8fcf-ca97f58152e5/parts/1","status":200,"duration_ms":23}
{"event":"http.request","request_id":"dcd339dc-47b7-4346-a42e-cccdb7775ee0","method":"POST","path":"/api/v1/uploads/e05e7e7b-46ff-41d2-8fcf-ca97f58152e5/complete","status":200,"duration_ms":13}
{"event":"http.request","request_id":"44636de5-9779-4b60-b073-8b1d929fc9cf","method":"POST","path":"/api/v1/imports","status":202,"duration_ms":6}
{"event":"http.request","request_id":"c2ab2ebc-4393-4e02-ad09-98f0fcff6bd2","method":"GET","path":"/api/v1/imports/aa31df15-6b92-4705-bb7f-41ba0cfc196a/rows","status":200,"duration_ms":2}
{"event":"http.request","request_id":"ba8a6431-ad17-4b55-949b-8af2bdd43816","method":"PATCH","path":"/api/v1/import-rows/65e47074-a5d1-4ced-ac21-d2dcd8ce1b38","status":422,"duration_ms":5}
✔ 模板含中文说明，CSV/XLSX在实际隔离解析器提取，示例永久不可确认 (1023.059042ms)
{"event":"http.request","request_id":"08b721e2-5cfa-425e-a754-6743c7b9f0de","method":"POST","path":"/api/v1/uploads","status":201,"duration_ms":8}
{"event":"http.request","request_id":"8b3efeae-a504-4b7d-85fa-260ccc4073c6","method":"POST","path":"/api/v1/uploads/c7c4b371-45bb-45e2-b25a-58ab5e8174b0/parts","status":200,"duration_ms":7}
{"event":"http.request","request_id":"168bbf1c-b705-4e9e-abbf-883c70535cb0","method":"PUT","path":"/api/v1/uploads/c7c4b371-45bb-45e2-b25a-58ab5e8174b0/parts/1","status":200,"duration_ms":12}
{"event":"http.request","request_id":"b5603671-d3f1-49e5-b082-d9b8b562e43c","method":"POST","path":"/api/v1/uploads/c7c4b371-45bb-45e2-b25a-58ab5e8174b0/complete","status":200,"duration_ms":13}
{"event":"http.request","request_id":"9a73dfb3-727e-4c69-be27-bae197254651","method":"POST","path":"/api/v1/imports","status":202,"duration_ms":8}
{"event":"http.request","request_id":"7d46c0da-5fbc-4456-b055-bf99c48d2ea0","method":"GET","path":"/api/v1/imports/5dc1368c-b7dc-4bb9-ba69-3ecdbc277b3d/rows","status":200,"duration_ms":3}
{"event":"http.request","request_id":"418836cd-dad0-41a8-9f77-a66c058110c4","method":"PATCH","path":"/api/v1/import-rows/ebc152bb-c797-411d-b636-afc76ea7983e","status":200,"duration_ms":10}
{"event":"http.request","request_id":"976f3c3d-6f37-4504-a5fc-1e82fe03c678","method":"PATCH","path":"/api/v1/import-rows/ebc152bb-c797-411d-b636-afc76ea7983e","status":409,"duration_ms":6}
✔ 字段映射异步解析且不猜身份，登记后更正，原值和更正历史保留 (141.813666ms)
{"event":"http.request","request_id":"10f34684-4956-4662-8917-1c50f29dbc82","method":"POST","path":"/api/v1/imports","status":202,"duration_ms":17}
{"event":"http.request","request_id":"5e5379a6-5bce-4db3-a7bd-ad443fc3961a","method":"GET","path":"/api/v1/imports/f0478f67-c389-4841-bce4-138d0088c15f/rows","status":200,"duration_ms":6}
{"event":"http.request","request_id":"f900e6cf-27b9-4dac-83b8-21fd807d3df7","method":"GET","path":"/api/v1/imports/4dc8dbaf-47cb-44f1-b020-06ec94cf1eb7","status":404,"duration_ms":2}
{"event":"http.request","request_id":"8e19aad7-48bb-4496-aa73-722b0cd4563f","method":"POST","path":"/api/v1/imports","status":403,"duration_ms":3}
{"event":"http.request","request_id":"12bbadc2-d799-41a4-9d2f-4d89e96806b2","method":"GET","path":"/api/v1/imports/f0478f67-c389-4841-bce4-138d0088c15f/rows","status":200,"duration_ms":4}
{"event":"http.request","request_id":"e4974d20-5a94-4946-b103-ace1e9aca29b","method":"GET","path":"/api/v1/imports/f0478f67-c389-4841-bce4-138d0088c15f","status":404,"duration_ms":1}
✔ 手工复用行模型，缺失不填零，未知单位/窗/主体/账号和示例隔离 (47.276417ms)
✔ 十进制/约数解析、时间窗口和平台率边界 (0.619208ms)
{"event":"http.request","request_id":"b9058cdd-0a0d-42d6-8cb6-abadb753cf42","method":"POST","path":"/api/v1/imports","status":202,"duration_ms":8}
{"event":"http.request","request_id":"f46ea888-878f-4346-bc55-5e7c7fef8c23","method":"GET","path":"/api/v1/imports/d7afc706-48e8-4dfe-9b57-9222359452e6/rows","status":200,"duration_ms":3}
{"event":"http.request","request_id":"ea15c110-4e84-4dcf-9c19-6b05b5994fba","method":"POST","path":"/api/v1/imports/d7afc706-48e8-4dfe-9b57-9222359452e6/confirm","status":200,"duration_ms":10}
{"event":"http.request","request_id":"8109086f-3eaa-4c31-b0af-deb3709806ea","method":"POST","path":"/api/v1/imports","status":202,"duration_ms":9}
{"event":"http.request","request_id":"647409c1-4f95-4ca1-81ac-a006181ad57f","method":"POST","path":"/api/v1/imports","status":202,"duration_ms":16}
{"event":"http.request","request_id":"17c12458-51d2-4d3c-a6b9-730a118ae6eb","method":"GET","path":"/api/v1/imports/3528fd1e-0dbd-44a0-8df6-c70a252d4a19/rows","status":200,"duration_ms":3}
{"event":"http.request","request_id":"123610e4-297d-4fc2-b671-59abb00e5df1","method":"GET","path":"/api/v1/imports/a584b9e0-8d78-420d-a327-df749ce28cf5/rows","status":200,"duration_ms":4}
{"event":"http.request","request_id":"cedecf4f-ee5f-4b46-bbf4-38215043ef19","method":"POST","path":"/api/v1/imports/a584b9e0-8d78-420d-a327-df749ce28cf5/confirm","status":200,"duration_ms":9}
{"event":"http.request","request_id":"e7a58722-90c6-4c81-a7fa-c3e9b2b539db","method":"POST","path":"/api/v1/imports/3528fd1e-0dbd-44a0-8df6-c70a252d4a19/confirm","status":200,"duration_ms":13}
{"event":"http.request","request_id":"d82f78ad-ca0c-4b58-90b4-f0adb1fdc942","method":"POST","path":"/api/v1/imports","status":202,"duration_ms":5}
{"event":"http.request","request_id":"5981c275-09ce-4376-8f85-7c646698587d","method":"GET","path":"/api/v1/imports/d6ebb239-c5d7-409d-810a-ea7508c61063/rows","status":200,"duration_ms":3}
{"event":"http.request","request_id":"37e6b458-b7f7-4031-a555-be992f435e4b","method":"POST","path":"/api/v1/imports/d6ebb239-c5d7-409d-810a-ea7508c61063/confirm","status":409,"duration_ms":6}
{"event":"http.request","request_id":"082a7242-c7ad-4e4a-9262-9e4c42bceef9","method":"POST","path":"/api/v1/imports/d6ebb239-c5d7-409d-810a-ea7508c61063/confirm","status":200,"duration_ms":9}
{"event":"http.request","request_id":"9f21058d-9569-486e-beaf-7fc82ac88fdd","method":"POST","path":"/api/v1/imports","status":202,"duration_ms":7}
{"event":"http.request","request_id":"da89681b-8694-4f9f-a0be-fdf7b0edf54f","method":"GET","path":"/api/v1/imports/107e6114-1598-4f00-8629-d6b188959463/rows","status":200,"duration_ms":2}
{"event":"http.request","request_id":"2ff3c294-0f9e-4fe2-9011-09c5eb7f7599","method":"POST","path":"/api/v1/imports/107e6114-1598-4f00-8629-d6b188959463/confirm","status":200,"duration_ms":13}
{"event":"http.request","request_id":"9541544f-6992-4ce7-b145-221edcc31978","method":"PATCH","path":"/api/v1/import-rows/870886e4-298b-4f74-baf4-398e4c879cae","status":409,"duration_ms":5}
✔ 所选合法行部分确认，重复同键同值并发复用观察与证据，异值必须显式处理 (124.131583ms)
{"event":"http.request","request_id":"a83f4aea-9702-4476-b221-efd2207a57d5","method":"POST","path":"/api/v1/imports","status":202,"duration_ms":6}
{"event":"http.request","request_id":"1e65898e-a4f1-464f-baf4-7091b2451c47","method":"GET","path":"/api/v1/imports/585d554d-94ca-48d1-8b18-57dc3c6a8937/rows","status":200,"duration_ms":4}
{"event":"http.request","request_id":"1ce16029-2a2f-430b-9d0b-2b0eaf24d546","method":"POST","path":"/api/v1/imports/585d554d-94ca-48d1-8b18-57dc3c6a8937/confirm","status":422,"duration_ms":7}
{"event":"http.request","request_id":"c435fa0f-1d34-40be-be9b-9195d03f3233","method":"GET","path":"/api/v1/imports/585d554d-94ca-48d1-8b18-57dc3c6a8937/rows","status":200,"duration_ms":3}
{"event":"http.request","request_id":"feac97cd-42c7-4f9f-9a9a-beb077641150","method":"POST","path":"/api/v1/imports/585d554d-94ca-48d1-8b18-57dc3c6a8937/confirm","status":422,"duration_ms":5}
{"event":"http.request","request_id":"ecc8d3ce-17e0-4ce0-bea7-0459ce7591f5","method":"POST","path":"/api/v1/imports/585d554d-94ca-48d1-8b18-57dc3c6a8937/confirm","status":422,"duration_ms":3}
{"event":"http.request","request_id":"a11e8fcf-dbf9-4eb2-88e8-52812529df98","method":"POST","path":"/api/v1/imports/585d554d-94ca-48d1-8b18-57dc3c6a8937/confirm","status":200,"duration_ms":8}
{"event":"http.request","request_id":"854ed08a-0d32-4a3e-b983-7799f373be53","method":"POST","path":"/api/v1/imports/585d554d-94ca-48d1-8b18-57dc3c6a8937/confirm","status":409,"duration_ms":4}
✔ 失败整批回滚；同文件不同值不是业务去重，选择必须属于批次和不能重复 (49.601125ms)
{"event":"http.request","request_id":"b6685a6d-309d-461d-83c1-5b30504de01f","method":"POST","path":"/api/v1/imports","status":202,"duration_ms":6}
{"event":"http.request","request_id":"c22ac092-9a98-4aa2-ad15-16985f629244","method":"GET","path":"/api/v1/imports/6d5d50be-a539-44ec-a5f2-8bbc3c3aa4e5/rows","status":200,"duration_ms":2}
{"event":"http.request","request_id":"517194a5-1aea-4d21-9a73-56f1b3d04777","method":"POST","path":"/api/v1/imports/6d5d50be-a539-44ec-a5f2-8bbc3c3aa4e5/confirm","status":200,"duration_ms":7}
{"event":"http.request","request_id":"3adab7b7-574b-4000-b7fd-39b61e442d15","method":"POST","path":"/api/v1/imports","status":202,"duration_ms":6}
{"event":"http.request","request_id":"374cd577-c9ea-4564-ae63-fc92fb3f0519","method":"GET","path":"/api/v1/imports/51fb94c2-378a-47d3-a8e0-15eb6dea156d/rows","status":200,"duration_ms":2}
{"event":"http.request","request_id":"3b0e4aaf-cfff-4edc-a78a-418969d3f5ae","method":"POST","path":"/api/v1/imports/51fb94c2-378a-47d3-a8e0-15eb6dea156d/confirm","status":200,"duration_ms":8}
{"event":"http.request","request_id":"03c6fc38-a02e-43b6-98fa-695b5b89dcf7","method":"POST","path":"/api/v1/imports/6d5d50be-a539-44ec-a5f2-8bbc3c3aa4e5/revert","status":200,"duration_ms":9}
{"event":"http.request","request_id":"ad9bcb06-ca62-4b14-8a31-6ba2326b772b","method":"POST","path":"/api/v1/imports","status":202,"duration_ms":6}
{"event":"http.request","request_id":"c90ca96c-884a-4fe8-929f-595832a55802","method":"GET","path":"/api/v1/imports/d92b1306-8774-4ff8-a202-469acaabc7fb/rows","status":200,"duration_ms":2}
{"event":"http.request","request_id":"31a07b68-48ab-4f52-b649-8657b394d7eb","method":"POST","path":"/api/v1/imports/d92b1306-8774-4ff8-a202-469acaabc7fb/confirm","status":200,"duration_ms":8}
{"event":"http.request","request_id":"a6b3ac2b-f3dd-49d0-9431-7ba0ef57783b","method":"POST","path":"/api/v1/imports","status":202,"duration_ms":6}
{"event":"http.request","request_id":"870343f9-dcf7-4b45-8480-6c250344d1f0","method":"GET","path":"/api/v1/imports/45a0a24f-d883-44d2-965a-3baad554d03e/rows","status":200,"duration_ms":3}
{"event":"http.request","request_id":"fb5cd56c-35e3-4abe-8ae4-1bde6bee0a60","method":"POST","path":"/api/v1/imports/45a0a24f-d883-44d2-965a-3baad554d03e/confirm","status":200,"duration_ms":9}
{"event":"http.request","request_id":"d1697b22-18b3-4c7f-9181-b1bbebac0fc8","method":"POST","path":"/api/v1/imports/d92b1306-8774-4ff8-a202-469acaabc7fb/revert","status":200,"duration_ms":10}
{"event":"http.request","request_id":"ff3c5475-05c7-4f4d-9dfc-7a7a47226e6c","method":"POST","path":"/api/v1/imports/45a0a24f-d883-44d2-965a-3baad554d03e/revert","status":200,"duration_ms":9}
{"event":"http.request","request_id":"c50725c6-a28b-4566-a277-b5ec40bd4476","method":"POST","path":"/api/v1/imports/51fb94c2-378a-47d3-a8e0-15eb6dea156d/revert","status":200,"duration_ms":9}
{"event":"http.request","request_id":"b0d5c0f8-e3ac-40c4-a5dc-e064c7dc67b7","method":"POST","path":"/api/v1/imports/d92b1306-8774-4ff8-a202-469acaabc7fb/revert","status":409,"duration_ms":3}
✔ 共享证据保留；撤销早期更正不能覆盖后续，后续撤销只恢复仍有证据的祖先 (134.27325ms)
{"event":"http.request","request_id":"c6f26647-16a5-43ca-addc-b3b3c88285f6","method":"POST","path":"/api/v1/imports","status":202,"duration_ms":7}
{"event":"http.request","request_id":"13cdd470-0504-4c7a-9b5e-387c7eee2f8f","method":"GET","path":"/api/v1/imports/5655ee2b-28e4-450c-99c2-b26fe4f622af/rows","status":200,"duration_ms":2}
{"event":"http.request","request_id":"fd12632d-17e2-48e7-8153-d5d37a3daccd","method":"POST","path":"/api/v1/imports/5655ee2b-28e4-450c-99c2-b26fe4f622af/confirm","status":200,"duration_ms":8}
{"event":"http.request","request_id":"638c11f0-bfbb-4f53-9c85-f56f82c53fd2","method":"POST","path":"/api/v1/imports","status":202,"duration_ms":7}
{"event":"http.request","request_id":"d9d77301-b871-4518-8918-cd49a9493af9","method":"GET","path":"/api/v1/imports/aa5642bf-8361-4ee8-9bfd-c19c53b9d132/rows","status":200,"duration_ms":4}
{"event":"http.request","request_id":"79493b78-c4fa-49ff-a100-d71e0ef4f951","method":"POST","path":"/api/v1/imports/aa5642bf-8361-4ee8-9bfd-c19c53b9d132/confirm","status":200,"duration_ms":11}
{"event":"http.request","request_id":"c2fabb83-c241-4add-9b0d-6841ff6d4637","method":"POST","path":"/api/v1/imports/aa5642bf-8361-4ee8-9bfd-c19c53b9d132/revert","status":200,"duration_ms":11}
{"event":"http.request","request_id":"987955df-b9aa-47c3-b439-b09a1345386c","method":"PATCH","path":"/api/v1/publications/617bcba4-a4de-47b2-a2c4-4c82f623d45b","status":200,"duration_ms":8}
{"event":"http.request","request_id":"92d1be15-d68c-40b6-bb46-14a23f2ece00","method":"PATCH","path":"/api/v1/publications/617bcba4-a4de-47b2-a2c4-4c82f623d45b","status":200,"duration_ms":7}
✔ 更正/撤销/发布时间更正使关联报告stale，保留报告事实和无关报告 (82.886833ms)
{"event":"http.request","request_id":"76afd505-1702-48a3-8092-0d74f2c12355","method":"POST","path":"/api/v1/imports","status":202,"duration_ms":6}
{"event":"http.request","request_id":"6e078334-10c5-42f3-ac91-802ba60bc32f","method":"GET","path":"/api/v1/imports/36297d18-0e7e-4f74-96c6-0bef2b16bed9/rows","status":200,"duration_ms":3}
{"event":"http.request","request_id":"26356438-356e-4ab8-9fcf-e6c1a4d24e19","method":"POST","path":"/api/v1/imports/36297d18-0e7e-4f74-96c6-0bef2b16bed9/confirm","status":200,"duration_ms":9}
{"event":"http.request","request_id":"3aea1e62-3789-447c-be7f-d7da7666d192","method":"POST","path":"/api/v1/imports","status":202,"duration_ms":6}
{"event":"http.request","request_id":"103cf997-84c0-4804-9409-31a448597e3b","method":"GET","path":"/api/v1/imports/b2ed2617-9d5e-4a98-ab69-0b6eeb5f6bfa/rows","status":200,"duration_ms":2}
{"event":"http.request","request_id":"1a3f4f3a-ae1c-47f4-b3c0-a0f04a7e8497","method":"POST","path":"/api/v1/imports/b2ed2617-9d5e-4a98-ab69-0b6eeb5f6bfa/confirm","status":200,"duration_ms":8}
{"event":"http.request","request_id":"aebff3eb-f913-4e5d-bcef-15daabe25f39","method":"POST","path":"/api/v1/imports","status":202,"duration_ms":6}
{"event":"http.request","request_id":"0e399ad1-c1f8-42f9-bd93-f862385e8dbc","method":"GET","path":"/api/v1/metrics","status":200,"duration_ms":3}
{"event":"http.request","request_id":"0b8236e1-c48d-44e8-8afb-dad39d6a7c2a","method":"GET","path":"/api/v1/metrics/calculations","status":200,"duration_ms":6}
{"event":"http.request","request_id":"a53d412d-feb6-4411-8bf9-d8f23828c21d","method":"GET","path":"/api/v1/metrics/calculations","status":200,"duration_ms":4}
{"event":"http.request","request_id":"82f4be8d-261c-4356-8ac8-fcf1553df869","method":"GET","path":"/api/v1/metrics/56ac5299-57ab-4ea5-b501-a6cca20dd7ff/sources","status":200,"duration_ms":4}
{"event":"http.request","request_id":"44691c38-1b62-458d-9b0c-f24908ea1f97","method":"GET","path":"/api/v1/calculations/3c75bffc-834b-449b-83e0-55263617c1d8","status":200,"duration_ms":6}
{"event":"http.request","request_id":"942dc771-3381-48ab-80e9-0252013dd795","method":"POST","path":"/api/v1/imports/b2ed2617-9d5e-4a98-ab69-0b6eeb5f6bfa/revert","status":200,"duration_ms":8}
{"event":"http.request","request_id":"c08bd42a-aaa4-40cd-9409-812b09d5f2d8","method":"GET","path":"/api/v1/calculations/3c75bffc-834b-449b-83e0-55263617c1d8","status":200,"duration_ms":5}
{"event":"http.request","request_id":"6b7b0c3b-39b5-4584-9d39-b910f4c68ed9","method":"GET","path":"/api/v1/imports/01fae6c7-0a40-4446-ae45-8b9cef790058/rows","status":200,"duration_ms":2}
{"event":"http.request","request_id":"ceceeee1-8767-43ca-bf58-2746e5f7bffc","method":"GET","path":"/api/v1/metrics","status":404,"duration_ms":2}
{"event":"http.request","request_id":"db1e7278-45e5-447a-bb6d-1e953334eaff","method":"GET","path":"/api/v1/metrics/calculations","status":422,"duration_ms":2}
✔ 来源/字典/计算API只读确认数据，保存输入ID/版本/窗口/舍入，撤销后计算及依赖报告失效 (119.23975ms)
✔ 12金标准：600→631净增31，631单快照缺期初，不反推新增关注 (4.133375ms)
✔ 12金标准：12/3000*1000=4，零分母与缺失分开；组合字段不拆，互动次数率可>100% (0.677709ms)
✔ 12金标准：累计100→150区间增量50不求和；回落100→90待核实 (0.143667ms)
✔ 12金标准：观看10秒×100与20秒×300加权17.5；缺权重不能平均；零权重为空 (0.195625ms)
✔ 12金标准：约数保留，日期不同流量/平台口径/精度不混算；边界缺失或重复不可比较 (0.303833ms)
✔ 精确十进制内部不提前舍入，half-up正负边界 (0.145041ms)
ℹ tests 15
ℹ suites 0
ℹ pass 15
ℹ fail 0
ℹ cancelled 0
ℹ skipped 0
ℹ todo 0
ℹ duration_ms 2540.95375
