{"database":"yoyo","migrations":8}
{"database":"yoyo_test","migrations":26}
Applied 028-metric-confirmation.sql
{"event":"http.request","request_id":"c0914823-0304-448f-865a-e53a9f4494bb","method":"GET","path":"/api/v1/auth/csrf","status":200,"duration_ms":5}
{"event":"http.request","request_id":"9ce45af8-2f67-432c-ad92-188b3fbb147f","method":"POST","path":"/api/v1/setup","status":201,"duration_ms":34}
{"event":"http.request","request_id":"05da927e-e5ac-43dd-bfe7-5c7b6cd4df0f","method":"GET","path":"/api/v1/auth/csrf","status":200,"duration_ms":1}
{"event":"http.request","request_id":"76279131-431e-42f5-ba14-b634f810ebe6","method":"POST","path":"/api/v1/auth/login","status":200,"duration_ms":21}
{"event":"http.request","request_id":"2d973981-ddaf-44fc-ba5f-8fca82a55f00","method":"GET","path":"/api/v1/me","status":200,"duration_ms":78}
{"event":"http.request","request_id":"1a3f494a-c970-4892-8e99-40f4095ae3a8","method":"POST","path":"/api/v1/accounts","status":201,"duration_ms":7}
{"event":"http.request","request_id":"e5d4a895-21b1-4235-86bb-f3539b27d353","method":"POST","path":"/api/v1/publications","status":201,"duration_ms":6}
{"event":"http.request","request_id":"64b85cf2-ecf0-4bd3-9e1f-4bc5c1926090","method":"GET","path":"/api/v1/imports/template","status":200,"duration_ms":2}
{"event":"http.request","request_id":"ecf621a5-3e89-40e3-8044-92b7f392bd1b","method":"POST","path":"/api/v1/uploads","status":201,"duration_ms":15}
{"event":"http.request","request_id":"a091448f-a498-4ef4-897b-9cbe5e80ba07","method":"POST","path":"/api/v1/uploads/ce04bfd5-ebc3-4cf1-8b54-4a2882897031/parts","status":200,"duration_ms":5}
{"event":"http.request","request_id":"31122e8f-00d0-401d-9c65-49ccc4189432","method":"PUT","path":"/api/v1/uploads/ce04bfd5-ebc3-4cf1-8b54-4a2882897031/parts/1","status":200,"duration_ms":8}
{"event":"http.request","request_id":"ee64fe5b-5551-4b64-b595-4dc903821fba","method":"POST","path":"/api/v1/uploads/ce04bfd5-ebc3-4cf1-8b54-4a2882897031/complete","status":200,"duration_ms":13}
{"event":"http.request","request_id":"e52d7ed8-7fd9-4030-87bd-f72fd2ff377c","method":"POST","path":"/api/v1/imports","status":202,"duration_ms":5}
{"event":"http.request","request_id":"3b97da31-febf-40e1-973f-89065c3c764c","method":"GET","path":"/api/v1/imports/a281a0e8-038f-46b4-a786-8aef4dbf6658/rows","status":200,"duration_ms":1}
{"event":"http.request","request_id":"f004d3fe-a1d6-4c5e-b566-62ef4946e7d5","method":"PATCH","path":"/api/v1/import-rows/b9dbb298-5c45-48a5-b51f-c3a20e555a28","status":422,"duration_ms":4}
{"event":"http.request","request_id":"f7cdefe8-e56d-4da3-8b64-63323fce9ff7","method":"GET","path":"/api/v1/imports/template","status":200,"duration_ms":2}
{"event":"http.request","request_id":"1415a879-fa8c-49b5-b54a-1ee40a269bea","method":"POST","path":"/api/v1/uploads","status":201,"duration_ms":7}
{"event":"http.request","request_id":"ccf12836-35e2-4fd3-9d1e-7c6aea4497ab","method":"POST","path":"/api/v1/uploads/d10d9b94-eaa4-47c7-ab50-22544624fc13/parts","status":200,"duration_ms":4}
{"event":"http.request","request_id":"677f68f6-cc37-495a-8f7b-67c28042e436","method":"PUT","path":"/api/v1/uploads/d10d9b94-eaa4-47c7-ab50-22544624fc13/parts/1","status":200,"duration_ms":6}
{"event":"http.request","request_id":"4d70c391-41d7-4263-b220-ad26701334cc","method":"POST","path":"/api/v1/uploads/d10d9b94-eaa4-47c7-ab50-22544624fc13/complete","status":200,"duration_ms":9}
{"event":"http.request","request_id":"63ed890a-03ef-43bd-b854-3ab4eb04a49a","method":"POST","path":"/api/v1/imports","status":202,"duration_ms":5}
{"event":"http.request","request_id":"febdaab6-4565-418d-9740-b4409da98af4","method":"GET","path":"/api/v1/imports/1e9175b2-c5e9-49a4-8f81-ec3a6bdc1fe6/rows","status":200,"duration_ms":2}
{"event":"http.request","request_id":"d6f5bae7-534a-40a2-bb5b-0838b0734bef","method":"PATCH","path":"/api/v1/import-rows/cf64c8fb-dac0-42e2-8f40-a02a4cc7c69d","status":422,"duration_ms":4}
✔ 模板含中文说明，CSV/XLSX在实际隔离解析器提取，示例永久不可确认 (601.414125ms)
{"event":"http.request","request_id":"e3d0841e-2e40-4cb7-b985-a53b5490354e","method":"POST","path":"/api/v1/uploads","status":201,"duration_ms":5}
{"event":"http.request","request_id":"5bad1ebd-489d-4727-807f-f44e9df5e1ea","method":"POST","path":"/api/v1/uploads/8e85fce6-5214-4c39-a515-ad66ac3a1108/parts","status":200,"duration_ms":4}
{"event":"http.request","request_id":"49050b46-28fc-44ff-8968-b7b94791c113","method":"PUT","path":"/api/v1/uploads/8e85fce6-5214-4c39-a515-ad66ac3a1108/parts/1","status":200,"duration_ms":5}
{"event":"http.request","request_id":"31e2d01e-7c76-4c4a-a503-7c5a6982341b","method":"POST","path":"/api/v1/uploads/8e85fce6-5214-4c39-a515-ad66ac3a1108/complete","status":200,"duration_ms":8}
{"event":"http.request","request_id":"2d597b7a-7cc4-4f74-a34c-3425a016f10c","method":"POST","path":"/api/v1/imports","status":202,"duration_ms":4}
{"event":"http.request","request_id":"b094f009-df6c-4689-8e58-7400b0c362de","method":"GET","path":"/api/v1/imports/90bdd435-4f11-4090-b008-ebcfb3eb8503/rows","status":200,"duration_ms":2}
{"event":"http.request","request_id":"64c9fdc9-87d3-4e12-bc06-60ed90ea289f","method":"PATCH","path":"/api/v1/import-rows/f457b124-ec99-46c2-8224-25375312651a","status":200,"duration_ms":6}
{"event":"http.request","request_id":"b74b54f4-7b73-4a9a-9c3c-ae3f325bb88c","method":"PATCH","path":"/api/v1/import-rows/f457b124-ec99-46c2-8224-25375312651a","status":409,"duration_ms":4}
✔ 字段映射异步解析且不猜身份，登记后更正，原值和更正历史保留 (87.728041ms)
{"event":"http.request","request_id":"70ee1665-37a5-4e38-b290-d5cef594a8c1","method":"POST","path":"/api/v1/imports","status":202,"duration_ms":7}
{"event":"http.request","request_id":"e79e834e-254f-4f8e-add3-931237f81cce","method":"GET","path":"/api/v1/imports/459f76aa-5225-4adc-a9c9-31c448890397/rows","status":200,"duration_ms":3}
{"event":"http.request","request_id":"730397a9-4d02-40e0-a107-a5d264d57a4f","method":"GET","path":"/api/v1/imports/beaa4b45-03a3-4452-8b5c-983d1fa0c708","status":404,"duration_ms":1}
{"event":"http.request","request_id":"696ed52d-7039-4fcf-a19b-948db84d784b","method":"POST","path":"/api/v1/imports","status":403,"duration_ms":2}
{"event":"http.request","request_id":"16dfa021-7704-4eb2-836f-df5d0cdc027b","method":"GET","path":"/api/v1/imports/459f76aa-5225-4adc-a9c9-31c448890397/rows","status":200,"duration_ms":2}
{"event":"http.request","request_id":"e77c80af-5ca2-4d10-b42c-a476af44331a","method":"GET","path":"/api/v1/imports/459f76aa-5225-4adc-a9c9-31c448890397","status":404,"duration_ms":1}
✔ 手工复用行模型，缺失不填零，未知单位/窗/主体/账号和示例隔离 (23.263166ms)
✔ 十进制/约数解析、时间窗口和平台率边界 (0.436875ms)
{"event":"http.request","request_id":"6f8846c4-3bcb-4fc4-ba21-c83cd6351d1c","method":"POST","path":"/api/v1/imports","status":202,"duration_ms":6}
{"event":"http.request","request_id":"74a1462e-8991-4557-843f-5b01e2801495","method":"GET","path":"/api/v1/imports/c3999ce5-2b9e-4223-af0b-d0ef94dc833c/rows","status":200,"duration_ms":2}
{"event":"http.request","request_id":"458aa9b7-92fe-4f03-8ba0-bbb71f7dbfa4","method":"POST","path":"/api/v1/imports/c3999ce5-2b9e-4223-af0b-d0ef94dc833c/confirm","status":200,"duration_ms":6}
{"event":"http.request","request_id":"ff096af3-127e-4ad7-a4b8-c6afefdd0591","method":"POST","path":"/api/v1/imports","status":202,"duration_ms":5}
{"event":"http.request","request_id":"10bdc417-df3c-46fa-8fb5-df5db3d297ee","method":"POST","path":"/api/v1/imports","status":202,"duration_ms":10}
{"event":"http.request","request_id":"abe74b66-007f-4da6-85fc-53f362913dc6","method":"GET","path":"/api/v1/imports/2c7da4c9-803e-4bdd-a3cf-7554c6b8b89c/rows","status":200,"duration_ms":1}
{"event":"http.request","request_id":"74cfa908-0723-4b01-ba7b-81cb3bfdd9e7","method":"GET","path":"/api/v1/imports/85ead749-7db0-4426-b748-5fb2a259daf8/rows","status":200,"duration_ms":2}
{"event":"http.request","request_id":"23c703d8-62c8-44ee-bf92-1aae5b56aa80","method":"POST","path":"/api/v1/imports/2c7da4c9-803e-4bdd-a3cf-7554c6b8b89c/confirm","status":200,"duration_ms":7}
{"event":"http.request","request_id":"d42488a4-975c-476c-b72c-532a780f54c6","method":"POST","path":"/api/v1/imports/85ead749-7db0-4426-b748-5fb2a259daf8/confirm","status":200,"duration_ms":10}
{"event":"http.request","request_id":"73e92daa-1205-4691-a808-87c6c67b9a2d","method":"POST","path":"/api/v1/imports","status":202,"duration_ms":4}
{"event":"http.request","request_id":"5e887851-f4bb-4fda-940f-289c7eee3800","method":"GET","path":"/api/v1/imports/2f13c4f5-1de0-473c-9d20-284d4ed900dc/rows","status":200,"duration_ms":2}
{"event":"http.request","request_id":"b06d4272-6250-41d6-b714-717a2a545688","method":"POST","path":"/api/v1/imports/2f13c4f5-1de0-473c-9d20-284d4ed900dc/confirm","status":409,"duration_ms":4}
{"event":"http.request","request_id":"44eea813-b037-47b0-ad56-cd3a854c33ac","method":"POST","path":"/api/v1/imports/2f13c4f5-1de0-473c-9d20-284d4ed900dc/confirm","status":200,"duration_ms":6}
{"event":"http.request","request_id":"e6256ba5-199d-4c08-b0dd-88d0a99a5f48","method":"POST","path":"/api/v1/imports","status":202,"duration_ms":4}
{"event":"http.request","request_id":"6a5f4720-cea1-477f-b069-ca7528fef346","method":"GET","path":"/api/v1/imports/5b9551cf-4442-40db-b907-14bc5b496669/rows","status":200,"duration_ms":2}
{"event":"http.request","request_id":"cddaf604-790b-4d53-8551-332ec8a2e2bb","method":"POST","path":"/api/v1/imports/5b9551cf-4442-40db-b907-14bc5b496669/confirm","status":200,"duration_ms":7}
{"event":"http.request","request_id":"27d0d0ba-a443-4365-ad62-32373087a21b","method":"PATCH","path":"/api/v1/import-rows/950df98a-5832-45ed-ac85-46e9f2fb5311","status":409,"duration_ms":3}
✔ 所选合法行部分确认，重复同键同值并发复用观察与证据，异值必须显式处理 (79.883791ms)
{"event":"http.request","request_id":"918e42d0-15e4-4267-b786-9d649a864197","method":"POST","path":"/api/v1/imports","status":202,"duration_ms":4}
{"event":"http.request","request_id":"0d58d6c2-20b8-4e42-a157-8c0891a6d3b2","method":"GET","path":"/api/v1/imports/9b26cd10-cbfc-4d75-ab2b-99cddc4e8a88/rows","status":200,"duration_ms":1}
{"event":"http.request","request_id":"9d46d17a-0545-4f8c-b6b9-c65ed6476422","method":"POST","path":"/api/v1/imports/9b26cd10-cbfc-4d75-ab2b-99cddc4e8a88/confirm","status":422,"duration_ms":4}
{"event":"http.request","request_id":"183b9f07-9a80-4516-8a09-593955c806a1","method":"GET","path":"/api/v1/imports/9b26cd10-cbfc-4d75-ab2b-99cddc4e8a88/rows","status":200,"duration_ms":2}
{"event":"http.request","request_id":"68f10ca0-182f-46b0-bfb6-447390de5ff1","method":"POST","path":"/api/v1/imports/9b26cd10-cbfc-4d75-ab2b-99cddc4e8a88/confirm","status":422,"duration_ms":4}
{"event":"http.request","request_id":"ac5fbb7e-4955-4add-b1f9-bf1d931d7a0b","method":"POST","path":"/api/v1/imports/9b26cd10-cbfc-4d75-ab2b-99cddc4e8a88/confirm","status":422,"duration_ms":3}
{"event":"http.request","request_id":"e2fc46ca-f096-4979-a416-fba117467273","method":"POST","path":"/api/v1/imports/9b26cd10-cbfc-4d75-ab2b-99cddc4e8a88/confirm","status":200,"duration_ms":6}
{"event":"http.request","request_id":"197eabc7-4f79-4ffb-9edd-9b6df749261e","method":"POST","path":"/api/v1/imports/9b26cd10-cbfc-4d75-ab2b-99cddc4e8a88/confirm","status":409,"duration_ms":3}
✔ 失败整批回滚；同文件不同值不是业务去重，选择必须属于批次和不能重复 (32.612042ms)
ℹ tests 6
ℹ suites 0
ℹ pass 6
ℹ fail 0
ℹ cancelled 0
ℹ skipped 0
ℹ todo 0
ℹ duration_ms 1476.990875
