{"database":"yoyo","migrations":8}
{"database":"yoyo_test","migrations":26}
{"event":"http.request","request_id":"bb999afa-54ec-4ebd-8efe-e92766444675","method":"GET","path":"/api/v1/auth/csrf","status":200,"duration_ms":6}
{"event":"http.request","request_id":"89b4e055-81c5-4183-b517-0f9f8cecc430","method":"POST","path":"/api/v1/setup","status":201,"duration_ms":37}
{"event":"http.request","request_id":"126c4a48-03b1-40e7-baf5-cd62a6eaa17a","method":"GET","path":"/api/v1/auth/csrf","status":200,"duration_ms":2}
{"event":"http.request","request_id":"388aeb9b-1f06-47e1-91b2-b5b3171614c8","method":"POST","path":"/api/v1/auth/login","status":200,"duration_ms":24}
{"event":"http.request","request_id":"d9af32bc-f763-4642-82f8-3d9ccca781c5","method":"GET","path":"/api/v1/me","status":200,"duration_ms":84}
{"event":"http.request","request_id":"ece058a0-eeef-45ff-beef-db2f3c768fdf","method":"POST","path":"/api/v1/accounts","status":201,"duration_ms":10}
{"event":"http.request","request_id":"af613367-0c56-4892-9680-a3fa8c587be0","method":"POST","path":"/api/v1/publications","status":201,"duration_ms":9}
{"event":"http.request","request_id":"5f63979b-642d-40f9-9d49-a2df6d6b504f","method":"GET","path":"/api/v1/imports/template","status":200,"duration_ms":2}
{"event":"http.request","request_id":"07c54b51-d325-40d3-87c0-4357be060781","method":"POST","path":"/api/v1/uploads","status":201,"duration_ms":15}
{"event":"http.request","request_id":"53036ef4-402f-4a48-84f7-425d6c8a0c84","method":"POST","path":"/api/v1/uploads/b993dc8f-3cf6-44f5-910c-c8dec7448f57/parts","status":200,"duration_ms":6}
{"event":"http.request","request_id":"2c3e51e8-eae5-4e3e-92c2-9cdc45a2acf5","method":"PUT","path":"/api/v1/uploads/b993dc8f-3cf6-44f5-910c-c8dec7448f57/parts/1","status":200,"duration_ms":8}
{"event":"http.request","request_id":"30ae82fa-b3b0-4b83-8fff-8644129b1ec9","method":"POST","path":"/api/v1/uploads/b993dc8f-3cf6-44f5-910c-c8dec7448f57/complete","status":200,"duration_ms":11}
{"event":"http.request","request_id":"67b8ae93-f18b-45f6-ac48-af575c028a12","method":"POST","path":"/api/v1/imports","status":202,"duration_ms":5}
{"event":"http.request","request_id":"6472bafc-7c02-43c5-9aba-949fb0e95898","method":"GET","path":"/api/v1/imports/0437cf41-fa81-4a41-a6b6-922dd2c52387/rows","status":200,"duration_ms":2}
{"event":"http.request","request_id":"e601feed-b664-4f50-b1fe-fced1e70279e","method":"PATCH","path":"/api/v1/import-rows/8363dcb8-7238-4d84-885b-f3426ec6c284","status":422,"duration_ms":4}
{"event":"http.request","request_id":"1bd084de-a829-48ba-9182-a72354fd778e","method":"GET","path":"/api/v1/imports/template","status":200,"duration_ms":1}
{"event":"http.request","request_id":"566f76af-ddc2-4a07-8b1e-81030c351cb3","method":"POST","path":"/api/v1/uploads","status":201,"duration_ms":6}
{"event":"http.request","request_id":"9498dec2-453b-483c-8f6f-04ce3aed33dd","method":"POST","path":"/api/v1/uploads/5e566335-3c54-4979-98cd-2d15df4bab65/parts","status":200,"duration_ms":4}
{"event":"http.request","request_id":"84a37310-1c9a-49fd-9de2-ca41edb550ad","method":"PUT","path":"/api/v1/uploads/5e566335-3c54-4979-98cd-2d15df4bab65/parts/1","status":200,"duration_ms":6}
{"event":"http.request","request_id":"4c4389bf-62b8-4530-a009-0e25910d9f5b","method":"POST","path":"/api/v1/uploads/5e566335-3c54-4979-98cd-2d15df4bab65/complete","status":200,"duration_ms":8}
{"event":"http.request","request_id":"259dec9b-9baf-432c-84c9-cbb21dac5f49","method":"POST","path":"/api/v1/imports","status":202,"duration_ms":5}
{"event":"http.request","request_id":"d62b6267-e457-4a88-886b-8951a1c97ebf","method":"GET","path":"/api/v1/imports/97f66481-4f22-4143-bbc8-07d6babcc614/rows","status":200,"duration_ms":2}
{"event":"http.request","request_id":"b5056b42-760a-41e3-8093-a94ab035d8d5","method":"PATCH","path":"/api/v1/import-rows/289ee8d4-a938-45d5-8bf9-86ee009bd74c","status":422,"duration_ms":5}
✔ 模板含中文说明，CSV/XLSX在实际隔离解析器提取，示例永久不可确认 (610.541417ms)
{"event":"http.request","request_id":"04f7d595-39b9-46c9-b0f8-1aa25784e26a","method":"POST","path":"/api/v1/uploads","status":201,"duration_ms":7}
{"event":"http.request","request_id":"c4498579-3be9-40b8-b1af-5360ab4f2b9c","method":"POST","path":"/api/v1/uploads/f03e7ead-cbbe-44e2-8a5f-557ef7694a4b/parts","status":200,"duration_ms":5}
{"event":"http.request","request_id":"0b8ec118-a875-43ca-a56b-a78cb9070569","method":"PUT","path":"/api/v1/uploads/f03e7ead-cbbe-44e2-8a5f-557ef7694a4b/parts/1","status":200,"duration_ms":5}
{"event":"http.request","request_id":"3f77eb63-d018-45b6-97d2-a14964105eb4","method":"POST","path":"/api/v1/uploads/f03e7ead-cbbe-44e2-8a5f-557ef7694a4b/complete","status":200,"duration_ms":9}
{"event":"http.request","request_id":"4cac4e64-f09a-4218-870e-8e4a89a11983","method":"POST","path":"/api/v1/imports","status":202,"duration_ms":5}
{"event":"http.request","request_id":"cae78458-0bf1-4273-80d8-0913bdac50e7","method":"GET","path":"/api/v1/imports/d6c16b7e-7aee-400f-b502-1a028f588f1a/rows","status":200,"duration_ms":1}
{"event":"http.request","request_id":"35b8095a-3a46-4448-be4b-d7507085806d","method":"PATCH","path":"/api/v1/import-rows/ab45ea08-e7d6-4aba-a6fb-8f90e40d88b1","status":200,"duration_ms":5}
{"event":"http.request","request_id":"c51035f9-1f1e-4ca2-9792-a304b0eb69f3","method":"PATCH","path":"/api/v1/import-rows/ab45ea08-e7d6-4aba-a6fb-8f90e40d88b1","status":409,"duration_ms":4}
✔ 字段映射异步解析且不猜身份，登记后更正，原值和更正历史保留 (95.25825ms)
{"event":"http.request","request_id":"488f34c0-00a9-4738-907a-0252fc24a747","method":"POST","path":"/api/v1/imports","status":202,"duration_ms":6}
{"event":"http.request","request_id":"cc8ce07d-a137-4faf-956c-b580923cd9c3","method":"GET","path":"/api/v1/imports/ea4aeae0-219c-44d0-83d7-f4c7f1f915b4/rows","status":200,"duration_ms":2}
{"event":"http.request","request_id":"9c424b7d-99f6-4b21-922c-f017db3a6185","method":"GET","path":"/api/v1/imports/796a07cd-50d3-466c-a53c-a4a03758d11b","status":404,"duration_ms":2}
{"event":"http.request","request_id":"6acd6ba5-9cf0-4f48-8216-71634571c70a","method":"POST","path":"/api/v1/imports","status":403,"duration_ms":2}
{"event":"http.request","request_id":"f6b3c14f-b8ae-4f69-9d1c-df55f6df2f7e","method":"GET","path":"/api/v1/imports/ea4aeae0-219c-44d0-83d7-f4c7f1f915b4/rows","status":200,"duration_ms":1}
{"event":"http.request","request_id":"cb26c7f3-2448-4562-a818-2885f6ea8531","method":"GET","path":"/api/v1/imports/ea4aeae0-219c-44d0-83d7-f4c7f1f915b4","status":404,"duration_ms":2}
✔ 手工复用行模型，缺失不填零，未知单位/窗/主体/账号和示例隔离 (23.056584ms)
✔ 十进制/约数解析、时间窗口和平台率边界 (0.485291ms)
ℹ tests 4
ℹ suites 0
ℹ pass 4
ℹ fail 0
ℹ cancelled 0
ℹ skipped 0
ℹ todo 0
ℹ duration_ms 1114.572125
